[2020-06-08T02:09:20.406+0000][6][gc,heap] Heap region size: 1M
[2020-06-08T02:09:20.408+0000][6][gc,heap,coops] Heap address: 0x00000000c0000000, size: 1024 MB, Compressed Oops mode: 32-bit
[2020-06-08T02:09:20.965+0000][6][gc           ] Using G1
[2020-06-08T02:09:20.971+0000][6][gc,cds       ] Mark closed archive regions in map: [0x00000000fff00000, 0x00000000fff7eff8]
[2020-06-08T02:09:20.972+0000][6][gc,cds       ] Mark open archive regions in map: [0x00000000ffe00000, 0x00000000ffe51ff8]
[2020-06-08T02:09:21.053+0000][6][gc           ] Periodic GC disabled
[2020-06-08T02:09:22.240+0000][6][safepoint    ] Safepoint "Cleanup", Time since last: 1223449900 ns, Reaching safepoint: 2516700 ns, At safepoint: 16000 ns, Total: 2532700 ns
[2020-06-08T02:09:23.339+0000][6][safepoint    ] Safepoint "Cleanup", Time since last: 1098844500 ns, Reaching safepoint: 472900 ns, At safepoint: 14600 ns, Total: 487500 ns
[2020-06-08T02:09:24.409+0000][6][gc,start     ] GC(0) Pause Young (Normal) (G1 Evacuation Pause)
[2020-06-08T02:09:24.409+0000][6][gc,task      ] GC(0) Using 2 workers of 2 for evacuation
[2020-06-08T02:09:24.410+0000][6][gc,age       ] GC(0) Desired survivor size 3670016 bytes, new threshold 15 (max threshold 15)
[2020-06-08T02:09:24.427+0000][6][gc,age       ] GC(0) Age table with threshold 15 (max threshold 15)
[2020-06-08T02:09:24.428+0000][6][gc,age       ] GC(0) - age   1:    4859488 bytes,    4859488 total
[2020-06-08T02:09:24.428+0000][6][gc,phases    ] GC(0)   Pre Evacuate Collection Set: 0.2ms
[2020-06-08T02:09:24.429+0000][6][gc,phases    ] GC(0)   Merge Heap Roots: 0.2ms
[2020-06-08T02:09:24.429+0000][6][gc,phases    ] GC(0)   Evacuate Collection Set: 13.4ms
[2020-06-08T02:09:24.430+0000][6][gc,phases    ] GC(0)   Post Evacuate Collection Set: 2.1ms
[2020-06-08T02:09:24.431+0000][6][gc,phases    ] GC(0)   Other: 4.0ms
[2020-06-08T02:09:24.431+0000][6][gc,heap      ] GC(0) Eden regions: 51->0(46)
[2020-06-08T02:09:24.432+0000][6][gc,heap      ] GC(0) Survivor regions: 0->5(7)
[2020-06-08T02:09:24.432+0000][6][gc,heap      ] GC(0) Old regions: 0->0
[2020-06-08T02:09:24.433+0000][6][gc,heap      ] GC(0) Archive regions: 2->2
[2020-06-08T02:09:24.433+0000][6][gc,heap      ] GC(0) Humongous regions: 1->1
[2020-06-08T02:09:24.434+0000][6][gc,metaspace ] GC(0) Metaspace: 11559K(12160K)->11559K(12160K) NonClass: 10129K(10496K)->10129K(10496K) Class: 1430K(1664K)->1430K(1664K)
[2020-06-08T02:09:24.434+0000][6][gc           ] GC(0) Pause Young (Normal) (G1 Evacuation Pause) 52M->6M(1024M) 25.527ms
[2020-06-08T02:09:24.435+0000][6][gc,cpu       ] GC(0) User=0.02s Sys=0.01s Real=0.03s
[2020-06-08T02:09:24.436+0000][6][safepoint    ] Safepoint "G1CollectForAllocation", Time since last: 1068611300 ns, Reaching safepoint: 599200 ns, At safepoint: 27341300 ns, Total: 27940500 ns
[2020-06-08T02:09:25.856+0000][6][safepoint    ] Safepoint "Cleanup", Time since last: 1419774000 ns, Reaching safepoint: 475100 ns, At safepoint: 45800 ns, Total: 520900 ns
[2020-06-08T02:09:26.106+0000][6][gc,start     ] GC(1) Pause Young (Normal) (G1 Evacuation Pause)
[2020-06-08T02:09:26.107+0000][6][gc,task      ] GC(1) Using 2 workers of 2 for evacuation
[2020-06-08T02:09:26.108+0000][6][gc,age       ] GC(1) Desired survivor size 3670016 bytes, new threshold 1 (max threshold 15)
[2020-06-08T02:09:26.124+0000][6][gc,age       ] GC(1) Age table with threshold 1 (max threshold 15)
[2020-06-08T02:09:26.125+0000][6][gc,age       ] GC(1) - age   1:    3445456 bytes,    3445456 total
[2020-06-08T02:09:26.125+0000][6][gc,phases    ] GC(1)   Pre Evacuate Collection Set: 0.4ms
[2020-06-08T02:09:26.126+0000][6][gc,phases    ] GC(1)   Merge Heap Roots: 0.4ms
[2020-06-08T02:09:26.126+0000][6][gc,phases    ] GC(1)   Evacuate Collection Set: 12.1ms
[2020-06-08T02:09:26.126+0000][6][gc,phases    ] GC(1)   Post Evacuate Collection Set: 3.0ms
[2020-06-08T02:09:26.127+0000][6][gc,phases    ] GC(1)   Other: 3.3ms
[2020-06-08T02:09:26.127+0000][6][gc,heap      ] GC(1) Eden regions: 46->0(47)
[2020-06-08T02:09:26.128+0000][6][gc,heap      ] GC(1) Survivor regions: 5->4(7)
[2020-06-08T02:09:26.129+0000][6][gc,heap      ] GC(1) Old regions: 0->5
[2020-06-08T02:09:26.129+0000][6][gc,heap      ] GC(1) Archive regions: 2->2
[2020-06-08T02:09:26.130+0000][6][gc,heap      ] GC(1) Humongous regions: 1->1
[2020-06-08T02:09:26.131+0000][6][gc,metaspace ] GC(1) Metaspace: 14928K(15616K)->14928K(15616K) NonClass: 13138K(13568K)->13138K(13568K) Class: 1789K(2048K)->1789K(2048K)
[2020-06-08T02:09:26.131+0000][6][gc           ] GC(1) Pause Young (Normal) (G1 Evacuation Pause) 52M->10M(1024M) 25.299ms
[2020-06-08T02:09:26.132+0000][6][gc,cpu       ] GC(1) User=0.02s Sys=0.01s Real=0.03s
[2020-06-08T02:09:26.133+0000][6][safepoint    ] Safepoint "G1CollectForAllocation", Time since last: 249328600 ns, Reaching safepoint: 481700 ns, At safepoint: 26634200 ns, Total: 27115900 ns
[2020-06-08T02:09:26.151+0000][6][safepoint    ] Safepoint "BulkRevokeBias", Time since last: 18495600 ns, Reaching safepoint: 108400 ns, At safepoint: 110300 ns, Total: 218700 ns
[2020-06-08T02:09:26.841+0000][6][gc,start     ] GC(2) Pause Young (Normal) (G1 Evacuation Pause)
[2020-06-08T02:09:26.842+0000][6][gc,task      ] GC(2) Using 2 workers of 2 for evacuation
[2020-06-08T02:09:26.842+0000][6][gc,age       ] GC(2) Desired survivor size 3670016 bytes, new threshold 15 (max threshold 15)
[2020-06-08T02:09:26.850+0000][6][gc,age       ] GC(2) Age table with threshold 15 (max threshold 15)
[2020-06-08T02:09:26.851+0000][6][gc,age       ] GC(2) - age   1:    2293120 bytes,    2293120 total
[2020-06-08T02:09:26.851+0000][6][gc,age       ] GC(2) - age   2:    1722720 bytes,    4015840 total
[2020-06-08T02:09:26.852+0000][6][gc,phases    ] GC(2)   Pre Evacuate Collection Set: 0.3ms
[2020-06-08T02:09:26.852+0000][6][gc,phases    ] GC(2)   Merge Heap Roots: 0.3ms
[2020-06-08T02:09:26.852+0000][6][gc,phases    ] GC(2)   Evacuate Collection Set: 5.1ms
[2020-06-08T02:09:26.853+0000][6][gc,phases    ] GC(2)   Post Evacuate Collection Set: 2.1ms
[2020-06-08T02:09:26.853+0000][6][gc,phases    ] GC(2)   Other: 3.1ms
[2020-06-08T02:09:26.854+0000][6][gc,heap      ] GC(2) Eden regions: 47->0(53)
[2020-06-08T02:09:26.854+0000][6][gc,heap      ] GC(2) Survivor regions: 4->5(7)
[2020-06-08T02:09:26.855+0000][6][gc,heap      ] GC(2) Old regions: 5->5
[2020-06-08T02:09:26.856+0000][6][gc,heap      ] GC(2) Archive regions: 2->2
[2020-06-08T02:09:26.856+0000][6][gc,heap      ] GC(2) Humongous regions: 2->1
[2020-06-08T02:09:26.857+0000][6][gc,metaspace ] GC(2) Metaspace: 16606K(17536K)->16606K(17536K) NonClass: 14565K(15104K)->14565K(15104K) Class: 2040K(2432K)->2040K(2432K)
[2020-06-08T02:09:26.857+0000][6][gc           ] GC(2) Pause Young (Normal) (G1 Evacuation Pause) 58M->10M(1024M) 16.211ms
[2020-06-08T02:09:26.857+0000][6][gc,cpu       ] GC(2) User=0.02s Sys=0.01s Real=0.02s
[2020-06-08T02:09:26.859+0000][6][safepoint    ] Safepoint "G1CollectForAllocation", Time since last: 689475800 ns, Reaching safepoint: 134600 ns, At safepoint: 18225300 ns, Total: 18359900 ns
[2020-06-08T02:09:26.863+0000][6][safepoint    ] Safepoint "BulkRevokeBias", Time since last: 1945000 ns, Reaching safepoint: 1408100 ns, At safepoint: 176200 ns, Total: 1584300 ns
[2020-06-08T02:09:26.864+0000][6][safepoint    ] Safepoint "BulkRevokeBias", Time since last: 882400 ns, Reaching safepoint: 345600 ns, At safepoint: 203800 ns, Total: 549400 ns
[2020-06-08T02:09:27.486+0000][6][gc,start     ] GC(3) Pause Young (Normal) (G1 Evacuation Pause)
[2020-06-08T02:09:27.487+0000][6][gc,task      ] GC(3) Using 2 workers of 2 for evacuation
[2020-06-08T02:09:27.489+0000][6][gc,age       ] GC(3) Desired survivor size 4194304 bytes, new threshold 15 (max threshold 15)
[2020-06-08T02:09:27.504+0000][6][gc,age       ] GC(3) Age table with threshold 15 (max threshold 15)
[2020-06-08T02:09:27.505+0000][6][gc,age       ] GC(3) - age   1:    2097400 bytes,    2097400 total
[2020-06-08T02:09:27.506+0000][6][gc,age       ] GC(3) - age   2:    2218048 bytes,    4315448 total
[2020-06-08T02:09:27.507+0000][6][gc,age       ] GC(3) - age   3:    1722440 bytes,    6037888 total
[2020-06-08T02:09:27.508+0000][6][gc,phases    ] GC(3)   Pre Evacuate Collection Set: 0.5ms
[2020-06-08T02:09:27.509+0000][6][gc,phases    ] GC(3)   Merge Heap Roots: 0.4ms
[2020-06-08T02:09:27.510+0000][6][gc,phases    ] GC(3)   Evacuate Collection Set: 10.4ms
[2020-06-08T02:09:27.510+0000][6][gc,phases    ] GC(3)   Post Evacuate Collection Set: 2.2ms
[2020-06-08T02:09:27.511+0000][6][gc,phases    ] GC(3)   Other: 8.5ms
[2020-06-08T02:09:27.512+0000][6][gc,heap      ] GC(3) Eden regions: 53->0(80)
[2020-06-08T02:09:27.512+0000][6][gc,heap      ] GC(3) Survivor regions: 5->6(8)
[2020-06-08T02:09:27.513+0000][6][gc,heap      ] GC(3) Old regions: 5->5
[2020-06-08T02:09:27.514+0000][6][gc,heap      ] GC(3) Archive regions: 2->2
[2020-06-08T02:09:27.514+0000][6][gc,heap      ] GC(3) Humongous regions: 1->1
[2020-06-08T02:09:27.514+0000][6][gc,metaspace ] GC(3) Metaspace: 18037K(18944K)->18037K(18944K) NonClass: 15824K(16384K)->15824K(16384K) Class: 2213K(2560K)->2213K(2560K)
[2020-06-08T02:09:27.515+0000][6][gc           ] GC(3) Pause Young (Normal) (G1 Evacuation Pause) 63M->12M(1024M) 28.268ms
[2020-06-08T02:09:27.515+0000][6][gc,cpu       ] GC(3) User=0.01s Sys=0.02s Real=0.03s
[2020-06-08T02:09:27.519+0000][6][safepoint    ] Safepoint "G1CollectForAllocation", Time since last: 621751100 ns, Reaching safepoint: 385600 ns, At safepoint: 32506500 ns, Total: 32892100 ns
[2020-06-08T02:09:28.100+0000][6][gc,start     ] GC(4) Pause Young (Normal) (G1 Evacuation Pause)
[2020-06-08T02:09:28.100+0000][6][gc,task      ] GC(4) Using 2 workers of 2 for evacuation
[2020-06-08T02:09:28.101+0000][6][gc,age       ] GC(4) Desired survivor size 5767168 bytes, new threshold 3 (max threshold 15)
[2020-06-08T02:09:28.128+0000][6][gc,age       ] GC(4) Age table with threshold 3 (max threshold 15)
[2020-06-08T02:09:28.129+0000][6][gc,age       ] GC(4) - age   1:    1371120 bytes,    1371120 total
[2020-06-08T02:09:28.129+0000][6][gc,age       ] GC(4) - age   2:     474152 bytes,    1845272 total
[2020-06-08T02:09:28.129+0000][6][gc,age       ] GC(4) - age   3:    2217336 bytes,    4062608 total
[2020-06-08T02:09:28.130+0000][6][gc,phases    ] GC(4)   Pre Evacuate Collection Set: 0.3ms
[2020-06-08T02:09:28.130+0000][6][gc,phases    ] GC(4)   Merge Heap Roots: 0.3ms
[2020-06-08T02:09:28.131+0000][6][gc,phases    ] GC(4)   Evacuate Collection Set: 18.9ms
[2020-06-08T02:09:28.131+0000][6][gc,phases    ] GC(4)   Post Evacuate Collection Set: 6.2ms
[2020-06-08T02:09:28.132+0000][6][gc,phases    ] GC(4)   Other: 4.7ms
[2020-06-08T02:09:28.132+0000][6][gc,heap      ] GC(4) Eden regions: 80->0(610)
[2020-06-08T02:09:28.133+0000][6][gc,heap      ] GC(4) Survivor regions: 6->4(11)
[2020-06-08T02:09:28.133+0000][6][gc,heap      ] GC(4) Old regions: 5->7
[2020-06-08T02:09:28.134+0000][6][gc,heap      ] GC(4) Archive regions: 2->2
[2020-06-08T02:09:28.134+0000][6][gc,heap      ] GC(4) Humongous regions: 1->1
[2020-06-08T02:09:28.134+0000][6][gc,metaspace ] GC(4) Metaspace: 18204K(19200K)->18204K(19200K) NonClass: 15974K(16640K)->15974K(16640K) Class: 2230K(2560K)->2230K(2560K)
[2020-06-08T02:09:28.135+0000][6][gc           ] GC(4) Pause Young (Normal) (G1 Evacuation Pause) 92M->12M(1024M) 35.126ms
[2020-06-08T02:09:28.135+0000][6][gc,cpu       ] GC(4) User=0.03s Sys=0.01s Real=0.04s
[2020-06-08T02:09:28.135+0000][6][safepoint    ] Safepoint "G1CollectForAllocation", Time since last: 580298600 ns, Reaching safepoint: 450800 ns, At safepoint: 36022700 ns, Total: 36473500 ns
[2020-06-08T02:09:28.141+0000][6][safepoint    ] Safepoint "BulkRevokeBias", Time since last: 899300 ns, Reaching safepoint: 391500 ns, At safepoint: 4449200 ns, Total: 4840700 ns
[2020-06-08T02:09:29.693+0000][6][safepoint    ] Safepoint "Cleanup", Time since last: 1546823600 ns, Reaching safepoint: 5088900 ns, At safepoint: 59100 ns, Total: 5148000 ns
[2020-06-08T02:09:30.331+0000][6][gc,start     ] GC(5) Pause Young (Concurrent Start) (Metadata GC Threshold)
[2020-06-08T02:09:30.332+0000][6][gc,task      ] GC(5) Using 2 workers of 2 for evacuation
[2020-06-08T02:09:30.333+0000][6][gc,age       ] GC(5) Desired survivor size 40370176 bytes, new threshold 15 (max threshold 15)
[2020-06-08T02:09:30.361+0000][6][gc,age       ] GC(5) Age table with threshold 15 (max threshold 15)
[2020-06-08T02:09:30.361+0000][6][gc,age       ] GC(5) - age   1:    4154704 bytes,    4154704 total
[2020-06-08T02:09:30.362+0000][6][gc,age       ] GC(5) - age   2:    1350384 bytes,    5505088 total
[2020-06-08T02:09:30.362+0000][6][gc,age       ] GC(5) - age   3:     469512 bytes,    5974600 total
[2020-06-08T02:09:30.363+0000][6][gc,age       ] GC(5) - age   4:    2215976 bytes,    8190576 total
[2020-06-08T02:09:30.363+0000][6][gc,phases    ] GC(5)   Pre Evacuate Collection Set: 0.6ms
[2020-06-08T02:09:30.364+0000][6][gc,phases    ] GC(5)   Merge Heap Roots: 0.5ms
[2020-06-08T02:09:30.364+0000][6][gc,phases    ] GC(5)   Evacuate Collection Set: 18.8ms
[2020-06-08T02:09:30.365+0000][6][gc,phases    ] GC(5)   Post Evacuate Collection Set: 7.1ms
[2020-06-08T02:09:30.365+0000][6][gc,phases    ] GC(5)   Other: 4.8ms
[2020-06-08T02:09:30.366+0000][6][gc,heap      ] GC(5) Eden regions: 383->0(487)
[2020-06-08T02:09:30.367+0000][6][gc,heap      ] GC(5) Survivor regions: 4->9(77)
[2020-06-08T02:09:30.367+0000][6][gc,heap      ] GC(5) Old regions: 7->7
[2020-06-08T02:09:30.368+0000][6][gc,heap      ] GC(5) Archive regions: 2->2
[2020-06-08T02:09:30.368+0000][6][gc,heap      ] GC(5) Humongous regions: 1->1
[2020-06-08T02:09:30.369+0000][6][gc,metaspace ] GC(5) Metaspace: 20088K(21296K)->20088K(21296K) NonClass: 17606K(18352K)->17606K(18352K) Class: 2482K(2944K)->2482K(2944K)
[2020-06-08T02:09:30.369+0000][6][gc           ] GC(5) Pause Young (Concurrent Start) (Metadata GC Threshold) 395M->16M(1024M) 37.835ms
[2020-06-08T02:09:30.369+0000][6][gc,cpu       ] GC(5) User=0.04s Sys=0.02s Real=0.04s
[2020-06-08T02:09:30.370+0000][6][gc           ] GC(6) Concurrent Cycle
[2020-06-08T02:09:30.370+0000][6][gc,marking   ] GC(6) Concurrent Clear Claimed Marks
[2020-06-08T02:09:30.371+0000][6][gc,marking   ] GC(6) Concurrent Clear Claimed Marks 0.521ms
[2020-06-08T02:09:30.371+0000][6][gc,marking   ] GC(6) Concurrent Scan Root Regions
[2020-06-08T02:09:30.375+0000][6][gc,marking   ] GC(6) Concurrent Scan Root Regions 3.824ms
[2020-06-08T02:09:30.376+0000][6][gc,marking   ] GC(6) Concurrent Mark (9.987s)
[2020-06-08T02:09:30.378+0000][6][gc,marking   ] GC(6) Concurrent Mark From Roots
[2020-06-08T02:09:30.378+0000][6][gc,task      ] GC(6) Using 1 workers of 1 for marking
[2020-06-08T02:09:30.377+0000][6][safepoint    ] Safepoint "CollectForMetadataAllocation", Time since last: 637504200 ns, Reaching safepoint: 471300 ns, At safepoint: 44106500 ns, Total: 44577800 ns
[2020-06-08T02:09:30.420+0000][6][gc,marking   ] GC(6) Concurrent Mark From Roots 42.447ms
[2020-06-08T02:09:30.421+0000][6][gc,marking   ] GC(6) Concurrent Preclean
[2020-06-08T02:09:30.422+0000][6][gc,marking   ] GC(6) Concurrent Preclean 0.887ms
[2020-06-08T02:09:30.423+0000][6][gc,marking   ] GC(6) Concurrent Mark (9.987s, 10.034s) 46.691ms
[2020-06-08T02:09:30.430+0000][6][gc,start     ] GC(6) Pause Remark
[2020-06-08T02:09:30.438+0000][6][gc           ] GC(6) Pause Remark 17M->17M(1024M) 8.722ms
[2020-06-08T02:09:30.439+0000][6][gc,cpu       ] GC(6) User=0.01s Sys=0.01s Real=0.01s
[2020-06-08T02:09:30.440+0000][6][safepoint    ] Safepoint "G1Concurrent", Time since last: 53599600 ns, Reaching safepoint: 593200 ns, At safepoint: 10282700 ns, Total: 10875900 ns
[2020-06-08T02:09:30.446+0000][6][gc,marking   ] GC(6) Concurrent Rebuild Remembered Sets
[2020-06-08T02:09:30.455+0000][6][safepoint    ] Safepoint "BulkRevokeBias", Time since last: 14288300 ns, Reaching safepoint: 1017600 ns, At safepoint: 146300 ns, Total: 1163900 ns
[2020-06-08T02:09:30.462+0000][6][safepoint    ] Safepoint "BulkRevokeBias", Time since last: 4698700 ns, Reaching safepoint: 2291000 ns, At safepoint: 155500 ns, Total: 2446500 ns
[2020-06-08T02:09:30.464+0000][6][gc,marking   ] GC(6) Concurrent Rebuild Remembered Sets 18.060ms
[2020-06-08T02:09:30.465+0000][6][gc,start     ] GC(6) Pause Cleanup
[2020-06-08T02:09:30.466+0000][6][gc           ] GC(6) Pause Cleanup 17M->17M(1024M) 1.050ms
[2020-06-08T02:09:30.466+0000][6][gc,cpu       ] GC(6) User=0.00s Sys=0.00s Real=0.00s
[2020-06-08T02:09:30.467+0000][6][safepoint    ] Safepoint "G1Concurrent", Time since last: 1844000 ns, Reaching safepoint: 416700 ns, At safepoint: 1947000 ns, Total: 2363700 ns
[2020-06-08T02:09:30.467+0000][6][gc,marking   ] GC(6) Concurrent Cleanup for Next Mark
[2020-06-08T02:09:30.474+0000][6][gc,marking   ] GC(6) Concurrent Cleanup for Next Mark 6.869ms
[2020-06-08T02:09:30.474+0000][6][gc           ] GC(6) Concurrent Cycle 104.404ms
[2020-06-08T02:09:31.475+0000][6][safepoint    ] Safepoint "Cleanup", Time since last: 1007366900 ns, Reaching safepoint: 645900 ns, At safepoint: 41400 ns, Total: 687300 ns
[2020-06-08T02:09:32.570+0000][6][safepoint    ] Safepoint "Cleanup", Time since last: 1095400600 ns, Reaching safepoint: 138100 ns, At safepoint: 11300 ns, Total: 149400 ns
[2020-06-08T02:09:33.572+0000][6][safepoint    ] Safepoint "Cleanup", Time since last: 1000942200 ns, Reaching safepoint: 845200 ns, At safepoint: 44500 ns, Total: 889700 ns
[2020-06-08T02:09:34.718+0000][6][safepoint    ] Safepoint "Cleanup", Time since last: 1144028900 ns, Reaching safepoint: 1636600 ns, At safepoint: 136500 ns, Total: 1773100 ns
[2020-06-08T02:09:34.773+0000][6][gc,start     ] GC(7) Pause Young (Normal) (G1 Evacuation Pause)
[2020-06-08T02:09:34.773+0000][6][gc,task      ] GC(7) Using 2 workers of 2 for evacuation
[2020-06-08T02:09:34.774+0000][6][gc,age       ] GC(7) Desired survivor size 36700160 bytes, new threshold 15 (max threshold 15)
[2020-06-08T02:09:34.854+0000][6][gc,age       ] GC(7) Age table with threshold 15 (max threshold 15)
[2020-06-08T02:09:34.855+0000][6][gc,age       ] GC(7) - age   1:   10031216 bytes,   10031216 total
[2020-06-08T02:09:34.855+0000][6][gc,age       ] GC(7) - age   2:    4083968 bytes,   14115184 total
[2020-06-08T02:09:34.856+0000][6][gc,age       ] GC(7) - age   3:    1348480 bytes,   15463664 total
[2020-06-08T02:09:34.856+0000][6][gc,age       ] GC(7) - age   4:     467160 bytes,   15930824 total
[2020-06-08T02:09:34.856+0000][6][gc,age       ] GC(7) - age   5:    2192976 bytes,   18123800 total
[2020-06-08T02:09:34.857+0000][6][gc,phases    ] GC(7)   Pre Evacuate Collection Set: 0.6ms
[2020-06-08T02:09:34.857+0000][6][gc,phases    ] GC(7)   Merge Heap Roots: 0.5ms
[2020-06-08T02:09:34.857+0000][6][gc,phases    ] GC(7)   Evacuate Collection Set: 65.1ms
[2020-06-08T02:09:34.858+0000][6][gc,phases    ] GC(7)   Post Evacuate Collection Set: 12.9ms
[2020-06-08T02:09:34.858+0000][6][gc,phases    ] GC(7)   Other: 5.1ms
[2020-06-08T02:09:34.858+0000][6][gc,heap      ] GC(7) Eden regions: 547->0(571)
[2020-06-08T02:09:34.859+0000][6][gc,heap      ] GC(7) Survivor regions: 9->18(70)
[2020-06-08T02:09:34.859+0000][6][gc,heap      ] GC(7) Old regions: 7->7
[2020-06-08T02:09:34.859+0000][6][gc,heap      ] GC(7) Archive regions: 2->2
[2020-06-08T02:09:34.860+0000][6][gc,heap      ] GC(7) Humongous regions: 1->1
[2020-06-08T02:09:34.860+0000][6][gc,metaspace ] GC(7) Metaspace: 27764K(30128K)->27764K(30128K) NonClass: 24212K(25776K)->24212K(25776K) Class: 3552K(4352K)->3552K(4352K)
[2020-06-08T02:09:34.861+0000][6][gc           ] GC(7) Pause Young (Normal) (G1 Evacuation Pause) 563M->25M(1024M) 87.945ms
[2020-06-08T02:09:34.861+0000][6][gc,cpu       ] GC(7) User=0.14s Sys=0.03s Real=0.08s
[2020-06-08T02:09:34.861+0000][6][safepoint    ] Safepoint "G1CollectForAllocation", Time since last: 53918400 ns, Reaching safepoint: 606800 ns, At safepoint: 88803200 ns, Total: 89410000 ns
[2020-06-08T02:09:35.866+0000][6][safepoint    ] Safepoint "Cleanup", Time since last: 1003947400 ns, Reaching safepoint: 751500 ns, At safepoint: 21700 ns, Total: 773200 ns
[2020-06-08T02:09:36.867+0000][6][safepoint    ] Safepoint "Cleanup", Time since last: 1000855800 ns, Reaching safepoint: 158200 ns, At safepoint: 11800 ns, Total: 170000 ns
[2020-06-08T02:09:37.869+0000][6][safepoint    ] Safepoint "Cleanup", Time since last: 1001804700 ns, Reaching safepoint: 408700 ns, At safepoint: 54000 ns, Total: 462700 ns
[2020-06-08T02:09:38.126+0000][6][gc,start     ] GC(8) Pause Young (Concurrent Start) (Metadata GC Threshold)
[2020-06-08T02:09:38.127+0000][6][gc,task      ] GC(8) Using 2 workers of 2 for evacuation
[2020-06-08T02:09:38.127+0000][6][gc,age       ] GC(8) Desired survivor size 38797312 bytes, new threshold 15 (max threshold 15)
[2020-06-08T02:09:38.221+0000][6][gc,age       ] GC(8) Age table with threshold 15 (max threshold 15)
[2020-06-08T02:09:38.222+0000][6][gc,age       ] GC(8) - age   1:   21525040 bytes,   21525040 total
[2020-06-08T02:09:38.222+0000][6][gc,age       ] GC(8) - age   2:    9430344 bytes,   30955384 total
[2020-06-08T02:09:38.222+0000][6][gc,age       ] GC(8) - age   3:    4077720 bytes,   35033104 total
[2020-06-08T02:09:38.223+0000][6][gc,age       ] GC(8) - age   4:    1348464 bytes,   36381568 total
[2020-06-08T02:09:38.223+0000][6][gc,age       ] GC(8) - age   5:     467160 bytes,   36848728 total
[2020-06-08T02:09:38.224+0000][6][gc,age       ] GC(8) - age   6:    2192624 bytes,   39041352 total
[2020-06-08T02:09:38.224+0000][6][gc,phases    ] GC(8)   Pre Evacuate Collection Set: 0.6ms
[2020-06-08T02:09:38.225+0000][6][gc,phases    ] GC(8)   Merge Heap Roots: 0.2ms
[2020-06-08T02:09:38.225+0000][6][gc,phases    ] GC(8)   Evacuate Collection Set: 86.5ms
[2020-06-08T02:09:38.226+0000][6][gc,phases    ] GC(8)   Post Evacuate Collection Set: 5.6ms
[2020-06-08T02:09:38.226+0000][6][gc,phases    ] GC(8)   Other: 5.5ms
[2020-06-08T02:09:38.226+0000][6][gc,heap      ] GC(8) Eden regions: 198->0(110)
[2020-06-08T02:09:38.227+0000][6][gc,heap      ] GC(8) Survivor regions: 18->38(74)
[2020-06-08T02:09:38.227+0000][6][gc,heap      ] GC(8) Old regions: 7->7
[2020-06-08T02:09:38.228+0000][6][gc,heap      ] GC(8) Archive regions: 2->2
[2020-06-08T02:09:38.228+0000][6][gc,heap      ] GC(8) Humongous regions: 1->1
[2020-06-08T02:09:38.229+0000][6][gc,metaspace ] GC(8) Metaspace: 33165K(35920K)->33165K(35920K) NonClass: 28806K(30544K)->28806K(30544K) Class: 4358K(5376K)->4358K(5376K)
[2020-06-08T02:09:38.229+0000][6][gc           ] GC(8) Pause Young (Concurrent Start) (Metadata GC Threshold) 223M->45M(1024M) 103.369ms
[2020-06-08T02:09:38.230+0000][6][gc,cpu       ] GC(8) User=0.16s Sys=0.02s Real=0.10s
[2020-06-08T02:09:38.233+0000][6][gc           ] GC(9) Concurrent Cycle
[2020-06-08T02:09:38.234+0000][6][gc,marking   ] GC(9) Concurrent Clear Claimed Marks
[2020-06-08T02:09:38.234+0000][6][gc,marking   ] GC(9) Concurrent Clear Claimed Marks 0.581ms
[2020-06-08T02:09:38.235+0000][6][gc,marking   ] GC(9) Concurrent Scan Root Regions
[2020-06-08T02:09:38.233+0000][6][safepoint    ] Safepoint "CollectForMetadataAllocation", Time since last: 256533700 ns, Reaching safepoint: 114100 ns, At safepoint: 107271400 ns, Total: 107385500 ns
[2020-06-08T02:09:38.290+0000][6][gc,marking   ] GC(9) Concurrent Scan Root Regions 55.254ms
[2020-06-08T02:09:38.291+0000][6][gc,marking   ] GC(9) Concurrent Mark (17.902s)
[2020-06-08T02:09:38.291+0000][6][gc,marking   ] GC(9) Concurrent Mark From Roots
[2020-06-08T02:09:38.292+0000][6][gc,task      ] GC(9) Using 1 workers of 1 for marking
[2020-06-08T02:09:38.297+0000][6][safepoint    ] Safepoint "CollectForMetadataAllocation", Time since last: 63526200 ns, Reaching safepoint: 223500 ns, At safepoint: 241400 ns, Total: 464900 ns
[2020-06-08T02:09:38.314+0000][6][gc,marking   ] GC(9) Concurrent Mark From Roots 23.291ms
[2020-06-08T02:09:38.315+0000][6][gc,marking   ] GC(9) Concurrent Preclean
[2020-06-08T02:09:38.316+0000][6][gc,marking   ] GC(9) Concurrent Preclean 0.682ms
[2020-06-08T02:09:38.316+0000][6][gc,marking   ] GC(9) Concurrent Mark (17.902s, 17.927s) 25.198ms
[2020-06-08T02:09:38.320+0000][6][gc,start     ] GC(9) Pause Remark
[2020-06-08T02:09:38.328+0000][6][gc           ] GC(9) Pause Remark 47M->47M(1024M) 7.548ms
[2020-06-08T02:09:38.328+0000][6][gc,cpu       ] GC(9) User=0.02s Sys=0.00s Real=0.01s
[2020-06-08T02:09:38.329+0000][6][safepoint    ] Safepoint "G1Concurrent", Time since last: 19538800 ns, Reaching safepoint: 3462300 ns, At safepoint: 8626600 ns, Total: 12088900 ns
[2020-06-08T02:09:38.329+0000][6][gc,marking   ] GC(9) Concurrent Rebuild Remembered Sets
[2020-06-08T02:09:38.353+0000][6][gc,marking   ] GC(9) Concurrent Rebuild Remembered Sets 23.479ms
[2020-06-08T02:09:38.354+0000][6][gc,start     ] GC(9) Pause Cleanup
[2020-06-08T02:09:38.355+0000][6][gc           ] GC(9) Pause Cleanup 47M->47M(1024M) 0.783ms
[2020-06-08T02:09:38.356+0000][6][gc,cpu       ] GC(9) User=0.00s Sys=0.00s Real=0.00s
[2020-06-08T02:09:38.356+0000][6][safepoint    ] Safepoint "G1Concurrent", Time since last: 24771500 ns, Reaching safepoint: 812700 ns, At safepoint: 1930900 ns, Total: 2743600 ns
[2020-06-08T02:09:38.357+0000][6][gc,marking   ] GC(9) Concurrent Cleanup for Next Mark
[2020-06-08T02:09:38.364+0000][6][gc,marking   ] GC(9) Concurrent Cleanup for Next Mark 7.095ms
[2020-06-08T02:09:38.364+0000][6][gc           ] GC(9) Concurrent Cycle 131.439ms
[2020-06-08T02:09:38.811+0000][6][gc,start     ] GC(10) Pause Young (Concurrent Start) (G1 Evacuation Pause)
[2020-06-08T02:09:38.811+0000][6][gc,task      ] GC(10) Using 2 workers of 2 for evacuation
[2020-06-08T02:09:38.812+0000][6][gc,age       ] GC(10) Desired survivor size 9961472 bytes, new threshold 1 (max threshold 15)
[2020-06-08T02:09:38.873+0000][6][gc,age       ] GC(10) Age table with threshold 1 (max threshold 15)
[2020-06-08T02:09:38.873+0000][6][gc,age       ] GC(10) - age   1:    1907288 bytes,    1907288 total
[2020-06-08T02:09:38.874+0000][6][gc,phases    ] GC(10)   Pre Evacuate Collection Set: 0.5ms
[2020-06-08T02:09:38.874+0000][6][gc,phases    ] GC(10)   Merge Heap Roots: 0.2ms
[2020-06-08T02:09:38.875+0000][6][gc,phases    ] GC(10)   Evacuate Collection Set: 56.9ms
[2020-06-08T02:09:38.875+0000][6][gc,phases    ] GC(10)   Post Evacuate Collection Set: 2.9ms
[2020-06-08T02:09:38.876+0000][6][gc,phases    ] GC(10)   Other: 2.6ms
[2020-06-08T02:09:38.876+0000][6][gc,heap      ] GC(10) Eden regions: 110->0(611)
[2020-06-08T02:09:38.877+0000][6][gc,heap      ] GC(10) Survivor regions: 38->3(19)
[2020-06-08T02:09:38.877+0000][6][gc,heap      ] GC(10) Old regions: 7->45
[2020-06-08T02:09:38.877+0000][6][gc,heap      ] GC(10) Archive regions: 2->2
[2020-06-08T02:09:38.878+0000][6][gc,heap      ] GC(10) Humongous regions: 1->1
[2020-06-08T02:09:38.878+0000][6][gc,metaspace ] GC(10) Metaspace: 33754K(36816K)->33754K(36816K) NonClass: 29348K(31312K)->29348K(31312K) Class: 4406K(5504K)->4406K(5504K)
[2020-06-08T02:09:38.879+0000][6][gc           ] GC(10) Pause Young (Concurrent Start) (G1 Evacuation Pause) 155M->48M(1024M) 67.870ms
[2020-06-08T02:09:38.879+0000][6][gc,cpu       ] GC(10) User=0.12s Sys=0.01s Real=0.07s
[2020-06-08T02:09:38.880+0000][6][gc           ] GC(11) Concurrent Cycle
[2020-06-08T02:09:38.880+0000][6][gc,marking   ] GC(11) Concurrent Clear Claimed Marks
[2020-06-08T02:09:38.881+0000][6][gc,marking   ] GC(11) Concurrent Clear Claimed Marks 0.622ms
[2020-06-08T02:09:38.882+0000][6][gc,marking   ] GC(11) Concurrent Scan Root Regions
[2020-06-08T02:09:38.881+0000][6][safepoint    ] Safepoint "G1CollectForAllocation", Time since last: 454282800 ns, Reaching safepoint: 395200 ns, At safepoint: 70365100 ns, Total: 70760300 ns
[2020-06-08T02:09:38.941+0000][6][gc,marking   ] GC(11) Concurrent Scan Root Regions 59.582ms
[2020-06-08T02:09:38.942+0000][6][gc,marking   ] GC(11) Concurrent Mark (18.553s)
[2020-06-08T02:09:38.942+0000][6][gc,marking   ] GC(11) Concurrent Mark From Roots
[2020-06-08T02:09:38.943+0000][6][gc,task      ] GC(11) Using 1 workers of 1 for marking
[2020-06-08T02:09:38.984+0000][6][gc,marking   ] GC(11) Concurrent Mark From Roots 42.113ms
[2020-06-08T02:09:38.985+0000][6][gc,marking   ] GC(11) Concurrent Preclean
[2020-06-08T02:09:38.986+0000][6][gc,marking   ] GC(11) Concurrent Preclean 1.118ms
[2020-06-08T02:09:38.987+0000][6][gc,marking   ] GC(11) Concurrent Mark (18.553s, 18.598s) 44.989ms
[2020-06-08T02:09:38.987+0000][6][gc,start     ] GC(11) Pause Remark
[2020-06-08T02:09:38.994+0000][6][gc           ] GC(11) Pause Remark 51M->51M(1024M) 6.635ms
[2020-06-08T02:09:38.995+0000][6][gc,cpu       ] GC(11) User=0.01s Sys=0.01s Real=0.01s
[2020-06-08T02:09:38.995+0000][6][safepoint    ] Safepoint "G1Concurrent", Time since last: 105814200 ns, Reaching safepoint: 217500 ns, At safepoint: 7830500 ns, Total: 8048000 ns
[2020-06-08T02:09:38.996+0000][6][gc,marking   ] GC(11) Concurrent Rebuild Remembered Sets
[2020-06-08T02:09:39.083+0000][6][gc,marking   ] GC(11) Concurrent Rebuild Remembered Sets 87.194ms
[2020-06-08T02:09:39.084+0000][6][gc,start     ] GC(11) Pause Cleanup
[2020-06-08T02:09:39.085+0000][6][gc           ] GC(11) Pause Cleanup 53M->53M(1024M) 0.766ms
[2020-06-08T02:09:39.085+0000][6][gc,cpu       ] GC(11) User=0.00s Sys=0.00s Real=0.00s
[2020-06-08T02:09:39.086+0000][6][safepoint    ] Safepoint "G1Concurrent", Time since last: 88282800 ns, Reaching safepoint: 574500 ns, At safepoint: 2005200 ns, Total: 2579700 ns
[2020-06-08T02:09:39.087+0000][6][gc,marking   ] GC(11) Concurrent Cleanup for Next Mark
[2020-06-08T02:09:39.090+0000][6][gc,marking   ] GC(11) Concurrent Cleanup for Next Mark 2.689ms
[2020-06-08T02:09:39.090+0000][6][gc           ] GC(11) Concurrent Cycle 210.038ms
[2020-06-08T02:09:41.031+0000][6][safepoint    ] Safepoint "Cleanup", Time since last: 1944153200 ns, Reaching safepoint: 401800 ns, At safepoint: 40000 ns, Total: 441800 ns
[2020-06-08T02:09:42.034+0000][6][safepoint    ] Safepoint "Cleanup", Time since last: 1000908800 ns, Reaching safepoint: 2618600 ns, At safepoint: 20700 ns, Total: 2639300 ns
[2020-06-08T02:09:43.089+0000][6][safepoint    ] Safepoint "Cleanup", Time since last: 1055008100 ns, Reaching safepoint: 284200 ns, At safepoint: 17800 ns, Total: 302000 ns
[2020-06-08T02:09:44.647+0000][6][safepoint    ] Safepoint "Cleanup", Time since last: 1556305400 ns, Reaching safepoint: 898200 ns, At safepoint: 24900 ns, Total: 923100 ns
[2020-06-08T02:09:44.980+0000][6][safepoint    ] Safepoint "BulkRevokeBias", Time since last: 332913700 ns, Reaching safepoint: 489000 ns, At safepoint: 164700 ns, Total: 653700 ns
[2020-06-08T02:09:45.025+0000][6][safepoint    ] Safepoint "BulkRevokeBias", Time since last: 42301700 ns, Reaching safepoint: 205300 ns, At safepoint: 2245200 ns, Total: 2450500 ns
[2020-06-08T02:09:45.092+0000][6][safepoint    ] Safepoint "BulkRevokeBias", Time since last: 67110300 ns, Reaching safepoint: 164700 ns, At safepoint: 198200 ns, Total: 362900 ns
[2020-06-08T02:09:46.625+0000][6][safepoint    ] Safepoint "Cleanup", Time since last: 1532125700 ns, Reaching safepoint: 313400 ns, At safepoint: 14000 ns, Total: 327400 ns
[2020-06-08T02:09:46.718+0000][6][safepoint    ] Safepoint "BulkRevokeBias", Time since last: 92639200 ns, Reaching safepoint: 200300 ns, At safepoint: 394000 ns, Total: 594300 ns
[2020-06-08T02:09:46.801+0000][6][gc,start     ] GC(12) Pause Young (Concurrent Start) (Metadata GC Threshold)
[2020-06-08T02:09:46.802+0000][6][gc,task      ] GC(12) Using 2 workers of 2 for evacuation
[2020-06-08T02:09:46.803+0000][6][gc,age       ] GC(12) Desired survivor size 40370176 bytes, new threshold 15 (max threshold 15)
[2020-06-08T02:09:46.855+0000][6][gc,age       ] GC(12) Age table with threshold 15 (max threshold 15)
[2020-06-08T02:09:46.856+0000][6][gc,age       ] GC(12) - age   1:    8965736 bytes,    8965736 total
[2020-06-08T02:09:46.856+0000][6][gc,age       ] GC(12) - age   2:    1504728 bytes,   10470464 total
[2020-06-08T02:09:46.857+0000][6][gc,phases    ] GC(12)   Pre Evacuate Collection Set: 0.9ms
[2020-06-08T02:09:46.858+0000][6][gc,phases    ] GC(12)   Merge Heap Roots: 0.4ms
[2020-06-08T02:09:46.858+0000][6][gc,phases    ] GC(12)   Evacuate Collection Set: 31.9ms
[2020-06-08T02:09:46.859+0000][6][gc,phases    ] GC(12)   Post Evacuate Collection Set: 18.3ms
[2020-06-08T02:09:46.860+0000][6][gc,phases    ] GC(12)   Other: 4.6ms
[2020-06-08T02:09:46.860+0000][6][gc,heap      ] GC(12) Eden regions: 232->0(318)
[2020-06-08T02:09:46.861+0000][6][gc,heap      ] GC(12) Survivor regions: 3->11(77)
[2020-06-08T02:09:46.863+0000][6][gc,heap      ] GC(12) Old regions: 45->45
[2020-06-08T02:09:46.864+0000][6][gc,heap      ] GC(12) Archive regions: 2->2
[2020-06-08T02:09:46.865+0000][6][gc,heap      ] GC(12) Humongous regions: 1->1
[2020-06-08T02:09:46.866+0000][6][gc,metaspace ] GC(12) Metaspace: 56745K(61776K)->56745K(61776K) NonClass: 48975K(52048K)->48975K(52048K) Class: 7769K(9728K)->7769K(9728K)
[2020-06-08T02:09:46.866+0000][6][gc           ] GC(12) Pause Young (Concurrent Start) (Metadata GC Threshold) 279M->56M(1024M) 65.214ms
[2020-06-08T02:09:46.867+0000][6][gc,cpu       ] GC(12) User=0.06s Sys=0.02s Real=0.07s
[2020-06-08T02:09:46.867+0000][6][safepoint    ] Safepoint "CollectForMetadataAllocation", Time since last: 82650000 ns, Reaching safepoint: 112800 ns, At safepoint: 66269200 ns, Total: 66382000 ns
[2020-06-08T02:09:46.867+0000][6][gc           ] GC(13) Concurrent Cycle
[2020-06-08T02:09:46.872+0000][6][gc,marking   ] GC(13) Concurrent Clear Claimed Marks
[2020-06-08T02:09:46.873+0000][6][gc,marking   ] GC(13) Concurrent Clear Claimed Marks 1.184ms
[2020-06-08T02:09:46.874+0000][6][gc,marking   ] GC(13) Concurrent Scan Root Regions
[2020-06-08T02:09:46.927+0000][6][gc,marking   ] GC(13) Concurrent Scan Root Regions 53.614ms
[2020-06-08T02:09:46.929+0000][6][gc,marking   ] GC(13) Concurrent Mark (26.540s)
[2020-06-08T02:09:46.930+0000][6][gc,marking   ] GC(13) Concurrent Mark From Roots
[2020-06-08T02:09:46.931+0000][6][gc,task      ] GC(13) Using 1 workers of 1 for marking
[2020-06-08T02:09:47.057+0000][6][safepoint    ] Safepoint "CollectForMetadataAllocation", Time since last: 188858400 ns, Reaching safepoint: 1071200 ns, At safepoint: 226200 ns, Total: 1297400 ns
[2020-06-08T02:09:47.085+0000][6][gc,marking   ] GC(13) Concurrent Mark From Roots 154.893ms
[2020-06-08T02:09:47.085+0000][6][gc,marking   ] GC(13) Concurrent Preclean
[2020-06-08T02:09:47.086+0000][6][gc,marking   ] GC(13) Concurrent Preclean 0.713ms
[2020-06-08T02:09:47.087+0000][6][gc,marking   ] GC(13) Concurrent Mark (26.540s, 26.698s) 157.663ms
[2020-06-08T02:09:47.087+0000][6][gc,start     ] GC(13) Pause Remark
[2020-06-08T02:09:47.098+0000][6][gc           ] GC(13) Pause Remark 63M->63M(1024M) 10.560ms
[2020-06-08T02:09:47.099+0000][6][gc,cpu       ] GC(13) User=0.01s Sys=0.00s Real=0.01s
[2020-06-08T02:09:47.100+0000][6][safepoint    ] Safepoint "G1Concurrent", Time since last: 29559400 ns, Reaching safepoint: 440600 ns, At safepoint: 12396600 ns, Total: 12837200 ns
[2020-06-08T02:09:47.100+0000][6][gc,marking   ] GC(13) Concurrent Rebuild Remembered Sets
[2020-06-08T02:09:47.159+0000][6][gc,marking   ] GC(13) Concurrent Rebuild Remembered Sets 93.150ms
[2020-06-08T02:09:47.163+0000][6][gc,start     ] GC(13) Pause Cleanup
[2020-06-08T02:09:47.164+0000][6][gc           ] GC(13) Pause Cleanup 68M->68M(1024M) 1.163ms
[2020-06-08T02:09:47.165+0000][6][gc,cpu       ] GC(13) User=0.00s Sys=0.00s Real=0.00s
[2020-06-08T02:09:47.165+0000][6][safepoint    ] Safepoint "G1Concurrent", Time since last: 94317800 ns, Reaching safepoint: 2653400 ns, At safepoint: 2303600 ns, Total: 4957000 ns
[2020-06-08T02:09:47.166+0000][6][gc,marking   ] GC(13) Concurrent Cleanup for Next Mark
[2020-06-08T02:09:47.168+0000][6][gc,marking   ] GC(13) Concurrent Cleanup for Next Mark 2.687ms
[2020-06-08T02:09:47.169+0000][6][gc           ] GC(13) Concurrent Cycle 335.243ms
[2020-06-08T02:09:48.174+0000][6][safepoint    ] Safepoint "Cleanup", Time since last: 1002303100 ns, Reaching safepoint: 6624600 ns, At safepoint: 159100 ns, Total: 6783700 ns
[2020-06-08T02:09:49.798+0000][6][safepoint    ] Safepoint "Cleanup", Time since last: 1619889000 ns, Reaching safepoint: 3299200 ns, At safepoint: 98200 ns, Total: 3397400 ns
[2020-06-08T02:09:51.656+0000][6][safepoint    ] Safepoint "Cleanup", Time since last: 1857722200 ns, Reaching safepoint: 448500 ns, At safepoint: 14700 ns, Total: 463200 ns
[2020-06-08T02:09:52.957+0000][6][safepoint    ] Safepoint "Cleanup", Time since last: 1301409700 ns, Reaching safepoint: 277000 ns, At safepoint: 13500 ns, Total: 290500 ns
[2020-06-08T02:09:54.148+0000][6][safepoint    ] Safepoint "Cleanup", Time since last: 1189824200 ns, Reaching safepoint: 228900 ns, At safepoint: 13100 ns, Total: 242000 ns
[2020-06-08T02:09:55.179+0000][6][safepoint    ] Safepoint "Cleanup", Time since last: 1030716000 ns, Reaching safepoint: 658100 ns, At safepoint: 43600 ns, Total: 701700 ns
[2020-06-08T02:09:55.378+0000][6][safepoint    ] Safepoint "BulkRevokeBias", Time since last: 198770300 ns, Reaching safepoint: 375500 ns, At safepoint: 161400 ns, Total: 536900 ns
[2020-06-08T02:09:55.574+0000][6][safepoint    ] Safepoint "BulkRevokeBias", Time since last: 195333300 ns, Reaching safepoint: 412900 ns, At safepoint: 170500 ns, Total: 583400 ns
[2020-06-08T02:09:56.581+0000][6][safepoint    ] Safepoint "Cleanup", Time since last: 1006734400 ns, Reaching safepoint: 362100 ns, At safepoint: 32800 ns, Total: 394900 ns
[2020-06-08T02:09:57.198+0000][6][safepoint    ] Safepoint "BulkRevokeBias", Time since last: 615829100 ns, Reaching safepoint: 435300 ns, At safepoint: 642600 ns, Total: 1077900 ns
[2020-06-08T02:09:57.288+0000][6][safepoint    ] Safepoint "BulkRevokeBias", Time since last: 87524700 ns, Reaching safepoint: 315000 ns, At safepoint: 2433700 ns, Total: 2748700 ns
[2020-06-08T02:09:58.313+0000][6][safepoint    ] Safepoint "Cleanup", Time since last: 1023499700 ns, Reaching safepoint: 544000 ns, At safepoint: 167300 ns, Total: 711300 ns
[2020-06-08T02:09:59.253+0000][6][safepoint    ] Safepoint "ICBufferFull", Time since last: 936156700 ns, Reaching safepoint: 4463600 ns, At safepoint: 53400 ns, Total: 4517000 ns
[2020-06-08T02:10:00.456+0000][6][safepoint    ] Safepoint "Cleanup", Time since last: 1202785400 ns, Reaching safepoint: 162700 ns, At safepoint: 13500 ns, Total: 176200 ns
[2020-06-08T02:10:01.480+0000][6][safepoint    ] Safepoint "Cleanup", Time since last: 1021239600 ns, Reaching safepoint: 2596100 ns, At safepoint: 50600 ns, Total: 2646700 ns
[2020-06-08T02:10:02.533+0000][6][safepoint    ] Safepoint "Cleanup", Time since last: 1052841700 ns, Reaching safepoint: 146600 ns, At safepoint: 14000 ns, Total: 160600 ns
[2020-06-08T02:10:03.832+0000][6][safepoint    ] Safepoint "Cleanup", Time since last: 1298274400 ns, Reaching safepoint: 336400 ns, At safepoint: 40000 ns, Total: 376400 ns
[2020-06-08T02:10:04.735+0000][6][safepoint    ] Safepoint "ICBufferFull", Time since last: 902973800 ns, Reaching safepoint: 219000 ns, At safepoint: 83300 ns, Total: 302300 ns
[2020-06-08T02:10:05.681+0000][6][gc,start     ] GC(14) Pause Young (Concurrent Start) (G1 Evacuation Pause)
[2020-06-08T02:10:05.683+0000][6][gc,task      ] GC(14) Using 2 workers of 2 for evacuation
[2020-06-08T02:10:05.684+0000][6][gc,age       ] GC(14) Desired survivor size 23592960 bytes, new threshold 15 (max threshold 15)
[2020-06-08T02:10:05.774+0000][6][gc,age       ] GC(14) Age table with threshold 15 (max threshold 15)
[2020-06-08T02:10:05.774+0000][6][gc,age       ] GC(14) - age   1:   10034776 bytes,   10034776 total
[2020-06-08T02:10:05.775+0000][6][gc,age       ] GC(14) - age   2:    8500752 bytes,   18535528 total
[2020-06-08T02:10:05.776+0000][6][gc,age       ] GC(14) - age   3:    1501824 bytes,   20037352 total
[2020-06-08T02:10:05.777+0000][6][gc,phases    ] GC(14)   Pre Evacuate Collection Set: 1.9ms
[2020-06-08T02:10:05.778+0000][6][gc,phases    ] GC(14)   Merge Heap Roots: 0.5ms
[2020-06-08T02:10:05.778+0000][6][gc,phases    ] GC(14)   Evacuate Collection Set: 74.4ms
[2020-06-08T02:10:05.779+0000][6][gc,phases    ] GC(14)   Post Evacuate Collection Set: 11.8ms
[2020-06-08T02:10:05.780+0000][6][gc,phases    ] GC(14)   Other: 6.9ms
[2020-06-08T02:10:05.780+0000][6][gc,heap      ] GC(14) Eden regions: 342->0(288)
[2020-06-08T02:10:05.781+0000][6][gc,heap      ] GC(14) Survivor regions: 11->20(45)
[2020-06-08T02:10:05.782+0000][6][gc,heap      ] GC(14) Old regions: 45->45
[2020-06-08T02:10:05.783+0000][6][gc,heap      ] GC(14) Archive regions: 2->2
[2020-06-08T02:10:05.784+0000][6][gc,heap      ] GC(14) Humongous regions: 7->7
[2020-06-08T02:10:05.785+0000][6][gc,metaspace ] GC(14) Metaspace: 83786K(90408K)->83786K(90408K) NonClass: 72411K(76328K)->72411K(76328K) Class: 11375K(14080K)->11375K(14080K)
[2020-06-08T02:10:05.786+0000][6][gc           ] GC(14) Pause Young (Concurrent Start) (G1 Evacuation Pause) 404M->71M(1024M) 104.258ms
[2020-06-08T02:10:05.786+0000][6][gc,cpu       ] GC(14) User=0.11s Sys=0.04s Real=0.10s
[2020-06-08T02:10:05.787+0000][6][gc           ] GC(15) Concurrent Cycle
[2020-06-08T02:10:05.788+0000][6][gc,marking   ] GC(15) Concurrent Clear Claimed Marks
[2020-06-08T02:10:05.790+0000][6][gc,marking   ] GC(15) Concurrent Clear Claimed Marks 1.381ms
[2020-06-08T02:10:05.791+0000][6][gc,marking   ] GC(15) Concurrent Scan Root Regions
[2020-06-08T02:10:05.787+0000][6][safepoint    ] Safepoint "G1CollectForAllocation", Time since last: 946038900 ns, Reaching safepoint: 245000 ns, At safepoint: 105809000 ns, Total: 106054000 ns
[2020-06-08T02:10:05.849+0000][6][gc,marking   ] GC(15) Concurrent Scan Root Regions 57.501ms
[2020-06-08T02:10:05.850+0000][6][gc,marking   ] GC(15) Concurrent Mark (45.495s)
[2020-06-08T02:10:05.851+0000][6][gc,marking   ] GC(15) Concurrent Mark From Roots
[2020-06-08T02:10:05.852+0000][6][gc,task      ] GC(15) Using 1 workers of 1 for marking
[2020-06-08T02:10:06.044+0000][6][gc,marking   ] GC(15) Concurrent Mark From Roots 193.338ms
[2020-06-08T02:10:06.045+0000][6][gc,marking   ] GC(15) Concurrent Preclean
[2020-06-08T02:10:06.046+0000][6][gc,marking   ] GC(15) Concurrent Preclean 0.910ms
[2020-06-08T02:10:06.047+0000][6][gc,marking   ] GC(15) Concurrent Mark (45.495s, 45.691s) 196.264ms
[2020-06-08T02:10:06.047+0000][6][gc,start     ] GC(15) Pause Remark
[2020-06-08T02:10:06.057+0000][6][gc           ] GC(15) Pause Remark 76M->76M(1024M) 9.832ms
[2020-06-08T02:10:06.058+0000][6][gc,cpu       ] GC(15) User=0.02s Sys=0.00s Real=0.02s
[2020-06-08T02:10:06.059+0000][6][safepoint    ] Safepoint "G1Concurrent", Time since last: 259893200 ns, Reaching safepoint: 389500 ns, At safepoint: 11160700 ns, Total: 11550200 ns
[2020-06-08T02:10:06.059+0000][6][gc,marking   ] GC(15) Concurrent Rebuild Remembered Sets
[2020-06-08T02:10:06.088+0000][6][safepoint    ] Safepoint "BulkRevokeBias", Time since last: 27050500 ns, Reaching safepoint: 1586500 ns, At safepoint: 555000 ns, Total: 2141500 ns
[2020-06-08T02:10:06.097+0000][6][safepoint    ] Safepoint "BulkRevokeBias", Time since last: 8772500 ns, Reaching safepoint: 620000 ns, At safepoint: 253800 ns, Total: 873800 ns
[2020-06-08T02:10:06.182+0000][6][gc,marking   ] GC(15) Concurrent Rebuild Remembered Sets 122.462ms
[2020-06-08T02:10:06.183+0000][6][gc,start     ] GC(15) Pause Cleanup
[2020-06-08T02:10:06.185+0000][6][gc           ] GC(15) Pause Cleanup 77M->77M(1024M) 1.615ms
[2020-06-08T02:10:06.185+0000][6][gc,cpu       ] GC(15) User=0.00s Sys=0.00s Real=0.00s
[2020-06-08T02:10:06.186+0000][6][safepoint    ] Safepoint "G1Concurrent", Time since last: 85089400 ns, Reaching safepoint: 480900 ns, At safepoint: 3025700 ns, Total: 3506600 ns
[2020-06-08T02:10:06.187+0000][6][gc,marking   ] GC(15) Concurrent Cleanup for Next Mark
[2020-06-08T02:10:06.193+0000][6][gc,marking   ] GC(15) Concurrent Cleanup for Next Mark 6.221ms
[2020-06-08T02:10:06.194+0000][6][gc           ] GC(15) Concurrent Cycle 406.930ms
[2020-06-08T02:10:06.384+0000][6][safepoint    ] Safepoint "BulkRevokeBias", Time since last: 196840200 ns, Reaching safepoint: 794300 ns, At safepoint: 415400 ns, Total: 1209700 ns
[2020-06-08T02:10:06.410+0000][6][safepoint    ] Safepoint "BulkRevokeBias", Time since last: 24262700 ns, Reaching safepoint: 872500 ns, At safepoint: 338800 ns, Total: 1211300 ns
[2020-06-08T02:10:07.538+0000][6][safepoint    ] Safepoint "Cleanup", Time since last: 1123487700 ns, Reaching safepoint: 4736800 ns, At safepoint: 31300 ns, Total: 4768100 ns
[2020-06-08T02:10:08.408+0000][6][safepoint    ] Safepoint "BulkRevokeBias", Time since last: 869131000 ns, Reaching safepoint: 429700 ns, At safepoint: 392200 ns, Total: 821900 ns
[2020-06-08T02:10:09.062+0000][6][safepoint    ] Safepoint "BulkRevokeBias", Time since last: 651610700 ns, Reaching safepoint: 885100 ns, At safepoint: 1722000 ns, Total: 2607100 ns
[2020-06-08T02:10:10.136+0000][6][safepoint    ] Safepoint "Cleanup", Time since last: 1073754800 ns, Reaching safepoint: 557500 ns, At safepoint: 24100 ns, Total: 581600 ns
[2020-06-08T02:10:11.463+0000][6][safepoint    ] Safepoint "Cleanup", Time since last: 1326167600 ns, Reaching safepoint: 543300 ns, At safepoint: 44500 ns, Total: 587800 ns
[2020-06-08T02:10:12.467+0000][6][safepoint    ] Safepoint "Cleanup", Time since last: 1003837800 ns, Reaching safepoint: 235000 ns, At safepoint: 11800 ns, Total: 246800 ns
[2020-06-08T02:10:13.975+0000][6][safepoint    ] Safepoint "Cleanup", Time since last: 1506966800 ns, Reaching safepoint: 802500 ns, At safepoint: 349800 ns, Total: 1152300 ns
[2020-06-08T02:10:14.983+0000][6][safepoint    ] Safepoint "Cleanup", Time since last: 1007746500 ns, Reaching safepoint: 286300 ns, At safepoint: 23800 ns, Total: 310100 ns
[2020-06-08T02:10:15.982+0000][6][safepoint    ] Safepoint "BulkRevokeBias", Time since last: 992770700 ns, Reaching safepoint: 4752400 ns, At safepoint: 1174000 ns, Total: 5926400 ns
[2020-06-08T02:10:16.988+0000][6][safepoint    ] Safepoint "Cleanup", Time since last: 1005970000 ns, Reaching safepoint: 321000 ns, At safepoint: 44000 ns, Total: 365000 ns
[2020-06-08T02:10:17.960+0000][6][safepoint    ] Safepoint "Cleanup", Time since last: 1004837200 ns, Reaching safepoint: 252100 ns, At safepoint: 30100 ns, Total: 282200 ns
[2020-06-08T02:10:18.963+0000][6][safepoint    ] Safepoint "Cleanup", Time since last: 1002345400 ns, Reaching safepoint: 559800 ns, At safepoint: 75500 ns, Total: 635300 ns
[2020-06-08T02:10:19.965+0000][6][safepoint    ] Safepoint "Cleanup", Time since last: 1002311900 ns, Reaching safepoint: 244900 ns, At safepoint: 29000 ns, Total: 273900 ns
[2020-06-08T02:10:20.968+0000][6][safepoint    ] Safepoint "Cleanup", Time since last: 1002330700 ns, Reaching safepoint: 468500 ns, At safepoint: 37700 ns, Total: 506200 ns
[2020-06-08T02:10:21.971+0000][6][safepoint    ] Safepoint "Cleanup", Time since last: 1002158100 ns, Reaching safepoint: 263300 ns, At safepoint: 29200 ns, Total: 292500 ns
[2020-06-08T02:10:22.974+0000][6][safepoint    ] Safepoint "Cleanup", Time since last: 1002884200 ns, Reaching safepoint: 301100 ns, At safepoint: 35200 ns, Total: 336300 ns
[2020-06-08T02:10:23.979+0000][6][safepoint    ] Safepoint "Cleanup", Time since last: 1003304300 ns, Reaching safepoint: 2006200 ns, At safepoint: 46800 ns, Total: 2053000 ns
[2020-06-08T02:10:25.784+0000][6][safepoint    ] Safepoint "Cleanup", Time since last: 1804025700 ns, Reaching safepoint: 376200 ns, At safepoint: 23400 ns, Total: 399600 ns
[2020-06-08T02:10:26.788+0000][6][safepoint    ] Safepoint "Cleanup", Time since last: 1004123300 ns, Reaching safepoint: 543100 ns, At safepoint: 32100 ns, Total: 575200 ns
[2020-06-08T02:10:27.799+0000][6][safepoint    ] Safepoint "Cleanup", Time since last: 1009413300 ns, Reaching safepoint: 896900 ns, At safepoint: 38500 ns, Total: 935400 ns
[2020-06-08T02:10:28.654+0000][6][safepoint    ] Safepoint "BulkRevokeBias", Time since last: 854848100 ns, Reaching safepoint: 591700 ns, At safepoint: 361300 ns, Total: 953000 ns
[2020-06-08T02:10:29.723+0000][6][safepoint    ] Safepoint "Cleanup", Time since last: 1067568100 ns, Reaching safepoint: 813600 ns, At safepoint: 75800 ns, Total: 889400 ns
[2020-06-08T02:10:30.725+0000][6][safepoint    ] Safepoint "Cleanup", Time since last: 1002245200 ns, Reaching safepoint: 182200 ns, At safepoint: 12200 ns, Total: 194400 ns
[2020-06-08T02:10:32.261+0000][6][safepoint    ] Safepoint "Cleanup", Time since last: 1534248800 ns, Reaching safepoint: 1309300 ns, At safepoint: 41100 ns, Total: 1350400 ns
[2020-06-08T02:10:33.265+0000][6][safepoint    ] Safepoint "Cleanup", Time since last: 1003212600 ns, Reaching safepoint: 843700 ns, At safepoint: 48700 ns, Total: 892400 ns
[2020-06-08T02:10:34.271+0000][6][safepoint    ] Safepoint "Cleanup", Time since last: 1004440000 ns, Reaching safepoint: 1341200 ns, At safepoint: 35900 ns, Total: 1377100 ns
[2020-06-08T02:10:35.274+0000][6][safepoint    ] Safepoint "Cleanup", Time since last: 1002225800 ns, Reaching safepoint: 563600 ns, At safepoint: 34100 ns, Total: 597700 ns
[2020-06-08T02:10:37.079+0000][6][safepoint    ] Safepoint "Cleanup", Time since last: 1803523200 ns, Reaching safepoint: 1817300 ns, At safepoint: 42100 ns, Total: 1859400 ns
[2020-06-08T02:10:38.086+0000][6][safepoint    ] Safepoint "Cleanup", Time since last: 1006289900 ns, Reaching safepoint: 975100 ns, At safepoint: 48500 ns, Total: 1023600 ns
[2020-06-08T02:10:39.091+0000][6][safepoint    ] Safepoint "Cleanup", Time since last: 1003206300 ns, Reaching safepoint: 971500 ns, At safepoint: 111700 ns, Total: 1083200 ns
[2020-06-08T02:10:40.093+0000][6][safepoint    ] Safepoint "Cleanup", Time since last: 1001463200 ns, Reaching safepoint: 493100 ns, At safepoint: 23600 ns, Total: 516700 ns
[2020-06-08T02:10:41.096+0000][6][safepoint    ] Safepoint "Cleanup", Time since last: 1002908400 ns, Reaching safepoint: 859000 ns, At safepoint: 56600 ns, Total: 915600 ns
[2020-06-08T02:10:42.103+0000][6][safepoint    ] Safepoint "Cleanup", Time since last: 1006516700 ns, Reaching safepoint: 297100 ns, At safepoint: 101500 ns, Total: 398600 ns
[2020-06-08T02:10:43.111+0000][6][safepoint    ] Safepoint "Cleanup", Time since last: 1007033400 ns, Reaching safepoint: 496600 ns, At safepoint: 90600 ns, Total: 587200 ns
[2020-06-08T02:10:44.112+0000][6][safepoint    ] Safepoint "Cleanup", Time since last: 1001296000 ns, Reaching safepoint: 150200 ns, At safepoint: 11300 ns, Total: 161500 ns
[2020-06-08T02:10:45.113+0000][6][safepoint    ] Safepoint "Cleanup", Time since last: 1000656000 ns, Reaching safepoint: 202700 ns, At safepoint: 12200 ns, Total: 214900 ns
[2020-06-08T02:10:46.116+0000][6][safepoint    ] Safepoint "Cleanup", Time since last: 1002234300 ns, Reaching safepoint: 159900 ns, At safepoint: 11500 ns, Total: 171400 ns
[2020-06-08T02:10:47.478+0000][6][safepoint    ] Safepoint "Cleanup", Time since last: 1395193900 ns, Reaching safepoint: 481400 ns, At safepoint: 26900 ns, Total: 508300 ns
[2020-06-08T02:10:48.777+0000][6][safepoint    ] Safepoint "Cleanup", Time since last: 1299573500 ns, Reaching safepoint: 267600 ns, At safepoint: 23800 ns, Total: 291400 ns
[2020-06-08T02:10:49.779+0000][6][safepoint    ] Safepoint "Cleanup", Time since last: 1001555000 ns, Reaching safepoint: 228300 ns, At safepoint: 24100 ns, Total: 252400 ns
[2020-06-08T02:10:50.782+0000][6][safepoint    ] Safepoint "Cleanup", Time since last: 1001972900 ns, Reaching safepoint: 275500 ns, At safepoint: 97700 ns, Total: 373200 ns
[2020-06-08T02:10:51.783+0000][6][safepoint    ] Safepoint "Cleanup", Time since last: 1001357500 ns, Reaching safepoint: 146200 ns, At safepoint: 7000 ns, Total: 153200 ns
[2020-06-08T02:10:52.800+0000][6][safepoint    ] Safepoint "Cleanup", Time since last: 1016461700 ns, Reaching safepoint: 306500 ns, At safepoint: 159900 ns, Total: 466400 ns
[2020-06-08T02:10:52.870+0000][6][safepoint    ] Safepoint "BulkRevokeBias", Time since last: 68389400 ns, Reaching safepoint: 132200 ns, At safepoint: 1051000 ns, Total: 1183200 ns
[2020-06-08T02:10:54.037+0000][6][safepoint    ] Safepoint "Cleanup", Time since last: 1166171100 ns, Reaching safepoint: 798500 ns, At safepoint: 34900 ns, Total: 833400 ns
[2020-06-08T02:10:55.043+0000][6][safepoint    ] Safepoint "Cleanup", Time since last: 1005951400 ns, Reaching safepoint: 205500 ns, At safepoint: 71100 ns, Total: 276600 ns
[2020-06-08T02:10:56.047+0000][6][safepoint    ] Safepoint "Cleanup", Time since last: 1003385400 ns, Reaching safepoint: 252000 ns, At safepoint: 14300 ns, Total: 266300 ns
[2020-06-08T02:10:57.695+0000][6][safepoint    ] Safepoint "Cleanup", Time since last: 1647156300 ns, Reaching safepoint: 956400 ns, At safepoint: 51200 ns, Total: 1007600 ns
[2020-06-08T02:10:58.696+0000][6][safepoint    ] Safepoint "Cleanup", Time since last: 1001429600 ns, Reaching safepoint: 203700 ns, At safepoint: 14700 ns, Total: 218400 ns
[2020-06-08T02:10:59.707+0000][6][safepoint    ] Safepoint "Cleanup", Time since last: 1010019000 ns, Reaching safepoint: 1061400 ns, At safepoint: 47000 ns, Total: 1108400 ns
[2020-06-08T02:11:00.713+0000][6][safepoint    ] Safepoint "Cleanup", Time since last: 1004679800 ns, Reaching safepoint: 974500 ns, At safepoint: 39000 ns, Total: 1013500 ns
[2020-06-08T02:11:01.718+0000][6][safepoint    ] Safepoint "Cleanup", Time since last: 1003441500 ns, Reaching safepoint: 874900 ns, At safepoint: 47200 ns, Total: 922100 ns
[2020-06-08T02:11:02.720+0000][6][safepoint    ] Safepoint "Cleanup", Time since last: 1001953400 ns, Reaching safepoint: 871500 ns, At safepoint: 47800 ns, Total: 919300 ns
[2020-06-08T02:11:03.725+0000][6][safepoint    ] Safepoint "Cleanup", Time since last: 1003421200 ns, Reaching safepoint: 913900 ns, At safepoint: 44800 ns, Total: 958700 ns
[2020-06-08T02:11:04.728+0000][6][safepoint    ] Safepoint "Cleanup", Time since last: 1002747700 ns, Reaching safepoint: 686200 ns, At safepoint: 45000 ns, Total: 731200 ns
[2020-06-08T02:11:05.731+0000][6][safepoint    ] Safepoint "Cleanup", Time since last: 1002261200 ns, Reaching safepoint: 332600 ns, At safepoint: 28900 ns, Total: 361500 ns
[2020-06-08T02:11:06.735+0000][6][safepoint    ] Safepoint "Cleanup", Time since last: 1003688900 ns, Reaching safepoint: 358000 ns, At safepoint: 17500 ns, Total: 375500 ns
[2020-06-08T02:11:07.738+0000][6][safepoint    ] Safepoint "Cleanup", Time since last: 1001980100 ns, Reaching safepoint: 535800 ns, At safepoint: 32200 ns, Total: 568000 ns
[2020-06-08T02:11:08.739+0000][6][safepoint    ] Safepoint "Cleanup", Time since last: 1001429600 ns, Reaching safepoint: 291100 ns, At safepoint: 14900 ns, Total: 306000 ns
[2020-06-08T02:11:09.741+0000][6][safepoint    ] Safepoint "Cleanup", Time since last: 1001259000 ns, Reaching safepoint: 257600 ns, At safepoint: 142700 ns, Total: 400300 ns
[2020-06-08T02:11:10.745+0000][6][safepoint    ] Safepoint "Cleanup", Time since last: 1003068000 ns, Reaching safepoint: 557000 ns, At safepoint: 29900 ns, Total: 586900 ns
[2020-06-08T02:11:11.746+0000][6][safepoint    ] Safepoint "Cleanup", Time since last: 1001534400 ns, Reaching safepoint: 234000 ns, At safepoint: 15100 ns, Total: 249100 ns
[2020-06-08T02:11:12.750+0000][6][safepoint    ] Safepoint "Cleanup", Time since last: 1001517200 ns, Reaching safepoint: 2027700 ns, At safepoint: 97100 ns, Total: 2124800 ns
[2020-06-08T02:11:13.753+0000][6][safepoint    ] Safepoint "Cleanup", Time since last: 1002267300 ns, Reaching safepoint: 383200 ns, At safepoint: 32100 ns, Total: 415300 ns
[2020-06-08T02:11:14.756+0000][6][safepoint    ] Safepoint "Cleanup", Time since last: 1002673400 ns, Reaching safepoint: 380200 ns, At safepoint: 32700 ns, Total: 412900 ns
[2020-06-08T02:11:16.475+0000][6][safepoint    ] Safepoint "Cleanup", Time since last: 1718697400 ns, Reaching safepoint: 387200 ns, At safepoint: 20600 ns, Total: 407800 ns
[2020-06-08T02:11:17.444+0000][6][safepoint    ] Safepoint "Cleanup", Time since last: 1001693200 ns, Reaching safepoint: 1493600 ns, At safepoint: 52900 ns, Total: 1546500 ns
[2020-06-08T02:11:18.447+0000][6][safepoint    ] Safepoint "Cleanup", Time since last: 1002513700 ns, Reaching safepoint: 222100 ns, At safepoint: 17300 ns, Total: 239400 ns
[2020-06-08T02:11:19.450+0000][6][safepoint    ] Safepoint "Cleanup", Time since last: 1002261200 ns, Reaching safepoint: 365000 ns, At safepoint: 39400 ns, Total: 404400 ns
[2020-06-08T02:11:20.453+0000][6][safepoint    ] Safepoint "Cleanup", Time since last: 1002691300 ns, Reaching safepoint: 702200 ns, At safepoint: 32400 ns, Total: 734600 ns
[2020-06-08T02:11:21.459+0000][6][safepoint    ] Safepoint "Cleanup", Time since last: 1004191000 ns, Reaching safepoint: 1573600 ns, At safepoint: 61000 ns, Total: 1634600 ns
[2020-06-08T02:11:22.462+0000][6][safepoint    ] Safepoint "Cleanup", Time since last: 1002627500 ns, Reaching safepoint: 293600 ns, At safepoint: 22300 ns, Total: 315900 ns
[2020-06-08T02:11:23.464+0000][6][safepoint    ] Safepoint "Cleanup", Time since last: 1001603400 ns, Reaching safepoint: 563500 ns, At safepoint: 42200 ns, Total: 605700 ns
[2020-06-08T02:11:24.469+0000][6][safepoint    ] Safepoint "Cleanup", Time since last: 1003788000 ns, Reaching safepoint: 895200 ns, At safepoint: 39600 ns, Total: 934800 ns
[2020-06-08T02:11:25.472+0000][6][safepoint    ] Safepoint "Cleanup", Time since last: 1003353400 ns, Reaching safepoint: 401900 ns, At safepoint: 30200 ns, Total: 432100 ns
[2020-06-08T02:11:26.475+0000][6][safepoint    ] Safepoint "Cleanup", Time since last: 1001911100 ns, Reaching safepoint: 309700 ns, At safepoint: 34800 ns, Total: 344500 ns
[2020-06-08T02:11:27.482+0000][6][safepoint    ] Safepoint "Cleanup", Time since last: 1005054800 ns, Reaching safepoint: 1020600 ns, At safepoint: 916200 ns, Total: 1936800 ns
[2020-06-08T02:11:28.490+0000][6][safepoint    ] Safepoint "Cleanup", Time since last: 1005381800 ns, Reaching safepoint: 2311300 ns, At safepoint: 104700 ns, Total: 2416000 ns
[2020-06-08T02:11:29.700+0000][6][safepoint    ] Safepoint "Cleanup", Time since last: 1209457100 ns, Reaching safepoint: 696800 ns, At safepoint: 44300 ns, Total: 741100 ns
[2020-06-08T02:11:30.479+0000][6][safepoint    ] Safepoint "BulkRevokeBias", Time since last: 777933000 ns, Reaching safepoint: 998100 ns, At safepoint: 328700 ns, Total: 1326800 ns
[2020-06-08T02:11:30.503+0000][6][safepoint    ] Safepoint "BulkRevokeBias", Time since last: 19649600 ns, Reaching safepoint: 1168100 ns, At safepoint: 3105000 ns, Total: 4273100 ns
[2020-06-08T02:11:30.682+0000][6][safepoint    ] Safepoint "BulkRevokeBias", Time since last: 178082300 ns, Reaching safepoint: 634100 ns, At safepoint: 503500 ns, Total: 1137600 ns
[2020-06-08T02:11:30.987+0000][6][gc,heap,exit ] Heap
[2020-06-08T02:11:30.988+0000][6][gc,heap,exit ]  garbage-first heap   total 1048576K, used 302437K [0x00000000c0000000, 0x0000000100000000)
[2020-06-08T02:11:30.990+0000][6][gc,heap,exit ]   region size 1024K, 246 young (251904K), 20 survivors (20480K)
[2020-06-08T02:11:30.992+0000][6][gc,heap,exit ]  Metaspace       used 90435K, capacity 97520K, committed 97704K, reserved 1132544K
[2020-06-08T02:11:30.994+0000][6][gc,heap,exit ]   class space    used 12260K, capacity 15182K, committed 15232K, reserved 1048576K
