[2020-06-08T03:00:42.538+0000][6][gc,heap] Heap region size: 1M
[2020-06-08T03:00:42.540+0000][6][gc,heap,coops] Heap address: 0x00000000c0000000, size: 1024 MB, Compressed Oops mode: 32-bit
[2020-06-08T03:00:43.221+0000][6][gc           ] Using G1
[2020-06-08T03:00:43.226+0000][6][gc,cds       ] Mark closed archive regions in map: [0x00000000fff00000, 0x00000000fff7eff8]
[2020-06-08T03:00:43.227+0000][6][gc,cds       ] Mark open archive regions in map: [0x00000000ffe00000, 0x00000000ffe51ff8]
[2020-06-08T03:00:43.293+0000][6][gc           ] Periodic GC disabled
[2020-06-08T03:00:44.424+0000][6][safepoint    ] Safepoint "Cleanup", Time since last: 1167888800 ns, Reaching safepoint: 399400 ns, At safepoint: 13900 ns, Total: 413300 ns
[2020-06-08T03:00:45.396+0000][6][safepoint    ] Safepoint "Cleanup", Time since last: 1001550900 ns, Reaching safepoint: 2749600 ns, At safepoint: 50700 ns, Total: 2800300 ns
[2020-06-08T03:00:46.711+0000][6][safepoint    ] Safepoint "Cleanup", Time since last: 1313769100 ns, Reaching safepoint: 1933600 ns, At safepoint: 17800 ns, Total: 1951400 ns
[2020-06-08T03:00:48.104+0000][6][safepoint    ] Safepoint "Cleanup", Time since last: 1387433300 ns, Reaching safepoint: 5121200 ns, At safepoint: 259300 ns, Total: 5380500 ns
[2020-06-08T03:00:50.050+0000][6][safepoint    ] Safepoint "Cleanup", Time since last: 1943758300 ns, Reaching safepoint: 2194900 ns, At safepoint: 39000 ns, Total: 2233900 ns
[2020-06-08T03:00:51.269+0000][6][safepoint    ] Safepoint "Cleanup", Time since last: 1216798800 ns, Reaching safepoint: 2151700 ns, At safepoint: 49900 ns, Total: 2201600 ns
[2020-06-08T03:00:51.854+0000][6][gc,start     ] GC(0) Pause Young (Normal) (G1 Evacuation Pause)
[2020-06-08T03:00:51.856+0000][6][gc,task      ] GC(0) Using 2 workers of 2 for evacuation
[2020-06-08T03:00:51.856+0000][6][gc,age       ] GC(0) Desired survivor size 3670016 bytes, new threshold 15 (max threshold 15)
[2020-06-08T03:00:51.905+0000][6][gc,age       ] GC(0) Age table with threshold 15 (max threshold 15)
[2020-06-08T03:00:51.908+0000][6][gc,age       ] GC(0) - age   1:    4874288 bytes,    4874288 total
[2020-06-08T03:00:51.909+0000][6][gc,phases    ] GC(0)   Pre Evacuate Collection Set: 0.3ms
[2020-06-08T03:00:51.909+0000][6][gc,phases    ] GC(0)   Merge Heap Roots: 0.4ms
[2020-06-08T03:00:51.909+0000][6][gc,phases    ] GC(0)   Evacuate Collection Set: 44.0ms
[2020-06-08T03:00:51.910+0000][6][gc,phases    ] GC(0)   Post Evacuate Collection Set: 2.7ms
[2020-06-08T03:00:51.910+0000][6][gc,phases    ] GC(0)   Other: 6.9ms
[2020-06-08T03:00:51.910+0000][6][gc,heap      ] GC(0) Eden regions: 51->0(46)
[2020-06-08T03:00:51.911+0000][6][gc,heap      ] GC(0) Survivor regions: 0->5(7)
[2020-06-08T03:00:51.911+0000][6][gc,heap      ] GC(0) Old regions: 0->0
[2020-06-08T03:00:51.912+0000][6][gc,heap      ] GC(0) Archive regions: 2->2
[2020-06-08T03:00:51.912+0000][6][gc,heap      ] GC(0) Humongous regions: 1->1
[2020-06-08T03:00:51.912+0000][6][gc,metaspace ] GC(0) Metaspace: 11625K(12160K)->11625K(12160K) NonClass: 10200K(10496K)->10200K(10496K) Class: 1425K(1664K)->1425K(1664K)
[2020-06-08T03:00:51.913+0000][6][gc           ] GC(0) Pause Young (Normal) (G1 Evacuation Pause) 52M->6M(1024M) 58.196ms
[2020-06-08T03:00:51.913+0000][6][gc,cpu       ] GC(0) User=0.01s Sys=0.01s Real=0.06s
[2020-06-08T03:00:51.913+0000][6][safepoint    ] Safepoint "G1CollectForAllocation", Time since last: 573911300 ns, Reaching safepoint: 10868500 ns, At safepoint: 59266500 ns, Total: 70135000 ns
[2020-06-08T03:00:52.978+0000][6][safepoint    ] Safepoint "Cleanup", Time since last: 1063972500 ns, Reaching safepoint: 326800 ns, At safepoint: 12900 ns, Total: 339700 ns
[2020-06-08T03:00:54.064+0000][6][safepoint    ] Safepoint "Cleanup", Time since last: 1086443000 ns, Reaching safepoint: 154700 ns, At safepoint: 12500 ns, Total: 167200 ns
[2020-06-08T03:00:55.069+0000][6][safepoint    ] Safepoint "Cleanup", Time since last: 1004782900 ns, Reaching safepoint: 328600 ns, At safepoint: 17500 ns, Total: 346100 ns
[2020-06-08T03:00:57.045+0000][6][safepoint    ] Safepoint "Cleanup", Time since last: 1969698500 ns, Reaching safepoint: 6336400 ns, At safepoint: 80500 ns, Total: 6416900 ns
[2020-06-08T03:00:57.089+0000][6][gc,start     ] GC(1) Pause Young (Normal) (G1 Evacuation Pause)
[2020-06-08T03:00:57.090+0000][6][gc,task      ] GC(1) Using 2 workers of 2 for evacuation
[2020-06-08T03:00:57.090+0000][6][gc,age       ] GC(1) Desired survivor size 3670016 bytes, new threshold 1 (max threshold 15)
[2020-06-08T03:00:57.144+0000][6][gc,age       ] GC(1) Age table with threshold 1 (max threshold 15)
[2020-06-08T03:00:57.144+0000][6][gc,age       ] GC(1) - age   1:    1924624 bytes,    1924624 total
[2020-06-08T03:00:57.145+0000][6][gc,phases    ] GC(1)   Pre Evacuate Collection Set: 1.6ms
[2020-06-08T03:00:57.145+0000][6][gc,phases    ] GC(1)   Merge Heap Roots: 0.2ms
[2020-06-08T03:00:57.145+0000][6][gc,phases    ] GC(1)   Evacuate Collection Set: 44.6ms
[2020-06-08T03:00:57.146+0000][6][gc,phases    ] GC(1)   Post Evacuate Collection Set: 6.6ms
[2020-06-08T03:00:57.146+0000][6][gc,phases    ] GC(1)   Other: 2.6ms
[2020-06-08T03:00:57.147+0000][6][gc,heap      ] GC(1) Eden regions: 46->0(49)
[2020-06-08T03:00:57.147+0000][6][gc,heap      ] GC(1) Survivor regions: 5->2(7)
[2020-06-08T03:00:57.147+0000][6][gc,heap      ] GC(1) Old regions: 0->5
[2020-06-08T03:00:57.148+0000][6][gc,heap      ] GC(1) Archive regions: 2->2
[2020-06-08T03:00:57.148+0000][6][gc,heap      ] GC(1) Humongous regions: 1->1
[2020-06-08T03:00:57.149+0000][6][gc,metaspace ] GC(1) Metaspace: 16589K(17408K)->16589K(17408K) NonClass: 14628K(15104K)->14628K(15104K) Class: 1960K(2304K)->1960K(2304K)
[2020-06-08T03:00:57.150+0000][6][gc           ] GC(1) Pause Young (Normal) (G1 Evacuation Pause) 52M->8M(1024M) 60.242ms
[2020-06-08T03:00:57.150+0000][6][gc,cpu       ] GC(1) User=0.03s Sys=0.00s Real=0.06s
[2020-06-08T03:00:57.150+0000][6][safepoint    ] Safepoint "G1CollectForAllocation", Time since last: 33902500 ns, Reaching safepoint: 9810600 ns, At safepoint: 61268900 ns, Total: 71079500 ns
[2020-06-08T03:00:57.162+0000][6][safepoint    ] Safepoint "BulkRevokeBias", Time since last: 10693100 ns, Reaching safepoint: 302900 ns, At safepoint: 111400 ns, Total: 414300 ns
[2020-06-08T03:00:58.417+0000][6][safepoint    ] Safepoint "Cleanup", Time since last: 1253441800 ns, Reaching safepoint: 2198600 ns, At safepoint: 46300 ns, Total: 2244900 ns
[2020-06-08T03:00:58.761+0000][6][gc,start     ] GC(2) Pause Young (Normal) (G1 Evacuation Pause)
[2020-06-08T03:00:58.762+0000][6][gc,task      ] GC(2) Using 2 workers of 2 for evacuation
[2020-06-08T03:00:58.762+0000][6][gc,age       ] GC(2) Desired survivor size 3670016 bytes, new threshold 15 (max threshold 15)
[2020-06-08T03:00:58.801+0000][6][gc,age       ] GC(2) Age table with threshold 15 (max threshold 15)
[2020-06-08T03:00:58.802+0000][6][gc,age       ] GC(2) - age   1:    3158920 bytes,    3158920 total
[2020-06-08T03:00:58.802+0000][6][gc,age       ] GC(2) - age   2:    1888736 bytes,    5047656 total
[2020-06-08T03:00:58.803+0000][6][gc,phases    ] GC(2)   Pre Evacuate Collection Set: 0.3ms
[2020-06-08T03:00:58.803+0000][6][gc,phases    ] GC(2)   Merge Heap Roots: 0.2ms
[2020-06-08T03:00:58.804+0000][6][gc,phases    ] GC(2)   Evacuate Collection Set: 29.9ms
[2020-06-08T03:00:58.804+0000][6][gc,phases    ] GC(2)   Post Evacuate Collection Set: 8.0ms
[2020-06-08T03:00:58.804+0000][6][gc,phases    ] GC(2)   Other: 3.4ms
[2020-06-08T03:00:58.805+0000][6][gc,heap      ] GC(2) Eden regions: 49->0(48)
[2020-06-08T03:00:58.805+0000][6][gc,heap      ] GC(2) Survivor regions: 2->5(7)
[2020-06-08T03:00:58.805+0000][6][gc,heap      ] GC(2) Old regions: 5->5
[2020-06-08T03:00:58.806+0000][6][gc,heap      ] GC(2) Archive regions: 2->2
[2020-06-08T03:00:58.806+0000][6][gc,heap      ] GC(2) Humongous regions: 2->1
[2020-06-08T03:00:58.807+0000][6][gc,metaspace ] GC(2) Metaspace: 17655K(18560K)->17655K(18560K) NonClass: 15509K(16128K)->15509K(16128K) Class: 2146K(2432K)->2146K(2432K)
[2020-06-08T03:00:58.808+0000][6][gc           ] GC(2) Pause Young (Normal) (G1 Evacuation Pause) 58M->11M(1024M) 46.326ms
[2020-06-08T03:00:58.808+0000][6][gc,cpu       ] GC(2) User=0.03s Sys=0.01s Real=0.05s
[2020-06-08T03:00:58.809+0000][6][safepoint    ] Safepoint "G1CollectForAllocation", Time since last: 343805400 ns, Reaching safepoint: 183900 ns, At safepoint: 47735400 ns, Total: 47919300 ns
[2020-06-08T03:00:58.821+0000][6][safepoint    ] Safepoint "BulkRevokeBias", Time since last: 7075300 ns, Reaching safepoint: 5099700 ns, At safepoint: 127200 ns, Total: 5226900 ns
[2020-06-08T03:00:58.825+0000][6][safepoint    ] Safepoint "BulkRevokeBias", Time since last: 1980300 ns, Reaching safepoint: 1165700 ns, At safepoint: 125000 ns, Total: 1290700 ns
[2020-06-08T03:00:59.833+0000][6][safepoint    ] Safepoint "Cleanup", Time since last: 1000742400 ns, Reaching safepoint: 7812600 ns, At safepoint: 24700 ns, Total: 7837300 ns
[2020-06-08T03:01:00.835+0000][6][safepoint    ] Safepoint "Cleanup", Time since last: 1000917900 ns, Reaching safepoint: 1067300 ns, At safepoint: 16800 ns, Total: 1084100 ns
[2020-06-08T03:01:00.847+0000][6][gc,start     ] GC(3) Pause Young (Normal) (G1 Evacuation Pause)
[2020-06-08T03:01:00.848+0000][6][gc,task      ] GC(3) Using 2 workers of 2 for evacuation
[2020-06-08T03:01:00.849+0000][6][gc,age       ] GC(3) Desired survivor size 3670016 bytes, new threshold 2 (max threshold 15)
[2020-06-08T03:01:00.896+0000][6][gc,age       ] GC(3) Age table with threshold 2 (max threshold 15)
[2020-06-08T03:01:00.897+0000][6][gc,age       ] GC(3) - age   1:    1386192 bytes,    1386192 total
[2020-06-08T03:01:00.899+0000][6][gc,age       ] GC(3) - age   2:    1239720 bytes,    2625912 total
[2020-06-08T03:01:00.900+0000][6][gc,phases    ] GC(3)   Pre Evacuate Collection Set: 0.3ms
[2020-06-08T03:01:00.901+0000][6][gc,phases    ] GC(3)   Merge Heap Roots: 0.2ms
[2020-06-08T03:01:00.902+0000][6][gc,phases    ] GC(3)   Evacuate Collection Set: 32.5ms
[2020-06-08T03:01:00.909+0000][6][gc,phases    ] GC(3)   Post Evacuate Collection Set: 13.9ms
[2020-06-08T03:01:00.910+0000][6][gc,phases    ] GC(3)   Other: 6.0ms
[2020-06-08T03:01:00.913+0000][6][gc,heap      ] GC(3) Eden regions: 48->0(77)
[2020-06-08T03:01:00.914+0000][6][gc,heap      ] GC(3) Survivor regions: 5->3(7)
[2020-06-08T03:01:00.914+0000][6][gc,heap      ] GC(3) Old regions: 5->7
[2020-06-08T03:01:00.915+0000][6][gc,heap      ] GC(3) Archive regions: 2->2
[2020-06-08T03:01:00.915+0000][6][gc,heap      ] GC(3) Humongous regions: 1->1
[2020-06-08T03:01:00.916+0000][6][gc,metaspace ] GC(3) Metaspace: 19104K(20096K)->19104K(20096K) NonClass: 16788K(17408K)->16788K(17408K) Class: 2316K(2688K)->2316K(2688K)
[2020-06-08T03:01:00.920+0000][6][gc           ] GC(3) Pause Young (Normal) (G1 Evacuation Pause) 59M->11M(1024M) 72.524ms
[2020-06-08T03:01:00.921+0000][6][gc,cpu       ] GC(3) User=0.02s Sys=0.01s Real=0.07s
[2020-06-08T03:01:00.921+0000][6][safepoint    ] Safepoint "G1CollectForAllocation", Time since last: 8068100 ns, Reaching safepoint: 4058300 ns, At safepoint: 73942700 ns, Total: 78001000 ns
[2020-06-08T03:01:02.093+0000][6][safepoint    ] Safepoint "Cleanup", Time since last: 1171179900 ns, Reaching safepoint: 249200 ns, At safepoint: 81900 ns, Total: 331100 ns
[2020-06-08T03:01:02.413+0000][6][gc,start     ] GC(4) Pause Young (Normal) (G1 Evacuation Pause)
[2020-06-08T03:01:02.414+0000][6][gc,task      ] GC(4) Using 2 workers of 2 for evacuation
[2020-06-08T03:01:02.414+0000][6][gc,age       ] GC(4) Desired survivor size 5242880 bytes, new threshold 15 (max threshold 15)
[2020-06-08T03:01:02.462+0000][6][gc,age       ] GC(4) Age table with threshold 15 (max threshold 15)
[2020-06-08T03:01:02.463+0000][6][gc,age       ] GC(4) - age   1:     914704 bytes,     914704 total
[2020-06-08T03:01:02.464+0000][6][gc,age       ] GC(4) - age   2:    1325280 bytes,    2239984 total
[2020-06-08T03:01:02.464+0000][6][gc,age       ] GC(4) - age   3:    1239720 bytes,    3479704 total
[2020-06-08T03:01:02.465+0000][6][gc,phases    ] GC(4)   Pre Evacuate Collection Set: 0.3ms
[2020-06-08T03:01:02.466+0000][6][gc,phases    ] GC(4)   Merge Heap Roots: 0.2ms
[2020-06-08T03:01:02.466+0000][6][gc,phases    ] GC(4)   Evacuate Collection Set: 33.2ms
[2020-06-08T03:01:02.467+0000][6][gc,phases    ] GC(4)   Post Evacuate Collection Set: 11.4ms
[2020-06-08T03:01:02.468+0000][6][gc,phases    ] GC(4)   Other: 7.6ms
[2020-06-08T03:01:02.468+0000][6][gc,heap      ] GC(4) Eden regions: 77->0(205)
[2020-06-08T03:01:02.469+0000][6][gc,heap      ] GC(4) Survivor regions: 3->4(10)
[2020-06-08T03:01:02.469+0000][6][gc,heap      ] GC(4) Old regions: 7->7
[2020-06-08T03:01:02.470+0000][6][gc,heap      ] GC(4) Archive regions: 2->2
[2020-06-08T03:01:02.470+0000][6][gc,heap      ] GC(4) Humongous regions: 1->1
[2020-06-08T03:01:02.471+0000][6][gc,metaspace ] GC(4) Metaspace: 19227K(20096K)->19227K(20096K) NonClass: 16900K(17408K)->16900K(17408K) Class: 2326K(2688K)->2326K(2688K)
[2020-06-08T03:01:02.475+0000][6][gc           ] GC(4) Pause Young (Normal) (G1 Evacuation Pause) 88M->11M(1024M) 61.750ms
[2020-06-08T03:01:02.475+0000][6][gc,cpu       ] GC(4) User=0.03s Sys=0.02s Real=0.07s
[2020-06-08T03:01:02.475+0000][6][safepoint    ] Safepoint "G1CollectForAllocation", Time since last: 319650500 ns, Reaching safepoint: 121600 ns, At safepoint: 63000200 ns, Total: 63121800 ns
[2020-06-08T03:01:03.581+0000][6][safepoint    ] Safepoint "Cleanup", Time since last: 1101201200 ns, Reaching safepoint: 3900400 ns, At safepoint: 29600 ns, Total: 3930000 ns
[2020-06-08T03:01:04.804+0000][6][safepoint    ] Safepoint "Cleanup", Time since last: 1221020600 ns, Reaching safepoint: 2541100 ns, At safepoint: 12900 ns, Total: 2554000 ns
[2020-06-08T03:01:05.749+0000][6][gc,start     ] GC(5) Pause Young (Normal) (G1 Evacuation Pause)
[2020-06-08T03:01:05.751+0000][6][gc,task      ] GC(5) Using 2 workers of 2 for evacuation
[2020-06-08T03:01:05.752+0000][6][gc,age       ] GC(5) Desired survivor size 14155776 bytes, new threshold 15 (max threshold 15)
[2020-06-08T03:01:05.795+0000][6][gc,age       ] GC(5) Age table with threshold 15 (max threshold 15)
[2020-06-08T03:01:05.796+0000][6][gc,age       ] GC(5) - age   1:    4984176 bytes,    4984176 total
[2020-06-08T03:01:05.797+0000][6][gc,age       ] GC(5) - age   2:     357640 bytes,    5341816 total
[2020-06-08T03:01:05.798+0000][6][gc,age       ] GC(5) - age   3:    1323800 bytes,    6665616 total
[2020-06-08T03:01:05.798+0000][6][gc,age       ] GC(5) - age   4:    1239496 bytes,    7905112 total
[2020-06-08T03:01:05.798+0000][6][gc,phases    ] GC(5)   Pre Evacuate Collection Set: 0.3ms
[2020-06-08T03:01:05.799+0000][6][gc,phases    ] GC(5)   Merge Heap Roots: 0.3ms
[2020-06-08T03:01:05.799+0000][6][gc,phases    ] GC(5)   Evacuate Collection Set: 29.2ms
[2020-06-08T03:01:05.800+0000][6][gc,phases    ] GC(5)   Post Evacuate Collection Set: 13.0ms
[2020-06-08T03:01:05.800+0000][6][gc,phases    ] GC(5)   Other: 6.6ms
[2020-06-08T03:01:05.800+0000][6][gc,heap      ] GC(5) Eden regions: 205->0(606)
[2020-06-08T03:01:05.801+0000][6][gc,heap      ] GC(5) Survivor regions: 4->8(27)
[2020-06-08T03:01:05.801+0000][6][gc,heap      ] GC(5) Old regions: 7->7
[2020-06-08T03:01:05.801+0000][6][gc,heap      ] GC(5) Archive regions: 2->2
[2020-06-08T03:01:05.802+0000][6][gc,heap      ] GC(5) Humongous regions: 1->1
[2020-06-08T03:01:05.802+0000][6][gc,metaspace ] GC(5) Metaspace: 19875K(20992K)->19875K(20992K) NonClass: 17459K(18176K)->17459K(18176K) Class: 2416K(2816K)->2416K(2816K)
[2020-06-08T03:01:05.802+0000][6][gc           ] GC(5) Pause Young (Normal) (G1 Evacuation Pause) 216M->15M(1024M) 53.235ms
[2020-06-08T03:01:05.803+0000][6][gc,cpu       ] GC(5) User=0.03s Sys=0.01s Real=0.06s
[2020-06-08T03:01:05.804+0000][6][safepoint    ] Safepoint "G1CollectForAllocation", Time since last: 944510200 ns, Reaching safepoint: 428500 ns, At safepoint: 55025200 ns, Total: 55453700 ns
[2020-06-08T03:01:05.819+0000][6][safepoint    ] Safepoint "BulkRevokeBias", Time since last: 13957400 ns, Reaching safepoint: 363400 ns, At safepoint: 126500 ns, Total: 489900 ns
[2020-06-08T03:01:06.098+0000][6][safepoint    ] Safepoint "BulkRevokeBias", Time since last: 255622300 ns, Reaching safepoint: 23522700 ns, At safepoint: 296300 ns, Total: 23819000 ns
[2020-06-08T03:01:06.110+0000][6][safepoint    ] Safepoint "BulkRevokeBias", Time since last: 4398700 ns, Reaching safepoint: 7144400 ns, At safepoint: 192300 ns, Total: 7336700 ns
[2020-06-08T03:01:07.112+0000][6][safepoint    ] Safepoint "Cleanup", Time since last: 1002392600 ns, Reaching safepoint: 133500 ns, At safepoint: 15400 ns, Total: 148900 ns
[2020-06-08T03:01:07.358+0000][6][gc,start     ] GC(6) Pause Young (Concurrent Start) (Metadata GC Threshold)
[2020-06-08T03:01:07.358+0000][6][gc,task      ] GC(6) Using 2 workers of 2 for evacuation
[2020-06-08T03:01:07.359+0000][6][gc,age       ] GC(6) Desired survivor size 40370176 bytes, new threshold 15 (max threshold 15)
[2020-06-08T03:01:07.384+0000][6][gc,age       ] GC(6) Age table with threshold 15 (max threshold 15)
[2020-06-08T03:01:07.385+0000][6][gc,age       ] GC(6) - age   1:    1227304 bytes,    1227304 total
[2020-06-08T03:01:07.385+0000][6][gc,age       ] GC(6) - age   2:    2842384 bytes,    4069688 total
[2020-06-08T03:01:07.385+0000][6][gc,age       ] GC(6) - age   3:     357640 bytes,    4427328 total
[2020-06-08T03:01:07.386+0000][6][gc,age       ] GC(6) - age   4:    1323432 bytes,    5750760 total
[2020-06-08T03:01:07.386+0000][6][gc,age       ] GC(6) - age   5:    1239416 bytes,    6990176 total
[2020-06-08T03:01:07.386+0000][6][gc,phases    ] GC(6)   Pre Evacuate Collection Set: 0.5ms
[2020-06-08T03:01:07.387+0000][6][gc,phases    ] GC(6)   Merge Heap Roots: 0.4ms
[2020-06-08T03:01:07.387+0000][6][gc,phases    ] GC(6)   Evacuate Collection Set: 14.9ms
[2020-06-08T03:01:07.387+0000][6][gc,phases    ] GC(6)   Post Evacuate Collection Set: 6.1ms
[2020-06-08T03:01:07.388+0000][6][gc,phases    ] GC(6)   Other: 7.4ms
[2020-06-08T03:01:07.388+0000][6][gc,heap      ] GC(6) Eden regions: 80->0(607)
[2020-06-08T03:01:07.389+0000][6][gc,heap      ] GC(6) Survivor regions: 8->7(77)
[2020-06-08T03:01:07.389+0000][6][gc,heap      ] GC(6) Old regions: 7->7
[2020-06-08T03:01:07.389+0000][6][gc,heap      ] GC(6) Archive regions: 2->2
[2020-06-08T03:01:07.390+0000][6][gc,heap      ] GC(6) Humongous regions: 1->1
[2020-06-08T03:01:07.390+0000][6][gc,metaspace ] GC(6) Metaspace: 20026K(21248K)->20026K(21248K) NonClass: 17586K(18432K)->17586K(18432K) Class: 2440K(2816K)->2440K(2816K)
[2020-06-08T03:01:07.390+0000][6][gc           ] GC(6) Pause Young (Concurrent Start) (Metadata GC Threshold) 95M->15M(1024M) 32.728ms
[2020-06-08T03:01:07.391+0000][6][gc,cpu       ] GC(6) User=0.02s Sys=0.01s Real=0.03s
[2020-06-08T03:01:07.391+0000][6][safepoint    ] Safepoint "CollectForMetadataAllocation", Time since last: 236079100 ns, Reaching safepoint: 8829700 ns, At safepoint: 34096300 ns, Total: 42926000 ns
[2020-06-08T03:01:07.392+0000][6][gc           ] GC(7) Concurrent Cycle
[2020-06-08T03:01:07.392+0000][6][gc,marking   ] GC(7) Concurrent Clear Claimed Marks
[2020-06-08T03:01:07.393+0000][6][gc,marking   ] GC(7) Concurrent Clear Claimed Marks 0.675ms
[2020-06-08T03:01:07.400+0000][6][gc,marking   ] GC(7) Concurrent Scan Root Regions
[2020-06-08T03:01:07.439+0000][6][gc,marking   ] GC(7) Concurrent Scan Root Regions 38.924ms
[2020-06-08T03:01:07.446+0000][6][gc,marking   ] GC(7) Concurrent Mark (24.991s)
[2020-06-08T03:01:07.450+0000][6][gc,marking   ] GC(7) Concurrent Mark From Roots
[2020-06-08T03:01:07.454+0000][6][gc,task      ] GC(7) Using 1 workers of 1 for marking
[2020-06-08T03:01:07.534+0000][6][gc,marking   ] GC(7) Concurrent Mark From Roots 84.448ms
[2020-06-08T03:01:07.541+0000][6][gc,marking   ] GC(7) Concurrent Preclean
[2020-06-08T03:01:07.542+0000][6][gc,marking   ] GC(7) Concurrent Preclean 0.762ms
[2020-06-08T03:01:07.542+0000][6][gc,marking   ] GC(7) Concurrent Mark (24.991s, 25.087s) 95.898ms
[2020-06-08T03:01:07.546+0000][6][gc,start     ] GC(7) Pause Remark
[2020-06-08T03:01:07.558+0000][6][gc           ] GC(7) Pause Remark 18M->18M(1024M) 12.829ms
[2020-06-08T03:01:07.563+0000][6][gc,cpu       ] GC(7) User=0.00s Sys=0.01s Real=0.02s
[2020-06-08T03:01:07.564+0000][6][safepoint    ] Safepoint "G1Concurrent", Time since last: 153807000 ns, Reaching safepoint: 452600 ns, At safepoint: 18103500 ns, Total: 18556100 ns
[2020-06-08T03:01:07.566+0000][6][gc,marking   ] GC(7) Concurrent Rebuild Remembered Sets
[2020-06-08T03:01:07.606+0000][6][gc,marking   ] GC(7) Concurrent Rebuild Remembered Sets 39.906ms
[2020-06-08T03:01:07.610+0000][6][gc,start     ] GC(7) Pause Cleanup
[2020-06-08T03:01:07.614+0000][6][gc           ] GC(7) Pause Cleanup 19M->19M(1024M) 4.022ms
[2020-06-08T03:01:07.615+0000][6][gc,cpu       ] GC(7) User=0.00s Sys=0.00s Real=0.01s
[2020-06-08T03:01:07.615+0000][6][safepoint    ] Safepoint "G1Concurrent", Time since last: 45548000 ns, Reaching safepoint: 1101300 ns, At safepoint: 4948900 ns, Total: 6050200 ns
[2020-06-08T03:01:07.618+0000][6][gc,marking   ] GC(7) Concurrent Cleanup for Next Mark
[2020-06-08T03:01:07.620+0000][6][gc,marking   ] GC(7) Concurrent Cleanup for Next Mark 2.343ms
[2020-06-08T03:01:07.621+0000][6][gc           ] GC(7) Concurrent Cycle 229.281ms
[2020-06-08T03:01:08.619+0000][6][safepoint    ] Safepoint "Cleanup", Time since last: 1000780500 ns, Reaching safepoint: 3082600 ns, At safepoint: 17000 ns, Total: 3099600 ns
[2020-06-08T03:01:09.621+0000][6][safepoint    ] Safepoint "Cleanup", Time since last: 1001216900 ns, Reaching safepoint: 737400 ns, At safepoint: 16900 ns, Total: 754300 ns
[2020-06-08T03:01:10.628+0000][6][safepoint    ] Safepoint "Cleanup", Time since last: 1005745700 ns, Reaching safepoint: 1357300 ns, At safepoint: 17100 ns, Total: 1374400 ns
[2020-06-08T03:01:11.634+0000][6][safepoint    ] Safepoint "Cleanup", Time since last: 1003763100 ns, Reaching safepoint: 2244800 ns, At safepoint: 21000 ns, Total: 2265800 ns
[2020-06-08T03:01:12.641+0000][6][safepoint    ] Safepoint "Cleanup", Time since last: 1006920300 ns, Reaching safepoint: 167300 ns, At safepoint: 16200 ns, Total: 183500 ns
[2020-06-08T03:01:13.643+0000][6][safepoint    ] Safepoint "Cleanup", Time since last: 1000898700 ns, Reaching safepoint: 667300 ns, At safepoint: 20100 ns, Total: 687400 ns
[2020-06-08T03:01:13.804+0000][6][gc,start     ] GC(8) Pause Young (Normal) (G1 Evacuation Pause)
[2020-06-08T03:01:13.805+0000][6][gc,task      ] GC(8) Using 2 workers of 2 for evacuation
[2020-06-08T03:01:13.806+0000][6][gc,age       ] GC(8) Desired survivor size 40370176 bytes, new threshold 15 (max threshold 15)
[2020-06-08T03:01:13.893+0000][6][gc,age       ] GC(8) Age table with threshold 15 (max threshold 15)
[2020-06-08T03:01:13.900+0000][6][gc,age       ] GC(8) - age   1:    4879632 bytes,    4879632 total
[2020-06-08T03:01:13.901+0000][6][gc,age       ] GC(8) - age   2:    1205152 bytes,    6084784 total
[2020-06-08T03:01:13.905+0000][6][gc,age       ] GC(8) - age   3:    2840208 bytes,    8924992 total
[2020-06-08T03:01:13.906+0000][6][gc,age       ] GC(8) - age   4:     357640 bytes,    9282632 total
[2020-06-08T03:01:13.908+0000][6][gc,age       ] GC(8) - age   5:    1319416 bytes,   10602048 total
[2020-06-08T03:01:13.909+0000][6][gc,age       ] GC(8) - age   6:    1238344 bytes,   11840392 total
[2020-06-08T03:01:13.909+0000][6][gc,phases    ] GC(8)   Pre Evacuate Collection Set: 0.6ms
[2020-06-08T03:01:13.909+0000][6][gc,phases    ] GC(8)   Merge Heap Roots: 0.3ms
[2020-06-08T03:01:13.910+0000][6][gc,phases    ] GC(8)   Evacuate Collection Set: 59.3ms
[2020-06-08T03:01:13.910+0000][6][gc,phases    ] GC(8)   Post Evacuate Collection Set: 22.4ms
[2020-06-08T03:01:13.911+0000][6][gc,phases    ] GC(8)   Other: 22.6ms
[2020-06-08T03:01:13.911+0000][6][gc,heap      ] GC(8) Eden regions: 607->0(602)
[2020-06-08T03:01:13.911+0000][6][gc,heap      ] GC(8) Survivor regions: 7->12(77)
[2020-06-08T03:01:13.912+0000][6][gc,heap      ] GC(8) Old regions: 7->7
[2020-06-08T03:01:13.912+0000][6][gc,heap      ] GC(8) Archive regions: 2->2
[2020-06-08T03:01:13.912+0000][6][gc,heap      ] GC(8) Humongous regions: 1->1
[2020-06-08T03:01:13.913+0000][6][gc,metaspace ] GC(8) Metaspace: 21614K(23036K)->21614K(23036K) NonClass: 18960K(19964K)->18960K(19964K) Class: 2654K(3072K)->2654K(3072K)
[2020-06-08T03:01:13.913+0000][6][gc           ] GC(8) Pause Young (Normal) (G1 Evacuation Pause) 622M->20M(1024M) 108.966ms
[2020-06-08T03:01:13.914+0000][6][gc,cpu       ] GC(8) User=0.05s Sys=0.03s Real=0.11s
[2020-06-08T03:01:13.917+0000][6][safepoint    ] Safepoint "G1CollectForAllocation", Time since last: 160121600 ns, Reaching safepoint: 752000 ns, At safepoint: 113245100 ns, Total: 113997100 ns
[2020-06-08T03:01:14.917+0000][6][safepoint    ] Safepoint "Cleanup", Time since last: 1028634500 ns, Reaching safepoint: 5942100 ns, At safepoint: 64700 ns, Total: 6006800 ns
[2020-06-08T03:01:16.263+0000][6][safepoint    ] Safepoint "Cleanup", Time since last: 1341371400 ns, Reaching safepoint: 5034500 ns, At safepoint: 19500 ns, Total: 5054000 ns
[2020-06-08T03:01:17.272+0000][6][safepoint    ] Safepoint "Cleanup", Time since last: 1002920900 ns, Reaching safepoint: 5916000 ns, At safepoint: 22000 ns, Total: 5938000 ns
[2020-06-08T03:01:18.275+0000][6][safepoint    ] Safepoint "Cleanup", Time since last: 1001856600 ns, Reaching safepoint: 600900 ns, At safepoint: 107300 ns, Total: 708200 ns
[2020-06-08T03:01:19.277+0000][6][safepoint    ] Safepoint "Cleanup", Time since last: 1001693100 ns, Reaching safepoint: 187500 ns, At safepoint: 17900 ns, Total: 205400 ns
[2020-06-08T03:01:21.260+0000][6][safepoint    ] Safepoint "Cleanup", Time since last: 1981826400 ns, Reaching safepoint: 1178700 ns, At safepoint: 58400 ns, Total: 1237100 ns
[2020-06-08T03:01:22.334+0000][6][safepoint    ] Safepoint "Cleanup", Time since last: 1060195800 ns, Reaching safepoint: 13517900 ns, At safepoint: 29000 ns, Total: 13546900 ns
[2020-06-08T03:01:23.566+0000][6][safepoint    ] Safepoint "Cleanup", Time since last: 1231795300 ns, Reaching safepoint: 344100 ns, At safepoint: 47300 ns, Total: 391400 ns
[2020-06-08T03:01:24.575+0000][6][safepoint    ] Safepoint "Cleanup", Time since last: 1002664900 ns, Reaching safepoint: 6359100 ns, At safepoint: 49100 ns, Total: 6408200 ns
[2020-06-08T03:01:25.576+0000][6][safepoint    ] Safepoint "Cleanup", Time since last: 1001006900 ns, Reaching safepoint: 347800 ns, At safepoint: 11000 ns, Total: 358800 ns
[2020-06-08T03:01:26.580+0000][6][safepoint    ] Safepoint "Cleanup", Time since last: 1002185600 ns, Reaching safepoint: 1593100 ns, At safepoint: 47400 ns, Total: 1640500 ns
[2020-06-08T03:01:27.583+0000][6][safepoint    ] Safepoint "Cleanup", Time since last: 1001834300 ns, Reaching safepoint: 1528900 ns, At safepoint: 50300 ns, Total: 1579200 ns
[2020-06-08T03:01:28.587+0000][6][safepoint    ] Safepoint "Cleanup", Time since last: 1001091100 ns, Reaching safepoint: 2071400 ns, At safepoint: 48400 ns, Total: 2119800 ns
[2020-06-08T03:01:29.590+0000][6][safepoint    ] Safepoint "Cleanup", Time since last: 1002628000 ns, Reaching safepoint: 962700 ns, At safepoint: 60600 ns, Total: 1023300 ns
[2020-06-08T03:01:30.604+0000][6][safepoint    ] Safepoint "Cleanup", Time since last: 1008125700 ns, Reaching safepoint: 5053400 ns, At safepoint: 18800 ns, Total: 5072200 ns
[2020-06-08T03:01:31.609+0000][6][safepoint    ] Safepoint "Cleanup", Time since last: 1001082200 ns, Reaching safepoint: 3769900 ns, At safepoint: 114000 ns, Total: 3883900 ns
[2020-06-08T03:01:32.613+0000][6][safepoint    ] Safepoint "Cleanup", Time since last: 1002096800 ns, Reaching safepoint: 1978600 ns, At safepoint: 18600 ns, Total: 1997200 ns
[2020-06-08T03:01:33.618+0000][6][safepoint    ] Safepoint "Cleanup", Time since last: 1001843800 ns, Reaching safepoint: 3834300 ns, At safepoint: 50000 ns, Total: 3884300 ns
[2020-06-08T03:01:34.624+0000][6][safepoint    ] Safepoint "Cleanup", Time since last: 1000851200 ns, Reaching safepoint: 4505600 ns, At safepoint: 46900 ns, Total: 4552500 ns
[2020-06-08T03:01:35.420+0000][6][gc,start     ] GC(9) Pause Young (Concurrent Start) (Metadata GC Threshold)
[2020-06-08T03:01:35.429+0000][6][gc,task      ] GC(9) Using 2 workers of 2 for evacuation
[2020-06-08T03:01:35.434+0000][6][gc,age       ] GC(9) Desired survivor size 40370176 bytes, new threshold 15 (max threshold 15)
[2020-06-08T03:01:35.693+0000][6][gc,age       ] GC(9) Age table with threshold 15 (max threshold 15)
[2020-06-08T03:01:35.693+0000][6][gc,age       ] GC(9) - age   1:   29054504 bytes,   29054504 total
[2020-06-08T03:01:35.694+0000][6][gc,age       ] GC(9) - age   2:    2818344 bytes,   31872848 total
[2020-06-08T03:01:35.694+0000][6][gc,age       ] GC(9) - age   3:    1199040 bytes,   33071888 total
[2020-06-08T03:01:35.695+0000][6][gc,age       ] GC(9) - age   4:    2822264 bytes,   35894152 total
[2020-06-08T03:01:35.696+0000][6][gc,age       ] GC(9) - age   5:     354984 bytes,   36249136 total
[2020-06-08T03:01:35.697+0000][6][gc,age       ] GC(9) - age   6:    1316280 bytes,   37565416 total
[2020-06-08T03:01:35.697+0000][6][gc,age       ] GC(9) - age   7:    1235048 bytes,   38800464 total
[2020-06-08T03:01:35.698+0000][6][gc,mmu       ] GC(9) MMU target violated: 201.0ms (200.0ms/201.0ms)
[2020-06-08T03:01:35.699+0000][6][gc,phases    ] GC(9)   Pre Evacuate Collection Set: 0.6ms
[2020-06-08T03:01:35.699+0000][6][gc,phases    ] GC(9)   Merge Heap Roots: 0.3ms
[2020-06-08T03:01:35.700+0000][6][gc,phases    ] GC(9)   Evacuate Collection Set: 235.2ms
[2020-06-08T03:01:35.700+0000][6][gc,phases    ] GC(9)   Post Evacuate Collection Set: 21.5ms
[2020-06-08T03:01:35.701+0000][6][gc,phases    ] GC(9)   Other: 26.2ms
[2020-06-08T03:01:35.701+0000][6][gc,heap      ] GC(9) Eden regions: 419->0(171)
[2020-06-08T03:01:35.701+0000][6][gc,heap      ] GC(9) Survivor regions: 12->38(77)
[2020-06-08T03:01:35.702+0000][6][gc,heap      ] GC(9) Old regions: 7->7
[2020-06-08T03:01:35.702+0000][6][gc,heap      ] GC(9) Archive regions: 2->2
[2020-06-08T03:01:35.702+0000][6][gc,heap      ] GC(9) Humongous regions: 1->1
[2020-06-08T03:01:35.703+0000][6][gc,metaspace ] GC(9) Metaspace: 33250K(36048K)->33250K(36048K) NonClass: 28907K(30672K)->28907K(30672K) Class: 4342K(5376K)->4342K(5376K)
[2020-06-08T03:01:35.709+0000][6][gc           ] GC(9) Pause Young (Concurrent Start) (Metadata GC Threshold) 438M->45M(1024M) 287.443ms
[2020-06-08T03:01:35.709+0000][6][gc,cpu       ] GC(9) User=0.16s Sys=0.03s Real=0.29s
[2020-06-08T03:01:35.710+0000][6][gc           ] GC(10) Concurrent Cycle
[2020-06-08T03:01:35.711+0000][6][gc,marking   ] GC(10) Concurrent Clear Claimed Marks
[2020-06-08T03:01:35.712+0000][6][gc,marking   ] GC(10) Concurrent Clear Claimed Marks 1.387ms
[2020-06-08T03:01:35.712+0000][6][gc,marking   ] GC(10) Concurrent Scan Root Regions
[2020-06-08T03:01:35.718+0000][6][safepoint    ] Safepoint "CollectForMetadataAllocation", Time since last: 785822300 ns, Reaching safepoint: 284400 ns, At safepoint: 307915300 ns, Total: 308199700 ns
[2020-06-08T03:01:35.866+0000][6][safepoint    ] Safepoint "CollectForMetadataAllocation", Time since last: 144468400 ns, Reaching safepoint: 3265000 ns, At safepoint: 201600 ns, Total: 3466600 ns
[2020-06-08T03:01:35.904+0000][6][gc,marking   ] GC(10) Concurrent Scan Root Regions 191.319ms
[2020-06-08T03:01:35.910+0000][6][gc,marking   ] GC(10) Concurrent Mark (53.489s)
[2020-06-08T03:01:35.911+0000][6][gc,marking   ] GC(10) Concurrent Mark From Roots
[2020-06-08T03:01:35.912+0000][6][gc,task      ] GC(10) Using 1 workers of 1 for marking
[2020-06-08T03:01:35.977+0000][6][gc,marking   ] GC(10) Concurrent Mark From Roots 66.008ms
[2020-06-08T03:01:35.978+0000][6][gc,marking   ] GC(10) Concurrent Preclean
[2020-06-08T03:01:35.979+0000][6][gc,marking   ] GC(10) Concurrent Preclean 0.817ms
[2020-06-08T03:01:35.979+0000][6][gc,marking   ] GC(10) Concurrent Mark (53.489s, 53.558s) 69.680ms
[2020-06-08T03:01:35.984+0000][6][gc,start     ] GC(10) Pause Remark
[2020-06-08T03:01:36.007+0000][6][gc           ] GC(10) Pause Remark 48M->48M(1024M) 22.129ms
[2020-06-08T03:01:36.010+0000][6][gc,cpu       ] GC(10) User=0.01s Sys=0.00s Real=0.03s
[2020-06-08T03:01:36.011+0000][6][safepoint    ] Safepoint "G1Concurrent", Time since last: 114774200 ns, Reaching safepoint: 4001200 ns, At safepoint: 26756600 ns, Total: 30757800 ns
[2020-06-08T03:01:36.018+0000][6][gc,marking   ] GC(10) Concurrent Rebuild Remembered Sets
[2020-06-08T03:01:36.053+0000][6][gc,marking   ] GC(10) Concurrent Rebuild Remembered Sets 35.152ms
[2020-06-08T03:01:36.054+0000][6][gc,start     ] GC(10) Pause Cleanup
[2020-06-08T03:01:36.055+0000][6][gc           ] GC(10) Pause Cleanup 49M->49M(1024M) 0.719ms
[2020-06-08T03:01:36.056+0000][6][gc,cpu       ] GC(10) User=0.00s Sys=0.00s Real=0.00s
[2020-06-08T03:01:36.056+0000][6][safepoint    ] Safepoint "G1Concurrent", Time since last: 42550700 ns, Reaching safepoint: 651400 ns, At safepoint: 1577800 ns, Total: 2229200 ns
[2020-06-08T03:01:36.056+0000][6][gc,marking   ] GC(10) Concurrent Cleanup for Next Mark
[2020-06-08T03:01:36.059+0000][6][gc,marking   ] GC(10) Concurrent Cleanup for Next Mark 2.412ms
[2020-06-08T03:01:36.060+0000][6][gc           ] GC(10) Concurrent Cycle 350.004ms
[2020-06-08T03:01:37.062+0000][6][safepoint    ] Safepoint "Cleanup", Time since last: 1000732500 ns, Reaching safepoint: 5515100 ns, At safepoint: 20800 ns, Total: 5535900 ns
[2020-06-08T03:01:38.781+0000][6][safepoint    ] Safepoint "Cleanup", Time since last: 1717452200 ns, Reaching safepoint: 946400 ns, At safepoint: 18500 ns, Total: 964900 ns
[2020-06-08T03:01:39.788+0000][6][safepoint    ] Safepoint "Cleanup", Time since last: 1004922100 ns, Reaching safepoint: 2797900 ns, At safepoint: 60600 ns, Total: 2858500 ns
[2020-06-08T03:01:41.478+0000][6][safepoint    ] Safepoint "Cleanup", Time since last: 1689763300 ns, Reaching safepoint: 155200 ns, At safepoint: 44000 ns, Total: 199200 ns
[2020-06-08T03:01:42.483+0000][6][safepoint    ] Safepoint "Cleanup", Time since last: 1001064600 ns, Reaching safepoint: 3032200 ns, At safepoint: 51800 ns, Total: 3084000 ns
[2020-06-08T03:01:43.488+0000][6][safepoint    ] Safepoint "Cleanup", Time since last: 1002937800 ns, Reaching safepoint: 2035400 ns, At safepoint: 16400 ns, Total: 2051800 ns
[2020-06-08T03:01:43.969+0000][6][gc,start     ] GC(11) Pause Young (Concurrent Start) (G1 Evacuation Pause)
[2020-06-08T03:01:43.969+0000][6][gc,task      ] GC(11) Using 2 workers of 2 for evacuation
[2020-06-08T03:01:43.970+0000][6][gc,age       ] GC(11) Desired survivor size 14155776 bytes, new threshold 1 (max threshold 15)
[2020-06-08T03:01:44.732+0000][6][gc,age       ] GC(11) Age table with threshold 1 (max threshold 15)
[2020-06-08T03:01:44.733+0000][6][gc,age       ] GC(11) - age   1:    3991000 bytes,    3991000 total
[2020-06-08T03:01:44.733+0000][6][gc,mmu       ] GC(11) MMU target violated: 201.0ms (200.0ms/201.0ms)
[2020-06-08T03:01:44.733+0000][6][gc,phases    ] GC(11)   Pre Evacuate Collection Set: 2.9ms
[2020-06-08T03:01:44.734+0000][6][gc,phases    ] GC(11)   Merge Heap Roots: 0.6ms
[2020-06-08T03:01:44.734+0000][6][gc,phases    ] GC(11)   Evacuate Collection Set: 777.9ms
[2020-06-08T03:01:44.734+0000][6][gc,phases    ] GC(11)   Post Evacuate Collection Set: 14.0ms
[2020-06-08T03:01:44.735+0000][6][gc,phases    ] GC(11)   Other: 3.1ms
[2020-06-08T03:01:44.735+0000][6][gc,heap      ] GC(11) Eden regions: 171->0(158)
[2020-06-08T03:01:44.735+0000][6][gc,heap      ] GC(11) Survivor regions: 38->5(27)
[2020-06-08T03:01:44.736+0000][6][gc,heap      ] GC(11) Old regions: 7->44
[2020-06-08T03:01:44.736+0000][6][gc,heap      ] GC(11) Archive regions: 2->2
[2020-06-08T03:01:44.736+0000][6][gc,heap      ] GC(11) Humongous regions: 1->1
[2020-06-08T03:01:44.737+0000][6][gc,metaspace ] GC(11) Metaspace: 44182K(48080K)->44182K(48080K) NonClass: 38247K(40656K)->38247K(40656K) Class: 5935K(7424K)->5935K(7424K)
[2020-06-08T03:01:44.737+0000][6][gc           ] GC(11) Pause Young (Concurrent Start) (G1 Evacuation Pause) 216M->50M(1024M) 802.005ms
[2020-06-08T03:01:44.737+0000][6][gc,cpu       ] GC(11) User=0.28s Sys=0.19s Real=0.80s
[2020-06-08T03:01:44.739+0000][6][gc           ] GC(12) Concurrent Cycle
[2020-06-08T03:01:44.739+0000][6][safepoint    ] Safepoint "G1CollectForAllocation", Time since last: 478029700 ns, Reaching safepoint: 2948600 ns, At safepoint: 803732900 ns, Total: 806681500 ns
[2020-06-08T03:01:44.740+0000][6][gc,marking   ] GC(12) Concurrent Clear Claimed Marks
[2020-06-08T03:01:44.743+0000][6][gc,marking   ] GC(12) Concurrent Clear Claimed Marks 3.697ms
[2020-06-08T03:01:44.747+0000][6][gc,marking   ] GC(12) Concurrent Scan Root Regions
[2020-06-08T03:01:44.931+0000][6][gc,marking   ] GC(12) Concurrent Scan Root Regions 183.723ms
[2020-06-08T03:01:44.943+0000][6][gc,marking   ] GC(12) Concurrent Mark (62.555s)
[2020-06-08T03:01:44.943+0000][6][gc,marking   ] GC(12) Concurrent Mark From Roots
[2020-06-08T03:01:44.954+0000][6][gc,task      ] GC(12) Using 1 workers of 1 for marking
[2020-06-08T03:01:45.043+0000][6][gc,marking   ] GC(12) Concurrent Mark From Roots 99.548ms
[2020-06-08T03:01:45.043+0000][6][gc,marking   ] GC(12) Concurrent Preclean
[2020-06-08T03:01:45.044+0000][6][gc,marking   ] GC(12) Concurrent Preclean 0.635ms
[2020-06-08T03:01:45.044+0000][6][gc,marking   ] GC(12) Concurrent Mark (62.555s, 62.657s) 101.535ms
[2020-06-08T03:01:45.053+0000][6][gc,start     ] GC(12) Pause Remark
[2020-06-08T03:01:45.085+0000][6][gc           ] GC(12) Pause Remark 52M->52M(1024M) 31.404ms
[2020-06-08T03:01:45.085+0000][6][gc,cpu       ] GC(12) User=0.01s Sys=0.00s Real=0.04s
[2020-06-08T03:01:45.086+0000][6][safepoint    ] Safepoint "G1Concurrent", Time since last: 314173600 ns, Reaching safepoint: 190600 ns, At safepoint: 32478700 ns, Total: 32669300 ns
[2020-06-08T03:01:45.086+0000][6][gc,marking   ] GC(12) Concurrent Rebuild Remembered Sets
[2020-06-08T03:01:45.390+0000][6][gc,marking   ] GC(12) Concurrent Rebuild Remembered Sets 301.631ms
[2020-06-08T03:01:45.398+0000][6][gc,start     ] GC(12) Pause Cleanup
[2020-06-08T03:01:45.402+0000][6][gc           ] GC(12) Pause Cleanup 54M->54M(1024M) 3.783ms
[2020-06-08T03:01:45.403+0000][6][gc,cpu       ] GC(12) User=0.01s Sys=0.00s Real=0.00s
[2020-06-08T03:01:45.404+0000][6][safepoint    ] Safepoint "G1Concurrent", Time since last: 309959900 ns, Reaching safepoint: 2730600 ns, At safepoint: 5468000 ns, Total: 8198600 ns
[2020-06-08T03:01:45.404+0000][6][gc,marking   ] GC(12) Concurrent Cleanup for Next Mark
[2020-06-08T03:01:45.417+0000][6][gc,marking   ] GC(12) Concurrent Cleanup for Next Mark 12.643ms
[2020-06-08T03:01:45.417+0000][6][gc           ] GC(12) Concurrent Cycle 678.764ms
[2020-06-08T03:01:46.405+0000][6][safepoint    ] Safepoint "Cleanup", Time since last: 1000728800 ns, Reaching safepoint: 326600 ns, At safepoint: 18800 ns, Total: 345400 ns
[2020-06-08T03:01:47.413+0000][6][safepoint    ] Safepoint "Cleanup", Time since last: 1004011300 ns, Reaching safepoint: 4287800 ns, At safepoint: 48400 ns, Total: 4336200 ns
[2020-06-08T03:01:48.517+0000][6][safepoint    ] Safepoint "Cleanup", Time since last: 1103032400 ns, Reaching safepoint: 740200 ns, At safepoint: 60200 ns, Total: 800400 ns
[2020-06-08T03:01:51.365+0000][6][safepoint    ] Safepoint "BulkRevokeBias", Time since last: 2847976200 ns, Reaching safepoint: 112300 ns, At safepoint: 150000 ns, Total: 262300 ns
[2020-06-08T03:01:52.993+0000][6][safepoint    ] Safepoint "Cleanup", Time since last: 1627577700 ns, Reaching safepoint: 335200 ns, At safepoint: 17000 ns, Total: 352200 ns
[2020-06-08T03:01:54.872+0000][6][safepoint    ] Safepoint "Cleanup", Time since last: 1878579400 ns, Reaching safepoint: 388800 ns, At safepoint: 20400 ns, Total: 409200 ns
[2020-06-08T03:01:55.877+0000][6][safepoint    ] Safepoint "Cleanup", Time since last: 1001600700 ns, Reaching safepoint: 3484700 ns, At safepoint: 26000 ns, Total: 3510700 ns
[2020-06-08T03:01:56.895+0000][6][safepoint    ] Safepoint "Cleanup", Time since last: 1014609100 ns, Reaching safepoint: 3072500 ns, At safepoint: 29700 ns, Total: 3102200 ns
[2020-06-08T03:01:57.904+0000][6][safepoint    ] Safepoint "Cleanup", Time since last: 1001876500 ns, Reaching safepoint: 6980400 ns, At safepoint: 57600 ns, Total: 7038000 ns
[2020-06-08T03:01:59.486+0000][6][safepoint    ] Safepoint "Cleanup", Time since last: 1582083800 ns, Reaching safepoint: 177600 ns, At safepoint: 18700 ns, Total: 196300 ns
[2020-06-08T03:02:00.562+0000][6][safepoint    ] Safepoint "Cleanup", Time since last: 1072062800 ns, Reaching safepoint: 3228500 ns, At safepoint: 23900 ns, Total: 3252400 ns
[2020-06-08T03:02:01.660+0000][6][safepoint    ] Safepoint "Cleanup", Time since last: 1098496400 ns, Reaching safepoint: 201500 ns, At safepoint: 57800 ns, Total: 259300 ns
[2020-06-08T03:02:02.750+0000][6][safepoint    ] Safepoint "Cleanup", Time since last: 1088652600 ns, Reaching safepoint: 888700 ns, At safepoint: 19400 ns, Total: 908100 ns
[2020-06-08T03:02:03.781+0000][6][safepoint    ] Safepoint "Cleanup", Time since last: 1016343700 ns, Reaching safepoint: 14290200 ns, At safepoint: 31400 ns, Total: 14321600 ns
[2020-06-08T03:02:04.849+0000][6][safepoint    ] Safepoint "Cleanup", Time since last: 1066644900 ns, Reaching safepoint: 2111300 ns, At safepoint: 75200 ns, Total: 2186500 ns
[2020-06-08T03:02:06.080+0000][6][safepoint    ] Safepoint "Cleanup", Time since last: 1229981400 ns, Reaching safepoint: 1126400 ns, At safepoint: 27000 ns, Total: 1153400 ns
[2020-06-08T03:02:06.419+0000][6][safepoint    ] Safepoint "BulkRevokeBias", Time since last: 334570200 ns, Reaching safepoint: 3889600 ns, At safepoint: 281000 ns, Total: 4170600 ns
[2020-06-08T03:02:06.599+0000][6][safepoint    ] Safepoint "BulkRevokeBias", Time since last: 179667300 ns, Reaching safepoint: 402700 ns, At safepoint: 184000 ns, Total: 586700 ns
[2020-06-08T03:02:06.667+0000][6][safepoint    ] Safepoint "BulkRevokeBias", Time since last: 59431400 ns, Reaching safepoint: 8045100 ns, At safepoint: 364300 ns, Total: 8409400 ns
[2020-06-08T03:02:07.742+0000][6][safepoint    ] Safepoint "Cleanup", Time since last: 1074602600 ns, Reaching safepoint: 344000 ns, At safepoint: 38000 ns, Total: 382000 ns
[2020-06-08T03:02:08.743+0000][6][safepoint    ] Safepoint "Cleanup", Time since last: 1000728700 ns, Reaching safepoint: 166100 ns, At safepoint: 14300 ns, Total: 180400 ns
[2020-06-08T03:02:09.096+0000][6][gc,start     ] GC(13) Pause Young (Normal) (G1 Evacuation Pause)
[2020-06-08T03:02:09.099+0000][6][gc,task      ] GC(13) Using 2 workers of 2 for evacuation
[2020-06-08T03:02:09.099+0000][6][gc,age       ] GC(13) Desired survivor size 11534336 bytes, new threshold 15 (max threshold 15)
[2020-06-08T03:02:09.175+0000][6][gc,age       ] GC(13) Age table with threshold 15 (max threshold 15)
[2020-06-08T03:02:09.176+0000][6][gc,age       ] GC(13) - age   1:    6547200 bytes,    6547200 total
[2020-06-08T03:02:09.176+0000][6][gc,age       ] GC(13) - age   2:    3868240 bytes,   10415440 total
[2020-06-08T03:02:09.177+0000][6][gc,phases    ] GC(13)   Pre Evacuate Collection Set: 1.1ms
[2020-06-08T03:02:09.184+0000][6][gc,phases    ] GC(13)   Merge Heap Roots: 0.7ms
[2020-06-08T03:02:09.184+0000][6][gc,phases    ] GC(13)   Evacuate Collection Set: 64.8ms
[2020-06-08T03:02:09.185+0000][6][gc,phases    ] GC(13)   Post Evacuate Collection Set: 8.2ms
[2020-06-08T03:02:09.185+0000][6][gc,phases    ] GC(13)   Other: 6.1ms
[2020-06-08T03:02:09.186+0000][6][gc,heap      ] GC(13) Eden regions: 171->0(132)
[2020-06-08T03:02:09.186+0000][6][gc,heap      ] GC(13) Survivor regions: 5->11(22)
[2020-06-08T03:02:09.187+0000][6][gc,heap      ] GC(13) Old regions: 44->44
[2020-06-08T03:02:09.187+0000][6][gc,heap      ] GC(13) Archive regions: 2->2
[2020-06-08T03:02:09.187+0000][6][gc,heap      ] GC(13) Humongous regions: 1->1
[2020-06-08T03:02:09.188+0000][6][gc,metaspace ] GC(13) Metaspace: 56464K(61648K)->56464K(61648K) NonClass: 48747K(51920K)->48747K(51920K) Class: 7716K(9728K)->7716K(9728K)
[2020-06-08T03:02:09.189+0000][6][gc           ] GC(13) Pause Young (Normal) (G1 Evacuation Pause) 221M->56M(1024M) 92.228ms
[2020-06-08T03:02:09.189+0000][6][gc,cpu       ] GC(13) User=0.04s Sys=0.02s Real=0.09s
[2020-06-08T03:02:09.190+0000][6][safepoint    ] Safepoint "G1CollectForAllocation", Time since last: 345601700 ns, Reaching safepoint: 7115800 ns, At safepoint: 94028000 ns, Total: 101143800 ns
[2020-06-08T03:02:10.238+0000][6][safepoint    ] Safepoint "Cleanup", Time since last: 1037221500 ns, Reaching safepoint: 10935800 ns, At safepoint: 23700 ns, Total: 10959500 ns
[2020-06-08T03:02:12.230+0000][6][safepoint    ] Safepoint "Cleanup", Time since last: 1986239200 ns, Reaching safepoint: 5503100 ns, At safepoint: 17100 ns, Total: 5520200 ns
[2020-06-08T03:02:13.232+0000][6][safepoint    ] Safepoint "Cleanup", Time since last: 1001007900 ns, Reaching safepoint: 1544700 ns, At safepoint: 17100 ns, Total: 1561800 ns
[2020-06-08T03:02:14.853+0000][6][safepoint    ] Safepoint "Cleanup", Time since last: 1654334700 ns, Reaching safepoint: 194700 ns, At safepoint: 16300 ns, Total: 211000 ns
[2020-06-08T03:02:15.859+0000][6][safepoint    ] Safepoint "Cleanup", Time since last: 1003712600 ns, Reaching safepoint: 2250000 ns, At safepoint: 42200 ns, Total: 2292200 ns
[2020-06-08T03:02:17.097+0000][6][safepoint    ] Safepoint "Cleanup", Time since last: 1234776400 ns, Reaching safepoint: 3539400 ns, At safepoint: 17300 ns, Total: 3556700 ns
[2020-06-08T03:02:18.098+0000][6][safepoint    ] Safepoint "Cleanup", Time since last: 1000824900 ns, Reaching safepoint: 387700 ns, At safepoint: 16900 ns, Total: 404600 ns
[2020-06-08T03:02:18.490+0000][6][gc,start     ] GC(14) Pause Young (Normal) (G1 Evacuation Pause)
[2020-06-08T03:02:18.491+0000][6][gc,task      ] GC(14) Using 2 workers of 2 for evacuation
[2020-06-08T03:02:18.492+0000][6][gc,age       ] GC(14) Desired survivor size 9437184 bytes, new threshold 2 (max threshold 15)
[2020-06-08T03:02:18.619+0000][6][gc,age       ] GC(14) Age table with threshold 2 (max threshold 15)
[2020-06-08T03:02:18.620+0000][6][gc,age       ] GC(14) - age   1:    4647416 bytes,    4647416 total
[2020-06-08T03:02:18.620+0000][6][gc,age       ] GC(14) - age   2:    6379304 bytes,   11026720 total
[2020-06-08T03:02:18.621+0000][6][gc,phases    ] GC(14)   Pre Evacuate Collection Set: 0.3ms
[2020-06-08T03:02:18.621+0000][6][gc,phases    ] GC(14)   Merge Heap Roots: 0.5ms
[2020-06-08T03:02:18.621+0000][6][gc,phases    ] GC(14)   Evacuate Collection Set: 116.3ms
[2020-06-08T03:02:18.622+0000][6][gc,phases    ] GC(14)   Post Evacuate Collection Set: 9.1ms
[2020-06-08T03:02:18.622+0000][6][gc,phases    ] GC(14)   Other: 4.5ms
[2020-06-08T03:02:18.623+0000][6][gc,heap      ] GC(14) Eden regions: 128->0(155)
[2020-06-08T03:02:18.623+0000][6][gc,heap      ] GC(14) Survivor regions: 11->11(18)
[2020-06-08T03:02:18.623+0000][6][gc,heap      ] GC(14) Old regions: 44->49
[2020-06-08T03:02:18.623+0000][6][gc,heap      ] GC(14) Archive regions: 2->2
[2020-06-08T03:02:18.624+0000][6][gc,heap      ] GC(14) Humongous regions: 1->1
[2020-06-08T03:02:18.624+0000][6][gc,metaspace ] GC(14) Metaspace: 68669K(74192K)->68669K(74192K) NonClass: 59293K(62416K)->59293K(62416K) Class: 9376K(11776K)->9376K(11776K)
[2020-06-08T03:02:18.625+0000][6][gc           ] GC(14) Pause Young (Normal) (G1 Evacuation Pause) 184M->61M(1024M) 134.614ms
[2020-06-08T03:02:18.625+0000][6][gc,cpu       ] GC(14) User=0.07s Sys=0.03s Real=0.14s
[2020-06-08T03:02:18.625+0000][6][safepoint    ] Safepoint "G1CollectForAllocation", Time since last: 387011200 ns, Reaching safepoint: 4504200 ns, At safepoint: 135484600 ns, Total: 139988800 ns
[2020-06-08T03:02:19.861+0000][6][safepoint    ] Safepoint "Cleanup", Time since last: 1235330600 ns, Reaching safepoint: 142700 ns, At safepoint: 46400 ns, Total: 189100 ns
[2020-06-08T03:02:20.865+0000][6][safepoint    ] Safepoint "Cleanup", Time since last: 1002863300 ns, Reaching safepoint: 601700 ns, At safepoint: 132500 ns, Total: 734200 ns
[2020-06-08T03:02:21.924+0000][6][safepoint    ] Safepoint "Cleanup", Time since last: 1059257500 ns, Reaching safepoint: 175400 ns, At safepoint: 13500 ns, Total: 188900 ns
[2020-06-08T03:02:21.997+0000][6][gc,start     ] GC(15) Pause Young (Concurrent Start) (Metadata GC Threshold)
[2020-06-08T03:02:21.998+0000][6][gc,task      ] GC(15) Using 2 workers of 2 for evacuation
[2020-06-08T03:02:21.998+0000][6][gc,age       ] GC(15) Desired survivor size 11010048 bytes, new threshold 2 (max threshold 15)
[2020-06-08T03:02:22.158+0000][6][gc,age       ] GC(15) Age table with threshold 2 (max threshold 15)
[2020-06-08T03:02:22.158+0000][6][gc,age       ] GC(15) - age   1:    1577592 bytes,    1577592 total
[2020-06-08T03:02:22.159+0000][6][gc,age       ] GC(15) - age   2:    4537696 bytes,    6115288 total
[2020-06-08T03:02:22.159+0000][6][gc,phases    ] GC(15)   Pre Evacuate Collection Set: 1.1ms
[2020-06-08T03:02:22.160+0000][6][gc,phases    ] GC(15)   Merge Heap Roots: 8.7ms
[2020-06-08T03:02:22.160+0000][6][gc,phases    ] GC(15)   Evacuate Collection Set: 137.9ms
[2020-06-08T03:02:22.160+0000][6][gc,phases    ] GC(15)   Post Evacuate Collection Set: 10.9ms
[2020-06-08T03:02:22.161+0000][6][gc,phases    ] GC(15)   Other: 3.8ms
[2020-06-08T03:02:22.161+0000][6][gc,heap      ] GC(15) Eden regions: 49->0(220)
[2020-06-08T03:02:22.161+0000][6][gc,heap      ] GC(15) Survivor regions: 11->7(21)
[2020-06-08T03:02:22.162+0000][6][gc,heap      ] GC(15) Old regions: 49->55
[2020-06-08T03:02:22.162+0000][6][gc,heap      ] GC(15) Archive regions: 2->2
[2020-06-08T03:02:22.162+0000][6][gc,heap      ] GC(15) Humongous regions: 1->1
[2020-06-08T03:02:22.163+0000][6][gc,metaspace ] GC(15) Metaspace: 74561K(80720K)->74561K(80720K) NonClass: 64405K(68048K)->64405K(68048K) Class: 10155K(12672K)->10155K(12672K)
[2020-06-08T03:02:22.163+0000][6][gc           ] GC(15) Pause Young (Concurrent Start) (Metadata GC Threshold) 110M->63M(1024M) 166.002ms
[2020-06-08T03:02:22.163+0000][6][gc,cpu       ] GC(15) User=0.09s Sys=0.04s Real=0.17s
[2020-06-08T03:02:22.164+0000][6][safepoint    ] Safepoint "CollectForMetadataAllocation", Time since last: 72807400 ns, Reaching safepoint: 136600 ns, At safepoint: 167010900 ns, Total: 167147500 ns
[2020-06-08T03:02:22.164+0000][6][gc           ] GC(16) Concurrent Cycle
[2020-06-08T03:02:22.175+0000][6][gc,marking   ] GC(16) Concurrent Clear Claimed Marks
[2020-06-08T03:02:22.176+0000][6][gc,marking   ] GC(16) Concurrent Clear Claimed Marks 0.996ms
[2020-06-08T03:02:22.176+0000][6][gc,marking   ] GC(16) Concurrent Scan Root Regions
[2020-06-08T03:02:22.246+0000][6][gc,marking   ] GC(16) Concurrent Scan Root Regions 70.133ms
[2020-06-08T03:02:22.247+0000][6][gc,marking   ] GC(16) Concurrent Mark (99.893s)
[2020-06-08T03:02:22.247+0000][6][gc,marking   ] GC(16) Concurrent Mark From Roots
[2020-06-08T03:02:22.247+0000][6][gc,task      ] GC(16) Using 1 workers of 1 for marking
[2020-06-08T03:02:22.766+0000][6][safepoint    ] Safepoint "CollectForMetadataAllocation", Time since last: 598146700 ns, Reaching safepoint: 3618300 ns, At safepoint: 325000 ns, Total: 3943300 ns
[2020-06-08T03:02:22.821+0000][6][gc,marking   ] GC(16) Concurrent Mark From Roots 573.386ms
[2020-06-08T03:02:22.822+0000][6][gc,marking   ] GC(16) Concurrent Preclean
[2020-06-08T03:02:22.823+0000][6][gc,marking   ] GC(16) Concurrent Preclean 1.146ms
[2020-06-08T03:02:22.823+0000][6][gc,marking   ] GC(16) Concurrent Mark (99.893s, 100.470s) 576.498ms
[2020-06-08T03:02:22.829+0000][6][gc,start     ] GC(16) Pause Remark
[2020-06-08T03:02:22.856+0000][6][gc           ] GC(16) Pause Remark 69M->69M(1024M) 27.446ms
[2020-06-08T03:02:22.857+0000][6][gc,cpu       ] GC(16) User=0.02s Sys=0.00s Real=0.03s
[2020-06-08T03:02:22.857+0000][6][safepoint    ] Safepoint "G1Concurrent", Time since last: 58168600 ns, Reaching safepoint: 4502800 ns, At safepoint: 28456100 ns, Total: 32958900 ns
[2020-06-08T03:02:22.858+0000][6][gc,marking   ] GC(16) Concurrent Rebuild Remembered Sets
[2020-06-08T03:02:23.440+0000][6][gc,marking   ] GC(16) Concurrent Rebuild Remembered Sets 581.920ms
[2020-06-08T03:02:23.442+0000][6][gc,start     ] GC(16) Pause Cleanup
[2020-06-08T03:02:23.446+0000][6][gc           ] GC(16) Pause Cleanup 74M->74M(1024M) 4.516ms
[2020-06-08T03:02:23.447+0000][6][gc,cpu       ] GC(16) User=0.00s Sys=0.00s Real=0.00s
[2020-06-08T03:02:23.447+0000][6][safepoint    ] Safepoint "G1Concurrent", Time since last: 583321500 ns, Reaching safepoint: 1166600 ns, At safepoint: 5538500 ns, Total: 6705100 ns
[2020-06-08T03:02:23.448+0000][6][gc,marking   ] GC(16) Concurrent Cleanup for Next Mark
[2020-06-08T03:02:23.464+0000][6][gc,marking   ] GC(16) Concurrent Cleanup for Next Mark 15.859ms
[2020-06-08T03:02:23.465+0000][6][gc           ] GC(16) Concurrent Cycle 1300.263ms
[2020-06-08T03:02:24.150+0000][6][safepoint    ] Safepoint "BulkRevokeBias", Time since last: 698131700 ns, Reaching safepoint: 4575200 ns, At safepoint: 147500 ns, Total: 4722700 ns
[2020-06-08T03:02:24.801+0000][6][safepoint    ] Safepoint "BulkRevokeBias", Time since last: 650692300 ns, Reaching safepoint: 179700 ns, At safepoint: 362000 ns, Total: 541700 ns
[2020-06-08T03:02:25.877+0000][6][safepoint    ] Safepoint "Cleanup", Time since last: 1069518900 ns, Reaching safepoint: 6152600 ns, At safepoint: 20500 ns, Total: 6173100 ns
[2020-06-08T03:02:26.896+0000][6][safepoint    ] Safepoint "Cleanup", Time since last: 1011034500 ns, Reaching safepoint: 7913000 ns, At safepoint: 50600 ns, Total: 7963600 ns
[2020-06-08T03:02:28.557+0000][6][safepoint    ] Safepoint "Cleanup", Time since last: 1660618300 ns, Reaching safepoint: 570200 ns, At safepoint: 16200 ns, Total: 586400 ns
[2020-06-08T03:02:29.379+0000][6][safepoint    ] Safepoint "BulkRevokeBias", Time since last: 821601100 ns, Reaching safepoint: 166300 ns, At safepoint: 255900 ns, Total: 422200 ns
[2020-06-08T03:02:30.726+0000][6][safepoint    ] Safepoint "Cleanup", Time since last: 1346215300 ns, Reaching safepoint: 587500 ns, At safepoint: 17400 ns, Total: 604900 ns
[2020-06-08T03:02:31.063+0000][6][safepoint    ] Safepoint "BulkRevokeBias", Time since last: 335034000 ns, Reaching safepoint: 1891200 ns, At safepoint: 258300 ns, Total: 2149500 ns
[2020-06-08T03:02:32.273+0000][6][safepoint    ] Safepoint "Cleanup", Time since last: 1206852300 ns, Reaching safepoint: 2389600 ns, At safepoint: 549400 ns, Total: 2939000 ns
[2020-06-08T03:02:33.566+0000][6][safepoint    ] Safepoint "Cleanup", Time since last: 1286295100 ns, Reaching safepoint: 7056100 ns, At safepoint: 44600 ns, Total: 7100700 ns
[2020-06-08T03:02:34.788+0000][6][safepoint    ] Safepoint "Cleanup", Time since last: 1217248400 ns, Reaching safepoint: 4488100 ns, At safepoint: 81700 ns, Total: 4569800 ns
[2020-06-08T03:02:36.244+0000][6][safepoint    ] Safepoint "Cleanup", Time since last: 1455095400 ns, Reaching safepoint: 355300 ns, At safepoint: 106600 ns, Total: 461900 ns
[2020-06-08T03:02:37.352+0000][6][safepoint    ] Safepoint "Cleanup", Time since last: 1100214400 ns, Reaching safepoint: 7939700 ns, At safepoint: 54300 ns, Total: 7994000 ns
[2020-06-08T03:02:38.374+0000][6][safepoint    ] Safepoint "Cleanup", Time since last: 1021954200 ns, Reaching safepoint: 469300 ns, At safepoint: 19500 ns, Total: 488800 ns
[2020-06-08T03:02:39.495+0000][6][safepoint    ] Safepoint "Cleanup", Time since last: 1115227400 ns, Reaching safepoint: 5213400 ns, At safepoint: 27400 ns, Total: 5240800 ns
[2020-06-08T03:02:41.010+0000][6][safepoint    ] Safepoint "Cleanup", Time since last: 1508930300 ns, Reaching safepoint: 5480900 ns, At safepoint: 271100 ns, Total: 5752000 ns
[2020-06-08T03:02:41.400+0000][6][gc,start     ] GC(17) Pause Young (Concurrent Start) (G1 Evacuation Pause)
[2020-06-08T03:02:41.400+0000][6][gc,task      ] GC(17) Using 2 workers of 2 for evacuation
[2020-06-08T03:02:41.401+0000][6][gc,age       ] GC(17) Desired survivor size 17301504 bytes, new threshold 15 (max threshold 15)
[2020-06-08T03:02:41.656+0000][6][gc,age       ] GC(17) Age table with threshold 15 (max threshold 15)
[2020-06-08T03:02:41.657+0000][6][gc,age       ] GC(17) - age   1:    6536016 bytes,    6536016 total
[2020-06-08T03:02:41.657+0000][6][gc,age       ] GC(17) - age   2:    1474328 bytes,    8010344 total
[2020-06-08T03:02:41.657+0000][6][gc,age       ] GC(17) - age   3:    4494224 bytes,   12504568 total
[2020-06-08T03:02:41.658+0000][6][gc,mmu       ] GC(17) MMU target violated: 201.0ms (200.0ms/201.0ms)
[2020-06-08T03:02:41.658+0000][6][gc,phases    ] GC(17)   Pre Evacuate Collection Set: 1.1ms
[2020-06-08T03:02:41.659+0000][6][gc,phases    ] GC(17)   Merge Heap Roots: 0.6ms
[2020-06-08T03:02:41.659+0000][6][gc,phases    ] GC(17)   Evacuate Collection Set: 217.2ms
[2020-06-08T03:02:41.660+0000][6][gc,phases    ] GC(17)   Post Evacuate Collection Set: 35.1ms
[2020-06-08T03:02:41.660+0000][6][gc,phases    ] GC(17)   Other: 4.9ms
[2020-06-08T03:02:41.661+0000][6][gc,heap      ] GC(17) Eden regions: 256->0(66)
[2020-06-08T03:02:41.661+0000][6][gc,heap      ] GC(17) Survivor regions: 7->13(33)
[2020-06-08T03:02:41.661+0000][6][gc,heap      ] GC(17) Old regions: 55->55
[2020-06-08T03:02:41.662+0000][6][gc,heap      ] GC(17) Archive regions: 2->2
[2020-06-08T03:02:41.662+0000][6][gc,heap      ] GC(17) Humongous regions: 7->7
[2020-06-08T03:02:41.663+0000][6][gc,metaspace ] GC(17) Metaspace: 84493K(91344K)->84493K(91344K) NonClass: 72991K(77008K)->72991K(77008K) Class: 11501K(14336K)->11501K(14336K)
[2020-06-08T03:02:41.663+0000][6][gc           ] GC(17) Pause Young (Concurrent Start) (G1 Evacuation Pause) 325M->75M(1024M) 263.260ms
[2020-06-08T03:02:41.663+0000][6][gc,cpu       ] GC(17) User=0.15s Sys=0.02s Real=0.27s
[2020-06-08T03:02:41.664+0000][6][gc           ] GC(18) Concurrent Cycle
[2020-06-08T03:02:41.667+0000][6][gc,marking   ] GC(18) Concurrent Clear Claimed Marks
[2020-06-08T03:02:41.696+0000][6][gc,marking   ] GC(18) Concurrent Clear Claimed Marks 28.791ms
[2020-06-08T03:02:41.697+0000][6][gc,marking   ] GC(18) Concurrent Scan Root Regions
[2020-06-08T03:02:41.726+0000][6][safepoint    ] Safepoint "G1CollectForAllocation", Time since last: 389456200 ns, Reaching safepoint: 287900 ns, At safepoint: 318087700 ns, Total: 318375600 ns
[2020-06-08T03:02:42.314+0000][6][gc,marking   ] GC(18) Concurrent Scan Root Regions 616.199ms
[2020-06-08T03:02:42.318+0000][6][gc,marking   ] GC(18) Concurrent Mark (119.965s)
[2020-06-08T03:02:42.319+0000][6][gc,marking   ] GC(18) Concurrent Mark From Roots
[2020-06-08T03:02:42.320+0000][6][gc,task      ] GC(18) Using 1 workers of 1 for marking
[2020-06-08T03:02:42.771+0000][6][safepoint    ] Safepoint "Cleanup", Time since last: 1052496300 ns, Reaching safepoint: 893900 ns, At safepoint: 445300 ns, Total: 1339200 ns
[2020-06-08T03:02:43.775+0000][6][safepoint    ] Safepoint "Cleanup", Time since last: 1000612000 ns, Reaching safepoint: 3504200 ns, At safepoint: 103300 ns, Total: 3607500 ns
[2020-06-08T03:02:44.874+0000][6][safepoint    ] Safepoint "Cleanup", Time since last: 1128174300 ns, Reaching safepoint: 2759700 ns, At safepoint: 1435600 ns, Total: 4195300 ns
[2020-06-08T03:02:44.886+0000][6][safepoint    ] Safepoint "BulkRevokeBias", Time since last: 1407700 ns, Reaching safepoint: 10724000 ns, At safepoint: 296200 ns, Total: 11020200 ns
[2020-06-08T03:02:45.653+0000][6][gc,marking   ] GC(18) Concurrent Mark From Roots 3367.497ms
[2020-06-08T03:02:45.654+0000][6][gc,marking   ] GC(18) Concurrent Preclean
[2020-06-08T03:02:45.655+0000][6][gc,marking   ] GC(18) Concurrent Preclean 0.868ms
[2020-06-08T03:02:45.656+0000][6][gc,marking   ] GC(18) Concurrent Mark (119.965s, 123.336s) 3371.139ms
[2020-06-08T03:02:45.659+0000][6][gc,start     ] GC(18) Pause Remark
[2020-06-08T03:02:45.690+0000][6][gc           ] GC(18) Pause Remark 128M->128M(1024M) 30.944ms
[2020-06-08T03:02:45.691+0000][6][gc,cpu       ] GC(18) User=0.02s Sys=0.00s Real=0.03s
[2020-06-08T03:02:45.691+0000][6][safepoint    ] Safepoint "G1Concurrent", Time since last: 771954700 ns, Reaching safepoint: 777300 ns, At safepoint: 32315500 ns, Total: 33092800 ns
[2020-06-08T03:02:45.692+0000][6][gc,marking   ] GC(18) Concurrent Rebuild Remembered Sets
[2020-06-08T03:02:46.790+0000][6][safepoint    ] Safepoint "Cleanup", Time since last: 1096870700 ns, Reaching safepoint: 2177700 ns, At safepoint: 51300 ns, Total: 2229000 ns
[2020-06-08T03:02:46.808+0000][6][gc,marking   ] GC(18) Concurrent Rebuild Remembered Sets 1116.233ms
[2020-06-08T03:02:46.809+0000][6][gc,start     ] GC(18) Pause Cleanup
[2020-06-08T03:02:46.817+0000][6][gc           ] GC(18) Pause Cleanup 137M->137M(1024M) 7.638ms
[2020-06-08T03:02:46.818+0000][6][gc,cpu       ] GC(18) User=0.00s Sys=0.00s Real=0.01s
[2020-06-08T03:02:46.819+0000][6][safepoint    ] Safepoint "G1Concurrent", Time since last: 18184000 ns, Reaching safepoint: 699900 ns, At safepoint: 9503600 ns, Total: 10203500 ns
[2020-06-08T03:02:46.819+0000][6][gc,marking   ] GC(18) Concurrent Cleanup for Next Mark
[2020-06-08T03:02:46.825+0000][6][gc,marking   ] GC(18) Concurrent Cleanup for Next Mark 5.876ms
[2020-06-08T03:02:46.828+0000][6][gc           ] GC(18) Concurrent Cycle 5198.107ms
[2020-06-08T03:02:47.822+0000][6][safepoint    ] Safepoint "Cleanup", Time since last: 1003052300 ns, Reaching safepoint: 243000 ns, At safepoint: 23700 ns, Total: 266700 ns
[2020-06-08T03:02:48.824+0000][6][safepoint    ] Safepoint "Cleanup", Time since last: 1001044400 ns, Reaching safepoint: 560200 ns, At safepoint: 28200 ns, Total: 588400 ns
[2020-06-08T03:02:49.825+0000][6][safepoint    ] Safepoint "Cleanup", Time since last: 1000890300 ns, Reaching safepoint: 157600 ns, At safepoint: 14500 ns, Total: 172100 ns
[2020-06-08T03:02:50.827+0000][6][safepoint    ] Safepoint "Cleanup", Time since last: 1001251000 ns, Reaching safepoint: 902800 ns, At safepoint: 22600 ns, Total: 925400 ns
[2020-06-08T03:02:51.829+0000][6][safepoint    ] Safepoint "Cleanup", Time since last: 1001322800 ns, Reaching safepoint: 731100 ns, At safepoint: 26900 ns, Total: 758000 ns
[2020-06-08T03:02:52.931+0000][6][safepoint    ] Safepoint "Cleanup", Time since last: 1096812600 ns, Reaching safepoint: 5252000 ns, At safepoint: 55500 ns, Total: 5307500 ns
[2020-06-08T03:02:53.956+0000][6][safepoint    ] Safepoint "Cleanup", Time since last: 1023396900 ns, Reaching safepoint: 1194900 ns, At safepoint: 37300 ns, Total: 1232200 ns
[2020-06-08T03:02:54.957+0000][6][safepoint    ] Safepoint "Cleanup", Time since last: 1001435100 ns, Reaching safepoint: 149000 ns, At safepoint: 13900 ns, Total: 162900 ns
[2020-06-08T03:02:55.086+0000][6][gc,start     ] GC(19) Pause Young (Normal) (G1 Evacuation Pause)
[2020-06-08T03:02:55.087+0000][6][gc,task      ] GC(19) Using 2 workers of 2 for evacuation
[2020-06-08T03:02:55.088+0000][6][gc,age       ] GC(19) Desired survivor size 5242880 bytes, new threshold 1 (max threshold 15)
[2020-06-08T03:02:55.419+0000][6][gc,age       ] GC(19) Age table with threshold 1 (max threshold 15)
[2020-06-08T03:02:55.423+0000][6][gc,age       ] GC(19) - age   1:    1128480 bytes,    1128480 total
[2020-06-08T03:02:55.424+0000][6][gc,mmu       ] GC(19) MMU target violated: 201.0ms (200.0ms/201.0ms)
[2020-06-08T03:02:55.424+0000][6][gc,phases    ] GC(19)   Pre Evacuate Collection Set: 0.3ms
[2020-06-08T03:02:55.425+0000][6][gc,phases    ] GC(19)   Merge Heap Roots: 0.4ms
[2020-06-08T03:02:55.425+0000][6][gc,phases    ] GC(19)   Evacuate Collection Set: 321.2ms
[2020-06-08T03:02:55.425+0000][6][gc,phases    ] GC(19)   Post Evacuate Collection Set: 8.5ms
[2020-06-08T03:02:55.426+0000][6][gc,phases    ] GC(19)   Other: 7.9ms
[2020-06-08T03:02:55.426+0000][6][gc,heap      ] GC(19) Eden regions: 66->0(204)
[2020-06-08T03:02:55.427+0000][6][gc,heap      ] GC(19) Survivor regions: 13->2(10)
[2020-06-08T03:02:55.427+0000][6][gc,heap      ] GC(19) Old regions: 55->67
[2020-06-08T03:02:55.428+0000][6][gc,heap      ] GC(19) Archive regions: 2->2
[2020-06-08T03:02:55.428+0000][6][gc,heap      ] GC(19) Humongous regions: 7->7
[2020-06-08T03:02:55.428+0000][6][gc,metaspace ] GC(19) Metaspace: 84690K(91600K)->84690K(91600K) NonClass: 73189K(77264K)->73189K(77264K) Class: 11501K(14336K)->11501K(14336K)
[2020-06-08T03:02:55.429+0000][6][gc           ] GC(19) Pause Young (Normal) (G1 Evacuation Pause) 141M->76M(1024M) 342.563ms
[2020-06-08T03:02:55.430+0000][6][gc,cpu       ] GC(19) User=0.10s Sys=0.09s Real=0.35s
[2020-06-08T03:02:55.431+0000][6][safepoint    ] Safepoint "G1CollectForAllocation", Time since last: 128329300 ns, Reaching safepoint: 425000 ns, At safepoint: 344614900 ns, Total: 345039900 ns
[2020-06-08T03:02:57.210+0000][6][safepoint    ] Safepoint "Cleanup", Time since last: 1778652000 ns, Reaching safepoint: 319800 ns, At safepoint: 19600 ns, Total: 339400 ns
[2020-06-08T03:02:58.211+0000][6][safepoint    ] Safepoint "Cleanup", Time since last: 1001209200 ns, Reaching safepoint: 281800 ns, At safepoint: 19600 ns, Total: 301400 ns
[2020-06-08T03:02:59.222+0000][6][safepoint    ] Safepoint "Cleanup", Time since last: 1003234900 ns, Reaching safepoint: 7461100 ns, At safepoint: 25700 ns, Total: 7486800 ns
[2020-06-08T03:03:00.232+0000][6][safepoint    ] Safepoint "Cleanup", Time since last: 1009879400 ns, Reaching safepoint: 208400 ns, At safepoint: 17600 ns, Total: 226000 ns
[2020-06-08T03:03:01.233+0000][6][safepoint    ] Safepoint "Cleanup", Time since last: 1000780000 ns, Reaching safepoint: 151600 ns, At safepoint: 13600 ns, Total: 165200 ns
[2020-06-08T03:03:02.525+0000][6][safepoint    ] Safepoint "Cleanup", Time since last: 1291391400 ns, Reaching safepoint: 332000 ns, At safepoint: 19000 ns, Total: 351000 ns
[2020-06-08T03:03:04.466+0000][6][safepoint    ] Safepoint "Cleanup", Time since last: 1940067800 ns, Reaching safepoint: 511600 ns, At safepoint: 208300 ns, Total: 719900 ns
[2020-06-08T03:03:05.467+0000][6][safepoint    ] Safepoint "Cleanup", Time since last: 1000951600 ns, Reaching safepoint: 161900 ns, At safepoint: 14500 ns, Total: 176400 ns
[2020-06-08T03:03:08.470+0000][6][safepoint    ] Safepoint "Cleanup", Time since last: 3002731900 ns, Reaching safepoint: 586000 ns, At safepoint: 48900 ns, Total: 634900 ns
[2020-06-08T03:03:09.471+0000][6][safepoint    ] Safepoint "Cleanup", Time since last: 1000820300 ns, Reaching safepoint: 155000 ns, At safepoint: 42300 ns, Total: 197300 ns
[2020-06-08T03:03:10.473+0000][6][safepoint    ] Safepoint "Cleanup", Time since last: 1001648500 ns, Reaching safepoint: 334300 ns, At safepoint: 11500 ns, Total: 345800 ns
[2020-06-08T03:03:11.950+0000][6][safepoint    ] Safepoint "Cleanup", Time since last: 1476891000 ns, Reaching safepoint: 184300 ns, At safepoint: 13500 ns, Total: 197800 ns
[2020-06-08T03:03:13.952+0000][6][safepoint    ] Safepoint "Cleanup", Time since last: 2001267300 ns, Reaching safepoint: 395300 ns, At safepoint: 33900 ns, Total: 429200 ns
[2020-06-08T03:03:14.942+0000][6][safepoint    ] Safepoint "Cleanup", Time since last: 1023235900 ns, Reaching safepoint: 594100 ns, At safepoint: 46800 ns, Total: 640900 ns
[2020-06-08T03:03:15.138+0000][6][safepoint    ] Safepoint "BulkRevokeBias", Time since last: 193098600 ns, Reaching safepoint: 1940000 ns, At safepoint: 1002800 ns, Total: 2942800 ns
[2020-06-08T03:03:15.163+0000][6][safepoint    ] Safepoint "BulkRevokeBias", Time since last: 22100200 ns, Reaching safepoint: 1959500 ns, At safepoint: 733300 ns, Total: 2692800 ns
[2020-06-08T03:03:15.719+0000][6][safepoint    ] Safepoint "BulkRevokeBias", Time since last: 547001500 ns, Reaching safepoint: 8455800 ns, At safepoint: 425400 ns, Total: 8881200 ns
[2020-06-08T03:03:15.973+0000][6][safepoint    ] Safepoint "BulkRevokeBias", Time since last: 253811700 ns, Reaching safepoint: 355700 ns, At safepoint: 514300 ns, Total: 870000 ns
[2020-06-08T03:03:17.829+0000][6][safepoint    ] Safepoint "Cleanup", Time since last: 1855454800 ns, Reaching safepoint: 316700 ns, At safepoint: 40100 ns, Total: 356800 ns
[2020-06-08T03:03:18.830+0000][6][safepoint    ] Safepoint "Cleanup", Time since last: 1000793500 ns, Reaching safepoint: 182900 ns, At safepoint: 17300 ns, Total: 200200 ns
[2020-06-08T03:03:20.953+0000][6][safepoint    ] Safepoint "Cleanup", Time since last: 2114850400 ns, Reaching safepoint: 8145400 ns, At safepoint: 58400 ns, Total: 8203800 ns
[2020-06-08T03:03:22.331+0000][6][safepoint    ] Safepoint "Cleanup", Time since last: 1377023200 ns, Reaching safepoint: 188200 ns, At safepoint: 14300 ns, Total: 202500 ns
[2020-06-08T03:03:23.332+0000][6][safepoint    ] Safepoint "Cleanup", Time since last: 1000933000 ns, Reaching safepoint: 627000 ns, At safepoint: 197000 ns, Total: 824000 ns
[2020-06-08T03:03:25.136+0000][6][safepoint    ] Safepoint "Cleanup", Time since last: 1803516000 ns, Reaching safepoint: 226700 ns, At safepoint: 16000 ns, Total: 242700 ns
[2020-06-08T03:03:26.137+0000][6][safepoint    ] Safepoint "Cleanup", Time since last: 1000894400 ns, Reaching safepoint: 208000 ns, At safepoint: 13700 ns, Total: 221700 ns
[2020-06-08T03:03:26.628+0000][6][safepoint    ] Safepoint "BulkRevokeBias", Time since last: 489429500 ns, Reaching safepoint: 744600 ns, At safepoint: 518200 ns, Total: 1262800 ns
[2020-06-08T03:03:27.957+0000][6][safepoint    ] Safepoint "Cleanup", Time since last: 1328503700 ns, Reaching safepoint: 396200 ns, At safepoint: 14900 ns, Total: 411100 ns
[2020-06-08T03:03:29.173+0000][6][safepoint    ] Safepoint "Cleanup", Time since last: 1215686200 ns, Reaching safepoint: 908400 ns, At safepoint: 52900 ns, Total: 961300 ns
[2020-06-08T03:03:30.175+0000][6][safepoint    ] Safepoint "Cleanup", Time since last: 1000878500 ns, Reaching safepoint: 435500 ns, At safepoint: 21400 ns, Total: 456900 ns
[2020-06-08T03:03:31.665+0000][6][safepoint    ] Safepoint "Cleanup", Time since last: 1489331900 ns, Reaching safepoint: 1092300 ns, At safepoint: 17400 ns, Total: 1109700 ns
[2020-06-08T03:03:32.666+0000][6][safepoint    ] Safepoint "Cleanup", Time since last: 1000774300 ns, Reaching safepoint: 186700 ns, At safepoint: 14300 ns, Total: 201000 ns
[2020-06-08T03:03:34.353+0000][6][safepoint    ] Safepoint "Cleanup", Time since last: 1673209300 ns, Reaching safepoint: 13943000 ns, At safepoint: 51700 ns, Total: 13994700 ns
[2020-06-08T03:03:35.618+0000][6][safepoint    ] Safepoint "Cleanup", Time since last: 1264000900 ns, Reaching safepoint: 853100 ns, At safepoint: 33700 ns, Total: 886800 ns
[2020-06-08T03:03:36.713+0000][6][safepoint    ] Safepoint "Cleanup", Time since last: 1092695700 ns, Reaching safepoint: 1515400 ns, At safepoint: 42700 ns, Total: 1558100 ns
[2020-06-08T03:03:37.273+0000][6][safepoint    ] Safepoint "BulkRevokeBias", Time since last: 559077600 ns, Reaching safepoint: 1126300 ns, At safepoint: 654900 ns, Total: 1781200 ns
[2020-06-08T03:03:38.545+0000][6][safepoint    ] Safepoint "Cleanup", Time since last: 1270722500 ns, Reaching safepoint: 471400 ns, At safepoint: 26000 ns, Total: 497400 ns
[2020-06-08T03:03:39.547+0000][6][safepoint    ] Safepoint "Cleanup", Time since last: 1001909500 ns, Reaching safepoint: 152200 ns, At safepoint: 12900 ns, Total: 165100 ns
[2020-06-08T03:03:41.144+0000][6][safepoint    ] Safepoint "Cleanup", Time since last: 1596440600 ns, Reaching safepoint: 357300 ns, At safepoint: 29400 ns, Total: 386700 ns
[2020-06-08T03:03:42.146+0000][6][safepoint    ] Safepoint "Cleanup", Time since last: 1002468700 ns, Reaching safepoint: 275100 ns, At safepoint: 29600 ns, Total: 304700 ns
[2020-06-08T03:03:43.149+0000][6][safepoint    ] Safepoint "Cleanup", Time since last: 1002945200 ns, Reaching safepoint: 232300 ns, At safepoint: 15900 ns, Total: 248200 ns
[2020-06-08T03:03:44.154+0000][6][safepoint    ] Safepoint "Cleanup", Time since last: 1003257100 ns, Reaching safepoint: 552900 ns, At safepoint: 19700 ns, Total: 572600 ns
[2020-06-08T03:03:44.751+0000][6][safepoint    ] Safepoint "BulkRevokeBias", Time since last: 630136200 ns, Reaching safepoint: 1069700 ns, At safepoint: 485300 ns, Total: 1555000 ns
[2020-06-08T03:03:45.801+0000][6][safepoint    ] Safepoint "Cleanup", Time since last: 1049539100 ns, Reaching safepoint: 445600 ns, At safepoint: 15800 ns, Total: 461400 ns
[2020-06-08T03:03:46.714+0000][6][safepoint    ] Safepoint "ICBufferFull", Time since last: 912138100 ns, Reaching safepoint: 477600 ns, At safepoint: 41900 ns, Total: 519500 ns
[2020-06-08T03:03:47.491+0000][6][safepoint    ] Safepoint "BulkRevokeBias", Time since last: 776563800 ns, Reaching safepoint: 401400 ns, At safepoint: 547100 ns, Total: 948500 ns
[2020-06-08T03:03:49.292+0000][6][safepoint    ] Safepoint "Cleanup", Time since last: 1799994300 ns, Reaching safepoint: 515200 ns, At safepoint: 44900 ns, Total: 560100 ns
[2020-06-08T03:03:50.297+0000][6][safepoint    ] Safepoint "Cleanup", Time since last: 1004297200 ns, Reaching safepoint: 227700 ns, At safepoint: 14500 ns, Total: 242200 ns
[2020-06-08T03:03:51.302+0000][6][safepoint    ] Safepoint "Cleanup", Time since last: 1003703900 ns, Reaching safepoint: 953400 ns, At safepoint: 711000 ns, Total: 1664400 ns
[2020-06-08T03:03:52.308+0000][6][safepoint    ] Safepoint "Cleanup", Time since last: 1003625900 ns, Reaching safepoint: 2572000 ns, At safepoint: 271600 ns, Total: 2843600 ns
[2020-06-08T03:03:53.310+0000][6][safepoint    ] Safepoint "Cleanup", Time since last: 1001253400 ns, Reaching safepoint: 264700 ns, At safepoint: 14000 ns, Total: 278700 ns
[2020-06-08T03:03:54.312+0000][6][safepoint    ] Safepoint "Cleanup", Time since last: 1001267800 ns, Reaching safepoint: 383200 ns, At safepoint: 43500 ns, Total: 426700 ns
[2020-06-08T03:03:55.314+0000][6][safepoint    ] Safepoint "Cleanup", Time since last: 1001871600 ns, Reaching safepoint: 237700 ns, At safepoint: 12500 ns, Total: 250200 ns
[2020-06-08T03:03:56.315+0000][6][safepoint    ] Safepoint "Cleanup", Time since last: 1000812500 ns, Reaching safepoint: 258000 ns, At safepoint: 18800 ns, Total: 276800 ns
[2020-06-08T03:03:57.792+0000][6][safepoint    ] Safepoint "Cleanup", Time since last: 1476547100 ns, Reaching safepoint: 212700 ns, At safepoint: 16700 ns, Total: 229400 ns
[2020-06-08T03:03:58.793+0000][6][safepoint    ] Safepoint "Cleanup", Time since last: 1001355300 ns, Reaching safepoint: 429400 ns, At safepoint: 22700 ns, Total: 452100 ns
[2020-06-08T03:03:59.795+0000][6][safepoint    ] Safepoint "Cleanup", Time since last: 1001395500 ns, Reaching safepoint: 324300 ns, At safepoint: 27700 ns, Total: 352000 ns
[2020-06-08T03:04:00.798+0000][6][safepoint    ] Safepoint "Cleanup", Time since last: 1001814300 ns, Reaching safepoint: 511400 ns, At safepoint: 405800 ns, Total: 917200 ns
[2020-06-08T03:04:01.799+0000][6][safepoint    ] Safepoint "Cleanup", Time since last: 1000890000 ns, Reaching safepoint: 517300 ns, At safepoint: 28200 ns, Total: 545500 ns
[2020-06-08T03:04:02.804+0000][6][safepoint    ] Safepoint "Cleanup", Time since last: 1004393700 ns, Reaching safepoint: 430200 ns, At safepoint: 52700 ns, Total: 482900 ns
[2020-06-08T03:04:03.812+0000][6][safepoint    ] Safepoint "Cleanup", Time since last: 1007144200 ns, Reaching safepoint: 268700 ns, At safepoint: 26000 ns, Total: 294700 ns
[2020-06-08T03:04:04.814+0000][6][safepoint    ] Safepoint "Cleanup", Time since last: 1001847300 ns, Reaching safepoint: 323900 ns, At safepoint: 18200 ns, Total: 342100 ns
[2020-06-08T03:04:06.646+0000][6][safepoint    ] Safepoint "Cleanup", Time since last: 1831759400 ns, Reaching safepoint: 297800 ns, At safepoint: 17600 ns, Total: 315400 ns
[2020-06-08T03:04:07.650+0000][6][safepoint    ] Safepoint "Cleanup", Time since last: 1002990700 ns, Reaching safepoint: 918800 ns, At safepoint: 35000 ns, Total: 953800 ns
[2020-06-08T03:04:08.655+0000][6][safepoint    ] Safepoint "Cleanup", Time since last: 1004780300 ns, Reaching safepoint: 327900 ns, At safepoint: 42600 ns, Total: 370500 ns
[2020-06-08T03:04:09.659+0000][6][safepoint    ] Safepoint "Cleanup", Time since last: 1004082200 ns, Reaching safepoint: 205800 ns, At safepoint: 17300 ns, Total: 223100 ns
[2020-06-08T03:04:11.182+0000][6][safepoint    ] Safepoint "Cleanup", Time since last: 1522109200 ns, Reaching safepoint: 349000 ns, At safepoint: 28200 ns, Total: 377200 ns
[2020-06-08T03:04:12.186+0000][6][safepoint    ] Safepoint "Cleanup", Time since last: 1003171600 ns, Reaching safepoint: 627800 ns, At safepoint: 34600 ns, Total: 662400 ns
[2020-06-08T03:04:13.189+0000][6][safepoint    ] Safepoint "Cleanup", Time since last: 1002718300 ns, Reaching safepoint: 220600 ns, At safepoint: 12700 ns, Total: 233300 ns
[2020-06-08T03:04:14.191+0000][6][safepoint    ] Safepoint "Cleanup", Time since last: 1002276200 ns, Reaching safepoint: 299000 ns, At safepoint: 30100 ns, Total: 329100 ns
[2020-06-08T03:04:15.166+0000][6][safepoint    ] Safepoint "Cleanup", Time since last: 1008386400 ns, Reaching safepoint: 459500 ns, At safepoint: 35400 ns, Total: 494900 ns
[2020-06-08T03:04:16.171+0000][6][safepoint    ] Safepoint "Cleanup", Time since last: 1003868700 ns, Reaching safepoint: 1082700 ns, At safepoint: 33700 ns, Total: 1116400 ns
[2020-06-08T03:04:17.174+0000][6][safepoint    ] Safepoint "Cleanup", Time since last: 1002352400 ns, Reaching safepoint: 322200 ns, At safepoint: 38700 ns, Total: 360900 ns
[2020-06-08T03:04:18.180+0000][6][safepoint    ] Safepoint "Cleanup", Time since last: 1004749000 ns, Reaching safepoint: 1050800 ns, At safepoint: 70600 ns, Total: 1121400 ns
[2020-06-08T03:04:19.186+0000][6][safepoint    ] Safepoint "Cleanup", Time since last: 1004463900 ns, Reaching safepoint: 1136500 ns, At safepoint: 56400 ns, Total: 1192900 ns
[2020-06-08T03:04:20.190+0000][6][safepoint    ] Safepoint "Cleanup", Time since last: 1004041400 ns, Reaching safepoint: 663400 ns, At safepoint: 208600 ns, Total: 872000 ns
[2020-06-08T03:04:21.574+0000][6][safepoint    ] Safepoint "Cleanup", Time since last: 1383066200 ns, Reaching safepoint: 240600 ns, At safepoint: 28100 ns, Total: 268700 ns
[2020-06-08T03:04:22.583+0000][6][safepoint    ] Safepoint "Cleanup", Time since last: 1008328100 ns, Reaching safepoint: 535300 ns, At safepoint: 29800 ns, Total: 565100 ns
[2020-06-08T03:04:23.587+0000][6][safepoint    ] Safepoint "Cleanup", Time since last: 1003088700 ns, Reaching safepoint: 545600 ns, At safepoint: 285200 ns, Total: 830800 ns
[2020-06-08T03:04:24.590+0000][6][safepoint    ] Safepoint "Cleanup", Time since last: 1002992100 ns, Reaching safepoint: 293600 ns, At safepoint: 101900 ns, Total: 395500 ns
[2020-06-08T03:04:25.599+0000][6][safepoint    ] Safepoint "Cleanup", Time since last: 1008166800 ns, Reaching safepoint: 528100 ns, At safepoint: 20100 ns, Total: 548200 ns
[2020-06-08T03:04:26.602+0000][6][safepoint    ] Safepoint "Cleanup", Time since last: 1001522500 ns, Reaching safepoint: 1436800 ns, At safepoint: 59700 ns, Total: 1496500 ns
[2020-06-08T03:04:27.718+0000][6][safepoint    ] Safepoint "Cleanup", Time since last: 1115640700 ns, Reaching safepoint: 372400 ns, At safepoint: 35800 ns, Total: 408200 ns
[2020-06-08T03:04:28.720+0000][6][safepoint    ] Safepoint "Cleanup", Time since last: 1001673100 ns, Reaching safepoint: 363700 ns, At safepoint: 26300 ns, Total: 390000 ns
[2020-06-08T03:04:29.722+0000][6][safepoint    ] Safepoint "Cleanup", Time since last: 1001658100 ns, Reaching safepoint: 375400 ns, At safepoint: 32500 ns, Total: 407900 ns
[2020-06-08T03:04:30.724+0000][6][safepoint    ] Safepoint "Cleanup", Time since last: 1001605200 ns, Reaching safepoint: 245000 ns, At safepoint: 20300 ns, Total: 265300 ns
[2020-06-08T03:04:31.726+0000][6][safepoint    ] Safepoint "Cleanup", Time since last: 1002260400 ns, Reaching safepoint: 397700 ns, At safepoint: 20500 ns, Total: 418200 ns
[2020-06-08T03:04:32.731+0000][6][safepoint    ] Safepoint "Cleanup", Time since last: 1003517300 ns, Reaching safepoint: 666600 ns, At safepoint: 88900 ns, Total: 755500 ns
[2020-06-08T03:04:33.734+0000][6][safepoint    ] Safepoint "Cleanup", Time since last: 1002984900 ns, Reaching safepoint: 396000 ns, At safepoint: 34400 ns, Total: 430400 ns
[2020-06-08T03:04:34.738+0000][6][safepoint    ] Safepoint "Cleanup", Time since last: 1003612700 ns, Reaching safepoint: 241700 ns, At safepoint: 23700 ns, Total: 265400 ns
