[2020-06-08T02:49:14.664+0000][6][gc,heap] Heap region size: 1M
[2020-06-08T02:49:14.668+0000][6][gc,heap,coops] Heap address: 0x00000000c0000000, size: 1024 MB, Compressed Oops mode: 32-bit
[2020-06-08T02:49:16.606+0000][6][gc           ] Using G1
[2020-06-08T02:49:16.611+0000][6][gc,cds       ] Mark closed archive regions in map: [0x00000000fff00000, 0x00000000fff7eff8]
[2020-06-08T02:49:16.614+0000][6][gc,cds       ] Mark open archive regions in map: [0x00000000ffe00000, 0x00000000ffe51ff8]
[2020-06-08T02:49:16.922+0000][6][gc           ] Periodic GC disabled
[2020-06-08T02:49:18.339+0000][6][safepoint    ] Safepoint "Cleanup", Time since last: 1571831200 ns, Reaching safepoint: 733500 ns, At safepoint: 15700 ns, Total: 749200 ns
[2020-06-08T02:49:19.633+0000][6][safepoint    ] Safepoint "Cleanup", Time since last: 1289612600 ns, Reaching safepoint: 4299300 ns, At safepoint: 305000 ns, Total: 4604300 ns
[2020-06-08T02:49:20.644+0000][6][safepoint    ] Safepoint "Cleanup", Time since last: 1009698000 ns, Reaching safepoint: 1396700 ns, At safepoint: 16000 ns, Total: 1412700 ns
[2020-06-08T02:49:22.086+0000][6][safepoint    ] Safepoint "Cleanup", Time since last: 1441490100 ns, Reaching safepoint: 253600 ns, At safepoint: 10200 ns, Total: 263800 ns
[2020-06-08T02:49:23.732+0000][6][safepoint    ] Safepoint "Cleanup", Time since last: 1629445400 ns, Reaching safepoint: 16229800 ns, At safepoint: 26100 ns, Total: 16255900 ns
[2020-06-08T02:49:24.751+0000][6][safepoint    ] Safepoint "Cleanup", Time since last: 1009337800 ns, Reaching safepoint: 9872600 ns, At safepoint: 68500 ns, Total: 9941100 ns
[2020-06-08T02:49:25.793+0000][6][safepoint    ] Safepoint "Cleanup", Time since last: 1001393000 ns, Reaching safepoint: 41023200 ns, At safepoint: 16500 ns, Total: 41039700 ns
[2020-06-08T02:49:26.902+0000][6][safepoint    ] Safepoint "Cleanup", Time since last: 1108570500 ns, Reaching safepoint: 235800 ns, At safepoint: 17400 ns, Total: 253200 ns
[2020-06-08T02:49:28.172+0000][6][safepoint    ] Safepoint "Cleanup", Time since last: 1262223100 ns, Reaching safepoint: 7653200 ns, At safepoint: 23200 ns, Total: 7676400 ns
[2020-06-08T02:49:29.176+0000][6][safepoint    ] Safepoint "Cleanup", Time since last: 1002144600 ns, Reaching safepoint: 892900 ns, At safepoint: 979000 ns, Total: 1871900 ns
[2020-06-08T02:49:29.618+0000][6][gc,start     ] GC(0) Pause Young (Normal) (G1 Evacuation Pause)
[2020-06-08T02:49:29.628+0000][6][gc,task      ] GC(0) Using 2 workers of 2 for evacuation
[2020-06-08T02:49:29.636+0000][6][gc,age       ] GC(0) Desired survivor size 3670016 bytes, new threshold 15 (max threshold 15)
[2020-06-08T02:49:29.726+0000][6][gc,age       ] GC(0) Age table with threshold 15 (max threshold 15)
[2020-06-08T02:49:29.726+0000][6][gc,age       ] GC(0) - age   1:    4895080 bytes,    4895080 total
[2020-06-08T02:49:29.728+0000][6][gc,phases    ] GC(0)   Pre Evacuate Collection Set: 3.5ms
[2020-06-08T02:49:29.729+0000][6][gc,phases    ] GC(0)   Merge Heap Roots: 0.5ms
[2020-06-08T02:49:29.729+0000][6][gc,phases    ] GC(0)   Evacuate Collection Set: 61.0ms
[2020-06-08T02:49:29.730+0000][6][gc,phases    ] GC(0)   Post Evacuate Collection Set: 22.4ms
[2020-06-08T02:49:29.730+0000][6][gc,phases    ] GC(0)   Other: 28.0ms
[2020-06-08T02:49:29.731+0000][6][gc,heap      ] GC(0) Eden regions: 51->0(46)
[2020-06-08T02:49:29.731+0000][6][gc,heap      ] GC(0) Survivor regions: 0->5(7)
[2020-06-08T02:49:29.731+0000][6][gc,heap      ] GC(0) Old regions: 0->0
[2020-06-08T02:49:29.732+0000][6][gc,heap      ] GC(0) Archive regions: 2->2
[2020-06-08T02:49:29.732+0000][6][gc,heap      ] GC(0) Humongous regions: 1->1
[2020-06-08T02:49:29.733+0000][6][gc,metaspace ] GC(0) Metaspace: 11619K(12160K)->11619K(12160K) NonClass: 10191K(10496K)->10191K(10496K) Class: 1427K(1664K)->1427K(1664K)
[2020-06-08T02:49:29.736+0000][6][gc           ] GC(0) Pause Young (Normal) (G1 Evacuation Pause) 52M->6M(1024M) 116.414ms
[2020-06-08T02:49:29.737+0000][6][gc,cpu       ] GC(0) User=0.04s Sys=0.02s Real=0.11s
[2020-06-08T02:49:29.747+0000][6][safepoint    ] Safepoint "G1CollectForAllocation", Time since last: 417073600 ns, Reaching safepoint: 13014200 ns, At safepoint: 140259800 ns, Total: 153274000 ns
[2020-06-08T02:49:30.836+0000][6][safepoint    ] Safepoint "Cleanup", Time since last: 1088640300 ns, Reaching safepoint: 1170400 ns, At safepoint: 72800 ns, Total: 1243200 ns
[2020-06-08T02:49:32.198+0000][6][safepoint    ] Safepoint "Cleanup", Time since last: 1360458100 ns, Reaching safepoint: 704300 ns, At safepoint: 23400 ns, Total: 727700 ns
[2020-06-08T02:49:33.206+0000][6][safepoint    ] Safepoint "Cleanup", Time since last: 1004276600 ns, Reaching safepoint: 3019800 ns, At safepoint: 612700 ns, Total: 3632500 ns
[2020-06-08T02:49:34.214+0000][6][safepoint    ] Safepoint "Cleanup", Time since last: 1004984600 ns, Reaching safepoint: 3407900 ns, At safepoint: 38700 ns, Total: 3446600 ns
[2020-06-08T02:49:35.220+0000][6][safepoint    ] Safepoint "Cleanup", Time since last: 1005493700 ns, Reaching safepoint: 290300 ns, At safepoint: 35900 ns, Total: 326200 ns
[2020-06-08T02:49:36.301+0000][6][safepoint    ] Safepoint "Cleanup", Time since last: 1050104200 ns, Reaching safepoint: 31240900 ns, At safepoint: 27000 ns, Total: 31267900 ns
[2020-06-08T02:49:37.166+0000][6][gc,start     ] GC(1) Pause Young (Normal) (G1 Evacuation Pause)
[2020-06-08T02:49:37.168+0000][6][gc,task      ] GC(1) Using 2 workers of 2 for evacuation
[2020-06-08T02:49:37.171+0000][6][gc,age       ] GC(1) Desired survivor size 3670016 bytes, new threshold 1 (max threshold 15)
[2020-06-08T02:49:37.473+0000][6][gc,age       ] GC(1) Age table with threshold 1 (max threshold 15)
[2020-06-08T02:49:37.474+0000][6][gc,age       ] GC(1) - age   1:    1915496 bytes,    1915496 total
[2020-06-08T02:49:37.479+0000][6][gc,mmu       ] GC(1) MMU target violated: 201.0ms (200.0ms/201.0ms)
[2020-06-08T02:49:37.480+0000][6][gc,phases    ] GC(1)   Pre Evacuate Collection Set: 5.4ms
[2020-06-08T02:49:37.480+0000][6][gc,phases    ] GC(1)   Merge Heap Roots: 0.9ms
[2020-06-08T02:49:37.481+0000][6][gc,phases    ] GC(1)   Evacuate Collection Set: 268.0ms
[2020-06-08T02:49:37.488+0000][6][gc,phases    ] GC(1)   Post Evacuate Collection Set: 25.1ms
[2020-06-08T02:49:37.492+0000][6][gc,phases    ] GC(1)   Other: 14.7ms
[2020-06-08T02:49:37.492+0000][6][gc,heap      ] GC(1) Eden regions: 46->0(49)
[2020-06-08T02:49:37.493+0000][6][gc,heap      ] GC(1) Survivor regions: 5->2(7)
[2020-06-08T02:49:37.493+0000][6][gc,heap      ] GC(1) Old regions: 0->5
[2020-06-08T02:49:37.494+0000][6][gc,heap      ] GC(1) Archive regions: 2->2
[2020-06-08T02:49:37.494+0000][6][gc,heap      ] GC(1) Humongous regions: 1->1
[2020-06-08T02:49:37.495+0000][6][gc,metaspace ] GC(1) Metaspace: 16589K(17408K)->16589K(17408K) NonClass: 14628K(15104K)->14628K(15104K) Class: 1961K(2304K)->1961K(2304K)
[2020-06-08T02:49:37.496+0000][6][gc           ] GC(1) Pause Young (Normal) (G1 Evacuation Pause) 52M->8M(1024M) 329.701ms
[2020-06-08T02:49:37.498+0000][6][gc,cpu       ] GC(1) User=0.07s Sys=0.06s Real=0.34s
[2020-06-08T02:49:37.499+0000][6][safepoint    ] Safepoint "G1CollectForAllocation", Time since last: 855634500 ns, Reaching safepoint: 9025000 ns, At safepoint: 333051100 ns, Total: 342076100 ns
[2020-06-08T02:49:37.515+0000][6][safepoint    ] Safepoint "BulkRevokeBias", Time since last: 12235800 ns, Reaching safepoint: 3822500 ns, At safepoint: 184200 ns, Total: 4006700 ns
[2020-06-08T02:49:38.613+0000][6][safepoint    ] Safepoint "Cleanup", Time since last: 1097664000 ns, Reaching safepoint: 247600 ns, At safepoint: 47100 ns, Total: 294700 ns
[2020-06-08T02:49:38.668+0000][6][gc,start     ] GC(2) Pause Young (Normal) (G1 Evacuation Pause)
[2020-06-08T02:49:38.669+0000][6][gc,task      ] GC(2) Using 2 workers of 2 for evacuation
[2020-06-08T02:49:38.670+0000][6][gc,age       ] GC(2) Desired survivor size 3670016 bytes, new threshold 15 (max threshold 15)
[2020-06-08T02:49:38.701+0000][6][gc,age       ] GC(2) Age table with threshold 15 (max threshold 15)
[2020-06-08T02:49:38.703+0000][6][gc,age       ] GC(2) - age   1:    3181704 bytes,    3181704 total
[2020-06-08T02:49:38.704+0000][6][gc,age       ] GC(2) - age   2:    1878368 bytes,    5060072 total
[2020-06-08T02:49:38.704+0000][6][gc,phases    ] GC(2)   Pre Evacuate Collection Set: 0.5ms
[2020-06-08T02:49:38.705+0000][6][gc,phases    ] GC(2)   Merge Heap Roots: 0.5ms
[2020-06-08T02:49:38.705+0000][6][gc,phases    ] GC(2)   Evacuate Collection Set: 27.5ms
[2020-06-08T02:49:38.706+0000][6][gc,phases    ] GC(2)   Post Evacuate Collection Set: 2.4ms
[2020-06-08T02:49:38.706+0000][6][gc,phases    ] GC(2)   Other: 5.4ms
[2020-06-08T02:49:38.707+0000][6][gc,heap      ] GC(2) Eden regions: 49->0(46)
[2020-06-08T02:49:38.707+0000][6][gc,heap      ] GC(2) Survivor regions: 2->5(7)
[2020-06-08T02:49:38.708+0000][6][gc,heap      ] GC(2) Old regions: 5->5
[2020-06-08T02:49:38.708+0000][6][gc,heap      ] GC(2) Archive regions: 2->2
[2020-06-08T02:49:38.709+0000][6][gc,heap      ] GC(2) Humongous regions: 2->1
[2020-06-08T02:49:38.709+0000][6][gc,metaspace ] GC(2) Metaspace: 17656K(18560K)->17656K(18560K) NonClass: 15508K(16128K)->15508K(16128K) Class: 2148K(2432K)->2148K(2432K)
[2020-06-08T02:49:38.710+0000][6][gc           ] GC(2) Pause Young (Normal) (G1 Evacuation Pause) 58M->11M(1024M) 42.018ms
[2020-06-08T02:49:38.711+0000][6][gc,cpu       ] GC(2) User=0.02s Sys=0.01s Real=0.04s
[2020-06-08T02:49:38.712+0000][6][safepoint    ] Safepoint "G1CollectForAllocation", Time since last: 52738000 ns, Reaching safepoint: 2196400 ns, At safepoint: 43654900 ns, Total: 45851300 ns
[2020-06-08T02:49:38.713+0000][6][safepoint    ] Safepoint "BulkRevokeBias", Time since last: 1453900 ns, Reaching safepoint: 239000 ns, At safepoint: 115900 ns, Total: 354900 ns
[2020-06-08T02:49:38.714+0000][6][safepoint    ] Safepoint "BulkRevokeBias", Time since last: 608100 ns, Reaching safepoint: 234500 ns, At safepoint: 118600 ns, Total: 353100 ns
[2020-06-08T02:49:39.719+0000][6][safepoint    ] Safepoint "Cleanup", Time since last: 1003941600 ns, Reaching safepoint: 400500 ns, At safepoint: 41600 ns, Total: 442100 ns
[2020-06-08T02:49:40.000+0000][6][gc,start     ] GC(3) Pause Young (Normal) (G1 Evacuation Pause)
[2020-06-08T02:49:40.004+0000][6][gc,task      ] GC(3) Using 2 workers of 2 for evacuation
[2020-06-08T02:49:40.005+0000][6][gc,age       ] GC(3) Desired survivor size 3670016 bytes, new threshold 2 (max threshold 15)
[2020-06-08T02:49:40.094+0000][6][gc,age       ] GC(3) Age table with threshold 2 (max threshold 15)
[2020-06-08T02:49:40.098+0000][6][gc,age       ] GC(3) - age   1:    3321080 bytes,    3321080 total
[2020-06-08T02:49:40.098+0000][6][gc,age       ] GC(3) - age   2:    1234592 bytes,    4555672 total
[2020-06-08T02:49:40.099+0000][6][gc,phases    ] GC(3)   Pre Evacuate Collection Set: 0.3ms
[2020-06-08T02:49:40.100+0000][6][gc,phases    ] GC(3)   Merge Heap Roots: 0.3ms
[2020-06-08T02:49:40.100+0000][6][gc,phases    ] GC(3)   Evacuate Collection Set: 83.5ms
[2020-06-08T02:49:40.101+0000][6][gc,phases    ] GC(3)   Post Evacuate Collection Set: 3.1ms
[2020-06-08T02:49:40.101+0000][6][gc,phases    ] GC(3)   Other: 11.9ms
[2020-06-08T02:49:40.102+0000][6][gc,heap      ] GC(3) Eden regions: 46->0(46)
[2020-06-08T02:49:40.102+0000][6][gc,heap      ] GC(3) Survivor regions: 5->5(7)
[2020-06-08T02:49:40.103+0000][6][gc,heap      ] GC(3) Old regions: 5->7
[2020-06-08T02:49:40.104+0000][6][gc,heap      ] GC(3) Archive regions: 2->2
[2020-06-08T02:49:40.104+0000][6][gc,heap      ] GC(3) Humongous regions: 1->1
[2020-06-08T02:49:40.105+0000][6][gc,metaspace ] GC(3) Metaspace: 19101K(20096K)->19101K(20096K) NonClass: 16782K(17408K)->16782K(17408K) Class: 2318K(2688K)->2318K(2688K)
[2020-06-08T02:49:40.106+0000][6][gc           ] GC(3) Pause Young (Normal) (G1 Evacuation Pause) 57M->12M(1024M) 106.023ms
[2020-06-08T02:49:40.107+0000][6][gc,cpu       ] GC(3) User=0.07s Sys=0.02s Real=0.10s
[2020-06-08T02:49:40.107+0000][6][safepoint    ] Safepoint "G1CollectForAllocation", Time since last: 281157300 ns, Reaching safepoint: 94700 ns, At safepoint: 107232400 ns, Total: 107327100 ns
[2020-06-08T02:49:40.603+0000][6][gc,start     ] GC(4) Pause Young (Normal) (G1 Evacuation Pause)
[2020-06-08T02:49:40.604+0000][6][gc,task      ] GC(4) Using 2 workers of 2 for evacuation
[2020-06-08T02:49:40.608+0000][6][gc,age       ] GC(4) Desired survivor size 3670016 bytes, new threshold 2 (max threshold 15)
[2020-06-08T02:49:40.633+0000][6][gc,age       ] GC(4) Age table with threshold 2 (max threshold 15)
[2020-06-08T02:49:40.634+0000][6][gc,age       ] GC(4) - age   1:     710224 bytes,     710224 total
[2020-06-08T02:49:40.634+0000][6][gc,age       ] GC(4) - age   2:    1316504 bytes,    2026728 total
[2020-06-08T02:49:40.635+0000][6][gc,phases    ] GC(4)   Pre Evacuate Collection Set: 0.4ms
[2020-06-08T02:49:40.635+0000][6][gc,phases    ] GC(4)   Merge Heap Roots: 0.3ms
[2020-06-08T02:49:40.636+0000][6][gc,phases    ] GC(4)   Evacuate Collection Set: 18.0ms
[2020-06-08T02:49:40.636+0000][6][gc,phases    ] GC(4)   Post Evacuate Collection Set: 5.3ms
[2020-06-08T02:49:40.637+0000][6][gc,phases    ] GC(4)   Other: 8.1ms
[2020-06-08T02:49:40.638+0000][6][gc,heap      ] GC(4) Eden regions: 46->0(76)
[2020-06-08T02:49:40.638+0000][6][gc,heap      ] GC(4) Survivor regions: 5->3(7)
[2020-06-08T02:49:40.638+0000][6][gc,heap      ] GC(4) Old regions: 7->8
[2020-06-08T02:49:40.639+0000][6][gc,heap      ] GC(4) Archive regions: 2->2
[2020-06-08T02:49:40.639+0000][6][gc,heap      ] GC(4) Humongous regions: 1->1
[2020-06-08T02:49:40.640+0000][6][gc,metaspace ] GC(4) Metaspace: 19166K(20096K)->19166K(20096K) NonClass: 16842K(17408K)->16842K(17408K) Class: 2323K(2688K)->2323K(2688K)
[2020-06-08T02:49:40.641+0000][6][gc           ] GC(4) Pause Young (Normal) (G1 Evacuation Pause) 58M->12M(1024M) 37.875ms
[2020-06-08T02:49:40.641+0000][6][gc,cpu       ] GC(4) User=0.02s Sys=0.01s Real=0.04s
[2020-06-08T02:49:40.650+0000][6][safepoint    ] Safepoint "G1CollectForAllocation", Time since last: 495270000 ns, Reaching safepoint: 278500 ns, At safepoint: 47127700 ns, Total: 47406200 ns
[2020-06-08T02:49:41.396+0000][6][gc,start     ] GC(5) Pause Young (Normal) (G1 Evacuation Pause)
[2020-06-08T02:49:41.397+0000][6][gc,task      ] GC(5) Using 2 workers of 2 for evacuation
[2020-06-08T02:49:41.397+0000][6][gc,age       ] GC(5) Desired survivor size 5242880 bytes, new threshold 15 (max threshold 15)
[2020-06-08T02:49:41.427+0000][6][gc,age       ] GC(5) Age table with threshold 15 (max threshold 15)
[2020-06-08T02:49:41.428+0000][6][gc,age       ] GC(5) - age   1:     876728 bytes,     876728 total
[2020-06-08T02:49:41.429+0000][6][gc,age       ] GC(5) - age   2:     104912 bytes,     981640 total
[2020-06-08T02:49:41.429+0000][6][gc,age       ] GC(5) - age   3:    1315976 bytes,    2297616 total
[2020-06-08T02:49:41.430+0000][6][gc,phases    ] GC(5)   Pre Evacuate Collection Set: 2.9ms
[2020-06-08T02:49:41.430+0000][6][gc,phases    ] GC(5)   Merge Heap Roots: 0.2ms
[2020-06-08T02:49:41.431+0000][6][gc,phases    ] GC(5)   Evacuate Collection Set: 9.5ms
[2020-06-08T02:49:41.431+0000][6][gc,phases    ] GC(5)   Post Evacuate Collection Set: 16.6ms
[2020-06-08T02:49:41.433+0000][6][gc,phases    ] GC(5)   Other: 4.7ms
[2020-06-08T02:49:41.433+0000][6][gc,heap      ] GC(5) Eden regions: 76->0(611)
[2020-06-08T02:49:41.435+0000][6][gc,heap      ] GC(5) Survivor regions: 3->3(10)
[2020-06-08T02:49:41.435+0000][6][gc,heap      ] GC(5) Old regions: 8->8
[2020-06-08T02:49:41.436+0000][6][gc,heap      ] GC(5) Archive regions: 2->2
[2020-06-08T02:49:41.437+0000][6][gc,heap      ] GC(5) Humongous regions: 1->1
[2020-06-08T02:49:41.438+0000][6][gc,metaspace ] GC(5) Metaspace: 19227K(20096K)->19227K(20096K) NonClass: 16898K(17408K)->16898K(17408K) Class: 2329K(2688K)->2329K(2688K)
[2020-06-08T02:49:41.439+0000][6][gc           ] GC(5) Pause Young (Normal) (G1 Evacuation Pause) 88M->11M(1024M) 42.740ms
[2020-06-08T02:49:41.439+0000][6][gc,cpu       ] GC(5) User=0.03s Sys=0.01s Real=0.05s
[2020-06-08T02:49:41.440+0000][6][safepoint    ] Safepoint "G1CollectForAllocation", Time since last: 741425900 ns, Reaching safepoint: 4421300 ns, At safepoint: 43909800 ns, Total: 48331100 ns
[2020-06-08T02:49:41.460+0000][6][safepoint    ] Safepoint "BulkRevokeBias", Time since last: 10206900 ns, Reaching safepoint: 10024200 ns, At safepoint: 171600 ns, Total: 10195800 ns
[2020-06-08T02:49:42.492+0000][6][safepoint    ] Safepoint "Cleanup", Time since last: 1029847000 ns, Reaching safepoint: 2068900 ns, At safepoint: 44600 ns, Total: 2113500 ns
[2020-06-08T02:49:43.698+0000][6][safepoint    ] Safepoint "Cleanup", Time since last: 1200197600 ns, Reaching safepoint: 5254900 ns, At safepoint: 21000 ns, Total: 5275900 ns
[2020-06-08T02:49:43.766+0000][6][gc,start     ] GC(6) Pause Young (Concurrent Start) (Metadata GC Threshold)
[2020-06-08T02:49:43.767+0000][6][gc,task      ] GC(6) Using 2 workers of 2 for evacuation
[2020-06-08T02:49:43.768+0000][6][gc,age       ] GC(6) Desired survivor size 40370176 bytes, new threshold 15 (max threshold 15)
[2020-06-08T02:49:43.818+0000][6][gc,age       ] GC(6) Age table with threshold 15 (max threshold 15)
[2020-06-08T02:49:43.820+0000][6][gc,age       ] GC(6) - age   1:    3478016 bytes,    3478016 total
[2020-06-08T02:49:43.820+0000][6][gc,age       ] GC(6) - age   2:     858656 bytes,    4336672 total
[2020-06-08T02:49:43.821+0000][6][gc,age       ] GC(6) - age   3:     104848 bytes,    4441520 total
[2020-06-08T02:49:43.829+0000][6][gc,age       ] GC(6) - age   4:    1314992 bytes,    5756512 total
[2020-06-08T02:49:43.830+0000][6][gc,phases    ] GC(6)   Pre Evacuate Collection Set: 0.4ms
[2020-06-08T02:49:43.831+0000][6][gc,phases    ] GC(6)   Merge Heap Roots: 0.2ms
[2020-06-08T02:49:43.832+0000][6][gc,phases    ] GC(6)   Evacuate Collection Set: 41.6ms
[2020-06-08T02:49:43.833+0000][6][gc,phases    ] GC(6)   Post Evacuate Collection Set: 6.3ms
[2020-06-08T02:49:43.835+0000][6][gc,phases    ] GC(6)   Other: 15.8ms
[2020-06-08T02:49:43.836+0000][6][gc,heap      ] GC(6) Eden regions: 245->0(246)
[2020-06-08T02:49:43.838+0000][6][gc,heap      ] GC(6) Survivor regions: 3->7(77)
[2020-06-08T02:49:43.839+0000][6][gc,heap      ] GC(6) Old regions: 8->8
[2020-06-08T02:49:43.839+0000][6][gc,heap      ] GC(6) Archive regions: 2->2
[2020-06-08T02:49:43.840+0000][6][gc,heap      ] GC(6) Humongous regions: 1->1
[2020-06-08T02:49:43.840+0000][6][gc,metaspace ] GC(6) Metaspace: 20016K(21248K)->20016K(21248K) NonClass: 17573K(18432K)->17573K(18432K) Class: 2442K(2816K)->2442K(2816K)
[2020-06-08T02:49:43.841+0000][6][gc           ] GC(6) Pause Young (Concurrent Start) (Metadata GC Threshold) 256M->15M(1024M) 74.776ms
[2020-06-08T02:49:43.841+0000][6][gc,cpu       ] GC(6) User=0.06s Sys=0.03s Real=0.08s
[2020-06-08T02:49:43.842+0000][6][safepoint    ] Safepoint "CollectForMetadataAllocation", Time since last: 67748600 ns, Reaching safepoint: 447500 ns, At safepoint: 76355400 ns, Total: 76802900 ns
[2020-06-08T02:49:43.842+0000][6][gc           ] GC(7) Concurrent Cycle
[2020-06-08T02:49:43.844+0000][6][gc,marking   ] GC(7) Concurrent Clear Claimed Marks
[2020-06-08T02:49:43.847+0000][6][gc,marking   ] GC(7) Concurrent Clear Claimed Marks 3.137ms
[2020-06-08T02:49:43.850+0000][6][gc,marking   ] GC(7) Concurrent Scan Root Regions
[2020-06-08T02:49:43.917+0000][6][gc,marking   ] GC(7) Concurrent Scan Root Regions 66.917ms
[2020-06-08T02:49:43.918+0000][6][gc,marking   ] GC(7) Concurrent Mark (29.372s)
[2020-06-08T02:49:43.922+0000][6][gc,marking   ] GC(7) Concurrent Mark From Roots
[2020-06-08T02:49:43.922+0000][6][gc,task      ] GC(7) Using 1 workers of 1 for marking
[2020-06-08T02:49:43.917+0000][6][safepoint    ] Safepoint "BulkRevokeBias", Time since last: 60875000 ns, Reaching safepoint: 14123900 ns, At safepoint: 201000 ns, Total: 14324900 ns
[2020-06-08T02:49:43.941+0000][6][safepoint    ] Safepoint "BulkRevokeBias", Time since last: 11636300 ns, Reaching safepoint: 12277300 ns, At safepoint: 278100 ns, Total: 12555400 ns
[2020-06-08T02:49:44.044+0000][6][gc,marking   ] GC(7) Concurrent Mark From Roots 122.773ms
[2020-06-08T02:49:44.063+0000][6][gc,marking   ] GC(7) Concurrent Preclean
[2020-06-08T02:49:44.065+0000][6][gc,marking   ] GC(7) Concurrent Preclean 2.226ms
[2020-06-08T02:49:44.066+0000][6][gc,marking   ] GC(7) Concurrent Mark (29.372s, 29.520s) 147.636ms
[2020-06-08T02:49:44.068+0000][6][gc,start     ] GC(7) Pause Remark
[2020-06-08T02:49:44.083+0000][6][gc           ] GC(7) Pause Remark 17M->17M(1024M) 14.995ms
[2020-06-08T02:49:44.084+0000][6][gc,cpu       ] GC(7) User=0.01s Sys=0.00s Real=0.01s
[2020-06-08T02:49:44.085+0000][6][safepoint    ] Safepoint "G1Concurrent", Time since last: 126646900 ns, Reaching safepoint: 284200 ns, At safepoint: 16097000 ns, Total: 16381200 ns
[2020-06-08T02:49:44.086+0000][6][gc,marking   ] GC(7) Concurrent Rebuild Remembered Sets
[2020-06-08T02:49:44.122+0000][6][gc,marking   ] GC(7) Concurrent Rebuild Remembered Sets 36.239ms
[2020-06-08T02:49:44.123+0000][6][gc,start     ] GC(7) Pause Cleanup
[2020-06-08T02:49:44.124+0000][6][gc           ] GC(7) Pause Cleanup 19M->19M(1024M) 0.834ms
[2020-06-08T02:49:44.125+0000][6][gc,cpu       ] GC(7) User=0.00s Sys=0.00s Real=0.00s
[2020-06-08T02:49:44.125+0000][6][safepoint    ] Safepoint "G1Concurrent", Time since last: 38334600 ns, Reaching safepoint: 583700 ns, At safepoint: 1829100 ns, Total: 2412800 ns
[2020-06-08T02:49:44.131+0000][6][gc,marking   ] GC(7) Concurrent Cleanup for Next Mark
[2020-06-08T02:49:44.135+0000][6][gc,marking   ] GC(7) Concurrent Cleanup for Next Mark 3.676ms
[2020-06-08T02:49:44.138+0000][6][gc           ] GC(7) Concurrent Cycle 295.714ms
[2020-06-08T02:49:45.097+0000][6][safepoint    ] Safepoint "Cleanup", Time since last: 1005818200 ns, Reaching safepoint: 130500 ns, At safepoint: 8900 ns, Total: 139400 ns
[2020-06-08T02:49:46.103+0000][6][safepoint    ] Safepoint "Cleanup", Time since last: 1001043000 ns, Reaching safepoint: 4112000 ns, At safepoint: 19400 ns, Total: 4131400 ns
[2020-06-08T02:49:46.928+0000][6][gc,start     ] GC(8) Pause Young (Normal) (G1 Evacuation Pause)
[2020-06-08T02:49:46.929+0000][6][gc,task      ] GC(8) Using 2 workers of 2 for evacuation
[2020-06-08T02:49:46.930+0000][6][gc,age       ] GC(8) Desired survivor size 16777216 bytes, new threshold 15 (max threshold 15)
[2020-06-08T02:49:47.017+0000][6][gc,age       ] GC(8) Age table with threshold 15 (max threshold 15)
[2020-06-08T02:49:47.018+0000][6][gc,age       ] GC(8) - age   1:    1494888 bytes,    1494888 total
[2020-06-08T02:49:47.019+0000][6][gc,age       ] GC(8) - age   2:    3449560 bytes,    4944448 total
[2020-06-08T02:49:47.021+0000][6][gc,age       ] GC(8) - age   3:     858656 bytes,    5803104 total
[2020-06-08T02:49:47.024+0000][6][gc,age       ] GC(8) - age   4:     104848 bytes,    5907952 total
[2020-06-08T02:49:47.025+0000][6][gc,age       ] GC(8) - age   5:    1310640 bytes,    7218592 total
[2020-06-08T02:49:47.026+0000][6][gc,phases    ] GC(8)   Pre Evacuate Collection Set: 0.7ms
[2020-06-08T02:49:47.027+0000][6][gc,phases    ] GC(8)   Merge Heap Roots: 0.5ms
[2020-06-08T02:49:47.028+0000][6][gc,phases    ] GC(8)   Evacuate Collection Set: 59.2ms
[2020-06-08T02:49:47.028+0000][6][gc,phases    ] GC(8)   Post Evacuate Collection Set: 22.7ms
[2020-06-08T02:49:47.029+0000][6][gc,phases    ] GC(8)   Other: 17.3ms
[2020-06-08T02:49:47.029+0000][6][gc,heap      ] GC(8) Eden regions: 248->0(480)
[2020-06-08T02:49:47.032+0000][6][gc,heap      ] GC(8) Survivor regions: 7->8(32)
[2020-06-08T02:49:47.035+0000][6][gc,heap      ] GC(8) Old regions: 8->8
[2020-06-08T02:49:47.038+0000][6][gc,heap      ] GC(8) Archive regions: 2->2
[2020-06-08T02:49:47.039+0000][6][gc,heap      ] GC(8) Humongous regions: 1->1
[2020-06-08T02:49:47.039+0000][6][gc,metaspace ] GC(8) Metaspace: 21314K(22784K)->21314K(22784K) NonClass: 18713K(19712K)->18713K(19712K) Class: 2600K(3072K)->2600K(3072K)
[2020-06-08T02:49:47.040+0000][6][gc           ] GC(8) Pause Young (Normal) (G1 Evacuation Pause) 263M->16M(1024M) 112.594ms
[2020-06-08T02:49:47.046+0000][6][gc,cpu       ] GC(8) User=0.09s Sys=0.03s Real=0.12s
[2020-06-08T02:49:47.047+0000][6][safepoint    ] Safepoint "G1CollectForAllocation", Time since last: 821803900 ns, Reaching safepoint: 843400 ns, At safepoint: 121643300 ns, Total: 122486700 ns
[2020-06-08T02:49:48.054+0000][6][safepoint    ] Safepoint "Cleanup", Time since last: 1000905600 ns, Reaching safepoint: 5784800 ns, At safepoint: 56500 ns, Total: 5841300 ns
[2020-06-08T02:49:49.061+0000][6][safepoint    ] Safepoint "Cleanup", Time since last: 1001365500 ns, Reaching safepoint: 6440600 ns, At safepoint: 47000 ns, Total: 6487600 ns
[2020-06-08T02:49:50.067+0000][6][safepoint    ] Safepoint "Cleanup", Time since last: 1005603200 ns, Reaching safepoint: 314500 ns, At safepoint: 45500 ns, Total: 360000 ns
[2020-06-08T02:49:50.201+0000][6][gc,start     ] GC(9) Pause Young (Normal) (G1 Evacuation Pause)
[2020-06-08T02:49:50.202+0000][6][gc,task      ] GC(9) Using 2 workers of 2 for evacuation
[2020-06-08T02:49:50.202+0000][6][gc,age       ] GC(9) Desired survivor size 31981568 bytes, new threshold 15 (max threshold 15)
[2020-06-08T02:49:50.288+0000][6][gc,age       ] GC(9) Age table with threshold 15 (max threshold 15)
[2020-06-08T02:49:50.289+0000][6][gc,age       ] GC(9) - age   1:    2878248 bytes,    2878248 total
[2020-06-08T02:49:50.290+0000][6][gc,age       ] GC(9) - age   2:    1254632 bytes,    4132880 total
[2020-06-08T02:49:50.293+0000][6][gc,age       ] GC(9) - age   3:    3448440 bytes,    7581320 total
[2020-06-08T02:49:50.294+0000][6][gc,age       ] GC(9) - age   4:     857616 bytes,    8438936 total
[2020-06-08T02:49:50.295+0000][6][gc,age       ] GC(9) - age   5:     104848 bytes,    8543784 total
[2020-06-08T02:49:50.296+0000][6][gc,age       ] GC(9) - age   6:    1310640 bytes,    9854424 total
[2020-06-08T02:49:50.303+0000][6][gc,phases    ] GC(9)   Pre Evacuate Collection Set: 0.3ms
[2020-06-08T02:49:50.304+0000][6][gc,phases    ] GC(9)   Merge Heap Roots: 0.6ms
[2020-06-08T02:49:50.305+0000][6][gc,phases    ] GC(9)   Evacuate Collection Set: 65.2ms
[2020-06-08T02:49:50.307+0000][6][gc,phases    ] GC(9)   Post Evacuate Collection Set: 18.7ms
[2020-06-08T02:49:50.309+0000][6][gc,phases    ] GC(9)   Other: 17.4ms
[2020-06-08T02:49:50.310+0000][6][gc,heap      ] GC(9) Eden regions: 480->0(604)
[2020-06-08T02:49:50.316+0000][6][gc,heap      ] GC(9) Survivor regions: 8->10(61)
[2020-06-08T02:49:50.317+0000][6][gc,heap      ] GC(9) Old regions: 8->8
[2020-06-08T02:49:50.319+0000][6][gc,heap      ] GC(9) Archive regions: 2->2
[2020-06-08T02:49:50.319+0000][6][gc,heap      ] GC(9) Humongous regions: 1->1
[2020-06-08T02:49:50.320+0000][6][gc,metaspace ] GC(9) Metaspace: 21708K(23296K)->21708K(23296K) NonClass: 19030K(20224K)->19030K(20224K) Class: 2677K(3072K)->2677K(3072K)
[2020-06-08T02:49:50.321+0000][6][gc           ] GC(9) Pause Young (Normal) (G1 Evacuation Pause) 496M->19M(1024M) 119.931ms
[2020-06-08T02:49:50.322+0000][6][gc,cpu       ] GC(9) User=0.07s Sys=0.05s Real=0.12s
[2020-06-08T02:49:50.323+0000][6][safepoint    ] Safepoint "G1CollectForAllocation", Time since last: 130132300 ns, Reaching safepoint: 3485600 ns, At safepoint: 121493400 ns, Total: 124979000 ns
[2020-06-08T02:49:51.633+0000][6][safepoint    ] Safepoint "Cleanup", Time since last: 1306156600 ns, Reaching safepoint: 3778500 ns, At safepoint: 28200 ns, Total: 3806700 ns
[2020-06-08T02:49:52.634+0000][6][safepoint    ] Safepoint "Cleanup", Time since last: 1000852100 ns, Reaching safepoint: 627700 ns, At safepoint: 17800 ns, Total: 645500 ns
[2020-06-08T02:49:53.642+0000][6][safepoint    ] Safepoint "Cleanup", Time since last: 1006004300 ns, Reaching safepoint: 2029900 ns, At safepoint: 18600 ns, Total: 2048500 ns
[2020-06-08T02:49:54.866+0000][6][safepoint    ] Safepoint "Cleanup", Time since last: 1221389700 ns, Reaching safepoint: 3001100 ns, At safepoint: 48000 ns, Total: 3049100 ns
[2020-06-08T02:49:55.868+0000][6][safepoint    ] Safepoint "Cleanup", Time since last: 1000819100 ns, Reaching safepoint: 787700 ns, At safepoint: 32400 ns, Total: 820100 ns
[2020-06-08T02:49:56.870+0000][6][safepoint    ] Safepoint "Cleanup", Time since last: 1001064900 ns, Reaching safepoint: 361400 ns, At safepoint: 16900 ns, Total: 378300 ns
[2020-06-08T02:49:57.871+0000][6][safepoint    ] Safepoint "Cleanup", Time since last: 1000814900 ns, Reaching safepoint: 533500 ns, At safepoint: 10300 ns, Total: 543800 ns
[2020-06-08T02:49:58.872+0000][6][safepoint    ] Safepoint "Cleanup", Time since last: 1000901100 ns, Reaching safepoint: 515200 ns, At safepoint: 13800 ns, Total: 529000 ns
[2020-06-08T02:49:59.301+0000][6][gc,start     ] GC(10) Pause Young (Concurrent Start) (Metadata GC Threshold)
[2020-06-08T02:49:59.302+0000][6][gc,task      ] GC(10) Using 2 workers of 2 for evacuation
[2020-06-08T02:49:59.303+0000][6][gc,age       ] GC(10) Desired survivor size 40370176 bytes, new threshold 15 (max threshold 15)
[2020-06-08T02:49:59.381+0000][6][gc,age       ] GC(10) Age table with threshold 15 (max threshold 15)
[2020-06-08T02:49:59.382+0000][6][gc,age       ] GC(10) - age   1:   28720984 bytes,   28720984 total
[2020-06-08T02:49:59.382+0000][6][gc,age       ] GC(10) - age   2:    1892800 bytes,   30613784 total
[2020-06-08T02:49:59.383+0000][6][gc,age       ] GC(10) - age   3:    1241024 bytes,   31854808 total
[2020-06-08T02:49:59.383+0000][6][gc,age       ] GC(10) - age   4:    3433512 bytes,   35288320 total
[2020-06-08T02:49:59.384+0000][6][gc,age       ] GC(10) - age   5:     857288 bytes,   36145608 total
[2020-06-08T02:49:59.384+0000][6][gc,age       ] GC(10) - age   6:     104496 bytes,   36250104 total
[2020-06-08T02:49:59.384+0000][6][gc,age       ] GC(10) - age   7:    1308488 bytes,   37558592 total
[2020-06-08T02:49:59.385+0000][6][gc,phases    ] GC(10)   Pre Evacuate Collection Set: 0.6ms
[2020-06-08T02:49:59.386+0000][6][gc,phases    ] GC(10)   Merge Heap Roots: 0.4ms
[2020-06-08T02:49:59.387+0000][6][gc,phases    ] GC(10)   Evacuate Collection Set: 69.9ms
[2020-06-08T02:49:59.387+0000][6][gc,phases    ] GC(10)   Post Evacuate Collection Set: 6.1ms
[2020-06-08T02:49:59.387+0000][6][gc,phases    ] GC(10)   Other: 6.7ms
[2020-06-08T02:49:59.388+0000][6][gc,heap      ] GC(10) Eden regions: 299->0(221)
[2020-06-08T02:49:59.388+0000][6][gc,heap      ] GC(10) Survivor regions: 10->37(77)
[2020-06-08T02:49:59.389+0000][6][gc,heap      ] GC(10) Old regions: 8->8
[2020-06-08T02:49:59.389+0000][6][gc,heap      ] GC(10) Archive regions: 2->2
[2020-06-08T02:49:59.390+0000][6][gc,heap      ] GC(10) Humongous regions: 1->1
[2020-06-08T02:49:59.390+0000][6][gc,metaspace ] GC(10) Metaspace: 32832K(35628K)->32832K(35628K) NonClass: 28525K(30380K)->28525K(30380K) Class: 4307K(5248K)->4307K(5248K)
[2020-06-08T02:49:59.391+0000][6][gc           ] GC(10) Pause Young (Concurrent Start) (Metadata GC Threshold) 318M->46M(1024M) 89.135ms
[2020-06-08T02:49:59.391+0000][6][gc,cpu       ] GC(10) User=0.13s Sys=0.02s Real=0.09s
[2020-06-08T02:49:59.391+0000][6][gc           ] GC(11) Concurrent Cycle
[2020-06-08T02:49:59.392+0000][6][gc,marking   ] GC(11) Concurrent Clear Claimed Marks
[2020-06-08T02:49:59.393+0000][6][gc,marking   ] GC(11) Concurrent Clear Claimed Marks 0.757ms
[2020-06-08T02:49:59.394+0000][6][gc,marking   ] GC(11) Concurrent Scan Root Regions
[2020-06-08T02:49:59.405+0000][6][safepoint    ] Safepoint "CollectForMetadataAllocation", Time since last: 428773300 ns, Reaching safepoint: 136100 ns, At safepoint: 104018600 ns, Total: 104154700 ns
[2020-06-08T02:49:59.471+0000][6][gc,marking   ] GC(11) Concurrent Scan Root Regions 77.319ms
[2020-06-08T02:49:59.472+0000][6][gc,marking   ] GC(11) Concurrent Mark (44.959s)
[2020-06-08T02:49:59.472+0000][6][gc,marking   ] GC(11) Concurrent Mark From Roots
[2020-06-08T02:49:59.473+0000][6][gc,task      ] GC(11) Using 1 workers of 1 for marking
[2020-06-08T02:49:59.492+0000][6][safepoint    ] Safepoint "CollectForMetadataAllocation", Time since last: 84987400 ns, Reaching safepoint: 1122300 ns, At safepoint: 176200 ns, Total: 1298500 ns
[2020-06-08T02:49:59.509+0000][6][gc,marking   ] GC(11) Concurrent Mark From Roots 36.213ms
[2020-06-08T02:49:59.509+0000][6][gc,marking   ] GC(11) Concurrent Preclean
[2020-06-08T02:49:59.510+0000][6][gc,marking   ] GC(11) Concurrent Preclean 0.924ms
[2020-06-08T02:49:59.511+0000][6][gc,marking   ] GC(11) Concurrent Mark (44.959s, 44.998s) 38.625ms
[2020-06-08T02:49:59.511+0000][6][gc,start     ] GC(11) Pause Remark
[2020-06-08T02:49:59.519+0000][6][gc           ] GC(11) Pause Remark 48M->48M(1024M) 7.980ms
[2020-06-08T02:49:59.520+0000][6][gc,cpu       ] GC(11) User=0.01s Sys=0.00s Real=0.01s
[2020-06-08T02:49:59.521+0000][6][safepoint    ] Safepoint "G1Concurrent", Time since last: 19755800 ns, Reaching safepoint: 130900 ns, At safepoint: 9502200 ns, Total: 9633100 ns
[2020-06-08T02:49:59.521+0000][6][gc,marking   ] GC(11) Concurrent Rebuild Remembered Sets
[2020-06-08T02:49:59.550+0000][6][gc,marking   ] GC(11) Concurrent Rebuild Remembered Sets 28.676ms
[2020-06-08T02:49:59.552+0000][6][gc,start     ] GC(11) Pause Cleanup
[2020-06-08T02:49:59.554+0000][6][gc           ] GC(11) Pause Cleanup 49M->49M(1024M) 1.623ms
[2020-06-08T02:49:59.554+0000][6][gc,cpu       ] GC(11) User=0.00s Sys=0.00s Real=0.01s
[2020-06-08T02:49:59.555+0000][6][safepoint    ] Safepoint "G1Concurrent", Time since last: 30074500 ns, Reaching safepoint: 740300 ns, At safepoint: 3371700 ns, Total: 4112000 ns
[2020-06-08T02:49:59.556+0000][6][gc,marking   ] GC(11) Concurrent Cleanup for Next Mark
[2020-06-08T02:49:59.565+0000][6][gc,marking   ] GC(11) Concurrent Cleanup for Next Mark 9.472ms
[2020-06-08T02:49:59.566+0000][6][gc           ] GC(11) Concurrent Cycle 174.346ms
[2020-06-08T02:50:01.286+0000][6][safepoint    ] Safepoint "Cleanup", Time since last: 1730774100 ns, Reaching safepoint: 277700 ns, At safepoint: 15800 ns, Total: 293500 ns
[2020-06-08T02:50:02.456+0000][6][safepoint    ] Safepoint "Cleanup", Time since last: 1169124100 ns, Reaching safepoint: 684800 ns, At safepoint: 22500 ns, Total: 707300 ns
[2020-06-08T02:50:03.458+0000][6][safepoint    ] Safepoint "Cleanup", Time since last: 1001377700 ns, Reaching safepoint: 615500 ns, At safepoint: 18100 ns, Total: 633600 ns
[2020-06-08T02:50:05.276+0000][6][safepoint    ] Safepoint "Cleanup", Time since last: 1816995600 ns, Reaching safepoint: 590800 ns, At safepoint: 21100 ns, Total: 611900 ns
[2020-06-08T02:50:05.620+0000][6][gc,start     ] GC(12) Pause Young (Concurrent Start) (G1 Evacuation Pause)
[2020-06-08T02:50:05.621+0000][6][gc,task      ] GC(12) Using 2 workers of 2 for evacuation
[2020-06-08T02:50:05.622+0000][6][gc,age       ] GC(12) Desired survivor size 17301504 bytes, new threshold 1 (max threshold 15)
[2020-06-08T02:50:06.236+0000][6][gc,age       ] GC(12) Age table with threshold 1 (max threshold 15)
[2020-06-08T02:50:06.237+0000][6][gc,age       ] GC(12) - age   1:    7060792 bytes,    7060792 total
[2020-06-08T02:50:06.237+0000][6][gc,mmu       ] GC(12) MMU target violated: 201.0ms (200.0ms/201.0ms)
[2020-06-08T02:50:06.238+0000][6][gc,phases    ] GC(12)   Pre Evacuate Collection Set: 0.7ms
[2020-06-08T02:50:06.238+0000][6][gc,phases    ] GC(12)   Merge Heap Roots: 0.4ms
[2020-06-08T02:50:06.239+0000][6][gc,phases    ] GC(12)   Evacuate Collection Set: 607.6ms
[2020-06-08T02:50:06.239+0000][6][gc,phases    ] GC(12)   Post Evacuate Collection Set: 5.1ms
[2020-06-08T02:50:06.240+0000][6][gc,phases    ] GC(12)   Other: 4.3ms
[2020-06-08T02:50:06.240+0000][6][gc,heap      ] GC(12) Eden regions: 221->0(149)
[2020-06-08T02:50:06.241+0000][6][gc,heap      ] GC(12) Survivor regions: 37->8(33)
[2020-06-08T02:50:06.241+0000][6][gc,heap      ] GC(12) Old regions: 8->45
[2020-06-08T02:50:06.242+0000][6][gc,heap      ] GC(12) Archive regions: 2->2
[2020-06-08T02:50:06.243+0000][6][gc,heap      ] GC(12) Humongous regions: 1->1
[2020-06-08T02:50:06.243+0000][6][gc,metaspace ] GC(12) Metaspace: 48889K(53376K)->48889K(53376K) NonClass: 42319K(45056K)->42319K(45056K) Class: 6569K(8320K)->6569K(8320K)
[2020-06-08T02:50:06.244+0000][6][gc           ] GC(12) Pause Young (Concurrent Start) (G1 Evacuation Pause) 267M->53M(1024M) 623.714ms
[2020-06-08T02:50:06.244+0000][6][gc,cpu       ] GC(12) User=0.27s Sys=0.28s Real=0.63s
[2020-06-08T02:50:06.245+0000][6][safepoint    ] Safepoint "G1CollectForAllocation", Time since last: 343703400 ns, Reaching safepoint: 377100 ns, At safepoint: 625184100 ns, Total: 625561200 ns
[2020-06-08T02:50:06.245+0000][6][gc           ] GC(13) Concurrent Cycle
[2020-06-08T02:50:06.251+0000][6][gc,marking   ] GC(13) Concurrent Clear Claimed Marks
[2020-06-08T02:50:06.252+0000][6][gc,marking   ] GC(13) Concurrent Clear Claimed Marks 0.989ms
[2020-06-08T02:50:06.252+0000][6][gc,marking   ] GC(13) Concurrent Scan Root Regions
[2020-06-08T02:50:06.364+0000][6][safepoint    ] Safepoint "BulkRevokeBias", Time since last: 118728900 ns, Reaching safepoint: 110100 ns, At safepoint: 116100 ns, Total: 226200 ns
[2020-06-08T02:50:06.405+0000][6][gc,marking   ] GC(13) Concurrent Scan Root Regions 152.716ms
[2020-06-08T02:50:06.406+0000][6][gc,marking   ] GC(13) Concurrent Mark (51.893s)
[2020-06-08T02:50:06.406+0000][6][gc,marking   ] GC(13) Concurrent Mark From Roots
[2020-06-08T02:50:06.407+0000][6][gc,task      ] GC(13) Using 1 workers of 1 for marking
[2020-06-08T02:50:06.469+0000][6][gc,marking   ] GC(13) Concurrent Mark From Roots 63.164ms
[2020-06-08T02:50:06.470+0000][6][gc,marking   ] GC(13) Concurrent Preclean
[2020-06-08T02:50:06.471+0000][6][gc,marking   ] GC(13) Concurrent Preclean 0.590ms
[2020-06-08T02:50:06.471+0000][6][gc,marking   ] GC(13) Concurrent Mark (51.893s, 51.959s) 65.478ms
[2020-06-08T02:50:06.472+0000][6][gc,start     ] GC(13) Pause Remark
[2020-06-08T02:50:06.485+0000][6][gc           ] GC(13) Pause Remark 63M->63M(1024M) 13.037ms
[2020-06-08T02:50:06.486+0000][6][gc,cpu       ] GC(13) User=0.02s Sys=0.00s Real=0.02s
[2020-06-08T02:50:06.487+0000][6][safepoint    ] Safepoint "G1Concurrent", Time since last: 107807600 ns, Reaching safepoint: 497800 ns, At safepoint: 15067200 ns, Total: 15565000 ns
[2020-06-08T02:50:06.489+0000][6][gc,marking   ] GC(13) Concurrent Rebuild Remembered Sets
[2020-06-08T02:50:06.625+0000][6][gc,marking   ] GC(13) Concurrent Rebuild Remembered Sets 135.855ms
[2020-06-08T02:50:06.629+0000][6][gc,start     ] GC(13) Pause Cleanup
[2020-06-08T02:50:06.630+0000][6][gc           ] GC(13) Pause Cleanup 68M->68M(1024M) 1.205ms
[2020-06-08T02:50:06.631+0000][6][gc,cpu       ] GC(13) User=0.01s Sys=0.00s Real=0.00s
[2020-06-08T02:50:06.632+0000][6][safepoint    ] Safepoint "G1Concurrent", Time since last: 138268700 ns, Reaching safepoint: 3350500 ns, At safepoint: 3056100 ns, Total: 6406600 ns
[2020-06-08T02:50:06.632+0000][6][gc,marking   ] GC(13) Concurrent Cleanup for Next Mark
[2020-06-08T02:50:06.638+0000][6][gc,marking   ] GC(13) Concurrent Cleanup for Next Mark 5.129ms
[2020-06-08T02:50:06.638+0000][6][gc           ] GC(13) Concurrent Cycle 393.135ms
[2020-06-08T02:50:07.881+0000][6][safepoint    ] Safepoint "Cleanup", Time since last: 1246530000 ns, Reaching safepoint: 1976300 ns, At safepoint: 64000 ns, Total: 2040300 ns
[2020-06-08T02:50:08.410+0000][6][safepoint    ] Safepoint "BulkRevokeBias", Time since last: 528642800 ns, Reaching safepoint: 400000 ns, At safepoint: 194100 ns, Total: 594100 ns
[2020-06-08T02:50:08.439+0000][6][safepoint    ] Safepoint "BulkRevokeBias", Time since last: 28879800 ns, Reaching safepoint: 451000 ns, At safepoint: 349300 ns, Total: 800300 ns
[2020-06-08T02:50:08.459+0000][6][safepoint    ] Safepoint "BulkRevokeBias", Time since last: 18816800 ns, Reaching safepoint: 709900 ns, At safepoint: 170200 ns, Total: 880100 ns
[2020-06-08T02:50:09.836+0000][6][safepoint    ] Safepoint "Cleanup", Time since last: 1376185200 ns, Reaching safepoint: 410500 ns, At safepoint: 13400 ns, Total: 423900 ns
[2020-06-08T02:50:10.659+0000][6][gc,start     ] GC(14) Pause Young (Normal) (G1 Evacuation Pause)
[2020-06-08T02:50:10.660+0000][6][gc,task      ] GC(14) Using 2 workers of 2 for evacuation
[2020-06-08T02:50:10.660+0000][6][gc,age       ] GC(14) Desired survivor size 11534336 bytes, new threshold 15 (max threshold 15)
[2020-06-08T02:50:10.694+0000][6][gc,age       ] GC(14) Age table with threshold 15 (max threshold 15)
[2020-06-08T02:50:10.694+0000][6][gc,age       ] GC(14) - age   1:    4214840 bytes,    4214840 total
[2020-06-08T02:50:10.695+0000][6][gc,age       ] GC(14) - age   2:    6818528 bytes,   11033368 total
[2020-06-08T02:50:10.695+0000][6][gc,phases    ] GC(14)   Pre Evacuate Collection Set: 0.4ms
[2020-06-08T02:50:10.696+0000][6][gc,phases    ] GC(14)   Merge Heap Roots: 0.5ms
[2020-06-08T02:50:10.696+0000][6][gc,phases    ] GC(14)   Evacuate Collection Set: 27.3ms
[2020-06-08T02:50:10.697+0000][6][gc,phases    ] GC(14)   Post Evacuate Collection Set: 4.1ms
[2020-06-08T02:50:10.697+0000][6][gc,phases    ] GC(14)   Other: 3.8ms
[2020-06-08T02:50:10.698+0000][6][gc,heap      ] GC(14) Eden regions: 166->0(219)
[2020-06-08T02:50:10.698+0000][6][gc,heap      ] GC(14) Survivor regions: 8->11(22)
[2020-06-08T02:50:10.698+0000][6][gc,heap      ] GC(14) Old regions: 45->45
[2020-06-08T02:50:10.699+0000][6][gc,heap      ] GC(14) Archive regions: 2->2
[2020-06-08T02:50:10.699+0000][6][gc,heap      ] GC(14) Humongous regions: 1->1
[2020-06-08T02:50:10.700+0000][6][gc,metaspace ] GC(14) Metaspace: 60422K(65408K)->60422K(65408K) NonClass: 52137K(55040K)->52137K(55040K) Class: 8284K(10368K)->8284K(10368K)
[2020-06-08T02:50:10.700+0000][6][gc           ] GC(14) Pause Young (Normal) (G1 Evacuation Pause) 219M->57M(1024M) 41.054ms
[2020-06-08T02:50:10.701+0000][6][gc,cpu       ] GC(14) User=0.05s Sys=0.01s Real=0.04s
[2020-06-08T02:50:10.703+0000][6][safepoint    ] Safepoint "G1CollectForAllocation", Time since last: 822286000 ns, Reaching safepoint: 1170200 ns, At safepoint: 43934900 ns, Total: 45105100 ns
[2020-06-08T02:50:10.993+0000][6][safepoint    ] Safepoint "BulkRevokeBias", Time since last: 289439200 ns, Reaching safepoint: 381300 ns, At safepoint: 115200 ns, Total: 496500 ns
[2020-06-08T02:50:12.677+0000][6][safepoint    ] Safepoint "Cleanup", Time since last: 1677818800 ns, Reaching safepoint: 5722900 ns, At safepoint: 58200 ns, Total: 5781100 ns
[2020-06-08T02:50:13.679+0000][6][safepoint    ] Safepoint "Cleanup", Time since last: 1001642300 ns, Reaching safepoint: 1048400 ns, At safepoint: 17400 ns, Total: 1065800 ns
[2020-06-08T02:50:14.781+0000][6][safepoint    ] Safepoint "Cleanup", Time since last: 1100090500 ns, Reaching safepoint: 1111600 ns, At safepoint: 18200 ns, Total: 1129800 ns
[2020-06-08T02:50:16.581+0000][6][safepoint    ] Safepoint "Cleanup", Time since last: 1834061500 ns, Reaching safepoint: 168500 ns, At safepoint: 10500 ns, Total: 179000 ns
[2020-06-08T02:50:18.173+0000][6][safepoint    ] Safepoint "Cleanup", Time since last: 1589550000 ns, Reaching safepoint: 1861600 ns, At safepoint: 28400 ns, Total: 1890000 ns
[2020-06-08T02:50:19.175+0000][6][safepoint    ] Safepoint "Cleanup", Time since last: 1001067300 ns, Reaching safepoint: 477400 ns, At safepoint: 18900 ns, Total: 496300 ns
[2020-06-08T02:50:20.091+0000][6][safepoint    ] Safepoint "BulkRevokeBias", Time since last: 916147600 ns, Reaching safepoint: 372600 ns, At safepoint: 255100 ns, Total: 627700 ns
[2020-06-08T02:50:21.115+0000][6][safepoint    ] Safepoint "Cleanup", Time since last: 1023488000 ns, Reaching safepoint: 336300 ns, At safepoint: 41000 ns, Total: 377300 ns
[2020-06-08T02:50:21.991+0000][6][safepoint    ] Safepoint "BulkRevokeBias", Time since last: 875077000 ns, Reaching safepoint: 571300 ns, At safepoint: 366200 ns, Total: 937500 ns
[2020-06-08T02:50:22.952+0000][6][gc,start     ] GC(15) Pause Young (Normal) (G1 Evacuation Pause)
[2020-06-08T02:50:22.954+0000][6][gc,task      ] GC(15) Using 2 workers of 2 for evacuation
[2020-06-08T02:50:22.956+0000][6][gc,age       ] GC(15) Desired survivor size 15204352 bytes, new threshold 15 (max threshold 15)
[2020-06-08T02:50:23.105+0000][6][gc,age       ] GC(15) Age table with threshold 15 (max threshold 15)
[2020-06-08T02:50:23.105+0000][6][gc,age       ] GC(15) - age   1:    7447752 bytes,    7447752 total
[2020-06-08T02:50:23.106+0000][6][gc,age       ] GC(15) - age   2:    3993064 bytes,   11440816 total
[2020-06-08T02:50:23.106+0000][6][gc,age       ] GC(15) - age   3:    6753280 bytes,   18194096 total
[2020-06-08T02:50:23.109+0000][6][gc,phases    ] GC(15)   Pre Evacuate Collection Set: 1.4ms
[2020-06-08T02:50:23.110+0000][6][gc,phases    ] GC(15)   Merge Heap Roots: 0.4ms
[2020-06-08T02:50:23.110+0000][6][gc,phases    ] GC(15)   Evacuate Collection Set: 129.0ms
[2020-06-08T02:50:23.111+0000][6][gc,phases    ] GC(15)   Post Evacuate Collection Set: 15.2ms
[2020-06-08T02:50:23.111+0000][6][gc,phases    ] GC(15)   Other: 12.9ms
[2020-06-08T02:50:23.111+0000][6][gc,heap      ] GC(15) Eden regions: 219->0(127)
[2020-06-08T02:50:23.112+0000][6][gc,heap      ] GC(15) Survivor regions: 11->18(29)
[2020-06-08T02:50:23.112+0000][6][gc,heap      ] GC(15) Old regions: 45->45
[2020-06-08T02:50:23.113+0000][6][gc,heap      ] GC(15) Archive regions: 2->2
[2020-06-08T02:50:23.113+0000][6][gc,heap      ] GC(15) Humongous regions: 1->1
[2020-06-08T02:50:23.115+0000][6][gc,metaspace ] GC(15) Metaspace: 80545K(86912K)->80545K(86912K) NonClass: 69554K(73216K)->69554K(73216K) Class: 10991K(13696K)->10991K(13696K)
[2020-06-08T02:50:23.119+0000][6][gc           ] GC(15) Pause Young (Normal) (G1 Evacuation Pause) 276M->64M(1024M) 163.410ms
[2020-06-08T02:50:23.119+0000][6][gc,cpu       ] GC(15) User=0.15s Sys=0.03s Real=0.16s
[2020-06-08T02:50:23.134+0000][6][safepoint    ] Safepoint "G1CollectForAllocation", Time since last: 953651500 ns, Reaching safepoint: 394600 ns, At safepoint: 188612800 ns, Total: 189007400 ns
[2020-06-08T02:50:23.353+0000][6][safepoint    ] Safepoint "BulkRevokeBias", Time since last: 218940000 ns, Reaching safepoint: 190900 ns, At safepoint: 316200 ns, Total: 507100 ns
[2020-06-08T02:50:24.987+0000][6][safepoint    ] Safepoint "Cleanup", Time since last: 1633338200 ns, Reaching safepoint: 568600 ns, At safepoint: 16300 ns, Total: 584900 ns
[2020-06-08T02:50:25.875+0000][6][gc,start     ] GC(16) Pause Young (Concurrent Start) (Metadata GC Threshold)
[2020-06-08T02:50:25.875+0000][6][gc,task      ] GC(16) Using 2 workers of 2 for evacuation
[2020-06-08T02:50:25.876+0000][6][gc,age       ] GC(16) Desired survivor size 9961472 bytes, new threshold 2 (max threshold 15)
[2020-06-08T02:50:26.109+0000][6][gc,age       ] GC(16) Age table with threshold 2 (max threshold 15)
[2020-06-08T02:50:26.109+0000][6][gc,age       ] GC(16) - age   1:    1574984 bytes,    1574984 total
[2020-06-08T02:50:26.110+0000][6][gc,age       ] GC(16) - age   2:    7090592 bytes,    8665576 total
[2020-06-08T02:50:26.110+0000][6][gc,mmu       ] GC(16) MMU target violated: 201.0ms (200.0ms/201.0ms)
[2020-06-08T02:50:26.110+0000][6][gc,phases    ] GC(16)   Pre Evacuate Collection Set: 0.9ms
[2020-06-08T02:50:26.111+0000][6][gc,phases    ] GC(16)   Merge Heap Roots: 0.9ms
[2020-06-08T02:50:26.111+0000][6][gc,phases    ] GC(16)   Evacuate Collection Set: 225.2ms
[2020-06-08T02:50:26.111+0000][6][gc,phases    ] GC(16)   Post Evacuate Collection Set: 4.4ms
[2020-06-08T02:50:26.112+0000][6][gc,phases    ] GC(16)   Other: 4.1ms
[2020-06-08T02:50:26.112+0000][6][gc,heap      ] GC(16) Eden regions: 30->0(193)
[2020-06-08T02:50:26.113+0000][6][gc,heap      ] GC(16) Survivor regions: 18->9(19)
[2020-06-08T02:50:26.113+0000][6][gc,heap      ] GC(16) Old regions: 45->55
[2020-06-08T02:50:26.113+0000][6][gc,heap      ] GC(16) Archive regions: 2->2
[2020-06-08T02:50:26.113+0000][6][gc,heap      ] GC(16) Humongous regions: 7->7
[2020-06-08T02:50:26.114+0000][6][gc,metaspace ] GC(16) Metaspace: 82453K(88960K)->82453K(88960K) NonClass: 71219K(75008K)->71219K(75008K) Class: 11234K(13952K)->11234K(13952K)
[2020-06-08T02:50:26.114+0000][6][gc           ] GC(16) Pause Young (Concurrent Start) (Metadata GC Threshold) 99M->71M(1024M) 239.363ms
[2020-06-08T02:50:26.114+0000][6][gc,cpu       ] GC(16) User=0.10s Sys=0.06s Real=0.24s
[2020-06-08T02:50:26.115+0000][6][gc           ] GC(17) Concurrent Cycle
[2020-06-08T02:50:26.115+0000][6][gc,marking   ] GC(17) Concurrent Clear Claimed Marks
[2020-06-08T02:50:26.116+0000][6][gc,marking   ] GC(17) Concurrent Clear Claimed Marks 1.025ms
[2020-06-08T02:50:26.116+0000][6][gc,marking   ] GC(17) Concurrent Scan Root Regions
[2020-06-08T02:50:26.122+0000][6][safepoint    ] Safepoint "CollectForMetadataAllocation", Time since last: 887242200 ns, Reaching safepoint: 411600 ns, At safepoint: 246856500 ns, Total: 247268100 ns
[2020-06-08T02:50:26.227+0000][6][gc,marking   ] GC(17) Concurrent Scan Root Regions 110.172ms
[2020-06-08T02:50:26.228+0000][6][gc,marking   ] GC(17) Concurrent Mark (71.749s)
[2020-06-08T02:50:26.229+0000][6][gc,marking   ] GC(17) Concurrent Mark From Roots
[2020-06-08T02:50:26.230+0000][6][gc,task      ] GC(17) Using 1 workers of 1 for marking
[2020-06-08T02:50:26.425+0000][6][gc,marking   ] GC(17) Concurrent Mark From Roots 196.159ms
[2020-06-08T02:50:26.425+0000][6][gc,marking   ] GC(17) Concurrent Preclean
[2020-06-08T02:50:26.426+0000][6][gc,marking   ] GC(17) Concurrent Preclean 0.799ms
[2020-06-08T02:50:26.427+0000][6][gc,marking   ] GC(17) Concurrent Mark (71.749s, 71.948s) 198.607ms
[2020-06-08T02:50:26.430+0000][6][gc,start     ] GC(17) Pause Remark
[2020-06-08T02:50:26.445+0000][6][gc           ] GC(17) Pause Remark 74M->74M(1024M) 15.191ms
[2020-06-08T02:50:26.446+0000][6][gc,cpu       ] GC(17) User=0.02s Sys=0.00s Real=0.02s
[2020-06-08T02:50:26.447+0000][6][safepoint    ] Safepoint "G1Concurrent", Time since last: 306095300 ns, Reaching safepoint: 2175400 ns, At safepoint: 16852600 ns, Total: 19028000 ns
[2020-06-08T02:50:26.447+0000][6][gc,marking   ] GC(17) Concurrent Rebuild Remembered Sets
[2020-06-08T02:50:26.699+0000][6][gc,marking   ] GC(17) Concurrent Rebuild Remembered Sets 251.917ms
[2020-06-08T02:50:26.712+0000][6][gc,start     ] GC(17) Pause Cleanup
[2020-06-08T02:50:26.715+0000][6][gc           ] GC(17) Pause Cleanup 79M->79M(1024M) 2.728ms
[2020-06-08T02:50:26.715+0000][6][gc,cpu       ] GC(17) User=0.00s Sys=0.00s Real=0.00s
[2020-06-08T02:50:26.716+0000][6][safepoint    ] Safepoint "G1Concurrent", Time since last: 253658500 ns, Reaching safepoint: 11693500 ns, At safepoint: 3994400 ns, Total: 15687900 ns
[2020-06-08T02:50:26.722+0000][6][gc,marking   ] GC(17) Concurrent Cleanup for Next Mark
[2020-06-08T02:50:26.725+0000][6][gc,marking   ] GC(17) Concurrent Cleanup for Next Mark 3.436ms
[2020-06-08T02:50:26.726+0000][6][gc           ] GC(17) Concurrent Cycle 611.071ms
[2020-06-08T02:50:27.801+0000][6][safepoint    ] Safepoint "Cleanup", Time since last: 1081814000 ns, Reaching safepoint: 2818800 ns, At safepoint: 16700 ns, Total: 2835500 ns
[2020-06-08T02:50:29.004+0000][6][safepoint    ] Safepoint "Cleanup", Time since last: 1199665300 ns, Reaching safepoint: 3308000 ns, At safepoint: 56100 ns, Total: 3364100 ns
[2020-06-08T02:50:30.015+0000][6][safepoint    ] Safepoint "Cleanup", Time since last: 1009609200 ns, Reaching safepoint: 1409100 ns, At safepoint: 20300 ns, Total: 1429400 ns
[2020-06-08T02:50:31.076+0000][6][safepoint    ] Safepoint "Cleanup", Time since last: 1058471000 ns, Reaching safepoint: 2888000 ns, At safepoint: 50300 ns, Total: 2938300 ns
[2020-06-08T02:50:32.318+0000][6][safepoint    ] Safepoint "Cleanup", Time since last: 1241397200 ns, Reaching safepoint: 676000 ns, At safepoint: 18600 ns, Total: 694600 ns
[2020-06-08T02:50:33.454+0000][6][safepoint    ] Safepoint "Cleanup", Time since last: 1132822000 ns, Reaching safepoint: 2627300 ns, At safepoint: 25000 ns, Total: 2652300 ns
[2020-06-08T02:50:34.214+0000][6][safepoint    ] Safepoint "BulkRevokeBias", Time since last: 757294400 ns, Reaching safepoint: 2725200 ns, At safepoint: 634900 ns, Total: 3360100 ns
[2020-06-08T02:50:35.216+0000][6][safepoint    ] Safepoint "Cleanup", Time since last: 1001343900 ns, Reaching safepoint: 178200 ns, At safepoint: 16000 ns, Total: 194200 ns
[2020-06-08T02:50:36.217+0000][6][safepoint    ] Safepoint "Cleanup", Time since last: 1001228700 ns, Reaching safepoint: 133500 ns, At safepoint: 11500 ns, Total: 145000 ns
[2020-06-08T02:50:37.219+0000][6][safepoint    ] Safepoint "Cleanup", Time since last: 1000977800 ns, Reaching safepoint: 327000 ns, At safepoint: 49600 ns, Total: 376600 ns
[2020-06-08T02:50:38.220+0000][6][safepoint    ] Safepoint "Cleanup", Time since last: 1001055600 ns, Reaching safepoint: 188600 ns, At safepoint: 20000 ns, Total: 208600 ns
[2020-06-08T02:50:39.222+0000][6][safepoint    ] Safepoint "Cleanup", Time since last: 1001052000 ns, Reaching safepoint: 552600 ns, At safepoint: 57000 ns, Total: 609600 ns
[2020-06-08T02:50:40.223+0000][6][safepoint    ] Safepoint "Cleanup", Time since last: 1001009300 ns, Reaching safepoint: 199300 ns, At safepoint: 69300 ns, Total: 268600 ns
[2020-06-08T02:50:41.224+0000][6][safepoint    ] Safepoint "Cleanup", Time since last: 1000966800 ns, Reaching safepoint: 177500 ns, At safepoint: 12600 ns, Total: 190100 ns
[2020-06-08T02:50:42.225+0000][6][safepoint    ] Safepoint "Cleanup", Time since last: 1000776700 ns, Reaching safepoint: 185700 ns, At safepoint: 12600 ns, Total: 198300 ns
[2020-06-08T02:50:43.226+0000][6][safepoint    ] Safepoint "Cleanup", Time since last: 1000941700 ns, Reaching safepoint: 181700 ns, At safepoint: 17600 ns, Total: 199300 ns
[2020-06-08T02:50:44.227+0000][6][safepoint    ] Safepoint "Cleanup", Time since last: 1000890700 ns, Reaching safepoint: 201000 ns, At safepoint: 13000 ns, Total: 214000 ns
[2020-06-08T02:50:45.194+0000][6][safepoint    ] Safepoint "Cleanup", Time since last: 1000917300 ns, Reaching safepoint: 193000 ns, At safepoint: 137500 ns, Total: 330500 ns
[2020-06-08T02:50:46.196+0000][6][safepoint    ] Safepoint "Cleanup", Time since last: 1001472700 ns, Reaching safepoint: 646900 ns, At safepoint: 61800 ns, Total: 708700 ns
[2020-06-08T02:50:47.200+0000][6][safepoint    ] Safepoint "Cleanup", Time since last: 1002126500 ns, Reaching safepoint: 804100 ns, At safepoint: 994800 ns, Total: 1798900 ns
[2020-06-08T02:50:48.202+0000][6][safepoint    ] Safepoint "Cleanup", Time since last: 1001427000 ns, Reaching safepoint: 141800 ns, At safepoint: 12700 ns, Total: 154500 ns
[2020-06-08T02:50:48.458+0000][6][gc,start     ] GC(18) Pause Young (Normal) (G1 Evacuation Pause)
[2020-06-08T02:50:48.459+0000][6][gc,task      ] GC(18) Using 2 workers of 2 for evacuation
[2020-06-08T02:50:48.460+0000][6][gc,age       ] GC(18) Desired survivor size 13631488 bytes, new threshold 15 (max threshold 15)
[2020-06-08T02:50:48.566+0000][6][gc,age       ] GC(18) Age table with threshold 15 (max threshold 15)
[2020-06-08T02:50:48.566+0000][6][gc,age       ] GC(18) - age   1:    4451544 bytes,    4451544 total
[2020-06-08T02:50:48.567+0000][6][gc,age       ] GC(18) - age   2:    1485544 bytes,    5937088 total
[2020-06-08T02:50:48.567+0000][6][gc,age       ] GC(18) - age   3:    7039664 bytes,   12976752 total
[2020-06-08T02:50:48.568+0000][6][gc,phases    ] GC(18)   Pre Evacuate Collection Set: 0.3ms
[2020-06-08T02:50:48.568+0000][6][gc,phases    ] GC(18)   Merge Heap Roots: 0.6ms
[2020-06-08T02:50:48.569+0000][6][gc,phases    ] GC(18)   Evacuate Collection Set: 97.5ms
[2020-06-08T02:50:48.569+0000][6][gc,phases    ] GC(18)   Post Evacuate Collection Set: 6.1ms
[2020-06-08T02:50:48.569+0000][6][gc,phases    ] GC(18)   Other: 5.5ms
[2020-06-08T02:50:48.570+0000][6][gc,heap      ] GC(18) Eden regions: 193->0(207)
[2020-06-08T02:50:48.570+0000][6][gc,heap      ] GC(18) Survivor regions: 9->13(26)
[2020-06-08T02:50:48.571+0000][6][gc,heap      ] GC(18) Old regions: 55->55
[2020-06-08T02:50:48.571+0000][6][gc,heap      ] GC(18) Archive regions: 2->2
[2020-06-08T02:50:48.571+0000][6][gc,heap      ] GC(18) Humongous regions: 7->7
[2020-06-08T02:50:48.572+0000][6][gc,metaspace ] GC(18) Metaspace: 85652K(92416K)->85652K(92416K) NonClass: 74028K(78080K)->74028K(78080K) Class: 11623K(14336K)->11623K(14336K)
[2020-06-08T02:50:48.572+0000][6][gc           ] GC(18) Pause Young (Normal) (G1 Evacuation Pause) 264M->75M(1024M) 113.999ms
[2020-06-08T02:50:48.573+0000][6][gc,cpu       ] GC(18) User=0.05s Sys=0.02s Real=0.11s
[2020-06-08T02:50:48.577+0000][6][safepoint    ] Safepoint "G1CollectForAllocation", Time since last: 255775000 ns, Reaching safepoint: 136700 ns, At safepoint: 118974800 ns, Total: 119111500 ns
[2020-06-08T02:50:49.149+0000][6][safepoint    ] Safepoint "BulkRevokeBias", Time since last: 570536300 ns, Reaching safepoint: 936600 ns, At safepoint: 670200 ns, Total: 1606800 ns
[2020-06-08T02:50:49.161+0000][6][safepoint    ] Safepoint "BulkRevokeBias", Time since last: 12094500 ns, Reaching safepoint: 187900 ns, At safepoint: 437600 ns, Total: 625500 ns
[2020-06-08T02:50:50.261+0000][6][safepoint    ] Safepoint "Cleanup", Time since last: 1099652900 ns, Reaching safepoint: 185600 ns, At safepoint: 14500 ns, Total: 200100 ns
[2020-06-08T02:50:51.414+0000][6][safepoint    ] Safepoint "Cleanup", Time since last: 1152808400 ns, Reaching safepoint: 192800 ns, At safepoint: 21300 ns, Total: 214100 ns
[2020-06-08T02:50:52.416+0000][6][safepoint    ] Safepoint "Cleanup", Time since last: 1000868900 ns, Reaching safepoint: 323500 ns, At safepoint: 19100 ns, Total: 342600 ns
[2020-06-08T02:50:53.417+0000][6][safepoint    ] Safepoint "Cleanup", Time since last: 1000880500 ns, Reaching safepoint: 208700 ns, At safepoint: 20200 ns, Total: 228900 ns
[2020-06-08T02:50:54.418+0000][6][safepoint    ] Safepoint "Cleanup", Time since last: 1000732000 ns, Reaching safepoint: 174400 ns, At safepoint: 12700 ns, Total: 187100 ns
[2020-06-08T02:50:55.419+0000][6][safepoint    ] Safepoint "Cleanup", Time since last: 1000857600 ns, Reaching safepoint: 198500 ns, At safepoint: 13700 ns, Total: 212200 ns
[2020-06-08T02:50:56.420+0000][6][safepoint    ] Safepoint "Cleanup", Time since last: 1000820000 ns, Reaching safepoint: 169600 ns, At safepoint: 15700 ns, Total: 185300 ns
[2020-06-08T02:50:57.495+0000][6][safepoint    ] Safepoint "Cleanup", Time since last: 1074937000 ns, Reaching safepoint: 140200 ns, At safepoint: 13100 ns, Total: 153300 ns
[2020-06-08T02:50:58.497+0000][6][safepoint    ] Safepoint "Cleanup", Time since last: 1001515200 ns, Reaching safepoint: 261600 ns, At safepoint: 23400 ns, Total: 285000 ns
[2020-06-08T02:50:59.498+0000][6][safepoint    ] Safepoint "Cleanup", Time since last: 1000785300 ns, Reaching safepoint: 176000 ns, At safepoint: 15300 ns, Total: 191300 ns
[2020-06-08T02:51:00.499+0000][6][safepoint    ] Safepoint "Cleanup", Time since last: 1000837200 ns, Reaching safepoint: 181400 ns, At safepoint: 13800 ns, Total: 195200 ns
[2020-06-08T02:51:01.500+0000][6][safepoint    ] Safepoint "Cleanup", Time since last: 1001536900 ns, Reaching safepoint: 169100 ns, At safepoint: 13800 ns, Total: 182900 ns
[2020-06-08T02:51:03.268+0000][6][safepoint    ] Safepoint "Cleanup", Time since last: 1767917500 ns, Reaching safepoint: 181500 ns, At safepoint: 14500 ns, Total: 196000 ns
[2020-06-08T02:51:04.270+0000][6][safepoint    ] Safepoint "Cleanup", Time since last: 1001042700 ns, Reaching safepoint: 165800 ns, At safepoint: 13600 ns, Total: 179400 ns
[2020-06-08T02:51:05.271+0000][6][safepoint    ] Safepoint "Cleanup", Time since last: 1001065000 ns, Reaching safepoint: 157400 ns, At safepoint: 14800 ns, Total: 172200 ns
[2020-06-08T02:51:06.272+0000][6][safepoint    ] Safepoint "Cleanup", Time since last: 1001112500 ns, Reaching safepoint: 156000 ns, At safepoint: 12000 ns, Total: 168000 ns
[2020-06-08T02:51:07.274+0000][6][safepoint    ] Safepoint "Cleanup", Time since last: 1001356400 ns, Reaching safepoint: 406100 ns, At safepoint: 40700 ns, Total: 446800 ns
[2020-06-08T02:51:08.276+0000][6][safepoint    ] Safepoint "Cleanup", Time since last: 1001833000 ns, Reaching safepoint: 297900 ns, At safepoint: 18400 ns, Total: 316300 ns
[2020-06-08T02:51:09.278+0000][6][safepoint    ] Safepoint "Cleanup", Time since last: 1001258600 ns, Reaching safepoint: 172000 ns, At safepoint: 13200 ns, Total: 185200 ns
[2020-06-08T02:51:10.279+0000][6][safepoint    ] Safepoint "Cleanup", Time since last: 1000936600 ns, Reaching safepoint: 144400 ns, At safepoint: 14800 ns, Total: 159200 ns
[2020-06-08T02:51:11.280+0000][6][safepoint    ] Safepoint "Cleanup", Time since last: 1000831400 ns, Reaching safepoint: 158000 ns, At safepoint: 13600 ns, Total: 171600 ns
[2020-06-08T02:51:12.281+0000][6][safepoint    ] Safepoint "Cleanup", Time since last: 1000805000 ns, Reaching safepoint: 164500 ns, At safepoint: 14100 ns, Total: 178600 ns
[2020-06-08T02:51:13.282+0000][6][safepoint    ] Safepoint "Cleanup", Time since last: 1000841600 ns, Reaching safepoint: 195700 ns, At safepoint: 14100 ns, Total: 209800 ns
[2020-06-08T02:51:14.283+0000][6][safepoint    ] Safepoint "Cleanup", Time since last: 1000951000 ns, Reaching safepoint: 201600 ns, At safepoint: 15800 ns, Total: 217400 ns
[2020-06-08T02:51:15.250+0000][6][safepoint    ] Safepoint "Cleanup", Time since last: 1001244900 ns, Reaching safepoint: 155000 ns, At safepoint: 13800 ns, Total: 168800 ns
[2020-06-08T02:51:16.251+0000][6][safepoint    ] Safepoint "Cleanup", Time since last: 1000874300 ns, Reaching safepoint: 141400 ns, At safepoint: 14400 ns, Total: 155800 ns
[2020-06-08T02:51:17.253+0000][6][safepoint    ] Safepoint "Cleanup", Time since last: 1001882600 ns, Reaching safepoint: 149500 ns, At safepoint: 14200 ns, Total: 163700 ns
[2020-06-08T02:51:18.255+0000][6][safepoint    ] Safepoint "Cleanup", Time since last: 1001108900 ns, Reaching safepoint: 266900 ns, At safepoint: 23200 ns, Total: 290100 ns
[2020-06-08T02:51:19.256+0000][6][safepoint    ] Safepoint "Cleanup", Time since last: 1001419800 ns, Reaching safepoint: 154800 ns, At safepoint: 15400 ns, Total: 170200 ns
[2020-06-08T02:51:20.258+0000][6][safepoint    ] Safepoint "Cleanup", Time since last: 1001035300 ns, Reaching safepoint: 183300 ns, At safepoint: 14800 ns, Total: 198100 ns
[2020-06-08T02:51:21.259+0000][6][safepoint    ] Safepoint "Cleanup", Time since last: 1000897200 ns, Reaching safepoint: 163400 ns, At safepoint: 12800 ns, Total: 176200 ns
[2020-06-08T02:51:22.260+0000][6][safepoint    ] Safepoint "Cleanup", Time since last: 1000832300 ns, Reaching safepoint: 139000 ns, At safepoint: 14100 ns, Total: 153100 ns
[2020-06-08T02:51:23.261+0000][6][safepoint    ] Safepoint "Cleanup", Time since last: 1000773300 ns, Reaching safepoint: 122000 ns, At safepoint: 11300 ns, Total: 133300 ns
[2020-06-08T02:51:24.261+0000][6][safepoint    ] Safepoint "Cleanup", Time since last: 1000741500 ns, Reaching safepoint: 143500 ns, At safepoint: 12600 ns, Total: 156100 ns
[2020-06-08T02:51:25.263+0000][6][safepoint    ] Safepoint "Cleanup", Time since last: 1000811100 ns, Reaching safepoint: 345000 ns, At safepoint: 17200 ns, Total: 362200 ns
[2020-06-08T02:51:26.264+0000][6][safepoint    ] Safepoint "Cleanup", Time since last: 1000902600 ns, Reaching safepoint: 157900 ns, At safepoint: 14200 ns, Total: 172100 ns
[2020-06-08T02:51:27.267+0000][6][safepoint    ] Safepoint "Cleanup", Time since last: 1002634000 ns, Reaching safepoint: 315900 ns, At safepoint: 26700 ns, Total: 342600 ns
[2020-06-08T02:51:28.268+0000][6][safepoint    ] Safepoint "Cleanup", Time since last: 1001420300 ns, Reaching safepoint: 187200 ns, At safepoint: 12200 ns, Total: 199400 ns
[2020-06-08T02:51:29.269+0000][6][safepoint    ] Safepoint "Cleanup", Time since last: 1000857400 ns, Reaching safepoint: 147100 ns, At safepoint: 13800 ns, Total: 160900 ns
[2020-06-08T02:51:30.270+0000][6][safepoint    ] Safepoint "Cleanup", Time since last: 1000983500 ns, Reaching safepoint: 157300 ns, At safepoint: 13000 ns, Total: 170300 ns
[2020-06-08T02:51:31.272+0000][6][safepoint    ] Safepoint "Cleanup", Time since last: 1001301700 ns, Reaching safepoint: 150200 ns, At safepoint: 91500 ns, Total: 241700 ns
[2020-06-08T02:51:32.398+0000][6][safepoint    ] Safepoint "Cleanup", Time since last: 1125539500 ns, Reaching safepoint: 636100 ns, At safepoint: 19800 ns, Total: 655900 ns
[2020-06-08T02:51:32.480+0000][6][safepoint    ] Safepoint "BulkRevokeBias", Time since last: 80680400 ns, Reaching safepoint: 424200 ns, At safepoint: 300100 ns, Total: 724300 ns
[2020-06-08T02:51:32.594+0000][6][safepoint    ] Safepoint "BulkRevokeBias", Time since last: 113328500 ns, Reaching safepoint: 526500 ns, At safepoint: 438300 ns, Total: 964800 ns
[2020-06-08T02:51:33.918+0000][6][safepoint    ] Safepoint "Cleanup", Time since last: 1323365600 ns, Reaching safepoint: 231500 ns, At safepoint: 15000 ns, Total: 246500 ns
[2020-06-08T02:51:36.318+0000][6][safepoint    ] Safepoint "Cleanup", Time since last: 2398017600 ns, Reaching safepoint: 2670100 ns, At safepoint: 49200 ns, Total: 2719300 ns
[2020-06-08T02:51:36.424+0000][6][safepoint    ] Safepoint "BulkRevokeBias", Time since last: 102424000 ns, Reaching safepoint: 195400 ns, At safepoint: 2801000 ns, Total: 2996400 ns
[2020-06-08T02:51:38.916+0000][6][safepoint    ] Safepoint "Cleanup", Time since last: 2491924600 ns, Reaching safepoint: 266100 ns, At safepoint: 53000 ns, Total: 319100 ns
[2020-06-08T02:51:40.811+0000][6][safepoint    ] Safepoint "Cleanup", Time since last: 1894560700 ns, Reaching safepoint: 195600 ns, At safepoint: 12100 ns, Total: 207700 ns
[2020-06-08T02:51:42.431+0000][6][safepoint    ] Safepoint "Cleanup", Time since last: 1620483100 ns, Reaching safepoint: 201300 ns, At safepoint: 12000 ns, Total: 213300 ns
[2020-06-08T02:51:43.990+0000][6][safepoint    ] Safepoint "Cleanup", Time since last: 1557098100 ns, Reaching safepoint: 1090600 ns, At safepoint: 219900 ns, Total: 1310500 ns
[2020-06-08T02:51:45.654+0000][6][safepoint    ] Safepoint "Cleanup", Time since last: 1649516300 ns, Reaching safepoint: 33331700 ns, At safepoint: 13786800 ns, Total: 47118500 ns
[2020-06-08T02:51:46.825+0000][6][safepoint    ] Safepoint "Cleanup", Time since last: 1162197800 ns, Reaching safepoint: 5767900 ns, At safepoint: 3788700 ns, Total: 9556600 ns
[2020-06-08T02:51:48.318+0000][6][safepoint    ] Safepoint "Cleanup", Time since last: 1493160100 ns, Reaching safepoint: 426400 ns, At safepoint: 21600 ns, Total: 448000 ns
[2020-06-08T02:51:48.430+0000][6][safepoint    ] Safepoint "BulkRevokeBias", Time since last: 110094600 ns, Reaching safepoint: 742600 ns, At safepoint: 801500 ns, Total: 1544100 ns
[2020-06-08T02:51:49.450+0000][6][safepoint    ] Safepoint "Cleanup", Time since last: 1019243700 ns, Reaching safepoint: 520000 ns, At safepoint: 14800 ns, Total: 534800 ns
[2020-06-08T02:51:51.205+0000][6][safepoint    ] Safepoint "Cleanup", Time since last: 1754946300 ns, Reaching safepoint: 587300 ns, At safepoint: 23200 ns, Total: 610500 ns
[2020-06-08T02:51:51.265+0000][6][safepoint    ] Safepoint "BulkRevokeBias", Time since last: 58102300 ns, Reaching safepoint: 950000 ns, At safepoint: 547300 ns, Total: 1497300 ns
[2020-06-08T02:51:51.304+0000][6][safepoint    ] Safepoint "BulkRevokeBias", Time since last: 38263800 ns, Reaching safepoint: 505800 ns, At safepoint: 454100 ns, Total: 959900 ns
[2020-06-08T02:51:52.453+0000][6][safepoint    ] Safepoint "Cleanup", Time since last: 1145835700 ns, Reaching safepoint: 3129300 ns, At safepoint: 165900 ns, Total: 3295200 ns
[2020-06-08T02:51:53.527+0000][6][safepoint    ] Safepoint "Cleanup", Time since last: 1073275800 ns, Reaching safepoint: 302600 ns, At safepoint: 15700 ns, Total: 318300 ns
[2020-06-08T02:51:55.279+0000][6][safepoint    ] Safepoint "Cleanup", Time since last: 1751527100 ns, Reaching safepoint: 574500 ns, At safepoint: 29900 ns, Total: 604400 ns
[2020-06-08T02:51:57.281+0000][6][safepoint    ] Safepoint "Cleanup", Time since last: 2001627900 ns, Reaching safepoint: 270700 ns, At safepoint: 19900 ns, Total: 290600 ns
[2020-06-08T02:51:58.285+0000][6][safepoint    ] Safepoint "Cleanup", Time since last: 1003298300 ns, Reaching safepoint: 310300 ns, At safepoint: 227300 ns, Total: 537600 ns
[2020-06-08T02:51:59.288+0000][6][safepoint    ] Safepoint "Cleanup", Time since last: 1001577700 ns, Reaching safepoint: 1288400 ns, At safepoint: 281200 ns, Total: 1569600 ns
[2020-06-08T02:52:00.290+0000][6][safepoint    ] Safepoint "Cleanup", Time since last: 1002177100 ns, Reaching safepoint: 181800 ns, At safepoint: 15000 ns, Total: 196800 ns
[2020-06-08T02:52:01.292+0000][6][safepoint    ] Safepoint "Cleanup", Time since last: 1001374100 ns, Reaching safepoint: 319500 ns, At safepoint: 31300 ns, Total: 350800 ns
[2020-06-08T02:52:02.296+0000][6][safepoint    ] Safepoint "Cleanup", Time since last: 1002154900 ns, Reaching safepoint: 1550000 ns, At safepoint: 24500 ns, Total: 1574500 ns
[2020-06-08T02:52:03.301+0000][6][safepoint    ] Safepoint "Cleanup", Time since last: 1001050400 ns, Reaching safepoint: 3890000 ns, At safepoint: 16600 ns, Total: 3906600 ns
[2020-06-08T02:52:04.721+0000][6][safepoint    ] Safepoint "Cleanup", Time since last: 1419569200 ns, Reaching safepoint: 757400 ns, At safepoint: 21300 ns, Total: 778700 ns
[2020-06-08T02:52:05.734+0000][6][safepoint    ] Safepoint "Cleanup", Time since last: 1012263600 ns, Reaching safepoint: 382700 ns, At safepoint: 13700 ns, Total: 396400 ns
[2020-06-08T02:52:06.738+0000][6][safepoint    ] Safepoint "Cleanup", Time since last: 1002739800 ns, Reaching safepoint: 1483500 ns, At safepoint: 46000 ns, Total: 1529500 ns
[2020-06-08T02:52:09.744+0000][6][safepoint    ] Safepoint "Cleanup", Time since last: 3004424500 ns, Reaching safepoint: 1236800 ns, At safepoint: 66100 ns, Total: 1302900 ns
[2020-06-08T02:52:10.747+0000][6][safepoint    ] Safepoint "Cleanup", Time since last: 1002444100 ns, Reaching safepoint: 452400 ns, At safepoint: 21100 ns, Total: 473500 ns
[2020-06-08T02:52:12.462+0000][6][safepoint    ] Safepoint "Cleanup", Time since last: 1714225600 ns, Reaching safepoint: 716900 ns, At safepoint: 38000 ns, Total: 754900 ns
[2020-06-08T02:52:14.464+0000][6][safepoint    ] Safepoint "Cleanup", Time since last: 2001751800 ns, Reaching safepoint: 597800 ns, At safepoint: 23500 ns, Total: 621300 ns
[2020-06-08T02:52:15.433+0000][6][safepoint    ] Safepoint "Cleanup", Time since last: 1001949200 ns, Reaching safepoint: 1070300 ns, At safepoint: 42900 ns, Total: 1113200 ns
[2020-06-08T02:52:16.863+0000][6][safepoint    ] Safepoint "Cleanup", Time since last: 1427689000 ns, Reaching safepoint: 983800 ns, At safepoint: 59000 ns, Total: 1042800 ns
[2020-06-08T02:52:18.242+0000][6][safepoint    ] Safepoint "Cleanup", Time since last: 1375822800 ns, Reaching safepoint: 4256000 ns, At safepoint: 23200 ns, Total: 4279200 ns
[2020-06-08T02:52:19.246+0000][6][safepoint    ] Safepoint "Cleanup", Time since last: 1003258900 ns, Reaching safepoint: 352800 ns, At safepoint: 16800 ns, Total: 369600 ns
[2020-06-08T02:52:21.192+0000][6][safepoint    ] Safepoint "Cleanup", Time since last: 1945760000 ns, Reaching safepoint: 813200 ns, At safepoint: 77200 ns, Total: 890400 ns
[2020-06-08T02:52:21.893+0000][6][gc,start     ] GC(19) Pause Young (Normal) (G1 Evacuation Pause)
[2020-06-08T02:52:21.896+0000][6][gc,task      ] GC(19) Using 2 workers of 2 for evacuation
[2020-06-08T02:52:21.897+0000][6][gc,age       ] GC(19) Desired survivor size 14680064 bytes, new threshold 15 (max threshold 15)
[2020-06-08T02:52:21.966+0000][6][gc,age       ] GC(19) Age table with threshold 15 (max threshold 15)
[2020-06-08T02:52:21.966+0000][6][gc,age       ] GC(19) - age   1:    2870544 bytes,    2870544 total
[2020-06-08T02:52:21.967+0000][6][gc,age       ] GC(19) - age   2:    4062856 bytes,    6933400 total
[2020-06-08T02:52:21.968+0000][6][gc,age       ] GC(19) - age   3:    1357496 bytes,    8290896 total
[2020-06-08T02:52:21.968+0000][6][gc,age       ] GC(19) - age   4:    7028160 bytes,   15319056 total
[2020-06-08T02:52:21.969+0000][6][gc,phases    ] GC(19)   Pre Evacuate Collection Set: 1.0ms
[2020-06-08T02:52:21.970+0000][6][gc,phases    ] GC(19)   Merge Heap Roots: 1.5ms
[2020-06-08T02:52:21.970+0000][6][gc,phases    ] GC(19)   Evacuate Collection Set: 55.9ms
[2020-06-08T02:52:21.971+0000][6][gc,phases    ] GC(19)   Post Evacuate Collection Set: 8.8ms
[2020-06-08T02:52:21.972+0000][6][gc,phases    ] GC(19)   Other: 14.3ms
[2020-06-08T02:52:21.972+0000][6][gc,heap      ] GC(19) Eden regions: 207->0(293)
[2020-06-08T02:52:21.973+0000][6][gc,heap      ] GC(19) Survivor regions: 13->15(28)
[2020-06-08T02:52:21.974+0000][6][gc,heap      ] GC(19) Old regions: 55->55
[2020-06-08T02:52:21.974+0000][6][gc,heap      ] GC(19) Archive regions: 2->2
[2020-06-08T02:52:21.975+0000][6][gc,heap      ] GC(19) Humongous regions: 7->7
[2020-06-08T02:52:21.976+0000][6][gc,metaspace ] GC(19) Metaspace: 92523K(99840K)->92523K(99840K) NonClass: 79956K(84224K)->79956K(84224K) Class: 12566K(15616K)->12566K(15616K)
[2020-06-08T02:52:21.976+0000][6][gc           ] GC(19) Pause Young (Normal) (G1 Evacuation Pause) 282M->77M(1024M) 83.441ms
[2020-06-08T02:52:21.977+0000][6][gc,cpu       ] GC(19) User=0.09s Sys=0.04s Real=0.09s
[2020-06-08T02:52:21.985+0000][6][safepoint    ] Safepoint "G1CollectForAllocation", Time since last: 692991800 ns, Reaching safepoint: 236500 ns, At safepoint: 98951900 ns, Total: 99188400 ns
[2020-06-08T02:52:24.987+0000][6][safepoint    ] Safepoint "Cleanup", Time since last: 3002241700 ns, Reaching safepoint: 248100 ns, At safepoint: 18000 ns, Total: 266100 ns
[2020-06-08T02:52:26.989+0000][6][safepoint    ] Safepoint "Cleanup", Time since last: 2001567300 ns, Reaching safepoint: 445200 ns, At safepoint: 21800 ns, Total: 467000 ns
[2020-06-08T02:52:27.991+0000][6][safepoint    ] Safepoint "Cleanup", Time since last: 1001426600 ns, Reaching safepoint: 708900 ns, At safepoint: 34900 ns, Total: 743800 ns
[2020-06-08T02:52:28.993+0000][6][safepoint    ] Safepoint "Cleanup", Time since last: 1001391600 ns, Reaching safepoint: 353100 ns, At safepoint: 16600 ns, Total: 369700 ns
[2020-06-08T02:52:30.074+0000][6][safepoint    ] Safepoint "Cleanup", Time since last: 1081006700 ns, Reaching safepoint: 330700 ns, At safepoint: 27100 ns, Total: 357800 ns
[2020-06-08T02:52:31.080+0000][6][safepoint    ] Safepoint "Cleanup", Time since last: 1005565800 ns, Reaching safepoint: 272800 ns, At safepoint: 25300 ns, Total: 298100 ns
[2020-06-08T02:52:32.084+0000][6][safepoint    ] Safepoint "Cleanup", Time since last: 1003141500 ns, Reaching safepoint: 714500 ns, At safepoint: 74300 ns, Total: 788800 ns
[2020-06-08T02:52:34.093+0000][6][safepoint    ] Safepoint "Cleanup", Time since last: 2008804500 ns, Reaching safepoint: 423800 ns, At safepoint: 34800 ns, Total: 458600 ns
[2020-06-08T02:52:36.100+0000][6][safepoint    ] Safepoint "Cleanup", Time since last: 2005927500 ns, Reaching safepoint: 348200 ns, At safepoint: 32500 ns, Total: 380700 ns
[2020-06-08T02:52:37.103+0000][6][safepoint    ] Safepoint "Cleanup", Time since last: 1002709500 ns, Reaching safepoint: 542400 ns, At safepoint: 29000 ns, Total: 571400 ns
[2020-06-08T02:52:40.108+0000][6][safepoint    ] Safepoint "Cleanup", Time since last: 3004788900 ns, Reaching safepoint: 484500 ns, At safepoint: 41000 ns, Total: 525500 ns
[2020-06-08T02:52:43.119+0000][6][safepoint    ] Safepoint "Cleanup", Time since last: 3009593000 ns, Reaching safepoint: 850800 ns, At safepoint: 282500 ns, Total: 1133300 ns
[2020-06-08T02:52:44.121+0000][6][safepoint    ] Safepoint "Cleanup", Time since last: 1001869500 ns, Reaching safepoint: 249400 ns, At safepoint: 21600 ns, Total: 271000 ns
[2020-06-08T02:52:45.090+0000][6][safepoint    ] Safepoint "Cleanup", Time since last: 1001926000 ns, Reaching safepoint: 956500 ns, At safepoint: 84900 ns, Total: 1041400 ns
[2020-06-08T02:52:46.093+0000][6][safepoint    ] Safepoint "Cleanup", Time since last: 1001779300 ns, Reaching safepoint: 451600 ns, At safepoint: 24300 ns, Total: 475900 ns
[2020-06-08T02:52:49.097+0000][6][safepoint    ] Safepoint "Cleanup", Time since last: 3003049500 ns, Reaching safepoint: 917400 ns, At safepoint: 40700 ns, Total: 958100 ns
[2020-06-08T02:52:51.100+0000][6][safepoint    ] Safepoint "Cleanup", Time since last: 2003006300 ns, Reaching safepoint: 352200 ns, At safepoint: 230200 ns, Total: 582400 ns
[2020-06-08T02:52:52.105+0000][6][safepoint    ] Safepoint "Cleanup", Time since last: 1005088000 ns, Reaching safepoint: 211200 ns, At safepoint: 15300 ns, Total: 226500 ns
[2020-06-08T02:52:54.109+0000][6][safepoint    ] Safepoint "Cleanup", Time since last: 2002815800 ns, Reaching safepoint: 325100 ns, At safepoint: 31000 ns, Total: 356100 ns
[2020-06-08T02:52:55.113+0000][6][safepoint    ] Safepoint "Cleanup", Time since last: 1003027900 ns, Reaching safepoint: 921100 ns, At safepoint: 51400 ns, Total: 972500 ns
[2020-06-08T02:52:57.116+0000][6][safepoint    ] Safepoint "Cleanup", Time since last: 2002827600 ns, Reaching safepoint: 830100 ns, At safepoint: 43900 ns, Total: 874000 ns
[2020-06-08T02:52:58.118+0000][6][safepoint    ] Safepoint "Cleanup", Time since last: 1001198500 ns, Reaching safepoint: 528200 ns, At safepoint: 21100 ns, Total: 549300 ns
[2020-06-08T02:52:59.121+0000][6][safepoint    ] Safepoint "Cleanup", Time since last: 1002473000 ns, Reaching safepoint: 867100 ns, At safepoint: 32100 ns, Total: 899200 ns
[2020-06-08T02:53:01.126+0000][6][safepoint    ] Safepoint "Cleanup", Time since last: 2004145800 ns, Reaching safepoint: 809200 ns, At safepoint: 31100 ns, Total: 840300 ns
[2020-06-08T02:53:02.129+0000][6][safepoint    ] Safepoint "Cleanup", Time since last: 1001651300 ns, Reaching safepoint: 832000 ns, At safepoint: 45400 ns, Total: 877400 ns
[2020-06-08T02:53:04.133+0000][6][safepoint    ] Safepoint "Cleanup", Time since last: 2002736000 ns, Reaching safepoint: 913700 ns, At safepoint: 52700 ns, Total: 966400 ns
[2020-06-08T02:53:06.139+0000][6][safepoint    ] Safepoint "Cleanup", Time since last: 2005892200 ns, Reaching safepoint: 844900 ns, At safepoint: 35300 ns, Total: 880200 ns
[2020-06-08T02:53:07.143+0000][6][safepoint    ] Safepoint "Cleanup", Time since last: 1002113900 ns, Reaching safepoint: 1449100 ns, At safepoint: 85800 ns, Total: 1534900 ns
[2020-06-08T02:53:10.146+0000][6][safepoint    ] Safepoint "Cleanup", Time since last: 3002870200 ns, Reaching safepoint: 356200 ns, At safepoint: 16800 ns, Total: 373000 ns
[2020-06-08T02:53:11.150+0000][6][safepoint    ] Safepoint "Cleanup", Time since last: 1003301400 ns, Reaching safepoint: 748200 ns, At safepoint: 36800 ns, Total: 785000 ns
[2020-06-08T02:53:13.156+0000][6][safepoint    ] Safepoint "Cleanup", Time since last: 2005181300 ns, Reaching safepoint: 214200 ns, At safepoint: 17200 ns, Total: 231400 ns
[2020-06-08T02:53:16.115+0000][6][safepoint    ] Safepoint "Cleanup", Time since last: 3007551900 ns, Reaching safepoint: 318600 ns, At safepoint: 31500 ns, Total: 350100 ns
[2020-06-08T02:53:17.121+0000][6][safepoint    ] Safepoint "Cleanup", Time since last: 1004131800 ns, Reaching safepoint: 1783700 ns, At safepoint: 42600 ns, Total: 1826300 ns
[2020-06-08T02:53:18.123+0000][6][safepoint    ] Safepoint "Cleanup", Time since last: 1001619300 ns, Reaching safepoint: 604400 ns, At safepoint: 33100 ns, Total: 637500 ns
[2020-06-08T02:53:19.126+0000][6][safepoint    ] Safepoint "Cleanup", Time since last: 1001176400 ns, Reaching safepoint: 1788200 ns, At safepoint: 40900 ns, Total: 1829100 ns
[2020-06-08T02:53:22.137+0000][6][safepoint    ] Safepoint "Cleanup", Time since last: 3009263900 ns, Reaching safepoint: 1398400 ns, At safepoint: 35100 ns, Total: 1433500 ns
[2020-06-08T02:53:25.141+0000][6][safepoint    ] Safepoint "Cleanup", Time since last: 3003200300 ns, Reaching safepoint: 1106400 ns, At safepoint: 48500 ns, Total: 1154900 ns
[2020-06-08T02:53:27.144+0000][6][safepoint    ] Safepoint "Cleanup", Time since last: 2002226500 ns, Reaching safepoint: 844700 ns, At safepoint: 64200 ns, Total: 908900 ns
[2020-06-08T02:53:28.148+0000][6][safepoint    ] Safepoint "Cleanup", Time since last: 1001700100 ns, Reaching safepoint: 1514900 ns, At safepoint: 35200 ns, Total: 1550100 ns
[2020-06-08T02:53:31.153+0000][6][safepoint    ] Safepoint "Cleanup", Time since last: 3003261500 ns, Reaching safepoint: 1498700 ns, At safepoint: 75400 ns, Total: 1574100 ns
[2020-06-08T02:53:32.156+0000][6][safepoint    ] Safepoint "Cleanup", Time since last: 1002713500 ns, Reaching safepoint: 299000 ns, At safepoint: 22300 ns, Total: 321300 ns
[2020-06-08T02:53:34.164+0000][6][safepoint    ] Safepoint "Cleanup", Time since last: 2007784800 ns, Reaching safepoint: 393600 ns, At safepoint: 32900 ns, Total: 426500 ns
[2020-06-08T02:53:36.168+0000][6][safepoint    ] Safepoint "Cleanup", Time since last: 2003902200 ns, Reaching safepoint: 729900 ns, At safepoint: 37200 ns, Total: 767100 ns
[2020-06-08T02:53:37.172+0000][6][safepoint    ] Safepoint "Cleanup", Time since last: 1002077700 ns, Reaching safepoint: 681100 ns, At safepoint: 291200 ns, Total: 972300 ns
[2020-06-08T02:53:39.176+0000][6][safepoint    ] Safepoint "Cleanup", Time since last: 2004069500 ns, Reaching safepoint: 322500 ns, At safepoint: 20500 ns, Total: 343000 ns
[2020-06-08T02:53:40.321+0000][6][safepoint    ] Safepoint "Cleanup", Time since last: 1144128700 ns, Reaching safepoint: 531700 ns, At safepoint: 19300 ns, Total: 551000 ns
[2020-06-08T02:53:40.378+0000][6][safepoint    ] Safepoint "BulkRevokeBias", Time since last: 56751600 ns, Reaching safepoint: 162500 ns, At safepoint: 778300 ns, Total: 940800 ns
[2020-06-08T02:53:42.351+0000][6][safepoint    ] Safepoint "Cleanup", Time since last: 1971959900 ns, Reaching safepoint: 669000 ns, At safepoint: 22300 ns, Total: 691300 ns
[2020-06-08T02:53:43.355+0000][6][safepoint    ] Safepoint "Cleanup", Time since last: 1003685900 ns, Reaching safepoint: 330100 ns, At safepoint: 35600 ns, Total: 365700 ns
[2020-06-08T02:53:45.314+0000][6][safepoint    ] Safepoint "Cleanup", Time since last: 2003799900 ns, Reaching safepoint: 589000 ns, At safepoint: 28200 ns, Total: 617200 ns
[2020-06-08T02:53:46.316+0000][6][safepoint    ] Safepoint "Cleanup", Time since last: 1001964800 ns, Reaching safepoint: 410300 ns, At safepoint: 28600 ns, Total: 438900 ns
[2020-06-08T02:53:48.319+0000][6][safepoint    ] Safepoint "Cleanup", Time since last: 2002705600 ns, Reaching safepoint: 293300 ns, At safepoint: 30700 ns, Total: 324000 ns
[2020-06-08T02:53:49.322+0000][6][safepoint    ] Safepoint "Cleanup", Time since last: 1002276700 ns, Reaching safepoint: 466700 ns, At safepoint: 24000 ns, Total: 490700 ns
[2020-06-08T02:53:51.329+0000][6][safepoint    ] Safepoint "Cleanup", Time since last: 2005663400 ns, Reaching safepoint: 1155200 ns, At safepoint: 67900 ns, Total: 1223100 ns
[2020-06-08T02:53:52.331+0000][6][safepoint    ] Safepoint "Cleanup", Time since last: 1001882500 ns, Reaching safepoint: 230400 ns, At safepoint: 20600 ns, Total: 251000 ns
[2020-06-08T02:53:54.349+0000][6][safepoint    ] Safepoint "Cleanup", Time since last: 2011302100 ns, Reaching safepoint: 6341000 ns, At safepoint: 45400 ns, Total: 6386400 ns
[2020-06-08T02:53:55.358+0000][6][safepoint    ] Safepoint "Cleanup", Time since last: 1008424500 ns, Reaching safepoint: 1078100 ns, At safepoint: 32800 ns, Total: 1110900 ns
[2020-06-08T02:53:56.366+0000][6][safepoint    ] Safepoint "Cleanup", Time since last: 1006553300 ns, Reaching safepoint: 1544100 ns, At safepoint: 47800 ns, Total: 1591900 ns
[2020-06-08T02:53:57.376+0000][6][safepoint    ] Safepoint "Cleanup", Time since last: 1001937300 ns, Reaching safepoint: 7903100 ns, At safepoint: 64600 ns, Total: 7967700 ns
[2020-06-08T02:54:00.379+0000][6][safepoint    ] Safepoint "Cleanup", Time since last: 3002417400 ns, Reaching safepoint: 567300 ns, At safepoint: 22400 ns, Total: 589700 ns
[2020-06-08T02:54:02.387+0000][6][safepoint    ] Safepoint "Cleanup", Time since last: 2006996300 ns, Reaching safepoint: 649100 ns, At safepoint: 97100 ns, Total: 746200 ns
[2020-06-08T02:54:03.395+0000][6][safepoint    ] Safepoint "Cleanup", Time since last: 1007679100 ns, Reaching safepoint: 283100 ns, At safepoint: 22800 ns, Total: 305900 ns
[2020-06-08T02:54:04.409+0000][6][safepoint    ] Safepoint "Cleanup", Time since last: 1013791900 ns, Reaching safepoint: 259100 ns, At safepoint: 23000 ns, Total: 282100 ns
[2020-06-08T02:54:06.519+0000][6][safepoint    ] Safepoint "Cleanup", Time since last: 2109457900 ns, Reaching safepoint: 446300 ns, At safepoint: 20200 ns, Total: 466500 ns
[2020-06-08T02:54:09.525+0000][6][safepoint    ] Safepoint "Cleanup", Time since last: 3004707800 ns, Reaching safepoint: 920800 ns, At safepoint: 48700 ns, Total: 969500 ns
[2020-06-08T02:54:12.528+0000][6][safepoint    ] Safepoint "Cleanup", Time since last: 3003090700 ns, Reaching safepoint: 346700 ns, At safepoint: 19100 ns, Total: 365800 ns
[2020-06-08T02:54:13.531+0000][6][safepoint    ] Safepoint "Cleanup", Time since last: 1002200100 ns, Reaching safepoint: 494300 ns, At safepoint: 42000 ns, Total: 536300 ns
[2020-06-08T02:54:16.511+0000][6][safepoint    ] Safepoint "Cleanup", Time since last: 3012158600 ns, Reaching safepoint: 2748200 ns, At safepoint: 94200 ns, Total: 2842400 ns
[2020-06-08T02:54:19.515+0000][6][safepoint    ] Safepoint "Cleanup", Time since last: 3003166100 ns, Reaching safepoint: 1137800 ns, At safepoint: 45900 ns, Total: 1183700 ns
[2020-06-08T02:54:21.520+0000][6][safepoint    ] Safepoint "Cleanup", Time since last: 2003619500 ns, Reaching safepoint: 822100 ns, At safepoint: 52300 ns, Total: 874400 ns
[2020-06-08T02:54:22.522+0000][6][safepoint    ] Safepoint "Cleanup", Time since last: 1001063000 ns, Reaching safepoint: 673400 ns, At safepoint: 30100 ns, Total: 703500 ns
[2020-06-08T02:54:25.528+0000][6][safepoint    ] Safepoint "Cleanup", Time since last: 3005504500 ns, Reaching safepoint: 1213600 ns, At safepoint: 46000 ns, Total: 1259600 ns
[2020-06-08T02:54:27.532+0000][6][safepoint    ] Safepoint "Cleanup", Time since last: 2002737100 ns, Reaching safepoint: 552600 ns, At safepoint: 22700 ns, Total: 575300 ns
[2020-06-08T02:54:30.548+0000][6][safepoint    ] Safepoint "Cleanup", Time since last: 3015310800 ns, Reaching safepoint: 1002200 ns, At safepoint: 45000 ns, Total: 1047200 ns
[2020-06-08T02:54:32.563+0000][6][safepoint    ] Safepoint "Cleanup", Time since last: 2008050900 ns, Reaching safepoint: 7119000 ns, At safepoint: 86900 ns, Total: 7205900 ns
[2020-06-08T02:54:33.568+0000][6][safepoint    ] Safepoint "Cleanup", Time since last: 1002650700 ns, Reaching safepoint: 2335500 ns, At safepoint: 29500 ns, Total: 2365000 ns
[2020-06-08T02:54:36.571+0000][6][safepoint    ] Safepoint "Cleanup", Time since last: 3002181700 ns, Reaching safepoint: 536400 ns, At safepoint: 40200 ns, Total: 576600 ns
[2020-06-08T02:54:39.576+0000][6][safepoint    ] Safepoint "Cleanup", Time since last: 3004327000 ns, Reaching safepoint: 752400 ns, At safepoint: 31200 ns, Total: 783600 ns
[2020-06-08T02:54:41.583+0000][6][safepoint    ] Safepoint "Cleanup", Time since last: 2004129200 ns, Reaching safepoint: 2912300 ns, At safepoint: 115700 ns, Total: 3028000 ns
[2020-06-08T02:54:42.590+0000][6][safepoint    ] Safepoint "Cleanup", Time since last: 1005505100 ns, Reaching safepoint: 1576300 ns, At safepoint: 39700 ns, Total: 1616000 ns
[2020-06-08T02:54:45.559+0000][6][safepoint    ] Safepoint "Cleanup", Time since last: 3002391800 ns, Reaching safepoint: 1305000 ns, At safepoint: 29300 ns, Total: 1334300 ns
[2020-06-08T02:54:46.561+0000][6][safepoint    ] Safepoint "Cleanup", Time since last: 1001336500 ns, Reaching safepoint: 625900 ns, At safepoint: 34000 ns, Total: 659900 ns
[2020-06-08T02:54:48.565+0000][6][safepoint    ] Safepoint "Cleanup", Time since last: 2002531500 ns, Reaching safepoint: 1393600 ns, At safepoint: 50100 ns, Total: 1443700 ns
[2020-06-08T02:54:49.576+0000][6][safepoint    ] Safepoint "Cleanup", Time since last: 1010157100 ns, Reaching safepoint: 961800 ns, At safepoint: 36300 ns, Total: 998100 ns
[2020-06-08T02:54:51.734+0000][6][safepoint    ] Safepoint "Cleanup", Time since last: 2156493300 ns, Reaching safepoint: 2209700 ns, At safepoint: 36900 ns, Total: 2246600 ns
[2020-06-08T02:54:56.752+0000][6][safepoint    ] Safepoint "Cleanup", Time since last: 5016077600 ns, Reaching safepoint: 1311300 ns, At safepoint: 36500 ns, Total: 1347800 ns
[2020-06-08T02:54:57.756+0000][6][safepoint    ] Safepoint "Cleanup", Time since last: 1002997000 ns, Reaching safepoint: 814100 ns, At safepoint: 101100 ns, Total: 915200 ns
[2020-06-08T02:54:58.760+0000][6][safepoint    ] Safepoint "Cleanup", Time since last: 1003097000 ns, Reaching safepoint: 905500 ns, At safepoint: 82400 ns, Total: 987900 ns
[2020-06-08T02:55:00.763+0000][6][safepoint    ] Safepoint "Cleanup", Time since last: 2002642300 ns, Reaching safepoint: 377700 ns, At safepoint: 64800 ns, Total: 442500 ns
[2020-06-08T02:55:01.777+0000][6][safepoint    ] Safepoint "Cleanup", Time since last: 1012795100 ns, Reaching safepoint: 942700 ns, At safepoint: 75300 ns, Total: 1018000 ns
[2020-06-08T02:55:02.781+0000][6][safepoint    ] Safepoint "Cleanup", Time since last: 1003035300 ns, Reaching safepoint: 1004800 ns, At safepoint: 29800 ns, Total: 1034600 ns
[2020-06-08T02:55:03.790+0000][6][safepoint    ] Safepoint "Cleanup", Time since last: 1008668400 ns, Reaching safepoint: 337200 ns, At safepoint: 99000 ns, Total: 436200 ns
[2020-06-08T02:55:04.792+0000][6][safepoint    ] Safepoint "Cleanup", Time since last: 1002194900 ns, Reaching safepoint: 170500 ns, At safepoint: 13200 ns, Total: 183700 ns
[2020-06-08T02:55:06.798+0000][6][safepoint    ] Safepoint "Cleanup", Time since last: 2004554700 ns, Reaching safepoint: 1520100 ns, At safepoint: 26600 ns, Total: 1546700 ns
[2020-06-08T02:55:09.801+0000][6][safepoint    ] Safepoint "Cleanup", Time since last: 3002352200 ns, Reaching safepoint: 395100 ns, At safepoint: 57600 ns, Total: 452700 ns
[2020-06-08T02:55:12.807+0000][6][safepoint    ] Safepoint "Cleanup", Time since last: 3004825300 ns, Reaching safepoint: 934400 ns, At safepoint: 27200 ns, Total: 961600 ns
[2020-06-08T02:55:13.813+0000][6][safepoint    ] Safepoint "Cleanup", Time since last: 1005253100 ns, Reaching safepoint: 623900 ns, At safepoint: 41600 ns, Total: 665500 ns
[2020-06-08T02:55:15.785+0000][6][safepoint    ] Safepoint "Cleanup", Time since last: 2004172800 ns, Reaching safepoint: 390100 ns, At safepoint: 21900 ns, Total: 412000 ns
[2020-06-08T02:55:16.790+0000][6][safepoint    ] Safepoint "Cleanup", Time since last: 1004053600 ns, Reaching safepoint: 401400 ns, At safepoint: 262100 ns, Total: 663500 ns
[2020-06-08T02:55:21.307+0000][6][safepoint    ] Safepoint "Cleanup", Time since last: 4515568700 ns, Reaching safepoint: 624400 ns, At safepoint: 16700 ns, Total: 641100 ns
[2020-06-08T02:55:22.373+0000][6][safepoint    ] Safepoint "Cleanup", Time since last: 1066045400 ns, Reaching safepoint: 501500 ns, At safepoint: 40900 ns, Total: 542400 ns
[2020-06-08T02:55:23.386+0000][6][safepoint    ] Safepoint "Cleanup", Time since last: 1012133300 ns, Reaching safepoint: 643500 ns, At safepoint: 28300 ns, Total: 671800 ns
[2020-06-08T02:55:27.401+0000][6][safepoint    ] Safepoint "Cleanup", Time since last: 4014343700 ns, Reaching safepoint: 542600 ns, At safepoint: 30300 ns, Total: 572900 ns
[2020-06-08T02:55:28.404+0000][6][safepoint    ] Safepoint "Cleanup", Time since last: 1002797000 ns, Reaching safepoint: 306900 ns, At safepoint: 28500 ns, Total: 335400 ns
[2020-06-08T02:55:33.425+0000][6][safepoint    ] Safepoint "Cleanup", Time since last: 5020883900 ns, Reaching safepoint: 387000 ns, At safepoint: 43100 ns, Total: 430100 ns
[2020-06-08T02:55:36.433+0000][6][safepoint    ] Safepoint "Cleanup", Time since last: 3006955500 ns, Reaching safepoint: 354600 ns, At safepoint: 85700 ns, Total: 440300 ns
[2020-06-08T02:55:42.457+0000][6][safepoint    ] Safepoint "Cleanup", Time since last: 6023921300 ns, Reaching safepoint: 243200 ns, At safepoint: 20600 ns, Total: 263800 ns
[2020-06-08T02:55:47.444+0000][6][safepoint    ] Safepoint "Cleanup", Time since last: 5019596600 ns, Reaching safepoint: 741900 ns, At safepoint: 38900 ns, Total: 780800 ns
[2020-06-08T02:55:51.456+0000][6][safepoint    ] Safepoint "Cleanup", Time since last: 4011674200 ns, Reaching safepoint: 414600 ns, At safepoint: 36700 ns, Total: 451300 ns
[2020-06-08T02:55:52.462+0000][6][safepoint    ] Safepoint "Cleanup", Time since last: 1006340400 ns, Reaching safepoint: 330000 ns, At safepoint: 27800 ns, Total: 357800 ns
[2020-06-08T02:55:54.470+0000][6][safepoint    ] Safepoint "Cleanup", Time since last: 2006874500 ns, Reaching safepoint: 594100 ns, At safepoint: 31000 ns, Total: 625100 ns
[2020-06-08T02:55:55.473+0000][6][safepoint    ] Safepoint "Cleanup", Time since last: 1002562200 ns, Reaching safepoint: 393200 ns, At safepoint: 21900 ns, Total: 415100 ns
[2020-06-08T02:55:56.476+0000][6][safepoint    ] Safepoint "Cleanup", Time since last: 1001982000 ns, Reaching safepoint: 402700 ns, At safepoint: 141400 ns, Total: 544100 ns
[2020-06-08T02:55:57.483+0000][6][safepoint    ] Safepoint "Cleanup", Time since last: 1004433800 ns, Reaching safepoint: 2802400 ns, At safepoint: 78200 ns, Total: 2880600 ns
[2020-06-08T02:55:59.491+0000][6][safepoint    ] Safepoint "Cleanup", Time since last: 2006682400 ns, Reaching safepoint: 1077500 ns, At safepoint: 53400 ns, Total: 1130900 ns
[2020-06-08T02:56:00.493+0000][6][safepoint    ] Safepoint "Cleanup", Time since last: 1001825200 ns, Reaching safepoint: 570400 ns, At safepoint: 27900 ns, Total: 598300 ns
[2020-06-08T02:56:02.507+0000][6][safepoint    ] Safepoint "Cleanup", Time since last: 2010493200 ns, Reaching safepoint: 3087700 ns, At safepoint: 364800 ns, Total: 3452500 ns
[2020-06-08T02:56:03.513+0000][6][safepoint    ] Safepoint "Cleanup", Time since last: 1005187100 ns, Reaching safepoint: 663000 ns, At safepoint: 85000 ns, Total: 748000 ns
[2020-06-08T02:56:06.518+0000][6][safepoint    ] Safepoint "Cleanup", Time since last: 3004241200 ns, Reaching safepoint: 561200 ns, At safepoint: 25500 ns, Total: 586700 ns
[2020-06-08T02:56:12.532+0000][6][safepoint    ] Safepoint "Cleanup", Time since last: 6013644700 ns, Reaching safepoint: 931000 ns, At safepoint: 39600 ns, Total: 970600 ns
[2020-06-08T02:56:14.540+0000][6][safepoint    ] Safepoint "Cleanup", Time since last: 2007440900 ns, Reaching safepoint: 365400 ns, At safepoint: 25000 ns, Total: 390400 ns
[2020-06-08T02:56:15.513+0000][6][safepoint    ] Safepoint "Cleanup", Time since last: 1006221800 ns, Reaching safepoint: 489300 ns, At safepoint: 25600 ns, Total: 514900 ns
[2020-06-08T02:56:16.520+0000][6][safepoint    ] Safepoint "Cleanup", Time since last: 1006559800 ns, Reaching safepoint: 841600 ns, At safepoint: 28800 ns, Total: 870400 ns
[2020-06-08T02:56:17.526+0000][6][safepoint    ] Safepoint "Cleanup", Time since last: 1004832500 ns, Reaching safepoint: 793100 ns, At safepoint: 50600 ns, Total: 843700 ns
[2020-06-08T02:56:18.530+0000][6][safepoint    ] Safepoint "Cleanup", Time since last: 1003735100 ns, Reaching safepoint: 409200 ns, At safepoint: 32600 ns, Total: 441800 ns
[2020-06-08T02:56:20.534+0000][6][safepoint    ] Safepoint "Cleanup", Time since last: 2003190200 ns, Reaching safepoint: 423200 ns, At safepoint: 29400 ns, Total: 452600 ns
[2020-06-08T02:56:21.536+0000][6][safepoint    ] Safepoint "Cleanup", Time since last: 1001794900 ns, Reaching safepoint: 360300 ns, At safepoint: 28600 ns, Total: 388900 ns
[2020-06-08T02:56:24.540+0000][6][safepoint    ] Safepoint "Cleanup", Time since last: 3003735500 ns, Reaching safepoint: 399700 ns, At safepoint: 68500 ns, Total: 468200 ns
[2020-06-08T02:56:26.544+0000][6][safepoint    ] Safepoint "Cleanup", Time since last: 2003554200 ns, Reaching safepoint: 295000 ns, At safepoint: 23500 ns, Total: 318500 ns
[2020-06-08T02:56:27.550+0000][6][safepoint    ] Safepoint "Cleanup", Time since last: 1005716600 ns, Reaching safepoint: 331000 ns, At safepoint: 29100 ns, Total: 360100 ns
[2020-06-08T02:56:31.834+0000][6][safepoint    ] Safepoint "Cleanup", Time since last: 4283792100 ns, Reaching safepoint: 253400 ns, At safepoint: 21300 ns, Total: 274700 ns
[2020-06-08T02:56:33.578+0000][6][safepoint    ] Safepoint "Cleanup", Time since last: 1743660900 ns, Reaching safepoint: 244100 ns, At safepoint: 16700 ns, Total: 260800 ns
[2020-06-08T02:56:34.582+0000][6][safepoint    ] Safepoint "Cleanup", Time since last: 1003786800 ns, Reaching safepoint: 353300 ns, At safepoint: 35100 ns, Total: 388400 ns
[2020-06-08T02:56:35.586+0000][6][safepoint    ] Safepoint "Cleanup", Time since last: 1003356700 ns, Reaching safepoint: 384000 ns, At safepoint: 39000 ns, Total: 423000 ns
[2020-06-08T02:56:36.588+0000][6][safepoint    ] Safepoint "Cleanup", Time since last: 1001896400 ns, Reaching safepoint: 231500 ns, At safepoint: 21800 ns, Total: 253300 ns
[2020-06-08T02:56:39.596+0000][6][safepoint    ] Safepoint "Cleanup", Time since last: 3007390200 ns, Reaching safepoint: 200700 ns, At safepoint: 17600 ns, Total: 218300 ns
[2020-06-08T02:56:41.606+0000][6][safepoint    ] Safepoint "Cleanup", Time since last: 2010487600 ns, Reaching safepoint: 276200 ns, At safepoint: 14700 ns, Total: 290900 ns
[2020-06-08T02:56:42.610+0000][6][safepoint    ] Safepoint "Cleanup", Time since last: 1003288400 ns, Reaching safepoint: 333000 ns, At safepoint: 15300 ns, Total: 348300 ns
[2020-06-08T02:56:44.618+0000][6][safepoint    ] Safepoint "Cleanup", Time since last: 2007498200 ns, Reaching safepoint: 339300 ns, At safepoint: 26800 ns, Total: 366100 ns
[2020-06-08T02:56:45.585+0000][6][safepoint    ] Safepoint "Cleanup", Time since last: 1001479600 ns, Reaching safepoint: 204400 ns, At safepoint: 17900 ns, Total: 222300 ns
[2020-06-08T02:56:47.251+0000][6][gc,start     ] GC(20) Pause Young (Normal) (G1 Evacuation Pause)
[2020-06-08T02:56:47.253+0000][6][gc,task      ] GC(20) Using 2 workers of 2 for evacuation
[2020-06-08T02:56:47.258+0000][6][gc,age       ] GC(20) Desired survivor size 20447232 bytes, new threshold 15 (max threshold 15)
[2020-06-08T02:56:47.333+0000][6][gc,age       ] GC(20) Age table with threshold 15 (max threshold 15)
[2020-06-08T02:56:47.334+0000][6][gc,age       ] GC(20) - age   1:     571144 bytes,     571144 total
[2020-06-08T02:56:47.335+0000][6][gc,age       ] GC(20) - age   2:    2557232 bytes,    3128376 total
[2020-06-08T02:56:47.336+0000][6][gc,age       ] GC(20) - age   3:    4061264 bytes,    7189640 total
[2020-06-08T02:56:47.337+0000][6][gc,age       ] GC(20) - age   4:    1357408 bytes,    8547048 total
[2020-06-08T02:56:47.338+0000][6][gc,age       ] GC(20) - age   5:    6982800 bytes,   15529848 total
[2020-06-08T02:56:47.340+0000][6][gc,phases    ] GC(20)   Pre Evacuate Collection Set: 1.4ms
[2020-06-08T02:56:47.341+0000][6][gc,phases    ] GC(20)   Merge Heap Roots: 1.4ms
[2020-06-08T02:56:47.342+0000][6][gc,phases    ] GC(20)   Evacuate Collection Set: 61.2ms
[2020-06-08T02:56:47.344+0000][6][gc,phases    ] GC(20)   Post Evacuate Collection Set: 9.9ms
[2020-06-08T02:56:47.345+0000][6][gc,phases    ] GC(20)   Other: 15.5ms
[2020-06-08T02:56:47.347+0000][6][gc,heap      ] GC(20) Eden regions: 293->0(506)
[2020-06-08T02:56:47.349+0000][6][gc,heap      ] GC(20) Survivor regions: 15->15(39)
[2020-06-08T02:56:47.351+0000][6][gc,heap      ] GC(20) Old regions: 55->55
[2020-06-08T02:56:47.352+0000][6][gc,heap      ] GC(20) Archive regions: 2->2
[2020-06-08T02:56:47.353+0000][6][gc,heap      ] GC(20) Humongous regions: 7->7
[2020-06-08T02:56:47.354+0000][6][gc,metaspace ] GC(20) Metaspace: 93773K(101120K)->93773K(101120K) NonClass: 81196K(85504K)->81196K(85504K) Class: 12577K(15616K)->12577K(15616K)
[2020-06-08T02:56:47.356+0000][6][gc           ] GC(20) Pause Young (Normal) (G1 Evacuation Pause) 370M->77M(1024M) 104.600ms
[2020-06-08T02:56:47.358+0000][6][gc,cpu       ] GC(20) User=0.11s Sys=0.03s Real=0.11s
[2020-06-08T02:56:47.360+0000][6][safepoint    ] Safepoint "G1CollectForAllocation", Time since last: 1661407300 ns, Reaching safepoint: 1356100 ns, At safepoint: 111731000 ns, Total: 113087100 ns
[2020-06-08T02:56:49.367+0000][6][safepoint    ] Safepoint "Cleanup", Time since last: 2007373800 ns, Reaching safepoint: 262500 ns, At safepoint: 20600 ns, Total: 283100 ns
[2020-06-08T02:56:52.373+0000][6][safepoint    ] Safepoint "Cleanup", Time since last: 3004964900 ns, Reaching safepoint: 424200 ns, At safepoint: 115200 ns, Total: 539400 ns
[2020-06-08T02:56:53.377+0000][6][safepoint    ] Safepoint "Cleanup", Time since last: 1002937600 ns, Reaching safepoint: 970800 ns, At safepoint: 23200 ns, Total: 994000 ns
[2020-06-08T02:56:54.883+0000][6][safepoint    ] Safepoint "Cleanup", Time since last: 1506392000 ns, Reaching safepoint: 236600 ns, At safepoint: 18200 ns, Total: 254800 ns
[2020-06-08T02:56:56.886+0000][6][safepoint    ] Safepoint "Cleanup", Time since last: 2002613700 ns, Reaching safepoint: 264100 ns, At safepoint: 24800 ns, Total: 288900 ns
[2020-06-08T02:56:57.889+0000][6][safepoint    ] Safepoint "Cleanup", Time since last: 1002577500 ns, Reaching safepoint: 387400 ns, At safepoint: 204400 ns, Total: 591800 ns
[2020-06-08T02:56:59.893+0000][6][safepoint    ] Safepoint "Cleanup", Time since last: 2002943100 ns, Reaching safepoint: 365000 ns, At safepoint: 37400 ns, Total: 402400 ns
[2020-06-08T02:57:04.907+0000][6][safepoint    ] Safepoint "Cleanup", Time since last: 5013404800 ns, Reaching safepoint: 366300 ns, At safepoint: 26000 ns, Total: 392300 ns
[2020-06-08T02:57:05.913+0000][6][safepoint    ] Safepoint "Cleanup", Time since last: 1006555200 ns, Reaching safepoint: 227800 ns, At safepoint: 15400 ns, Total: 243200 ns
[2020-06-08T02:57:07.875+0000][6][safepoint    ] Safepoint "Cleanup", Time since last: 1951023500 ns, Reaching safepoint: 10259700 ns, At safepoint: 65500 ns, Total: 10325200 ns
[2020-06-08T02:57:07.887+0000][6][safepoint    ] Safepoint "BulkRevokeBias", Time since last: 5617600 ns, Reaching safepoint: 5340700 ns, At safepoint: 924000 ns, Total: 6264700 ns
