[2020-06-08T02:11:54.765+0000][6][gc,heap] Heap region size: 1M
[2020-06-08T02:11:54.768+0000][6][gc,heap,coops] Heap address: 0x00000000c0000000, size: 1024 MB, Compressed Oops mode: 32-bit
[2020-06-08T02:11:55.242+0000][6][gc           ] Using G1
[2020-06-08T02:11:55.243+0000][6][gc,cds       ] Mark closed archive regions in map: [0x00000000fff00000, 0x00000000fff7eff8]
[2020-06-08T02:11:55.244+0000][6][gc,cds       ] Mark open archive regions in map: [0x00000000ffe00000, 0x00000000ffe51ff8]
[2020-06-08T02:11:55.283+0000][6][gc           ] Periodic GC disabled
[2020-06-08T02:11:56.338+0000][6][safepoint    ] Safepoint "Cleanup", Time since last: 1080274700 ns, Reaching safepoint: 455400 ns, At safepoint: 14400 ns, Total: 469800 ns
[2020-06-08T02:11:57.718+0000][6][safepoint    ] Safepoint "Cleanup", Time since last: 1379715900 ns, Reaching safepoint: 402200 ns, At safepoint: 13300 ns, Total: 415500 ns
[2020-06-08T02:11:57.764+0000][6][gc,start     ] GC(0) Pause Young (Normal) (G1 Evacuation Pause)
[2020-06-08T02:11:57.765+0000][6][gc,task      ] GC(0) Using 2 workers of 2 for evacuation
[2020-06-08T02:11:57.766+0000][6][gc,age       ] GC(0) Desired survivor size 3670016 bytes, new threshold 15 (max threshold 15)
[2020-06-08T02:11:57.777+0000][6][gc,age       ] GC(0) Age table with threshold 15 (max threshold 15)
[2020-06-08T02:11:57.777+0000][6][gc,age       ] GC(0) - age   1:    4815456 bytes,    4815456 total
[2020-06-08T02:11:57.778+0000][6][gc,phases    ] GC(0)   Pre Evacuate Collection Set: 0.3ms
[2020-06-08T02:11:57.778+0000][6][gc,phases    ] GC(0)   Merge Heap Roots: 0.2ms
[2020-06-08T02:11:57.779+0000][6][gc,phases    ] GC(0)   Evacuate Collection Set: 6.8ms
[2020-06-08T02:11:57.780+0000][6][gc,phases    ] GC(0)   Post Evacuate Collection Set: 3.3ms
[2020-06-08T02:11:57.780+0000][6][gc,phases    ] GC(0)   Other: 3.5ms
[2020-06-08T02:11:57.781+0000][6][gc,heap      ] GC(0) Eden regions: 51->0(46)
[2020-06-08T02:11:57.781+0000][6][gc,heap      ] GC(0) Survivor regions: 0->5(7)
[2020-06-08T02:11:57.782+0000][6][gc,heap      ] GC(0) Old regions: 0->0
[2020-06-08T02:11:57.782+0000][6][gc,heap      ] GC(0) Archive regions: 2->2
[2020-06-08T02:11:57.783+0000][6][gc,heap      ] GC(0) Humongous regions: 1->1
[2020-06-08T02:11:57.783+0000][6][gc,metaspace ] GC(0) Metaspace: 11543K(12160K)->11543K(12160K) NonClass: 10115K(10496K)->10115K(10496K) Class: 1427K(1664K)->1427K(1664K)
[2020-06-08T02:11:57.783+0000][6][gc           ] GC(0) Pause Young (Normal) (G1 Evacuation Pause) 52M->6M(1024M) 19.566ms
[2020-06-08T02:11:57.784+0000][6][gc,cpu       ] GC(0) User=0.01s Sys=0.01s Real=0.02s
[2020-06-08T02:11:57.785+0000][6][safepoint    ] Safepoint "G1CollectForAllocation", Time since last: 43533000 ns, Reaching safepoint: 2674400 ns, At safepoint: 20720400 ns, Total: 23394800 ns
[2020-06-08T02:11:59.084+0000][6][safepoint    ] Safepoint "Cleanup", Time since last: 1299212700 ns, Reaching safepoint: 459000 ns, At safepoint: 10600 ns, Total: 469600 ns
[2020-06-08T02:11:59.556+0000][6][gc,start     ] GC(1) Pause Young (Normal) (G1 Evacuation Pause)
[2020-06-08T02:11:59.557+0000][6][gc,task      ] GC(1) Using 2 workers of 2 for evacuation
[2020-06-08T02:11:59.557+0000][6][gc,age       ] GC(1) Desired survivor size 3670016 bytes, new threshold 1 (max threshold 15)
[2020-06-08T02:11:59.578+0000][6][gc,age       ] GC(1) Age table with threshold 1 (max threshold 15)
[2020-06-08T02:11:59.578+0000][6][gc,age       ] GC(1) - age   1:    2254144 bytes,    2254144 total
[2020-06-08T02:11:59.579+0000][6][gc,phases    ] GC(1)   Pre Evacuate Collection Set: 0.4ms
[2020-06-08T02:11:59.579+0000][6][gc,phases    ] GC(1)   Merge Heap Roots: 0.2ms
[2020-06-08T02:11:59.580+0000][6][gc,phases    ] GC(1)   Evacuate Collection Set: 12.5ms
[2020-06-08T02:11:59.580+0000][6][gc,phases    ] GC(1)   Post Evacuate Collection Set: 5.9ms
[2020-06-08T02:11:59.581+0000][6][gc,phases    ] GC(1)   Other: 4.3ms
[2020-06-08T02:11:59.582+0000][6][gc,heap      ] GC(1) Eden regions: 46->0(48)
[2020-06-08T02:11:59.582+0000][6][gc,heap      ] GC(1) Survivor regions: 5->3(7)
[2020-06-08T02:11:59.583+0000][6][gc,heap      ] GC(1) Old regions: 0->5
[2020-06-08T02:11:59.584+0000][6][gc,heap      ] GC(1) Archive regions: 2->2
[2020-06-08T02:11:59.584+0000][6][gc,heap      ] GC(1) Humongous regions: 1->1
[2020-06-08T02:11:59.584+0000][6][gc,metaspace ] GC(1) Metaspace: 16516K(17408K)->16516K(17408K) NonClass: 14563K(15104K)->14563K(15104K) Class: 1952K(2304K)->1952K(2304K)
[2020-06-08T02:11:59.585+0000][6][gc           ] GC(1) Pause Young (Normal) (G1 Evacuation Pause) 52M->8M(1024M) 29.173ms
[2020-06-08T02:11:59.585+0000][6][gc,cpu       ] GC(1) User=0.03s Sys=0.01s Real=0.03s
[2020-06-08T02:11:59.586+0000][6][safepoint    ] Safepoint "G1CollectForAllocation", Time since last: 471008600 ns, Reaching safepoint: 473500 ns, At safepoint: 30302000 ns, Total: 30775500 ns
[2020-06-08T02:11:59.605+0000][6][safepoint    ] Safepoint "BulkRevokeBias", Time since last: 17580600 ns, Reaching safepoint: 318200 ns, At safepoint: 1238100 ns, Total: 1556300 ns
[2020-06-08T02:12:00.001+0000][6][gc,start     ] GC(2) Pause Young (Normal) (G1 Evacuation Pause)
[2020-06-08T02:12:00.002+0000][6][gc,task      ] GC(2) Using 2 workers of 2 for evacuation
[2020-06-08T02:12:00.003+0000][6][gc,age       ] GC(2) Desired survivor size 3670016 bytes, new threshold 15 (max threshold 15)
[2020-06-08T02:12:00.019+0000][6][gc,age       ] GC(2) Age table with threshold 15 (max threshold 15)
[2020-06-08T02:12:00.020+0000][6][gc,age       ] GC(2) - age   1:    3304272 bytes,    3304272 total
[2020-06-08T02:12:00.021+0000][6][gc,age       ] GC(2) - age   2:    1963648 bytes,    5267920 total
[2020-06-08T02:12:00.022+0000][6][gc,phases    ] GC(2)   Pre Evacuate Collection Set: 0.3ms
[2020-06-08T02:12:00.022+0000][6][gc,phases    ] GC(2)   Merge Heap Roots: 0.2ms
[2020-06-08T02:12:00.023+0000][6][gc,phases    ] GC(2)   Evacuate Collection Set: 12.4ms
[2020-06-08T02:12:00.023+0000][6][gc,phases    ] GC(2)   Post Evacuate Collection Set: 2.6ms
[2020-06-08T02:12:00.024+0000][6][gc,phases    ] GC(2)   Other: 5.5ms
[2020-06-08T02:12:00.025+0000][6][gc,heap      ] GC(2) Eden regions: 48->0(52)
[2020-06-08T02:12:00.026+0000][6][gc,heap      ] GC(2) Survivor regions: 3->6(7)
[2020-06-08T02:12:00.027+0000][6][gc,heap      ] GC(2) Old regions: 5->5
[2020-06-08T02:12:00.027+0000][6][gc,heap      ] GC(2) Archive regions: 2->2
[2020-06-08T02:12:00.028+0000][6][gc,heap      ] GC(2) Humongous regions: 2->1
[2020-06-08T02:12:00.031+0000][6][gc,metaspace ] GC(2) Metaspace: 17563K(18304K)->17563K(18304K) NonClass: 15425K(15872K)->15425K(15872K) Class: 2137K(2432K)->2137K(2432K)
[2020-06-08T02:12:00.032+0000][6][gc           ] GC(2) Pause Young (Normal) (G1 Evacuation Pause) 57M->11M(1024M) 30.724ms
[2020-06-08T02:12:00.033+0000][6][gc,cpu       ] GC(2) User=0.03s Sys=0.00s Real=0.04s
[2020-06-08T02:12:00.033+0000][6][safepoint    ] Safepoint "G1CollectForAllocation", Time since last: 395105600 ns, Reaching safepoint: 511000 ns, At safepoint: 32388700 ns, Total: 32899700 ns
[2020-06-08T02:12:00.039+0000][6][safepoint    ] Safepoint "BulkRevokeBias", Time since last: 5237500 ns, Reaching safepoint: 462500 ns, At safepoint: 120900 ns, Total: 583400 ns
[2020-06-08T02:12:00.041+0000][6][safepoint    ] Safepoint "BulkRevokeBias", Time since last: 1702200 ns, Reaching safepoint: 165700 ns, At safepoint: 101800 ns, Total: 267500 ns
[2020-06-08T02:12:00.569+0000][6][gc,start     ] GC(3) Pause Young (Normal) (G1 Evacuation Pause)
[2020-06-08T02:12:00.570+0000][6][gc,task      ] GC(3) Using 2 workers of 2 for evacuation
[2020-06-08T02:12:00.570+0000][6][gc,age       ] GC(3) Desired survivor size 4194304 bytes, new threshold 2 (max threshold 15)
[2020-06-08T02:12:00.581+0000][6][gc,age       ] GC(3) Age table with threshold 2 (max threshold 15)
[2020-06-08T02:12:00.582+0000][6][gc,age       ] GC(3) - age   1:    1954272 bytes,    1954272 total
[2020-06-08T02:12:00.582+0000][6][gc,age       ] GC(3) - age   2:    1209104 bytes,    3163376 total
[2020-06-08T02:12:00.583+0000][6][gc,phases    ] GC(3)   Pre Evacuate Collection Set: 0.3ms
[2020-06-08T02:12:00.583+0000][6][gc,phases    ] GC(3)   Merge Heap Roots: 0.2ms
[2020-06-08T02:12:00.584+0000][6][gc,phases    ] GC(3)   Evacuate Collection Set: 7.9ms
[2020-06-08T02:12:00.585+0000][6][gc,phases    ] GC(3)   Post Evacuate Collection Set: 1.7ms
[2020-06-08T02:12:00.586+0000][6][gc,phases    ] GC(3)   Other: 3.7ms
[2020-06-08T02:12:00.587+0000][6][gc,heap      ] GC(3) Eden regions: 52->0(610)
[2020-06-08T02:12:00.588+0000][6][gc,heap      ] GC(3) Survivor regions: 6->4(8)
[2020-06-08T02:12:00.588+0000][6][gc,heap      ] GC(3) Old regions: 5->7
[2020-06-08T02:12:00.589+0000][6][gc,heap      ] GC(3) Archive regions: 2->2
[2020-06-08T02:12:00.589+0000][6][gc,heap      ] GC(3) Humongous regions: 1->1
[2020-06-08T02:12:00.590+0000][6][gc,metaspace ] GC(3) Metaspace: 18983K(19840K)->18983K(19840K) NonClass: 16673K(17152K)->16673K(17152K) Class: 2310K(2688K)->2310K(2688K)
[2020-06-08T02:12:00.590+0000][6][gc           ] GC(3) Pause Young (Normal) (G1 Evacuation Pause) 63M->11M(1024M) 21.390ms
[2020-06-08T02:12:00.591+0000][6][gc,cpu       ] GC(3) User=0.02s Sys=0.01s Real=0.02s
[2020-06-08T02:12:00.591+0000][6][safepoint    ] Safepoint "G1CollectForAllocation", Time since last: 527422300 ns, Reaching safepoint: 453900 ns, At safepoint: 22538800 ns, Total: 22992700 ns
[2020-06-08T02:12:01.916+0000][6][gc,start     ] GC(4) Pause Young (Concurrent Start) (Metadata GC Threshold)
[2020-06-08T02:12:01.917+0000][6][gc,task      ] GC(4) Using 2 workers of 2 for evacuation
[2020-06-08T02:12:01.917+0000][6][gc,age       ] GC(4) Desired survivor size 40370176 bytes, new threshold 15 (max threshold 15)
[2020-06-08T02:12:01.938+0000][6][gc,age       ] GC(4) Age table with threshold 15 (max threshold 15)
[2020-06-08T02:12:01.938+0000][6][gc,age       ] GC(4) - age   1:    4431896 bytes,    4431896 total
[2020-06-08T02:12:01.939+0000][6][gc,age       ] GC(4) - age   2:    1351224 bytes,    5783120 total
[2020-06-08T02:12:01.939+0000][6][gc,age       ] GC(4) - age   3:    1208880 bytes,    6992000 total
[2020-06-08T02:12:01.940+0000][6][gc,phases    ] GC(4)   Pre Evacuate Collection Set: 0.4ms
[2020-06-08T02:12:01.941+0000][6][gc,phases    ] GC(4)   Merge Heap Roots: 0.3ms
[2020-06-08T02:12:01.941+0000][6][gc,phases    ] GC(4)   Evacuate Collection Set: 13.7ms
[2020-06-08T02:12:01.942+0000][6][gc,phases    ] GC(4)   Post Evacuate Collection Set: 4.8ms
[2020-06-08T02:12:01.943+0000][6][gc,phases    ] GC(4)   Other: 5.1ms
[2020-06-08T02:12:01.944+0000][6][gc,heap      ] GC(4) Eden regions: 356->0(243)
[2020-06-08T02:12:01.944+0000][6][gc,heap      ] GC(4) Survivor regions: 4->8(77)
[2020-06-08T02:12:01.945+0000][6][gc,heap      ] GC(4) Old regions: 7->7
[2020-06-08T02:12:01.945+0000][6][gc,heap      ] GC(4) Archive regions: 2->2
[2020-06-08T02:12:01.946+0000][6][gc,heap      ] GC(4) Humongous regions: 1->1
[2020-06-08T02:12:01.946+0000][6][gc,metaspace ] GC(4) Metaspace: 19969K(21248K)->19969K(21248K) NonClass: 17521K(18432K)->17521K(18432K) Class: 2447K(2816K)->2447K(2816K)
[2020-06-08T02:12:01.947+0000][6][gc           ] GC(4) Pause Young (Concurrent Start) (Metadata GC Threshold) 367M->15M(1024M) 30.872ms
[2020-06-08T02:12:01.947+0000][6][gc,cpu       ] GC(4) User=0.03s Sys=0.01s Real=0.03s
[2020-06-08T02:12:01.948+0000][6][safepoint    ] Safepoint "CollectForMetadataAllocation", Time since last: 1324127000 ns, Reaching safepoint: 176300 ns, At safepoint: 32333000 ns, Total: 32509300 ns
[2020-06-08T02:12:01.948+0000][6][gc           ] GC(5) Concurrent Cycle
[2020-06-08T02:12:01.949+0000][6][gc,marking   ] GC(5) Concurrent Clear Claimed Marks
[2020-06-08T02:12:01.950+0000][6][gc,marking   ] GC(5) Concurrent Clear Claimed Marks 0.665ms
[2020-06-08T02:12:01.950+0000][6][gc,marking   ] GC(5) Concurrent Scan Root Regions
[2020-06-08T02:12:01.950+0000][6][safepoint    ] Safepoint "BulkRevokeBias", Time since last: 1072000 ns, Reaching safepoint: 312500 ns, At safepoint: 114300 ns, Total: 426800 ns
[2020-06-08T02:12:01.954+0000][6][gc,marking   ] GC(5) Concurrent Scan Root Regions 3.481ms
[2020-06-08T02:12:01.954+0000][6][gc,marking   ] GC(5) Concurrent Mark (7.215s)
[2020-06-08T02:12:01.955+0000][6][gc,marking   ] GC(5) Concurrent Mark From Roots
[2020-06-08T02:12:01.955+0000][6][gc,task      ] GC(5) Using 1 workers of 1 for marking
[2020-06-08T02:12:01.959+0000][6][safepoint    ] Safepoint "BulkRevokeBias", Time since last: 8712600 ns, Reaching safepoint: 233300 ns, At safepoint: 94900 ns, Total: 328200 ns
[2020-06-08T02:12:01.962+0000][6][safepoint    ] Safepoint "BulkRevokeBias", Time since last: 2483600 ns, Reaching safepoint: 170400 ns, At safepoint: 481200 ns, Total: 651600 ns
[2020-06-08T02:12:02.006+0000][6][gc,marking   ] GC(5) Concurrent Mark From Roots 50.719ms
[2020-06-08T02:12:02.006+0000][6][gc,marking   ] GC(5) Concurrent Preclean
[2020-06-08T02:12:02.007+0000][6][gc,marking   ] GC(5) Concurrent Preclean 0.710ms
[2020-06-08T02:12:02.008+0000][6][gc,marking   ] GC(5) Concurrent Mark (7.215s, 7.268s) 53.120ms
[2020-06-08T02:12:02.008+0000][6][gc,start     ] GC(5) Pause Remark
[2020-06-08T02:12:02.017+0000][6][gc           ] GC(5) Pause Remark 17M->17M(1024M) 8.501ms
[2020-06-08T02:12:02.018+0000][6][gc,cpu       ] GC(5) User=0.02s Sys=0.00s Real=0.01s
[2020-06-08T02:12:02.018+0000][6][safepoint    ] Safepoint "G1Concurrent", Time since last: 46311000 ns, Reaching safepoint: 369200 ns, At safepoint: 9765400 ns, Total: 10134600 ns
[2020-06-08T02:12:02.019+0000][6][gc,marking   ] GC(5) Concurrent Rebuild Remembered Sets
[2020-06-08T02:12:02.037+0000][6][gc,marking   ] GC(5) Concurrent Rebuild Remembered Sets 18.203ms
[2020-06-08T02:12:02.039+0000][6][gc,start     ] GC(5) Pause Cleanup
[2020-06-08T02:12:02.040+0000][6][gc           ] GC(5) Pause Cleanup 17M->17M(1024M) 1.181ms
[2020-06-08T02:12:02.041+0000][6][gc,cpu       ] GC(5) User=0.01s Sys=0.01s Real=0.00s
[2020-06-08T02:12:02.042+0000][6][safepoint    ] Safepoint "G1Concurrent", Time since last: 19886900 ns, Reaching safepoint: 731300 ns, At safepoint: 2831700 ns, Total: 3563000 ns
[2020-06-08T02:12:02.042+0000][6][gc,marking   ] GC(5) Concurrent Cleanup for Next Mark
[2020-06-08T02:12:02.048+0000][6][gc,marking   ] GC(5) Concurrent Cleanup for Next Mark 5.724ms
[2020-06-08T02:12:02.049+0000][6][gc           ] GC(5) Concurrent Cycle 100.375ms
[2020-06-08T02:12:03.043+0000][6][safepoint    ] Safepoint "Cleanup", Time since last: 1000830100 ns, Reaching safepoint: 342500 ns, At safepoint: 14800 ns, Total: 357300 ns
[2020-06-08T02:12:03.147+0000][6][gc,start     ] GC(6) Pause Young (Normal) (G1 Evacuation Pause)
[2020-06-08T02:12:03.148+0000][6][gc,task      ] GC(6) Using 2 workers of 2 for evacuation
[2020-06-08T02:12:03.149+0000][6][gc,age       ] GC(6) Desired survivor size 22544384 bytes, new threshold 15 (max threshold 15)
[2020-06-08T02:12:03.166+0000][6][gc,age       ] GC(6) Age table with threshold 15 (max threshold 15)
[2020-06-08T02:12:03.166+0000][6][gc,age       ] GC(6) - age   1:    2487176 bytes,    2487176 total
[2020-06-08T02:12:03.167+0000][6][gc,age       ] GC(6) - age   2:    4395448 bytes,    6882624 total
[2020-06-08T02:12:03.167+0000][6][gc,age       ] GC(6) - age   3:    1346872 bytes,    8229496 total
[2020-06-08T02:12:03.168+0000][6][gc,age       ] GC(6) - age   4:    1207808 bytes,    9437304 total
[2020-06-08T02:12:03.169+0000][6][gc,phases    ] GC(6)   Pre Evacuate Collection Set: 0.3ms
[2020-06-08T02:12:03.169+0000][6][gc,phases    ] GC(6)   Merge Heap Roots: 0.2ms
[2020-06-08T02:12:03.170+0000][6][gc,phases    ] GC(6)   Evacuate Collection Set: 11.2ms
[2020-06-08T02:12:03.171+0000][6][gc,phases    ] GC(6)   Post Evacuate Collection Set: 4.2ms
[2020-06-08T02:12:03.172+0000][6][gc,phases    ] GC(6)   Other: 5.3ms
[2020-06-08T02:12:03.172+0000][6][gc,heap      ] GC(6) Eden regions: 329->0(604)
[2020-06-08T02:12:03.173+0000][6][gc,heap      ] GC(6) Survivor regions: 8->10(43)
[2020-06-08T02:12:03.173+0000][6][gc,heap      ] GC(6) Old regions: 7->7
[2020-06-08T02:12:03.174+0000][6][gc,heap      ] GC(6) Archive regions: 2->2
[2020-06-08T02:12:03.175+0000][6][gc,heap      ] GC(6) Humongous regions: 1->1
[2020-06-08T02:12:03.175+0000][6][gc,metaspace ] GC(6) Metaspace: 21241K(22528K)->21241K(22528K) NonClass: 18641K(19456K)->18641K(19456K) Class: 2600K(3072K)->2600K(3072K)
[2020-06-08T02:12:03.178+0000][6][gc           ] GC(6) Pause Young (Normal) (G1 Evacuation Pause) 344M->18M(1024M) 30.363ms
[2020-06-08T02:12:03.179+0000][6][gc,cpu       ] GC(6) User=0.02s Sys=0.02s Real=0.03s
[2020-06-08T02:12:03.179+0000][6][safepoint    ] Safepoint "G1CollectForAllocation", Time since last: 104230400 ns, Reaching safepoint: 325800 ns, At safepoint: 32050800 ns, Total: 32376600 ns
[2020-06-08T02:12:04.184+0000][6][safepoint    ] Safepoint "Cleanup", Time since last: 1004554400 ns, Reaching safepoint: 443800 ns, At safepoint: 20700 ns, Total: 464500 ns
[2020-06-08T02:12:05.299+0000][6][safepoint    ] Safepoint "Cleanup", Time since last: 1114115200 ns, Reaching safepoint: 613400 ns, At safepoint: 35900 ns, Total: 649300 ns
[2020-06-08T02:12:06.487+0000][6][safepoint    ] Safepoint "Cleanup", Time since last: 1187247500 ns, Reaching safepoint: 652200 ns, At safepoint: 14800 ns, Total: 667000 ns
[2020-06-08T02:12:07.441+0000][6][gc,start     ] GC(7) Pause Young (Normal) (G1 Evacuation Pause)
[2020-06-08T02:12:07.441+0000][6][gc,task      ] GC(7) Using 2 workers of 2 for evacuation
[2020-06-08T02:12:07.442+0000][6][gc,age       ] GC(7) Desired survivor size 40370176 bytes, new threshold 15 (max threshold 15)
[2020-06-08T02:12:07.497+0000][6][gc,age       ] GC(7) Age table with threshold 15 (max threshold 15)
[2020-06-08T02:12:07.497+0000][6][gc,age       ] GC(7) - age   1:   22217904 bytes,   22217904 total
[2020-06-08T02:12:07.498+0000][6][gc,age       ] GC(7) - age   2:    2291952 bytes,   24509856 total
[2020-06-08T02:12:07.498+0000][6][gc,age       ] GC(7) - age   3:    4379904 bytes,   28889760 total
[2020-06-08T02:12:07.499+0000][6][gc,age       ] GC(7) - age   4:    1344624 bytes,   30234384 total
[2020-06-08T02:12:07.500+0000][6][gc,age       ] GC(7) - age   5:    1206368 bytes,   31440752 total
[2020-06-08T02:12:07.500+0000][6][gc,phases    ] GC(7)   Pre Evacuate Collection Set: 0.4ms
[2020-06-08T02:12:07.501+0000][6][gc,phases    ] GC(7)   Merge Heap Roots: 0.3ms
[2020-06-08T02:12:07.502+0000][6][gc,phases    ] GC(7)   Evacuate Collection Set: 44.7ms
[2020-06-08T02:12:07.502+0000][6][gc,phases    ] GC(7)   Post Evacuate Collection Set: 8.3ms
[2020-06-08T02:12:07.503+0000][6][gc,phases    ] GC(7)   Other: 6.3ms
[2020-06-08T02:12:07.503+0000][6][gc,heap      ] GC(7) Eden regions: 604->0(441)
[2020-06-08T02:12:07.504+0000][6][gc,heap      ] GC(7) Survivor regions: 10->31(77)
[2020-06-08T02:12:07.504+0000][6][gc,heap      ] GC(7) Old regions: 7->7
[2020-06-08T02:12:07.505+0000][6][gc,heap      ] GC(7) Archive regions: 2->2
[2020-06-08T02:12:07.505+0000][6][gc,heap      ] GC(7) Humongous regions: 1->1
[2020-06-08T02:12:07.506+0000][6][gc,metaspace ] GC(7) Metaspace: 28887K(31104K)->28887K(31104K) NonClass: 25215K(26624K)->25215K(26624K) Class: 3671K(4480K)->3671K(4480K)
[2020-06-08T02:12:07.506+0000][6][gc           ] GC(7) Pause Young (Normal) (G1 Evacuation Pause) 622M->38M(1024M) 65.678ms
[2020-06-08T02:12:07.507+0000][6][gc,cpu       ] GC(7) User=0.08s Sys=0.03s Real=0.07s
[2020-06-08T02:12:07.510+0000][6][safepoint    ] Safepoint "G1CollectForAllocation", Time since last: 953198000 ns, Reaching safepoint: 138400 ns, At safepoint: 69365400 ns, Total: 69503800 ns
[2020-06-08T02:12:08.512+0000][6][safepoint    ] Safepoint "Cleanup", Time since last: 1002015300 ns, Reaching safepoint: 395400 ns, At safepoint: 14200 ns, Total: 409600 ns
[2020-06-08T02:12:08.684+0000][6][gc,start     ] GC(8) Pause Young (Concurrent Start) (Metadata GC Threshold)
[2020-06-08T02:12:08.685+0000][6][gc,task      ] GC(8) Using 2 workers of 2 for evacuation
[2020-06-08T02:12:08.685+0000][6][gc,age       ] GC(8) Desired survivor size 30932992 bytes, new threshold 5 (max threshold 15)
[2020-06-08T02:12:08.755+0000][6][gc,age       ] GC(8) Age table with threshold 5 (max threshold 15)
[2020-06-08T02:12:08.756+0000][6][gc,age       ] GC(8) - age   1:    7640656 bytes,    7640656 total
[2020-06-08T02:12:08.756+0000][6][gc,age       ] GC(8) - age   2:   21909624 bytes,   29550280 total
[2020-06-08T02:12:08.757+0000][6][gc,age       ] GC(8) - age   3:    2286848 bytes,   31837128 total
[2020-06-08T02:12:08.757+0000][6][gc,age       ] GC(8) - age   4:    4378440 bytes,   36215568 total
[2020-06-08T02:12:08.757+0000][6][gc,age       ] GC(8) - age   5:    1344552 bytes,   37560120 total
[2020-06-08T02:12:08.758+0000][6][gc,phases    ] GC(8)   Pre Evacuate Collection Set: 0.4ms
[2020-06-08T02:12:08.758+0000][6][gc,phases    ] GC(8)   Merge Heap Roots: 0.3ms
[2020-06-08T02:12:08.758+0000][6][gc,phases    ] GC(8)   Evacuate Collection Set: 64.4ms
[2020-06-08T02:12:08.759+0000][6][gc,phases    ] GC(8)   Post Evacuate Collection Set: 4.6ms
[2020-06-08T02:12:08.759+0000][6][gc,phases    ] GC(8)   Other: 4.2ms
[2020-06-08T02:12:08.759+0000][6][gc,heap      ] GC(8) Eden regions: 87->0(14)
[2020-06-08T02:12:08.760+0000][6][gc,heap      ] GC(8) Survivor regions: 31->37(59)
[2020-06-08T02:12:08.760+0000][6][gc,heap      ] GC(8) Old regions: 7->8
[2020-06-08T02:12:08.760+0000][6][gc,heap      ] GC(8) Archive regions: 2->2
[2020-06-08T02:12:08.761+0000][6][gc,heap      ] GC(8) Humongous regions: 1->1
[2020-06-08T02:12:08.761+0000][6][gc,metaspace ] GC(8) Metaspace: 32835K(35584K)->32835K(35584K) NonClass: 28527K(30208K)->28527K(30208K) Class: 4307K(5376K)->4307K(5376K)
[2020-06-08T02:12:08.761+0000][6][gc           ] GC(8) Pause Young (Concurrent Start) (Metadata GC Threshold) 125M->45M(1024M) 77.248ms
[2020-06-08T02:12:08.762+0000][6][gc,cpu       ] GC(8) User=0.13s Sys=0.02s Real=0.07s
[2020-06-08T02:12:08.762+0000][6][gc           ] GC(9) Concurrent Cycle
[2020-06-08T02:12:08.762+0000][6][gc,marking   ] GC(9) Concurrent Clear Claimed Marks
[2020-06-08T02:12:08.765+0000][6][gc,marking   ] GC(9) Concurrent Clear Claimed Marks 2.300ms
[2020-06-08T02:12:08.765+0000][6][gc,marking   ] GC(9) Concurrent Scan Root Regions
[2020-06-08T02:12:08.765+0000][6][safepoint    ] Safepoint "CollectForMetadataAllocation", Time since last: 171027900 ns, Reaching safepoint: 647700 ns, At safepoint: 80822900 ns, Total: 81470600 ns
[2020-06-08T02:12:08.791+0000][6][gc,marking   ] GC(9) Concurrent Scan Root Regions 25.771ms
[2020-06-08T02:12:08.791+0000][6][gc,marking   ] GC(9) Concurrent Mark (14.052s)
[2020-06-08T02:12:08.792+0000][6][gc,marking   ] GC(9) Concurrent Mark From Roots
[2020-06-08T02:12:08.792+0000][6][gc,task      ] GC(9) Using 1 workers of 1 for marking
[2020-06-08T02:12:08.793+0000][6][safepoint    ] Safepoint "CollectForMetadataAllocation", Time since last: 28132900 ns, Reaching safepoint: 137000 ns, At safepoint: 178400 ns, Total: 315400 ns
[2020-06-08T02:12:08.819+0000][6][gc,marking   ] GC(9) Concurrent Mark From Roots 26.724ms
[2020-06-08T02:12:08.819+0000][6][gc,marking   ] GC(9) Concurrent Preclean
[2020-06-08T02:12:08.820+0000][6][gc,marking   ] GC(9) Concurrent Preclean 0.566ms
[2020-06-08T02:12:08.820+0000][6][gc,marking   ] GC(9) Concurrent Mark (14.052s, 14.081s) 28.504ms
[2020-06-08T02:12:08.821+0000][6][gc,start     ] GC(9) Pause Remark
[2020-06-08T02:12:08.826+0000][6][gc           ] GC(9) Pause Remark 48M->48M(1024M) 4.971ms
[2020-06-08T02:12:08.826+0000][6][gc,cpu       ] GC(9) User=0.00s Sys=0.00s Real=0.01s
[2020-06-08T02:12:08.827+0000][6][safepoint    ] Safepoint "G1Concurrent", Time since last: 27303200 ns, Reaching safepoint: 259200 ns, At safepoint: 6089800 ns, Total: 6349000 ns
[2020-06-08T02:12:08.827+0000][6][gc,marking   ] GC(9) Concurrent Rebuild Remembered Sets
[2020-06-08T02:12:08.850+0000][6][gc,marking   ] GC(9) Concurrent Rebuild Remembered Sets 22.645ms
[2020-06-08T02:12:08.851+0000][6][gc,start     ] GC(9) Pause Cleanup
[2020-06-08T02:12:08.853+0000][6][gc           ] GC(9) Pause Cleanup 48M->48M(1024M) 1.313ms
[2020-06-08T02:12:08.853+0000][6][gc,cpu       ] GC(9) User=0.00s Sys=0.01s Real=0.01s
[2020-06-08T02:12:08.854+0000][6][safepoint    ] Safepoint "G1Concurrent", Time since last: 23778300 ns, Reaching safepoint: 697200 ns, At safepoint: 2302200 ns, Total: 2999400 ns
[2020-06-08T02:12:08.854+0000][6][gc,marking   ] GC(9) Concurrent Cleanup for Next Mark
[2020-06-08T02:12:08.859+0000][6][gc,marking   ] GC(9) Concurrent Cleanup for Next Mark 5.023ms
[2020-06-08T02:12:08.860+0000][6][gc           ] GC(9) Concurrent Cycle 97.656ms
[2020-06-08T02:12:09.006+0000][6][gc,start     ] GC(10) Pause Young (Concurrent Start) (G1 Evacuation Pause)
[2020-06-08T02:12:09.006+0000][6][gc,task      ] GC(10) Using 2 workers of 2 for evacuation
[2020-06-08T02:12:09.007+0000][6][gc,age       ] GC(10) Desired survivor size 3670016 bytes, new threshold 1 (max threshold 15)
[2020-06-08T02:12:09.059+0000][6][gc,age       ] GC(10) Age table with threshold 1 (max threshold 15)
[2020-06-08T02:12:09.060+0000][6][gc,age       ] GC(10) - age   1:     411600 bytes,     411600 total
[2020-06-08T02:12:09.061+0000][6][gc,phases    ] GC(10)   Pre Evacuate Collection Set: 0.5ms
[2020-06-08T02:12:09.061+0000][6][gc,phases    ] GC(10)   Merge Heap Roots: 0.3ms
[2020-06-08T02:12:09.062+0000][6][gc,phases    ] GC(10)   Evacuate Collection Set: 47.6ms
[2020-06-08T02:12:09.062+0000][6][gc,phases    ] GC(10)   Post Evacuate Collection Set: 3.3ms
[2020-06-08T02:12:09.063+0000][6][gc,phases    ] GC(10)   Other: 3.5ms
[2020-06-08T02:12:09.063+0000][6][gc,heap      ] GC(10) Eden regions: 14->0(613)
[2020-06-08T02:12:09.064+0000][6][gc,heap      ] GC(10) Survivor regions: 37->1(7)
[2020-06-08T02:12:09.064+0000][6][gc,heap      ] GC(10) Old regions: 8->44
[2020-06-08T02:12:09.065+0000][6][gc,heap      ] GC(10) Archive regions: 2->2
[2020-06-08T02:12:09.065+0000][6][gc,heap      ] GC(10) Humongous regions: 1->1
[2020-06-08T02:12:09.066+0000][6][gc,metaspace ] GC(10) Metaspace: 34198K(36992K)->34198K(36992K) NonClass: 29745K(31488K)->29745K(31488K) Class: 4452K(5504K)->4452K(5504K)
[2020-06-08T02:12:09.066+0000][6][gc           ] GC(10) Pause Young (Concurrent Start) (G1 Evacuation Pause) 59M->46M(1024M) 60.676ms
[2020-06-08T02:12:09.067+0000][6][gc,cpu       ] GC(10) User=0.09s Sys=0.01s Real=0.06s
[2020-06-08T02:12:09.067+0000][6][gc           ] GC(11) Concurrent Cycle
[2020-06-08T02:12:09.068+0000][6][gc,marking   ] GC(11) Concurrent Clear Claimed Marks
[2020-06-08T02:12:09.069+0000][6][gc,marking   ] GC(11) Concurrent Clear Claimed Marks 0.698ms
[2020-06-08T02:12:09.069+0000][6][gc,marking   ] GC(11) Concurrent Scan Root Regions
[2020-06-08T02:12:09.073+0000][6][safepoint    ] Safepoint "G1CollectForAllocation", Time since last: 151773300 ns, Reaching safepoint: 126500 ns, At safepoint: 67054900 ns, Total: 67181400 ns
[2020-06-08T02:12:09.118+0000][6][gc,marking   ] GC(11) Concurrent Scan Root Regions 48.132ms
[2020-06-08T02:12:09.118+0000][6][gc,marking   ] GC(11) Concurrent Mark (14.379s)
[2020-06-08T02:12:09.119+0000][6][gc,marking   ] GC(11) Concurrent Mark From Roots
[2020-06-08T02:12:09.119+0000][6][gc,task      ] GC(11) Using 1 workers of 1 for marking
[2020-06-08T02:12:09.132+0000][6][gc,marking   ] GC(11) Concurrent Mark From Roots 13.807ms
[2020-06-08T02:12:09.133+0000][6][gc,marking   ] GC(11) Concurrent Preclean
[2020-06-08T02:12:09.134+0000][6][gc,marking   ] GC(11) Concurrent Preclean 0.557ms
[2020-06-08T02:12:09.134+0000][6][gc,marking   ] GC(11) Concurrent Mark (14.379s, 14.395s) 15.636ms
[2020-06-08T02:12:09.135+0000][6][gc,start     ] GC(11) Pause Remark
[2020-06-08T02:12:09.142+0000][6][gc           ] GC(11) Pause Remark 85M->85M(1024M) 6.931ms
[2020-06-08T02:12:09.142+0000][6][gc,cpu       ] GC(11) User=0.00s Sys=0.01s Real=0.01s
[2020-06-08T02:12:09.143+0000][6][safepoint    ] Safepoint "G1Concurrent", Time since last: 61654700 ns, Reaching safepoint: 546800 ns, At safepoint: 8457000 ns, Total: 9003800 ns
[2020-06-08T02:12:09.145+0000][6][gc,marking   ] GC(11) Concurrent Rebuild Remembered Sets
[2020-06-08T02:12:09.249+0000][6][gc,marking   ] GC(11) Concurrent Rebuild Remembered Sets 103.706ms
[2020-06-08T02:12:09.251+0000][6][gc,start     ] GC(11) Pause Cleanup
[2020-06-08T02:12:09.252+0000][6][gc           ] GC(11) Pause Cleanup 140M->140M(1024M) 1.141ms
[2020-06-08T02:12:09.253+0000][6][gc,cpu       ] GC(11) User=0.00s Sys=0.00s Real=0.01s
[2020-06-08T02:12:09.254+0000][6][safepoint    ] Safepoint "G1Concurrent", Time since last: 106420700 ns, Reaching safepoint: 1656400 ns, At safepoint: 2262200 ns, Total: 3918600 ns
[2020-06-08T02:12:09.254+0000][6][gc,marking   ] GC(11) Concurrent Cleanup for Next Mark
[2020-06-08T02:12:09.257+0000][6][gc,marking   ] GC(11) Concurrent Cleanup for Next Mark 3.518ms
[2020-06-08T02:12:09.258+0000][6][gc           ] GC(11) Concurrent Cycle 190.751ms
[2020-06-08T02:12:11.198+0000][6][safepoint    ] Safepoint "Cleanup", Time since last: 1943348400 ns, Reaching safepoint: 638600 ns, At safepoint: 45900 ns, Total: 684500 ns
[2020-06-08T02:12:12.886+0000][6][safepoint    ] Safepoint "Cleanup", Time since last: 1687934800 ns, Reaching safepoint: 434400 ns, At safepoint: 40700 ns, Total: 475100 ns
[2020-06-08T02:12:13.888+0000][6][safepoint    ] Safepoint "Cleanup", Time since last: 1000732200 ns, Reaching safepoint: 982600 ns, At safepoint: 48400 ns, Total: 1031000 ns
[2020-06-08T02:12:14.219+0000][6][safepoint    ] Safepoint "BulkRevokeBias", Time since last: 329974800 ns, Reaching safepoint: 722600 ns, At safepoint: 178800 ns, Total: 901400 ns
[2020-06-08T02:12:14.252+0000][6][safepoint    ] Safepoint "BulkRevokeBias", Time since last: 32609100 ns, Reaching safepoint: 304600 ns, At safepoint: 117800 ns, Total: 422400 ns
[2020-06-08T02:12:14.264+0000][6][safepoint    ] Safepoint "BulkRevokeBias", Time since last: 12362900 ns, Reaching safepoint: 109200 ns, At safepoint: 148600 ns, Total: 257800 ns
[2020-06-08T02:12:15.244+0000][6][gc,start     ] GC(12) Pause Young (Concurrent Start) (Metadata GC Threshold)
[2020-06-08T02:12:15.245+0000][6][gc,task      ] GC(12) Using 2 workers of 2 for evacuation
[2020-06-08T02:12:15.246+0000][6][gc,age       ] GC(12) Desired survivor size 40370176 bytes, new threshold 15 (max threshold 15)
[2020-06-08T02:12:15.280+0000][6][gc,age       ] GC(12) Age table with threshold 15 (max threshold 15)
[2020-06-08T02:12:15.281+0000][6][gc,age       ] GC(12) - age   1:   10183960 bytes,   10183960 total
[2020-06-08T02:12:15.281+0000][6][gc,age       ] GC(12) - age   2:     359816 bytes,   10543776 total
[2020-06-08T02:12:15.282+0000][6][gc,phases    ] GC(12)   Pre Evacuate Collection Set: 0.8ms
[2020-06-08T02:12:15.282+0000][6][gc,phases    ] GC(12)   Merge Heap Roots: 0.5ms
[2020-06-08T02:12:15.283+0000][6][gc,phases    ] GC(12)   Evacuate Collection Set: 25.9ms
[2020-06-08T02:12:15.283+0000][6][gc,phases    ] GC(12)   Post Evacuate Collection Set: 6.1ms
[2020-06-08T02:12:15.285+0000][6][gc,phases    ] GC(12)   Other: 4.3ms
[2020-06-08T02:12:15.285+0000][6][gc,heap      ] GC(12) Eden regions: 332->0(603)
[2020-06-08T02:12:15.286+0000][6][gc,heap      ] GC(12) Survivor regions: 1->11(77)
[2020-06-08T02:12:15.287+0000][6][gc,heap      ] GC(12) Old regions: 44->44
[2020-06-08T02:12:15.287+0000][6][gc,heap      ] GC(12) Archive regions: 2->2
[2020-06-08T02:12:15.288+0000][6][gc,heap      ] GC(12) Humongous regions: 1->1
[2020-06-08T02:12:15.288+0000][6][gc,metaspace ] GC(12) Metaspace: 56721K(61656K)->56721K(61656K) NonClass: 48983K(51928K)->48983K(51928K) Class: 7737K(9728K)->7737K(9728K)
[2020-06-08T02:12:15.289+0000][6][gc           ] GC(12) Pause Young (Concurrent Start) (Metadata GC Threshold) 378M->56M(1024M) 44.714ms
[2020-06-08T02:12:15.289+0000][6][gc,cpu       ] GC(12) User=0.04s Sys=0.03s Real=0.04s
[2020-06-08T02:12:15.290+0000][6][gc           ] GC(13) Concurrent Cycle
[2020-06-08T02:12:15.290+0000][6][gc,marking   ] GC(13) Concurrent Clear Claimed Marks
[2020-06-08T02:12:15.291+0000][6][gc,marking   ] GC(13) Concurrent Clear Claimed Marks 0.876ms
[2020-06-08T02:12:15.292+0000][6][gc,marking   ] GC(13) Concurrent Scan Root Regions
[2020-06-08T02:12:15.291+0000][6][safepoint    ] Safepoint "CollectForMetadataAllocation", Time since last: 979716300 ns, Reaching safepoint: 160500 ns, At safepoint: 47030800 ns, Total: 47191300 ns
[2020-06-08T02:12:15.307+0000][6][gc,marking   ] GC(13) Concurrent Scan Root Regions 14.987ms
[2020-06-08T02:12:15.307+0000][6][gc,marking   ] GC(13) Concurrent Mark (20.568s)
[2020-06-08T02:12:15.307+0000][6][gc,marking   ] GC(13) Concurrent Mark From Roots
[2020-06-08T02:12:15.308+0000][6][gc,task      ] GC(13) Using 1 workers of 1 for marking
[2020-06-08T02:12:15.329+0000][6][safepoint    ] Safepoint "CollectForMetadataAllocation", Time since last: 37459200 ns, Reaching safepoint: 236300 ns, At safepoint: 213300 ns, Total: 449600 ns
[2020-06-08T02:12:15.432+0000][6][safepoint    ] Safepoint "CollectForMetadataAllocation", Time since last: 102069100 ns, Reaching safepoint: 463300 ns, At safepoint: 221400 ns, Total: 684700 ns
[2020-06-08T02:12:15.441+0000][6][gc,marking   ] GC(13) Concurrent Mark From Roots 133.404ms
[2020-06-08T02:12:15.442+0000][6][gc,marking   ] GC(13) Concurrent Preclean
[2020-06-08T02:12:15.442+0000][6][gc,marking   ] GC(13) Concurrent Preclean 0.818ms
[2020-06-08T02:12:15.443+0000][6][gc,marking   ] GC(13) Concurrent Mark (20.568s, 20.704s) 135.787ms
[2020-06-08T02:12:15.444+0000][6][gc,start     ] GC(13) Pause Remark
[2020-06-08T02:12:15.451+0000][6][gc           ] GC(13) Pause Remark 61M->61M(1024M) 7.427ms
[2020-06-08T02:12:15.452+0000][6][gc,cpu       ] GC(13) User=0.01s Sys=0.00s Real=0.00s
[2020-06-08T02:12:15.452+0000][6][safepoint    ] Safepoint "G1Concurrent", Time since last: 11706800 ns, Reaching safepoint: 132900 ns, At safepoint: 8722900 ns, Total: 8855800 ns
[2020-06-08T02:12:15.453+0000][6][gc,marking   ] GC(13) Concurrent Rebuild Remembered Sets
[2020-06-08T02:12:15.539+0000][6][gc,marking   ] GC(13) Concurrent Rebuild Remembered Sets 86.392ms
[2020-06-08T02:12:15.542+0000][6][gc,start     ] GC(13) Pause Cleanup
[2020-06-08T02:12:15.543+0000][6][gc           ] GC(13) Pause Cleanup 66M->66M(1024M) 1.057ms
[2020-06-08T02:12:15.543+0000][6][gc,cpu       ] GC(13) User=0.00s Sys=0.00s Real=0.01s
[2020-06-08T02:12:15.544+0000][6][safepoint    ] Safepoint "G1Concurrent", Time since last: 87602100 ns, Reaching safepoint: 2016200 ns, At safepoint: 1910500 ns, Total: 3926700 ns
[2020-06-08T02:12:15.544+0000][6][gc,marking   ] GC(13) Concurrent Cleanup for Next Mark
[2020-06-08T02:12:15.547+0000][6][gc,marking   ] GC(13) Concurrent Cleanup for Next Mark 2.591ms
[2020-06-08T02:12:15.548+0000][6][gc           ] GC(13) Concurrent Cycle 257.688ms
[2020-06-08T02:12:16.392+0000][6][safepoint    ] Safepoint "BulkRevokeBias", Time since last: 846210400 ns, Reaching safepoint: 1201400 ns, At safepoint: 270300 ns, Total: 1471700 ns
[2020-06-08T02:12:17.649+0000][6][safepoint    ] Safepoint "Cleanup", Time since last: 1289534000 ns, Reaching safepoint: 1762700 ns, At safepoint: 19000 ns, Total: 1781700 ns
[2020-06-08T02:12:18.994+0000][6][safepoint    ] Safepoint "Cleanup", Time since last: 1343974300 ns, Reaching safepoint: 484200 ns, At safepoint: 9400 ns, Total: 493600 ns
[2020-06-08T02:12:19.864+0000][6][safepoint    ] Safepoint "ICBufferFull", Time since last: 869727400 ns, Reaching safepoint: 326400 ns, At safepoint: 36700 ns, Total: 363100 ns
[2020-06-08T02:12:20.523+0000][6][safepoint    ] Safepoint "BulkRevokeBias", Time since last: 657673300 ns, Reaching safepoint: 520700 ns, At safepoint: 601800 ns, Total: 1122500 ns
[2020-06-08T02:12:20.714+0000][6][safepoint    ] Safepoint "BulkRevokeBias", Time since last: 190118900 ns, Reaching safepoint: 574500 ns, At safepoint: 721500 ns, Total: 1296000 ns
[2020-06-08T02:12:21.828+0000][6][safepoint    ] Safepoint "Cleanup", Time since last: 1113615500 ns, Reaching safepoint: 659500 ns, At safepoint: 21200 ns, Total: 680700 ns
[2020-06-08T02:12:22.009+0000][6][safepoint    ] Safepoint "BulkRevokeBias", Time since last: 180012200 ns, Reaching safepoint: 491500 ns, At safepoint: 268500 ns, Total: 760000 ns
[2020-06-08T02:12:22.782+0000][6][safepoint    ] Safepoint "BulkRevokeBias", Time since last: 771943400 ns, Reaching safepoint: 810400 ns, At safepoint: 254200 ns, Total: 1064600 ns
[2020-06-08T02:12:23.843+0000][6][safepoint    ] Safepoint "Cleanup", Time since last: 1059879700 ns, Reaching safepoint: 748700 ns, At safepoint: 48400 ns, Total: 797100 ns
[2020-06-08T02:12:24.849+0000][6][safepoint    ] Safepoint "Cleanup", Time since last: 1005614100 ns, Reaching safepoint: 1069900 ns, At safepoint: 21700 ns, Total: 1091600 ns
[2020-06-08T02:12:25.981+0000][6][safepoint    ] Safepoint "Cleanup", Time since last: 1131393500 ns, Reaching safepoint: 434800 ns, At safepoint: 20200 ns, Total: 455000 ns
[2020-06-08T02:12:27.547+0000][6][safepoint    ] Safepoint "Cleanup", Time since last: 1564936700 ns, Reaching safepoint: 346900 ns, At safepoint: 20300 ns, Total: 367200 ns
[2020-06-08T02:12:29.553+0000][6][safepoint    ] Safepoint "Cleanup", Time since last: 2005425500 ns, Reaching safepoint: 514900 ns, At safepoint: 31200 ns, Total: 546100 ns
[2020-06-08T02:12:39.578+0000][6][safepoint    ] Safepoint "Cleanup", Time since last: 10024774500 ns, Reaching safepoint: 189600 ns, At safepoint: 906900 ns, Total: 1096500 ns
[2020-06-08T02:12:40.580+0000][6][safepoint    ] Safepoint "Cleanup", Time since last: 1001502100 ns, Reaching safepoint: 254700 ns, At safepoint: 16200 ns, Total: 270900 ns
[2020-06-08T02:12:46.583+0000][6][safepoint    ] Safepoint "Cleanup", Time since last: 6002959100 ns, Reaching safepoint: 150000 ns, At safepoint: 14800 ns, Total: 164800 ns
[2020-06-08T02:12:51.551+0000][6][safepoint    ] Safepoint "Cleanup", Time since last: 5002462100 ns, Reaching safepoint: 136700 ns, At safepoint: 12100 ns, Total: 148800 ns
[2020-06-08T02:12:52.805+0000][6][safepoint    ] Safepoint "Cleanup", Time since last: 1253372800 ns, Reaching safepoint: 570600 ns, At safepoint: 39200 ns, Total: 609800 ns
[2020-06-08T02:12:53.944+0000][6][safepoint    ] Safepoint "Cleanup", Time since last: 1138812300 ns, Reaching safepoint: 145300 ns, At safepoint: 14400 ns, Total: 159700 ns
[2020-06-08T02:13:04.180+0000][6][safepoint    ] Safepoint "Cleanup", Time since last: 10162473400 ns, Reaching safepoint: 73573000 ns, At safepoint: 60600 ns, Total: 73633600 ns
[2020-06-08T02:13:06.184+0000][6][safepoint    ] Safepoint "Cleanup", Time since last: 2002888900 ns, Reaching safepoint: 225700 ns, At safepoint: 23700 ns, Total: 249400 ns
[2020-06-08T02:13:07.185+0000][6][safepoint    ] Safepoint "Cleanup", Time since last: 1001302500 ns, Reaching safepoint: 287500 ns, At safepoint: 14100 ns, Total: 301600 ns
[2020-06-08T02:13:09.187+0000][6][safepoint    ] Safepoint "Cleanup", Time since last: 2001392500 ns, Reaching safepoint: 162800 ns, At safepoint: 16500 ns, Total: 179300 ns
[2020-06-08T02:13:17.160+0000][6][safepoint    ] Safepoint "Cleanup", Time since last: 8003436900 ns, Reaching safepoint: 2183000 ns, At safepoint: 586400 ns, Total: 2769400 ns
[2020-06-08T02:13:18.163+0000][6][safepoint    ] Safepoint "Cleanup", Time since last: 1003277600 ns, Reaching safepoint: 159000 ns, At safepoint: 12700 ns, Total: 171700 ns
[2020-06-08T02:13:19.165+0000][6][safepoint    ] Safepoint "Cleanup", Time since last: 1001349600 ns, Reaching safepoint: 157800 ns, At safepoint: 15000 ns, Total: 172800 ns
[2020-06-08T02:13:21.213+0000][6][safepoint    ] Safepoint "Cleanup", Time since last: 2047649300 ns, Reaching safepoint: 135600 ns, At safepoint: 15500 ns, Total: 151100 ns
[2020-06-08T02:13:22.241+0000][6][safepoint    ] Safepoint "Cleanup", Time since last: 1027944100 ns, Reaching safepoint: 161000 ns, At safepoint: 15900 ns, Total: 176900 ns
[2020-06-08T02:13:23.242+0000][6][safepoint    ] Safepoint "Cleanup", Time since last: 1000910900 ns, Reaching safepoint: 137500 ns, At safepoint: 12400 ns, Total: 149900 ns
[2020-06-08T02:13:24.243+0000][6][safepoint    ] Safepoint "Cleanup", Time since last: 1000899500 ns, Reaching safepoint: 149600 ns, At safepoint: 13700 ns, Total: 163300 ns
[2020-06-08T02:13:25.244+0000][6][safepoint    ] Safepoint "Cleanup", Time since last: 1001309100 ns, Reaching safepoint: 131800 ns, At safepoint: 13900 ns, Total: 145700 ns
[2020-06-08T02:13:29.247+0000][6][safepoint    ] Safepoint "Cleanup", Time since last: 4001987700 ns, Reaching safepoint: 141500 ns, At safepoint: 14600 ns, Total: 156100 ns
[2020-06-08T02:13:49.222+0000][6][safepoint    ] Safepoint "Cleanup", Time since last: 20008292900 ns, Reaching safepoint: 799300 ns, At safepoint: 35800 ns, Total: 835100 ns
[2020-06-08T02:13:50.440+0000][6][safepoint    ] Safepoint "Cleanup", Time since last: 1217924900 ns, Reaching safepoint: 322800 ns, At safepoint: 14700 ns, Total: 337500 ns
[2020-06-08T02:13:51.453+0000][6][safepoint    ] Safepoint "Cleanup", Time since last: 1008442100 ns, Reaching safepoint: 3762800 ns, At safepoint: 361800 ns, Total: 4124600 ns
[2020-06-08T02:13:51.485+0000][6][safepoint    ] Safepoint "BulkRevokeBias", Time since last: 23107400 ns, Reaching safepoint: 8600300 ns, At safepoint: 348100 ns, Total: 8948400 ns
[2020-06-08T02:13:51.542+0000][6][safepoint    ] Safepoint "BulkRevokeBias", Time since last: 56094300 ns, Reaching safepoint: 538500 ns, At safepoint: 388100 ns, Total: 926600 ns
[2020-06-08T02:13:52.231+0000][6][safepoint    ] Safepoint "BulkRevokeBias", Time since last: 688320100 ns, Reaching safepoint: 537600 ns, At safepoint: 760100 ns, Total: 1297700 ns
[2020-06-08T02:13:52.378+0000][6][safepoint    ] Safepoint "BulkRevokeBias", Time since last: 123557700 ns, Reaching safepoint: 7151700 ns, At safepoint: 15742500 ns, Total: 22894200 ns
[2020-06-08T02:13:53.429+0000][6][safepoint    ] Safepoint "Cleanup", Time since last: 1050359900 ns, Reaching safepoint: 505000 ns, At safepoint: 19900 ns, Total: 524900 ns
[2020-06-08T02:13:54.432+0000][6][safepoint    ] Safepoint "Cleanup", Time since last: 1002722800 ns, Reaching safepoint: 385400 ns, At safepoint: 43600 ns, Total: 429000 ns
[2020-06-08T02:13:55.626+0000][6][safepoint    ] Safepoint "Cleanup", Time since last: 1193745100 ns, Reaching safepoint: 865200 ns, At safepoint: 54700 ns, Total: 919900 ns
[2020-06-08T02:13:56.716+0000][6][safepoint    ] Safepoint "Cleanup", Time since last: 1073166500 ns, Reaching safepoint: 16040500 ns, At safepoint: 188000 ns, Total: 16228500 ns
[2020-06-08T02:13:57.788+0000][6][safepoint    ] Safepoint "Cleanup", Time since last: 1071988200 ns, Reaching safepoint: 157300 ns, At safepoint: 11500 ns, Total: 168800 ns
[2020-06-08T02:13:58.845+0000][6][safepoint    ] Safepoint "Cleanup", Time since last: 1056037600 ns, Reaching safepoint: 473600 ns, At safepoint: 15500 ns, Total: 489100 ns
[2020-06-08T02:13:58.931+0000][6][safepoint    ] Safepoint "BulkRevokeBias", Time since last: 83971600 ns, Reaching safepoint: 1715100 ns, At safepoint: 452100 ns, Total: 2167200 ns
[2020-06-08T02:14:00.136+0000][6][safepoint    ] Safepoint "Cleanup", Time since last: 1205141200 ns, Reaching safepoint: 593400 ns, At safepoint: 50300 ns, Total: 643700 ns
[2020-06-08T02:14:00.318+0000][6][safepoint    ] Safepoint "BulkRevokeBias", Time since last: 180761400 ns, Reaching safepoint: 501000 ns, At safepoint: 626200 ns, Total: 1127200 ns
[2020-06-08T02:14:00.337+0000][6][safepoint    ] Safepoint "BulkRevokeBias", Time since last: 17646100 ns, Reaching safepoint: 528200 ns, At safepoint: 259300 ns, Total: 787500 ns
[2020-06-08T02:14:00.881+0000][6][safepoint    ] Safepoint "BulkRevokeBias", Time since last: 543937300 ns, Reaching safepoint: 231600 ns, At safepoint: 350600 ns, Total: 582200 ns
[2020-06-08T02:14:01.098+0000][6][safepoint    ] Safepoint "BulkRevokeBias", Time since last: 215437500 ns, Reaching safepoint: 485900 ns, At safepoint: 960800 ns, Total: 1446700 ns
[2020-06-08T02:14:01.181+0000][6][gc,start     ] GC(14) Pause Young (Concurrent Start) (G1 Evacuation Pause)
[2020-06-08T02:14:01.184+0000][6][gc,task      ] GC(14) Using 2 workers of 2 for evacuation
[2020-06-08T02:14:01.184+0000][6][gc,age       ] GC(14) Desired survivor size 40370176 bytes, new threshold 15 (max threshold 15)
[2020-06-08T02:14:01.589+0000][6][gc,age       ] GC(14) Age table with threshold 15 (max threshold 15)
[2020-06-08T02:14:01.591+0000][6][gc,age       ] GC(14) - age   1:   13643160 bytes,   13643160 total
[2020-06-08T02:14:01.592+0000][6][gc,age       ] GC(14) - age   2:    9733040 bytes,   23376200 total
[2020-06-08T02:14:01.593+0000][6][gc,age       ] GC(14) - age   3:     353608 bytes,   23729808 total
[2020-06-08T02:14:01.593+0000][6][gc,mmu       ] GC(14) MMU target violated: 201.0ms (200.0ms/201.0ms)
[2020-06-08T02:14:01.594+0000][6][gc,phases    ] GC(14)   Pre Evacuate Collection Set: 3.7ms
[2020-06-08T02:14:01.595+0000][6][gc,phases    ] GC(14)   Merge Heap Roots: 2.4ms
[2020-06-08T02:14:01.595+0000][6][gc,phases    ] GC(14)   Evacuate Collection Set: 372.3ms
[2020-06-08T02:14:01.596+0000][6][gc,phases    ] GC(14)   Post Evacuate Collection Set: 24.8ms
[2020-06-08T02:14:01.597+0000][6][gc,phases    ] GC(14)   Other: 11.0ms
[2020-06-08T02:14:01.597+0000][6][gc,heap      ] GC(14) Eden regions: 603->0(220)
[2020-06-08T02:14:01.598+0000][6][gc,heap      ] GC(14) Survivor regions: 11->23(77)
[2020-06-08T02:14:01.599+0000][6][gc,heap      ] GC(14) Old regions: 44->44
[2020-06-08T02:14:01.600+0000][6][gc,heap      ] GC(14) Archive regions: 2->2
[2020-06-08T02:14:01.601+0000][6][gc,heap      ] GC(14) Humongous regions: 7->7
[2020-06-08T02:14:01.602+0000][6][gc,metaspace ] GC(14) Metaspace: 88864K(96204K)->88864K(96204K) NonClass: 76775K(81152K)->76775K(81152K) Class: 12089K(15052K)->12089K(15052K)
[2020-06-08T02:14:01.603+0000][6][gc           ] GC(14) Pause Young (Concurrent Start) (G1 Evacuation Pause) 665M->74M(1024M) 421.481ms
[2020-06-08T02:14:01.603+0000][6][gc,cpu       ] GC(14) User=0.42s Sys=0.11s Real=0.42s
[2020-06-08T02:14:01.607+0000][6][gc           ] GC(15) Concurrent Cycle
[2020-06-08T02:14:01.607+0000][6][gc,marking   ] GC(15) Concurrent Clear Claimed Marks
[2020-06-08T02:14:01.608+0000][6][gc,marking   ] GC(15) Concurrent Clear Claimed Marks 1.111ms
[2020-06-08T02:14:01.616+0000][6][gc,marking   ] GC(15) Concurrent Scan Root Regions
[2020-06-08T02:14:01.616+0000][6][safepoint    ] Safepoint "G1CollectForAllocation", Time since last: 78019600 ns, Reaching safepoint: 684900 ns, At safepoint: 437988300 ns, Total: 438673200 ns
[2020-06-08T02:14:01.925+0000][6][gc,marking   ] GC(15) Concurrent Scan Root Regions 308.476ms
[2020-06-08T02:14:01.925+0000][6][gc,marking   ] GC(15) Concurrent Mark (127.322s)
[2020-06-08T02:14:01.926+0000][6][gc,marking   ] GC(15) Concurrent Mark From Roots
[2020-06-08T02:14:01.927+0000][6][gc,task      ] GC(15) Using 1 workers of 1 for marking
[2020-06-08T02:14:02.752+0000][6][safepoint    ] Safepoint "Cleanup", Time since last: 1009789900 ns, Reaching safepoint: 126970700 ns, At safepoint: 18400 ns, Total: 126989100 ns
[2020-06-08T02:14:03.540+0000][6][safepoint    ] Safepoint "BulkRevokeBias", Time since last: 786376800 ns, Reaching safepoint: 520700 ns, At safepoint: 1254600 ns, Total: 1775300 ns
[2020-06-08T02:14:04.364+0000][6][gc,marking   ] GC(15) Concurrent Mark From Roots 2437.870ms
[2020-06-08T02:14:04.365+0000][6][gc,marking   ] GC(15) Concurrent Preclean
[2020-06-08T02:14:04.365+0000][6][gc,marking   ] GC(15) Concurrent Preclean 0.660ms
[2020-06-08T02:14:04.366+0000][6][gc,marking   ] GC(15) Concurrent Mark (127.322s, 129.762s) 2440.245ms
[2020-06-08T02:14:04.367+0000][6][gc,start     ] GC(15) Pause Remark
[2020-06-08T02:14:04.389+0000][6][gc           ] GC(15) Pause Remark 148M->148M(1024M) 22.319ms
[2020-06-08T02:14:04.390+0000][6][gc,cpu       ] GC(15) User=0.04s Sys=0.00s Real=0.03s
[2020-06-08T02:14:04.390+0000][6][safepoint    ] Safepoint "G1Concurrent", Time since last: 826517600 ns, Reaching safepoint: 253400 ns, At safepoint: 23879300 ns, Total: 24132700 ns
[2020-06-08T02:14:04.392+0000][6][gc,marking   ] GC(15) Concurrent Rebuild Remembered Sets
[2020-06-08T02:14:04.595+0000][6][safepoint    ] Safepoint "BulkRevokeBias", Time since last: 202460800 ns, Reaching safepoint: 1613100 ns, At safepoint: 401700 ns, Total: 2014800 ns
[2020-06-08T02:14:04.704+0000][6][gc,marking   ] GC(15) Concurrent Rebuild Remembered Sets 312.916ms
[2020-06-08T02:14:04.706+0000][6][gc,start     ] GC(15) Pause Cleanup
[2020-06-08T02:14:04.713+0000][6][gc           ] GC(15) Pause Cleanup 156M->156M(1024M) 6.022ms
[2020-06-08T02:14:04.728+0000][6][gc,cpu       ] GC(15) User=0.01s Sys=0.00s Real=0.03s
[2020-06-08T02:14:04.730+0000][6][safepoint    ] Safepoint "G1Concurrent", Time since last: 110988500 ns, Reaching safepoint: 343800 ns, At safepoint: 23351900 ns, Total: 23695700 ns
[2020-06-08T02:14:04.730+0000][6][gc,marking   ] GC(15) Concurrent Cleanup for Next Mark
[2020-06-08T02:14:04.742+0000][6][gc,marking   ] GC(15) Concurrent Cleanup for Next Mark 11.246ms
[2020-06-08T02:14:04.743+0000][6][gc           ] GC(15) Concurrent Cycle 3135.903ms
[2020-06-08T02:14:05.828+0000][6][safepoint    ] Safepoint "Cleanup", Time since last: 1098154400 ns, Reaching safepoint: 170100 ns, At safepoint: 15700 ns, Total: 185800 ns
[2020-06-08T02:14:06.830+0000][6][safepoint    ] Safepoint "Cleanup", Time since last: 1001401500 ns, Reaching safepoint: 173000 ns, At safepoint: 13700 ns, Total: 186700 ns
[2020-06-08T02:14:07.831+0000][6][safepoint    ] Safepoint "Cleanup", Time since last: 1001095300 ns, Reaching safepoint: 141900 ns, At safepoint: 11800 ns, Total: 153700 ns
[2020-06-08T02:14:09.560+0000][6][safepoint    ] Safepoint "Cleanup", Time since last: 1728748200 ns, Reaching safepoint: 159200 ns, At safepoint: 12200 ns, Total: 171400 ns
[2020-06-08T02:14:10.561+0000][6][safepoint    ] Safepoint "Cleanup", Time since last: 1001440200 ns, Reaching safepoint: 215000 ns, At safepoint: 21500 ns, Total: 236500 ns
[2020-06-08T02:14:12.259+0000][6][safepoint    ] Safepoint "Cleanup", Time since last: 1695991300 ns, Reaching safepoint: 1048900 ns, At safepoint: 19300 ns, Total: 1068200 ns
[2020-06-08T02:14:13.431+0000][6][safepoint    ] Safepoint "Cleanup", Time since last: 1161332300 ns, Reaching safepoint: 4931200 ns, At safepoint: 26100 ns, Total: 4957300 ns
[2020-06-08T02:14:15.064+0000][6][safepoint    ] Safepoint "Cleanup", Time since last: 1638963000 ns, Reaching safepoint: 180000 ns, At safepoint: 12400 ns, Total: 192400 ns
[2020-06-08T02:14:16.065+0000][6][safepoint    ] Safepoint "Cleanup", Time since last: 1000812400 ns, Reaching safepoint: 194500 ns, At safepoint: 12300 ns, Total: 206800 ns
[2020-06-08T02:14:17.525+0000][6][safepoint    ] Safepoint "Cleanup", Time since last: 1493284400 ns, Reaching safepoint: 303400 ns, At safepoint: 17000 ns, Total: 320400 ns
[2020-06-08T02:14:18.070+0000][6][safepoint    ] Safepoint "BulkRevokeBias", Time since last: 541848300 ns, Reaching safepoint: 3166100 ns, At safepoint: 628000 ns, Total: 3794100 ns
[2020-06-08T02:14:19.163+0000][6][safepoint    ] Safepoint "Cleanup", Time since last: 1091268400 ns, Reaching safepoint: 829500 ns, At safepoint: 150800 ns, Total: 980300 ns
[2020-06-08T02:14:19.679+0000][6][safepoint    ] Safepoint "BulkRevokeBias", Time since last: 514991100 ns, Reaching safepoint: 957300 ns, At safepoint: 405700 ns, Total: 1363000 ns
[2020-06-08T02:14:20.104+0000][6][safepoint    ] Safepoint "BulkRevokeBias", Time since last: 423189700 ns, Reaching safepoint: 825300 ns, At safepoint: 1168400 ns, Total: 1993700 ns
[2020-06-08T02:14:21.111+0000][6][safepoint    ] Safepoint "Cleanup", Time since last: 1005713100 ns, Reaching safepoint: 930300 ns, At safepoint: 64200 ns, Total: 994500 ns
[2020-06-08T02:14:21.331+0000][6][safepoint    ] Safepoint "BulkRevokeBias", Time since last: 217760400 ns, Reaching safepoint: 922400 ns, At safepoint: 1788200 ns, Total: 2710600 ns
[2020-06-08T02:14:21.657+0000][6][safepoint    ] Safepoint "BulkRevokeBias", Time since last: 323704500 ns, Reaching safepoint: 644700 ns, At safepoint: 1285900 ns, Total: 1930600 ns
[2020-06-08T02:14:22.704+0000][6][safepoint    ] Safepoint "Cleanup", Time since last: 1041218300 ns, Reaching safepoint: 5572100 ns, At safepoint: 64700 ns, Total: 5636800 ns
[2020-06-08T02:14:22.736+0000][6][safepoint    ] Safepoint "BulkRevokeBias", Time since last: 10535400 ns, Reaching safepoint: 4552800 ns, At safepoint: 17618700 ns, Total: 22171500 ns
[2020-06-08T02:14:22.904+0000][6][gc,start     ] GC(16) Pause Young (Normal) (G1 Evacuation Pause)
[2020-06-08T02:14:22.907+0000][6][gc,task      ] GC(16) Using 2 workers of 2 for evacuation
[2020-06-08T02:14:22.910+0000][6][gc,age       ] GC(16) Desired survivor size 16252928 bytes, new threshold 2 (max threshold 15)
[2020-06-08T02:14:23.324+0000][6][gc,age       ] GC(16) Age table with threshold 2 (max threshold 15)
[2020-06-08T02:14:23.324+0000][6][gc,age       ] GC(16) - age   1:    4459448 bytes,    4459448 total
[2020-06-08T02:14:23.325+0000][6][gc,age       ] GC(16) - age   2:   12360856 bytes,   16820304 total
[2020-06-08T02:14:23.326+0000][6][gc,mmu       ] GC(16) MMU target violated: 201.0ms (200.0ms/201.0ms)
[2020-06-08T02:14:23.327+0000][6][gc,phases    ] GC(16)   Pre Evacuate Collection Set: 4.4ms
[2020-06-08T02:14:23.327+0000][6][gc,phases    ] GC(16)   Merge Heap Roots: 0.4ms
[2020-06-08T02:14:23.328+0000][6][gc,phases    ] GC(16)   Evacuate Collection Set: 393.8ms
[2020-06-08T02:14:23.329+0000][6][gc,phases    ] GC(16)   Post Evacuate Collection Set: 12.7ms
[2020-06-08T02:14:23.329+0000][6][gc,phases    ] GC(16)   Other: 18.9ms
[2020-06-08T02:14:23.330+0000][6][gc,heap      ] GC(16) Eden regions: 220->0(55)
[2020-06-08T02:14:23.331+0000][6][gc,heap      ] GC(16) Survivor regions: 23->17(31)
[2020-06-08T02:14:23.331+0000][6][gc,heap      ] GC(16) Old regions: 44->54
[2020-06-08T02:14:23.332+0000][6][gc,heap      ] GC(16) Archive regions: 2->2
[2020-06-08T02:14:23.332+0000][6][gc,heap      ] GC(16) Humongous regions: 7->7
[2020-06-08T02:14:23.333+0000][6][gc,metaspace ] GC(16) Metaspace: 91990K(99532K)->91990K(99532K) NonClass: 79460K(83968K)->79460K(83968K) Class: 12530K(15564K)->12530K(15564K)
[2020-06-08T02:14:23.334+0000][6][gc           ] GC(16) Pause Young (Normal) (G1 Evacuation Pause) 294M->78M(1024M) 429.678ms
[2020-06-08T02:14:23.335+0000][6][gc,cpu       ] GC(16) User=0.53s Sys=0.16s Real=0.43s
[2020-06-08T02:14:23.348+0000][6][safepoint    ] Safepoint "G1CollectForAllocation", Time since last: 156849300 ns, Reaching safepoint: 450800 ns, At safepoint: 454542600 ns, Total: 454993400 ns
[2020-06-08T02:14:24.516+0000][6][safepoint    ] Safepoint "Cleanup", Time since last: 1164806500 ns, Reaching safepoint: 2459700 ns, At safepoint: 196900 ns, Total: 2656600 ns
[2020-06-08T02:14:25.589+0000][6][safepoint    ] Safepoint "Cleanup", Time since last: 1073015000 ns, Reaching safepoint: 158200 ns, At safepoint: 12800 ns, Total: 171000 ns
[2020-06-08T02:14:25.819+0000][6][gc,start     ] GC(17) Pause Young (Normal) (G1 Evacuation Pause)
[2020-06-08T02:14:25.820+0000][6][gc,task      ] GC(17) Using 2 workers of 2 for evacuation
[2020-06-08T02:14:25.821+0000][6][gc,age       ] GC(17) Desired survivor size 4718592 bytes, new threshold 2 (max threshold 15)
[2020-06-08T02:14:26.412+0000][6][gc,age       ] GC(17) Age table with threshold 2 (max threshold 15)
[2020-06-08T02:14:26.413+0000][6][gc,age       ] GC(17) - age   1:    1776008 bytes,    1776008 total
[2020-06-08T02:14:26.418+0000][6][gc,age       ] GC(17) - age   2:    2960384 bytes,    4736392 total
[2020-06-08T02:14:26.419+0000][6][gc,mmu       ] GC(17) MMU target violated: 201.0ms (200.0ms/201.0ms)
[2020-06-08T02:14:26.421+0000][6][gc,phases    ] GC(17)   Pre Evacuate Collection Set: 0.8ms
[2020-06-08T02:14:26.421+0000][6][gc,phases    ] GC(17)   Merge Heap Roots: 0.7ms
[2020-06-08T02:14:26.422+0000][6][gc,phases    ] GC(17)   Evacuate Collection Set: 559.9ms
[2020-06-08T02:14:26.423+0000][6][gc,phases    ] GC(17)   Post Evacuate Collection Set: 26.3ms
[2020-06-08T02:14:26.425+0000][6][gc,phases    ] GC(17)   Other: 14.0ms
[2020-06-08T02:14:26.426+0000][6][gc,heap      ] GC(17) Eden regions: 55->0(81)
[2020-06-08T02:14:26.426+0000][6][gc,heap      ] GC(17) Survivor regions: 17->5(9)
[2020-06-08T02:14:26.427+0000][6][gc,heap      ] GC(17) Old regions: 54->66
[2020-06-08T02:14:26.430+0000][6][gc,heap      ] GC(17) Archive regions: 2->2
[2020-06-08T02:14:26.430+0000][6][gc,heap      ] GC(17) Humongous regions: 7->7
[2020-06-08T02:14:26.432+0000][6][gc,metaspace ] GC(17) Metaspace: 92501K(100172K)->92501K(100172K) NonClass: 79938K(84480K)->79938K(84480K) Class: 12562K(15692K)->12562K(15692K)
[2020-06-08T02:14:26.433+0000][6][gc           ] GC(17) Pause Young (Normal) (G1 Evacuation Pause) 133M->78M(1024M) 613.915ms
[2020-06-08T02:14:26.434+0000][6][gc,cpu       ] GC(17) User=0.35s Sys=0.18s Real=0.62s
[2020-06-08T02:14:26.452+0000][6][safepoint    ] Safepoint "G1CollectForAllocation", Time since last: 229721300 ns, Reaching safepoint: 158600 ns, At safepoint: 632945500 ns, Total: 633104100 ns
[2020-06-08T02:14:27.145+0000][6][safepoint    ] Safepoint "BulkRevokeBias", Time since last: 692783700 ns, Reaching safepoint: 229900 ns, At safepoint: 450700 ns, Total: 680600 ns
[2020-06-08T02:14:28.220+0000][6][safepoint    ] Safepoint "Cleanup", Time since last: 1073233700 ns, Reaching safepoint: 868300 ns, At safepoint: 26500 ns, Total: 894800 ns
[2020-06-08T02:14:29.525+0000][6][safepoint    ] Safepoint "Cleanup", Time since last: 1304703900 ns, Reaching safepoint: 754400 ns, At safepoint: 32600 ns, Total: 787000 ns
[2020-06-08T02:14:31.099+0000][6][safepoint    ] Safepoint "Cleanup", Time since last: 1573692900 ns, Reaching safepoint: 619900 ns, At safepoint: 37700 ns, Total: 657600 ns
[2020-06-08T02:14:32.384+0000][6][safepoint    ] Safepoint "Cleanup", Time since last: 1284244500 ns, Reaching safepoint: 357100 ns, At safepoint: 47500 ns, Total: 404600 ns
[2020-06-08T02:14:33.429+0000][6][safepoint    ] Safepoint "Cleanup", Time since last: 1043850300 ns, Reaching safepoint: 639200 ns, At safepoint: 39100 ns, Total: 678300 ns
[2020-06-08T02:14:34.433+0000][6][safepoint    ] Safepoint "Cleanup", Time since last: 1004195400 ns, Reaching safepoint: 271100 ns, At safepoint: 28100 ns, Total: 299200 ns
[2020-06-08T02:14:35.436+0000][6][safepoint    ] Safepoint "Cleanup", Time since last: 1002163000 ns, Reaching safepoint: 576100 ns, At safepoint: 29600 ns, Total: 605700 ns
[2020-06-08T02:14:36.437+0000][6][safepoint    ] Safepoint "Cleanup", Time since last: 1001280100 ns, Reaching safepoint: 250300 ns, At safepoint: 20800 ns, Total: 271100 ns
[2020-06-08T02:14:37.440+0000][6][safepoint    ] Safepoint "Cleanup", Time since last: 1002091400 ns, Reaching safepoint: 217900 ns, At safepoint: 15800 ns, Total: 233700 ns
[2020-06-08T02:14:38.442+0000][6][safepoint    ] Safepoint "Cleanup", Time since last: 1002524700 ns, Reaching safepoint: 290700 ns, At safepoint: 18500 ns, Total: 309200 ns
[2020-06-08T02:14:39.446+0000][6][safepoint    ] Safepoint "Cleanup", Time since last: 1002752900 ns, Reaching safepoint: 592100 ns, At safepoint: 19700 ns, Total: 611800 ns
[2020-06-08T02:14:40.448+0000][6][safepoint    ] Safepoint "Cleanup", Time since last: 1001083700 ns, Reaching safepoint: 1222800 ns, At safepoint: 38700 ns, Total: 1261500 ns
[2020-06-08T02:14:41.458+0000][6][safepoint    ] Safepoint "Cleanup", Time since last: 1009618100 ns, Reaching safepoint: 182100 ns, At safepoint: 13800 ns, Total: 195900 ns
[2020-06-08T02:14:42.460+0000][6][safepoint    ] Safepoint "Cleanup", Time since last: 1001387800 ns, Reaching safepoint: 207300 ns, At safepoint: 13200 ns, Total: 220500 ns
[2020-06-08T02:14:43.466+0000][6][safepoint    ] Safepoint "Cleanup", Time since last: 1005813200 ns, Reaching safepoint: 270700 ns, At safepoint: 21000 ns, Total: 291700 ns
[2020-06-08T02:14:45.140+0000][6][safepoint    ] Safepoint "Cleanup", Time since last: 1673440700 ns, Reaching safepoint: 930600 ns, At safepoint: 40800 ns, Total: 971400 ns
[2020-06-08T02:14:46.146+0000][6][safepoint    ] Safepoint "Cleanup", Time since last: 1005493800 ns, Reaching safepoint: 338800 ns, At safepoint: 33000 ns, Total: 371800 ns
[2020-06-08T02:14:47.115+0000][6][safepoint    ] Safepoint "Cleanup", Time since last: 1002637600 ns, Reaching safepoint: 471500 ns, At safepoint: 23300 ns, Total: 494800 ns
[2020-06-08T02:14:48.123+0000][6][safepoint    ] Safepoint "Cleanup", Time since last: 1007079100 ns, Reaching safepoint: 199600 ns, At safepoint: 14600 ns, Total: 214200 ns
[2020-06-08T02:14:49.125+0000][6][safepoint    ] Safepoint "Cleanup", Time since last: 1001856100 ns, Reaching safepoint: 288400 ns, At safepoint: 117800 ns, Total: 406200 ns
[2020-06-08T02:14:50.127+0000][6][safepoint    ] Safepoint "Cleanup", Time since last: 1001908500 ns, Reaching safepoint: 161100 ns, At safepoint: 13900 ns, Total: 175000 ns
[2020-06-08T02:14:51.129+0000][6][safepoint    ] Safepoint "Cleanup", Time since last: 1001698800 ns, Reaching safepoint: 171000 ns, At safepoint: 12500 ns, Total: 183500 ns
[2020-06-08T02:14:52.130+0000][6][safepoint    ] Safepoint "Cleanup", Time since last: 1001194200 ns, Reaching safepoint: 200000 ns, At safepoint: 15900 ns, Total: 215900 ns
[2020-06-08T02:14:53.132+0000][6][safepoint    ] Safepoint "Cleanup", Time since last: 1000887600 ns, Reaching safepoint: 634700 ns, At safepoint: 111500 ns, Total: 746200 ns
[2020-06-08T02:14:54.876+0000][6][safepoint    ] Safepoint "Cleanup", Time since last: 1743829500 ns, Reaching safepoint: 671200 ns, At safepoint: 68200 ns, Total: 739400 ns
[2020-06-08T02:14:55.879+0000][6][safepoint    ] Safepoint "Cleanup", Time since last: 1001982800 ns, Reaching safepoint: 425400 ns, At safepoint: 19900 ns, Total: 445300 ns
[2020-06-08T02:14:56.883+0000][6][safepoint    ] Safepoint "Cleanup", Time since last: 1002413100 ns, Reaching safepoint: 1596500 ns, At safepoint: 45500 ns, Total: 1642000 ns
[2020-06-08T02:14:58.590+0000][6][safepoint    ] Safepoint "Cleanup", Time since last: 1706910700 ns, Reaching safepoint: 559100 ns, At safepoint: 55100 ns, Total: 614200 ns
[2020-06-08T02:14:59.595+0000][6][safepoint    ] Safepoint "Cleanup", Time since last: 1004099500 ns, Reaching safepoint: 542400 ns, At safepoint: 29400 ns, Total: 571800 ns
[2020-06-08T02:15:01.452+0000][6][safepoint    ] Safepoint "Cleanup", Time since last: 1852919900 ns, Reaching safepoint: 2903900 ns, At safepoint: 762500 ns, Total: 3666400 ns
[2020-06-08T02:15:02.458+0000][6][safepoint    ] Safepoint "Cleanup", Time since last: 1005363100 ns, Reaching safepoint: 1175000 ns, At safepoint: 49700 ns, Total: 1224700 ns
[2020-06-08T02:15:03.461+0000][6][safepoint    ] Safepoint "Cleanup", Time since last: 1002069000 ns, Reaching safepoint: 318800 ns, At safepoint: 27200 ns, Total: 346000 ns
[2020-06-08T02:15:04.227+0000][6][gc,start     ] GC(18) Pause Young (Normal) (G1 Evacuation Pause)
[2020-06-08T02:15:04.228+0000][6][gc,task      ] GC(18) Using 2 workers of 2 for evacuation
[2020-06-08T02:15:04.229+0000][6][gc,age       ] GC(18) Desired survivor size 5767168 bytes, new threshold 15 (max threshold 15)
[2020-06-08T02:15:04.256+0000][6][gc,age       ] GC(18) Age table with threshold 15 (max threshold 15)
[2020-06-08T02:15:04.257+0000][6][gc,age       ] GC(18) - age   1:    1002200 bytes,    1002200 total
[2020-06-08T02:15:04.258+0000][6][gc,age       ] GC(18) - age   2:     657640 bytes,    1659840 total
[2020-06-08T02:15:04.259+0000][6][gc,age       ] GC(18) - age   3:    2930664 bytes,    4590504 total
[2020-06-08T02:15:04.260+0000][6][gc,phases    ] GC(18)   Pre Evacuate Collection Set: 0.5ms
[2020-06-08T02:15:04.261+0000][6][gc,phases    ] GC(18)   Merge Heap Roots: 0.5ms
[2020-06-08T02:15:04.261+0000][6][gc,phases    ] GC(18)   Evacuate Collection Set: 22.1ms
[2020-06-08T02:15:04.262+0000][6][gc,phases    ] GC(18)   Post Evacuate Collection Set: 3.3ms
[2020-06-08T02:15:04.263+0000][6][gc,phases    ] GC(18)   Other: 6.7ms
[2020-06-08T02:15:04.264+0000][6][gc,heap      ] GC(18) Eden regions: 81->0(236)
[2020-06-08T02:15:04.264+0000][6][gc,heap      ] GC(18) Survivor regions: 5->5(11)
[2020-06-08T02:15:04.265+0000][6][gc,heap      ] GC(18) Old regions: 66->66
[2020-06-08T02:15:04.265+0000][6][gc,heap      ] GC(18) Archive regions: 2->2
[2020-06-08T02:15:04.266+0000][6][gc,heap      ] GC(18) Humongous regions: 7->7
[2020-06-08T02:15:04.267+0000][6][gc,metaspace ] GC(18) Metaspace: 94115K(101836K)->94115K(101836K) NonClass: 81420K(86016K)->81420K(86016K) Class: 12695K(15820K)->12695K(15820K)
[2020-06-08T02:15:04.268+0000][6][gc           ] GC(18) Pause Young (Normal) (G1 Evacuation Pause) 159M->78M(1024M) 41.046ms
[2020-06-08T02:15:04.269+0000][6][gc,cpu       ] GC(18) User=0.04s Sys=0.02s Real=0.04s
[2020-06-08T02:15:04.272+0000][6][safepoint    ] Safepoint "G1CollectForAllocation", Time since last: 765898200 ns, Reaching safepoint: 435900 ns, At safepoint: 44879500 ns, Total: 45315400 ns
[2020-06-08T02:15:05.280+0000][6][safepoint    ] Safepoint "Cleanup", Time since last: 1007192600 ns, Reaching safepoint: 711200 ns, At safepoint: 76200 ns, Total: 787400 ns
[2020-06-08T02:15:06.284+0000][6][safepoint    ] Safepoint "Cleanup", Time since last: 1002097900 ns, Reaching safepoint: 1740000 ns, At safepoint: 159700 ns, Total: 1899700 ns
[2020-06-08T02:15:07.287+0000][6][safepoint    ] Safepoint "Cleanup", Time since last: 1002464500 ns, Reaching safepoint: 511000 ns, At safepoint: 33500 ns, Total: 544500 ns
[2020-06-08T02:15:08.289+0000][6][safepoint    ] Safepoint "Cleanup", Time since last: 1001779900 ns, Reaching safepoint: 428100 ns, At safepoint: 50800 ns, Total: 478900 ns
[2020-06-08T02:15:09.293+0000][6][safepoint    ] Safepoint "Cleanup", Time since last: 1003702100 ns, Reaching safepoint: 301500 ns, At safepoint: 27900 ns, Total: 329400 ns
[2020-06-08T02:15:10.392+0000][6][safepoint    ] Safepoint "ICBufferFull", Time since last: 1098619400 ns, Reaching safepoint: 283400 ns, At safepoint: 34500 ns, Total: 317900 ns
[2020-06-08T02:15:11.012+0000][6][safepoint    ] Safepoint "BulkRevokeBias", Time since last: 619771900 ns, Reaching safepoint: 356000 ns, At safepoint: 399200 ns, Total: 755200 ns
[2020-06-08T02:15:12.043+0000][6][safepoint    ] Safepoint "Cleanup", Time since last: 1029767300 ns, Reaching safepoint: 701600 ns, At safepoint: 20200 ns, Total: 721800 ns
[2020-06-08T02:15:13.049+0000][6][safepoint    ] Safepoint "Cleanup", Time since last: 1004902400 ns, Reaching safepoint: 1107600 ns, At safepoint: 28500 ns, Total: 1136100 ns
[2020-06-08T02:15:14.367+0000][6][safepoint    ] Safepoint "Cleanup", Time since last: 1317619400 ns, Reaching safepoint: 296400 ns, At safepoint: 25200 ns, Total: 321600 ns
[2020-06-08T02:15:15.370+0000][6][safepoint    ] Safepoint "Cleanup", Time since last: 1002497100 ns, Reaching safepoint: 504500 ns, At safepoint: 64400 ns, Total: 568900 ns
[2020-06-08T02:15:16.373+0000][6][safepoint    ] Safepoint "Cleanup", Time since last: 1001856000 ns, Reaching safepoint: 1032900 ns, At safepoint: 341700 ns, Total: 1374600 ns
[2020-06-08T02:15:17.253+0000][6][safepoint    ] Safepoint "BulkRevokeBias", Time since last: 911399900 ns, Reaching safepoint: 1444000 ns, At safepoint: 768900 ns, Total: 2212900 ns
[2020-06-08T02:15:19.107+0000][6][safepoint    ] Safepoint "Cleanup", Time since last: 1853159900 ns, Reaching safepoint: 248100 ns, At safepoint: 15900 ns, Total: 264000 ns
[2020-06-08T02:15:20.110+0000][6][safepoint    ] Safepoint "Cleanup", Time since last: 1002523400 ns, Reaching safepoint: 414000 ns, At safepoint: 28400 ns, Total: 442400 ns
[2020-06-08T02:15:21.112+0000][6][safepoint    ] Safepoint "Cleanup", Time since last: 1002185500 ns, Reaching safepoint: 541200 ns, At safepoint: 51500 ns, Total: 592700 ns
[2020-06-08T02:15:22.116+0000][6][safepoint    ] Safepoint "Cleanup", Time since last: 1003141900 ns, Reaching safepoint: 807500 ns, At safepoint: 48000 ns, Total: 855500 ns
[2020-06-08T02:15:23.120+0000][6][safepoint    ] Safepoint "Cleanup", Time since last: 1003546100 ns, Reaching safepoint: 364400 ns, At safepoint: 36300 ns, Total: 400700 ns
[2020-06-08T02:15:24.124+0000][6][safepoint    ] Safepoint "Cleanup", Time since last: 1002151300 ns, Reaching safepoint: 1155100 ns, At safepoint: 229600 ns, Total: 1384700 ns
[2020-06-08T02:15:25.128+0000][6][safepoint    ] Safepoint "Cleanup", Time since last: 1003183500 ns, Reaching safepoint: 437200 ns, At safepoint: 30400 ns, Total: 467600 ns
[2020-06-08T02:15:26.131+0000][6][safepoint    ] Safepoint "Cleanup", Time since last: 1003296000 ns, Reaching safepoint: 365600 ns, At safepoint: 32300 ns, Total: 397900 ns
[2020-06-08T02:15:27.139+0000][6][safepoint    ] Safepoint "Cleanup", Time since last: 1007576700 ns, Reaching safepoint: 393100 ns, At safepoint: 32600 ns, Total: 425700 ns
[2020-06-08T02:15:28.143+0000][6][safepoint    ] Safepoint "Cleanup", Time since last: 1003631500 ns, Reaching safepoint: 407200 ns, At safepoint: 167300 ns, Total: 574500 ns
[2020-06-08T02:15:29.146+0000][6][safepoint    ] Safepoint "Cleanup", Time since last: 1001812500 ns, Reaching safepoint: 378400 ns, At safepoint: 22600 ns, Total: 401000 ns
[2020-06-08T02:15:30.149+0000][6][safepoint    ] Safepoint "Cleanup", Time since last: 1002498500 ns, Reaching safepoint: 517300 ns, At safepoint: 177900 ns, Total: 695200 ns
[2020-06-08T02:15:31.153+0000][6][safepoint    ] Safepoint "Cleanup", Time since last: 1003118200 ns, Reaching safepoint: 905100 ns, At safepoint: 38900 ns, Total: 944000 ns
[2020-06-08T02:15:32.156+0000][6][safepoint    ] Safepoint "Cleanup", Time since last: 1001985000 ns, Reaching safepoint: 1000500 ns, At safepoint: 49700 ns, Total: 1050200 ns
[2020-06-08T02:15:33.173+0000][6][safepoint    ] Safepoint "Cleanup", Time since last: 1009478400 ns, Reaching safepoint: 7464700 ns, At safepoint: 20100 ns, Total: 7484800 ns
[2020-06-08T02:15:34.189+0000][6][safepoint    ] Safepoint "Cleanup", Time since last: 1015016100 ns, Reaching safepoint: 613600 ns, At safepoint: 25200 ns, Total: 638800 ns
[2020-06-08T02:15:35.191+0000][6][safepoint    ] Safepoint "Cleanup", Time since last: 1002460500 ns, Reaching safepoint: 476900 ns, At safepoint: 30100 ns, Total: 507000 ns
[2020-06-08T02:15:36.195+0000][6][safepoint    ] Safepoint "Cleanup", Time since last: 1003401800 ns, Reaching safepoint: 283000 ns, At safepoint: 29100 ns, Total: 312100 ns
[2020-06-08T02:15:37.198+0000][6][safepoint    ] Safepoint "Cleanup", Time since last: 1002247700 ns, Reaching safepoint: 894000 ns, At safepoint: 35300 ns, Total: 929300 ns
[2020-06-08T02:15:38.202+0000][6][safepoint    ] Safepoint "Cleanup", Time since last: 1003079300 ns, Reaching safepoint: 681500 ns, At safepoint: 47000 ns, Total: 728500 ns
[2020-06-08T02:15:39.205+0000][6][safepoint    ] Safepoint "Cleanup", Time since last: 1002568600 ns, Reaching safepoint: 199100 ns, At safepoint: 16500 ns, Total: 215600 ns
[2020-06-08T02:15:40.207+0000][6][safepoint    ] Safepoint "Cleanup", Time since last: 1001622300 ns, Reaching safepoint: 720500 ns, At safepoint: 32100 ns, Total: 752600 ns
[2020-06-08T02:15:41.211+0000][6][safepoint    ] Safepoint "Cleanup", Time since last: 1003407600 ns, Reaching safepoint: 398200 ns, At safepoint: 22800 ns, Total: 421000 ns
[2020-06-08T02:15:42.216+0000][6][safepoint    ] Safepoint "Cleanup", Time since last: 1003004600 ns, Reaching safepoint: 2006400 ns, At safepoint: 27700 ns, Total: 2034100 ns
[2020-06-08T02:15:43.221+0000][6][safepoint    ] Safepoint "Cleanup", Time since last: 1004230900 ns, Reaching safepoint: 549600 ns, At safepoint: 17900 ns, Total: 567500 ns
[2020-06-08T02:15:44.228+0000][6][safepoint    ] Safepoint "Cleanup", Time since last: 1005297600 ns, Reaching safepoint: 1472400 ns, At safepoint: 611900 ns, Total: 2084300 ns
[2020-06-08T02:15:45.241+0000][6][safepoint    ] Safepoint "Cleanup", Time since last: 1011864500 ns, Reaching safepoint: 337300 ns, At safepoint: 22400 ns, Total: 359700 ns
[2020-06-08T02:15:46.254+0000][6][safepoint    ] Safepoint "Cleanup", Time since last: 1012924100 ns, Reaching safepoint: 540200 ns, At safepoint: 28400 ns, Total: 568600 ns
[2020-06-08T02:15:47.225+0000][6][safepoint    ] Safepoint "Cleanup", Time since last: 1025388200 ns, Reaching safepoint: 604600 ns, At safepoint: 30700 ns, Total: 635300 ns
[2020-06-08T02:15:48.228+0000][6][safepoint    ] Safepoint "Cleanup", Time since last: 1002707200 ns, Reaching safepoint: 269300 ns, At safepoint: 20400 ns, Total: 289700 ns
[2020-06-08T02:15:49.230+0000][6][safepoint    ] Safepoint "Cleanup", Time since last: 1001603000 ns, Reaching safepoint: 289300 ns, At safepoint: 24100 ns, Total: 313400 ns
[2020-06-08T02:15:50.233+0000][6][safepoint    ] Safepoint "Cleanup", Time since last: 1001852100 ns, Reaching safepoint: 631600 ns, At safepoint: 30400 ns, Total: 662000 ns
[2020-06-08T02:15:51.239+0000][6][safepoint    ] Safepoint "Cleanup", Time since last: 1005753000 ns, Reaching safepoint: 591400 ns, At safepoint: 27000 ns, Total: 618400 ns
[2020-06-08T02:15:52.249+0000][6][safepoint    ] Safepoint "Cleanup", Time since last: 1009561300 ns, Reaching safepoint: 343600 ns, At safepoint: 16400 ns, Total: 360000 ns
[2020-06-08T02:15:53.253+0000][6][safepoint    ] Safepoint "Cleanup", Time since last: 1002639000 ns, Reaching safepoint: 1088700 ns, At safepoint: 28700 ns, Total: 1117400 ns
[2020-06-08T02:15:54.260+0000][6][safepoint    ] Safepoint "Cleanup", Time since last: 1005693500 ns, Reaching safepoint: 924000 ns, At safepoint: 45600 ns, Total: 969600 ns
[2020-06-08T02:15:55.264+0000][6][safepoint    ] Safepoint "Cleanup", Time since last: 1003490000 ns, Reaching safepoint: 336000 ns, At safepoint: 23700 ns, Total: 359700 ns
[2020-06-08T02:15:56.271+0000][6][safepoint    ] Safepoint "Cleanup", Time since last: 1007166300 ns, Reaching safepoint: 542300 ns, At safepoint: 26900 ns, Total: 569200 ns
[2020-06-08T02:15:57.275+0000][6][safepoint    ] Safepoint "Cleanup", Time since last: 1002906400 ns, Reaching safepoint: 449700 ns, At safepoint: 26400 ns, Total: 476100 ns
[2020-06-08T02:15:58.280+0000][6][safepoint    ] Safepoint "Cleanup", Time since last: 1004151500 ns, Reaching safepoint: 573500 ns, At safepoint: 173700 ns, Total: 747200 ns
[2020-06-08T02:15:59.283+0000][6][safepoint    ] Safepoint "Cleanup", Time since last: 1002451800 ns, Reaching safepoint: 533000 ns, At safepoint: 30200 ns, Total: 563200 ns
[2020-06-08T02:16:00.288+0000][6][safepoint    ] Safepoint "Cleanup", Time since last: 1004872300 ns, Reaching safepoint: 773400 ns, At safepoint: 40400 ns, Total: 813800 ns
[2020-06-08T02:16:01.295+0000][6][safepoint    ] Safepoint "Cleanup", Time since last: 1005448100 ns, Reaching safepoint: 1118300 ns, At safepoint: 43100 ns, Total: 1161400 ns
[2020-06-08T02:16:02.300+0000][6][safepoint    ] Safepoint "Cleanup", Time since last: 1003780200 ns, Reaching safepoint: 1073000 ns, At safepoint: 42300 ns, Total: 1115300 ns
[2020-06-08T02:16:03.304+0000][6][safepoint    ] Safepoint "Cleanup", Time since last: 1002739800 ns, Reaching safepoint: 1058000 ns, At safepoint: 43800 ns, Total: 1101800 ns
[2020-06-08T02:16:04.306+0000][6][safepoint    ] Safepoint "Cleanup", Time since last: 1001808800 ns, Reaching safepoint: 845500 ns, At safepoint: 65300 ns, Total: 910800 ns
[2020-06-08T02:16:05.308+0000][6][safepoint    ] Safepoint "Cleanup", Time since last: 1001546800 ns, Reaching safepoint: 359600 ns, At safepoint: 37100 ns, Total: 396700 ns
[2020-06-08T02:16:06.311+0000][6][safepoint    ] Safepoint "Cleanup", Time since last: 1002991400 ns, Reaching safepoint: 258400 ns, At safepoint: 24300 ns, Total: 282700 ns
[2020-06-08T02:16:07.314+0000][6][safepoint    ] Safepoint "Cleanup", Time since last: 1001864000 ns, Reaching safepoint: 291500 ns, At safepoint: 29300 ns, Total: 320800 ns
[2020-06-08T02:16:08.319+0000][6][safepoint    ] Safepoint "Cleanup", Time since last: 1004238300 ns, Reaching safepoint: 591300 ns, At safepoint: 33800 ns, Total: 625100 ns
[2020-06-08T02:16:09.321+0000][6][safepoint    ] Safepoint "Cleanup", Time since last: 1002137900 ns, Reaching safepoint: 196500 ns, At safepoint: 18000 ns, Total: 214500 ns
[2020-06-08T02:16:10.325+0000][6][safepoint    ] Safepoint "Cleanup", Time since last: 1003931000 ns, Reaching safepoint: 383600 ns, At safepoint: 27500 ns, Total: 411100 ns
[2020-06-08T02:16:11.327+0000][6][safepoint    ] Safepoint "Cleanup", Time since last: 1001457700 ns, Reaching safepoint: 211500 ns, At safepoint: 19300 ns, Total: 230800 ns
[2020-06-08T02:16:12.414+0000][6][safepoint    ] Safepoint "Cleanup", Time since last: 1084669800 ns, Reaching safepoint: 2270500 ns, At safepoint: 58500 ns, Total: 2329000 ns
[2020-06-08T02:16:13.427+0000][6][safepoint    ] Safepoint "Cleanup", Time since last: 1012498100 ns, Reaching safepoint: 317300 ns, At safepoint: 26500 ns, Total: 343800 ns
[2020-06-08T02:16:14.447+0000][6][safepoint    ] Safepoint "Cleanup", Time since last: 1019934400 ns, Reaching safepoint: 217900 ns, At safepoint: 19700 ns, Total: 237600 ns
[2020-06-08T02:16:15.456+0000][6][safepoint    ] Safepoint "Cleanup", Time since last: 1008026400 ns, Reaching safepoint: 706300 ns, At safepoint: 21700 ns, Total: 728000 ns
[2020-06-08T02:16:16.460+0000][6][safepoint    ] Safepoint "Cleanup", Time since last: 1003176000 ns, Reaching safepoint: 736500 ns, At safepoint: 48000 ns, Total: 784500 ns
[2020-06-08T02:16:17.426+0000][6][safepoint    ] Safepoint "Cleanup", Time since last: 1002576500 ns, Reaching safepoint: 281300 ns, At safepoint: 34300 ns, Total: 315600 ns
[2020-06-08T02:16:18.434+0000][6][safepoint    ] Safepoint "Cleanup", Time since last: 1007718100 ns, Reaching safepoint: 314600 ns, At safepoint: 33100 ns, Total: 347700 ns
[2020-06-08T02:16:19.437+0000][6][safepoint    ] Safepoint "Cleanup", Time since last: 1002372100 ns, Reaching safepoint: 487500 ns, At safepoint: 32200 ns, Total: 519700 ns
[2020-06-08T02:16:20.439+0000][6][safepoint    ] Safepoint "Cleanup", Time since last: 1001851900 ns, Reaching safepoint: 283200 ns, At safepoint: 29000 ns, Total: 312200 ns
[2020-06-08T02:16:21.445+0000][6][safepoint    ] Safepoint "Cleanup", Time since last: 1005940300 ns, Reaching safepoint: 286200 ns, At safepoint: 29700 ns, Total: 315900 ns
[2020-06-08T02:16:22.721+0000][6][safepoint    ] Safepoint "Cleanup", Time since last: 1275296600 ns, Reaching safepoint: 348000 ns, At safepoint: 98900 ns, Total: 446900 ns
[2020-06-08T02:16:23.731+0000][6][safepoint    ] Safepoint "Cleanup", Time since last: 1006973300 ns, Reaching safepoint: 3328000 ns, At safepoint: 76700 ns, Total: 3404700 ns
[2020-06-08T02:16:24.740+0000][6][safepoint    ] Safepoint "Cleanup", Time since last: 1007752300 ns, Reaching safepoint: 691500 ns, At safepoint: 36800 ns, Total: 728300 ns
[2020-06-08T02:16:25.743+0000][6][safepoint    ] Safepoint "Cleanup", Time since last: 1002343100 ns, Reaching safepoint: 300800 ns, At safepoint: 30900 ns, Total: 331700 ns
[2020-06-08T02:16:26.747+0000][6][safepoint    ] Safepoint "Cleanup", Time since last: 1004408300 ns, Reaching safepoint: 142200 ns, At safepoint: 13000 ns, Total: 155200 ns
[2020-06-08T02:16:27.749+0000][6][safepoint    ] Safepoint "Cleanup", Time since last: 1001203300 ns, Reaching safepoint: 567800 ns, At safepoint: 29900 ns, Total: 597700 ns
[2020-06-08T02:16:28.751+0000][6][safepoint    ] Safepoint "Cleanup", Time since last: 1001421400 ns, Reaching safepoint: 368300 ns, At safepoint: 25000 ns, Total: 393300 ns
[2020-06-08T02:16:29.754+0000][6][safepoint    ] Safepoint "Cleanup", Time since last: 1003022600 ns, Reaching safepoint: 317900 ns, At safepoint: 30200 ns, Total: 348100 ns
[2020-06-08T02:16:30.757+0000][6][safepoint    ] Safepoint "Cleanup", Time since last: 1002649200 ns, Reaching safepoint: 390800 ns, At safepoint: 31300 ns, Total: 422100 ns
[2020-06-08T02:16:31.761+0000][6][safepoint    ] Safepoint "Cleanup", Time since last: 1003666100 ns, Reaching safepoint: 287100 ns, At safepoint: 30800 ns, Total: 317900 ns
[2020-06-08T02:16:32.765+0000][6][safepoint    ] Safepoint "Cleanup", Time since last: 1003375000 ns, Reaching safepoint: 307000 ns, At safepoint: 30300 ns, Total: 337300 ns
[2020-06-08T02:16:33.772+0000][6][safepoint    ] Safepoint "Cleanup", Time since last: 1006452900 ns, Reaching safepoint: 509100 ns, At safepoint: 32800 ns, Total: 541900 ns
[2020-06-08T02:16:34.778+0000][6][safepoint    ] Safepoint "Cleanup", Time since last: 1005927800 ns, Reaching safepoint: 300700 ns, At safepoint: 29900 ns, Total: 330600 ns
[2020-06-08T02:16:35.781+0000][6][safepoint    ] Safepoint "Cleanup", Time since last: 1002698800 ns, Reaching safepoint: 278800 ns, At safepoint: 29300 ns, Total: 308100 ns
[2020-06-08T02:16:36.784+0000][6][safepoint    ] Safepoint "Cleanup", Time since last: 1002343600 ns, Reaching safepoint: 281400 ns, At safepoint: 30800 ns, Total: 312200 ns
[2020-06-08T02:16:37.787+0000][6][safepoint    ] Safepoint "Cleanup", Time since last: 1002701400 ns, Reaching safepoint: 214700 ns, At safepoint: 21100 ns, Total: 235800 ns
[2020-06-08T02:16:38.789+0000][6][safepoint    ] Safepoint "Cleanup", Time since last: 1001421100 ns, Reaching safepoint: 616000 ns, At safepoint: 98300 ns, Total: 714300 ns
[2020-06-08T02:16:39.793+0000][6][safepoint    ] Safepoint "Cleanup", Time since last: 1003984900 ns, Reaching safepoint: 279700 ns, At safepoint: 31300 ns, Total: 311000 ns
[2020-06-08T02:16:40.796+0000][6][safepoint    ] Safepoint "Cleanup", Time since last: 1002507800 ns, Reaching safepoint: 305700 ns, At safepoint: 31600 ns, Total: 337300 ns
[2020-06-08T02:16:41.798+0000][6][safepoint    ] Safepoint "Cleanup", Time since last: 1001663400 ns, Reaching safepoint: 269800 ns, At safepoint: 30100 ns, Total: 299900 ns
[2020-06-08T02:16:42.802+0000][6][safepoint    ] Safepoint "Cleanup", Time since last: 1003787800 ns, Reaching safepoint: 279700 ns, At safepoint: 30800 ns, Total: 310500 ns
[2020-06-08T02:16:43.804+0000][6][safepoint    ] Safepoint "Cleanup", Time since last: 1001772300 ns, Reaching safepoint: 377700 ns, At safepoint: 39300 ns, Total: 417000 ns
[2020-06-08T02:16:44.807+0000][6][safepoint    ] Safepoint "Cleanup", Time since last: 1002278500 ns, Reaching safepoint: 359900 ns, At safepoint: 30300 ns, Total: 390200 ns
[2020-06-08T02:16:45.809+0000][6][safepoint    ] Safepoint "Cleanup", Time since last: 1002069900 ns, Reaching safepoint: 262900 ns, At safepoint: 95000 ns, Total: 357900 ns
[2020-06-08T02:16:46.779+0000][6][safepoint    ] Safepoint "Cleanup", Time since last: 1003328400 ns, Reaching safepoint: 878200 ns, At safepoint: 46600 ns, Total: 924800 ns
[2020-06-08T02:16:47.781+0000][6][safepoint    ] Safepoint "Cleanup", Time since last: 1001515100 ns, Reaching safepoint: 174300 ns, At safepoint: 15600 ns, Total: 189900 ns
[2020-06-08T02:16:48.783+0000][6][safepoint    ] Safepoint "Cleanup", Time since last: 1001516200 ns, Reaching safepoint: 276500 ns, At safepoint: 31400 ns, Total: 307900 ns
[2020-06-08T02:16:49.786+0000][6][safepoint    ] Safepoint "Cleanup", Time since last: 1002045800 ns, Reaching safepoint: 943900 ns, At safepoint: 47000 ns, Total: 990900 ns
[2020-06-08T02:16:50.789+0000][6][safepoint    ] Safepoint "Cleanup", Time since last: 1001781500 ns, Reaching safepoint: 764600 ns, At safepoint: 41800 ns, Total: 806400 ns
[2020-06-08T02:16:51.800+0000][6][safepoint    ] Safepoint "Cleanup", Time since last: 1010359300 ns, Reaching safepoint: 286000 ns, At safepoint: 41800 ns, Total: 327800 ns
[2020-06-08T02:16:52.805+0000][6][safepoint    ] Safepoint "Cleanup", Time since last: 1004690400 ns, Reaching safepoint: 349200 ns, At safepoint: 259800 ns, Total: 609000 ns
[2020-06-08T02:16:53.808+0000][6][safepoint    ] Safepoint "Cleanup", Time since last: 1002486400 ns, Reaching safepoint: 678200 ns, At safepoint: 26300 ns, Total: 704500 ns
[2020-06-08T02:16:54.810+0000][6][safepoint    ] Safepoint "Cleanup", Time since last: 1002026900 ns, Reaching safepoint: 279300 ns, At safepoint: 30800 ns, Total: 310100 ns
[2020-06-08T02:16:55.813+0000][6][safepoint    ] Safepoint "Cleanup", Time since last: 1001962500 ns, Reaching safepoint: 456900 ns, At safepoint: 26100 ns, Total: 483000 ns
[2020-06-08T02:16:56.815+0000][6][safepoint    ] Safepoint "Cleanup", Time since last: 1001846500 ns, Reaching safepoint: 355800 ns, At safepoint: 38700 ns, Total: 394500 ns
[2020-06-08T02:16:57.818+0000][6][safepoint    ] Safepoint "Cleanup", Time since last: 1001634800 ns, Reaching safepoint: 1109400 ns, At safepoint: 45200 ns, Total: 1154600 ns
[2020-06-08T02:16:58.834+0000][6][safepoint    ] Safepoint "Cleanup", Time since last: 1016158500 ns, Reaching safepoint: 317300 ns, At safepoint: 26400 ns, Total: 343700 ns
[2020-06-08T02:16:59.846+0000][6][safepoint    ] Safepoint "Cleanup", Time since last: 1003023200 ns, Reaching safepoint: 4468500 ns, At safepoint: 4159000 ns, Total: 8627500 ns
[2020-06-08T02:17:00.855+0000][6][safepoint    ] Safepoint "Cleanup", Time since last: 1007487600 ns, Reaching safepoint: 1018400 ns, At safepoint: 65800 ns, Total: 1084200 ns
[2020-06-08T02:17:01.856+0000][6][safepoint    ] Safepoint "Cleanup", Time since last: 1001745100 ns, Reaching safepoint: 378000 ns, At safepoint: 86400 ns, Total: 464400 ns
[2020-06-08T02:17:02.864+0000][6][safepoint    ] Safepoint "Cleanup", Time since last: 1007234900 ns, Reaching safepoint: 277400 ns, At safepoint: 28700 ns, Total: 306100 ns
[2020-06-08T02:17:03.869+0000][6][safepoint    ] Safepoint "Cleanup", Time since last: 1003771800 ns, Reaching safepoint: 808400 ns, At safepoint: 38700 ns, Total: 847100 ns
[2020-06-08T02:17:04.350+0000][6][gc,start     ] GC(19) Pause Young (Normal) (G1 Evacuation Pause)
[2020-06-08T02:17:04.351+0000][6][gc,task      ] GC(19) Using 2 workers of 2 for evacuation
[2020-06-08T02:17:04.352+0000][6][gc,age       ] GC(19) Desired survivor size 16252928 bytes, new threshold 15 (max threshold 15)
[2020-06-08T02:17:04.405+0000][6][gc,age       ] GC(19) Age table with threshold 15 (max threshold 15)
[2020-06-08T02:17:04.406+0000][6][gc,age       ] GC(19) - age   1:    1407112 bytes,    1407112 total
[2020-06-08T02:17:04.406+0000][6][gc,age       ] GC(19) - age   2:     742968 bytes,    2150080 total
[2020-06-08T02:17:04.406+0000][6][gc,age       ] GC(19) - age   3:     652032 bytes,    2802112 total
[2020-06-08T02:17:04.407+0000][6][gc,age       ] GC(19) - age   4:    2494424 bytes,    5296536 total
[2020-06-08T02:17:04.407+0000][6][gc,phases    ] GC(19)   Pre Evacuate Collection Set: 0.8ms
[2020-06-08T02:17:04.408+0000][6][gc,phases    ] GC(19)   Merge Heap Roots: 0.6ms
[2020-06-08T02:17:04.408+0000][6][gc,phases    ] GC(19)   Evacuate Collection Set: 42.3ms
[2020-06-08T02:17:04.408+0000][6][gc,phases    ] GC(19)   Post Evacuate Collection Set: 8.3ms
[2020-06-08T02:17:04.409+0000][6][gc,phases    ] GC(19)   Other: 5.7ms
[2020-06-08T02:17:04.409+0000][6][gc,heap      ] GC(19) Eden regions: 236->0(492)
[2020-06-08T02:17:04.410+0000][6][gc,heap      ] GC(19) Survivor regions: 5->6(31)
[2020-06-08T02:17:04.410+0000][6][gc,heap      ] GC(19) Old regions: 66->66
[2020-06-08T02:17:04.410+0000][6][gc,heap      ] GC(19) Archive regions: 2->2
[2020-06-08T02:17:04.411+0000][6][gc,heap      ] GC(19) Humongous regions: 7->7
[2020-06-08T02:17:04.411+0000][6][gc,metaspace ] GC(19) Metaspace: 95100K(102604K)->95100K(102604K) NonClass: 82381K(86784K)->82381K(86784K) Class: 12719K(15820K)->12719K(15820K)
[2020-06-08T02:17:04.411+0000][6][gc           ] GC(19) Pause Young (Normal) (G1 Evacuation Pause) 314M->79M(1024M) 61.186ms
[2020-06-08T02:17:04.412+0000][6][gc,cpu       ] GC(19) User=0.03s Sys=0.02s Real=0.07s
[2020-06-08T02:17:04.412+0000][6][safepoint    ] Safepoint "G1CollectForAllocation", Time since last: 479945900 ns, Reaching safepoint: 576000 ns, At safepoint: 63112000 ns, Total: 63688000 ns
[2020-06-08T02:17:05.415+0000][6][safepoint    ] Safepoint "Cleanup", Time since last: 1002307000 ns, Reaching safepoint: 341500 ns, At safepoint: 35900 ns, Total: 377400 ns
[2020-06-08T02:17:06.583+0000][6][safepoint    ] Safepoint "Cleanup", Time since last: 1167595300 ns, Reaching safepoint: 221900 ns, At safepoint: 19900 ns, Total: 241800 ns
[2020-06-08T02:17:07.590+0000][6][safepoint    ] Safepoint "Cleanup", Time since last: 1006239300 ns, Reaching safepoint: 486600 ns, At safepoint: 24100 ns, Total: 510700 ns
[2020-06-08T02:17:08.591+0000][6][safepoint    ] Safepoint "Cleanup", Time since last: 1001221200 ns, Reaching safepoint: 589000 ns, At safepoint: 52600 ns, Total: 641600 ns
[2020-06-08T02:17:09.593+0000][6][safepoint    ] Safepoint "Cleanup", Time since last: 1000871400 ns, Reaching safepoint: 264600 ns, At safepoint: 20100 ns, Total: 284700 ns
[2020-06-08T02:17:10.597+0000][6][safepoint    ] Safepoint "Cleanup", Time since last: 1003880900 ns, Reaching safepoint: 321300 ns, At safepoint: 29000 ns, Total: 350300 ns
[2020-06-08T02:17:11.599+0000][6][safepoint    ] Safepoint "Cleanup", Time since last: 1001666000 ns, Reaching safepoint: 223200 ns, At safepoint: 12200 ns, Total: 235400 ns
[2020-06-08T02:17:12.603+0000][6][safepoint    ] Safepoint "Cleanup", Time since last: 1002800900 ns, Reaching safepoint: 996200 ns, At safepoint: 56300 ns, Total: 1052500 ns
[2020-06-08T02:17:13.605+0000][6][safepoint    ] Safepoint "Cleanup", Time since last: 1002202300 ns, Reaching safepoint: 604500 ns, At safepoint: 45800 ns, Total: 650300 ns
[2020-06-08T02:17:14.609+0000][6][safepoint    ] Safepoint "Cleanup", Time since last: 1003497500 ns, Reaching safepoint: 248300 ns, At safepoint: 19000 ns, Total: 267300 ns
[2020-06-08T02:17:15.617+0000][6][safepoint    ] Safepoint "Cleanup", Time since last: 1007127500 ns, Reaching safepoint: 310900 ns, At safepoint: 32100 ns, Total: 343000 ns
[2020-06-08T02:17:16.620+0000][6][safepoint    ] Safepoint "Cleanup", Time since last: 1003086900 ns, Reaching safepoint: 307100 ns, At safepoint: 32300 ns, Total: 339400 ns
[2020-06-08T02:17:17.592+0000][6][safepoint    ] Safepoint "Cleanup", Time since last: 1006086700 ns, Reaching safepoint: 798100 ns, At safepoint: 41600 ns, Total: 839700 ns
[2020-06-08T02:17:18.598+0000][6][safepoint    ] Safepoint "Cleanup", Time since last: 1002461800 ns, Reaching safepoint: 2668500 ns, At safepoint: 55200 ns, Total: 2723700 ns
[2020-06-08T02:17:19.604+0000][6][safepoint    ] Safepoint "Cleanup", Time since last: 1005032300 ns, Reaching safepoint: 1013900 ns, At safepoint: 35000 ns, Total: 1048900 ns
[2020-06-08T02:17:20.610+0000][6][safepoint    ] Safepoint "Cleanup", Time since last: 1005691900 ns, Reaching safepoint: 889100 ns, At safepoint: 57700 ns, Total: 946800 ns
[2020-06-08T02:17:22.072+0000][6][safepoint    ] Safepoint "Cleanup", Time since last: 1461509200 ns, Reaching safepoint: 345000 ns, At safepoint: 25800 ns, Total: 370800 ns
[2020-06-08T02:17:23.075+0000][6][safepoint    ] Safepoint "Cleanup", Time since last: 1001909400 ns, Reaching safepoint: 307500 ns, At safepoint: 58100 ns, Total: 365600 ns
[2020-06-08T02:17:24.077+0000][6][safepoint    ] Safepoint "Cleanup", Time since last: 1002327800 ns, Reaching safepoint: 409700 ns, At safepoint: 37100 ns, Total: 446800 ns
[2020-06-08T02:17:25.084+0000][6][safepoint    ] Safepoint "Cleanup", Time since last: 1003002300 ns, Reaching safepoint: 1352900 ns, At safepoint: 70000 ns, Total: 1422900 ns
[2020-06-08T02:17:26.086+0000][6][safepoint    ] Safepoint "Cleanup", Time since last: 1004229600 ns, Reaching safepoint: 345800 ns, At safepoint: 19100 ns, Total: 364900 ns
[2020-06-08T02:17:27.092+0000][6][safepoint    ] Safepoint "Cleanup", Time since last: 1004339900 ns, Reaching safepoint: 1070000 ns, At safepoint: 228900 ns, Total: 1298900 ns
[2020-06-08T02:17:28.098+0000][6][safepoint    ] Safepoint "Cleanup", Time since last: 1006179500 ns, Reaching safepoint: 317000 ns, At safepoint: 16900 ns, Total: 333900 ns
[2020-06-08T02:17:29.100+0000][6][safepoint    ] Safepoint "Cleanup", Time since last: 1001387600 ns, Reaching safepoint: 268200 ns, At safepoint: 29100 ns, Total: 297300 ns
[2020-06-08T02:17:30.105+0000][6][safepoint    ] Safepoint "Cleanup", Time since last: 1004909100 ns, Reaching safepoint: 296900 ns, At safepoint: 30200 ns, Total: 327100 ns
[2020-06-08T02:17:31.110+0000][6][safepoint    ] Safepoint "Cleanup", Time since last: 1004467100 ns, Reaching safepoint: 320800 ns, At safepoint: 35600 ns, Total: 356400 ns
[2020-06-08T02:17:32.113+0000][6][safepoint    ] Safepoint "Cleanup", Time since last: 1002168700 ns, Reaching safepoint: 1099700 ns, At safepoint: 40900 ns, Total: 1140600 ns
[2020-06-08T02:17:33.116+0000][6][safepoint    ] Safepoint "Cleanup", Time since last: 1002347000 ns, Reaching safepoint: 310900 ns, At safepoint: 31500 ns, Total: 342400 ns
[2020-06-08T02:17:34.118+0000][6][safepoint    ] Safepoint "Cleanup", Time since last: 1001563500 ns, Reaching safepoint: 604500 ns, At safepoint: 24200 ns, Total: 628700 ns
[2020-06-08T02:17:35.120+0000][6][safepoint    ] Safepoint "Cleanup", Time since last: 1001653500 ns, Reaching safepoint: 306300 ns, At safepoint: 30800 ns, Total: 337100 ns
[2020-06-08T02:17:36.124+0000][6][safepoint    ] Safepoint "Cleanup", Time since last: 1002936700 ns, Reaching safepoint: 505500 ns, At safepoint: 43100 ns, Total: 548600 ns
[2020-06-08T02:17:37.127+0000][6][safepoint    ] Safepoint "Cleanup", Time since last: 1003267000 ns, Reaching safepoint: 317900 ns, At safepoint: 31700 ns, Total: 349600 ns
[2020-06-08T02:17:38.130+0000][6][safepoint    ] Safepoint "Cleanup", Time since last: 1001810200 ns, Reaching safepoint: 288700 ns, At safepoint: 28300 ns, Total: 317000 ns
[2020-06-08T02:17:39.136+0000][6][safepoint    ] Safepoint "Cleanup", Time since last: 1005872300 ns, Reaching safepoint: 610100 ns, At safepoint: 32400 ns, Total: 642500 ns
[2020-06-08T02:17:40.141+0000][6][safepoint    ] Safepoint "Cleanup", Time since last: 1004691400 ns, Reaching safepoint: 363500 ns, At safepoint: 26400 ns, Total: 389900 ns
[2020-06-08T02:17:41.146+0000][6][safepoint    ] Safepoint "Cleanup", Time since last: 1003610700 ns, Reaching safepoint: 656200 ns, At safepoint: 40300 ns, Total: 696500 ns
[2020-06-08T02:17:42.150+0000][6][safepoint    ] Safepoint "Cleanup", Time since last: 1003955900 ns, Reaching safepoint: 922800 ns, At safepoint: 45400 ns, Total: 968200 ns
[2020-06-08T02:17:43.153+0000][6][safepoint    ] Safepoint "Cleanup", Time since last: 1002501200 ns, Reaching safepoint: 289000 ns, At safepoint: 30200 ns, Total: 319200 ns
[2020-06-08T02:17:44.156+0000][6][safepoint    ] Safepoint "Cleanup", Time since last: 1002734500 ns, Reaching safepoint: 353100 ns, At safepoint: 30000 ns, Total: 383100 ns
[2020-06-08T02:17:45.163+0000][6][safepoint    ] Safepoint "Cleanup", Time since last: 1006644800 ns, Reaching safepoint: 335400 ns, At safepoint: 24200 ns, Total: 359600 ns
[2020-06-08T02:17:46.168+0000][6][safepoint    ] Safepoint "Cleanup", Time since last: 1004146800 ns, Reaching safepoint: 522200 ns, At safepoint: 68400 ns, Total: 590600 ns
[2020-06-08T02:17:47.138+0000][6][safepoint    ] Safepoint "Cleanup", Time since last: 1001708900 ns, Reaching safepoint: 364300 ns, At safepoint: 24900 ns, Total: 389200 ns
[2020-06-08T02:17:48.158+0000][6][safepoint    ] Safepoint "Cleanup", Time since last: 1017598400 ns, Reaching safepoint: 2462000 ns, At safepoint: 222000 ns, Total: 2684000 ns
[2020-06-08T02:17:49.165+0000][6][safepoint    ] Safepoint "Cleanup", Time since last: 1006067500 ns, Reaching safepoint: 567200 ns, At safepoint: 20000 ns, Total: 587200 ns
[2020-06-08T02:17:50.167+0000][6][safepoint    ] Safepoint "Cleanup", Time since last: 1001205800 ns, Reaching safepoint: 251200 ns, At safepoint: 18700 ns, Total: 269900 ns
[2020-06-08T02:17:51.168+0000][6][safepoint    ] Safepoint "Cleanup", Time since last: 1001366700 ns, Reaching safepoint: 211200 ns, At safepoint: 19500 ns, Total: 230700 ns
[2020-06-08T02:17:52.170+0000][6][safepoint    ] Safepoint "Cleanup", Time since last: 1001628800 ns, Reaching safepoint: 232500 ns, At safepoint: 19700 ns, Total: 252200 ns
[2020-06-08T02:17:53.173+0000][6][safepoint    ] Safepoint "Cleanup", Time since last: 1002313900 ns, Reaching safepoint: 405600 ns, At safepoint: 23400 ns, Total: 429000 ns
[2020-06-08T02:17:54.178+0000][6][safepoint    ] Safepoint "Cleanup", Time since last: 1004728900 ns, Reaching safepoint: 555200 ns, At safepoint: 31400 ns, Total: 586600 ns
[2020-06-08T02:17:55.180+0000][6][safepoint    ] Safepoint "Cleanup", Time since last: 1001618600 ns, Reaching safepoint: 323300 ns, At safepoint: 23800 ns, Total: 347100 ns
[2020-06-08T02:17:56.185+0000][6][safepoint    ] Safepoint "Cleanup", Time since last: 1004588700 ns, Reaching safepoint: 218300 ns, At safepoint: 17700 ns, Total: 236000 ns
[2020-06-08T02:17:57.189+0000][6][safepoint    ] Safepoint "Cleanup", Time since last: 1003709200 ns, Reaching safepoint: 224200 ns, At safepoint: 20600 ns, Total: 244800 ns
[2020-06-08T02:17:58.197+0000][6][safepoint    ] Safepoint "Cleanup", Time since last: 1006973200 ns, Reaching safepoint: 954500 ns, At safepoint: 40600 ns, Total: 995100 ns
[2020-06-08T02:17:59.200+0000][6][safepoint    ] Safepoint "Cleanup", Time since last: 1002315900 ns, Reaching safepoint: 566500 ns, At safepoint: 26000 ns, Total: 592500 ns
[2020-06-08T02:18:00.204+0000][6][safepoint    ] Safepoint "Cleanup", Time since last: 1002312600 ns, Reaching safepoint: 1490300 ns, At safepoint: 274000 ns, Total: 1764300 ns
[2020-06-08T02:18:01.206+0000][6][safepoint    ] Safepoint "Cleanup", Time since last: 1002124400 ns, Reaching safepoint: 246600 ns, At safepoint: 18100 ns, Total: 264700 ns
[2020-06-08T02:18:02.211+0000][6][safepoint    ] Safepoint "Cleanup", Time since last: 1003150400 ns, Reaching safepoint: 1886700 ns, At safepoint: 200200 ns, Total: 2086900 ns
[2020-06-08T02:18:03.219+0000][6][safepoint    ] Safepoint "Cleanup", Time since last: 1006803600 ns, Reaching safepoint: 803300 ns, At safepoint: 51700 ns, Total: 855000 ns
[2020-06-08T02:18:04.224+0000][6][safepoint    ] Safepoint "Cleanup", Time since last: 1002905800 ns, Reaching safepoint: 1414800 ns, At safepoint: 109300 ns, Total: 1524100 ns
[2020-06-08T02:18:05.230+0000][6][safepoint    ] Safepoint "Cleanup", Time since last: 1004652500 ns, Reaching safepoint: 2070500 ns, At safepoint: 69900 ns, Total: 2140400 ns
[2020-06-08T02:18:06.233+0000][6][safepoint    ] Safepoint "Cleanup", Time since last: 1002437400 ns, Reaching safepoint: 515900 ns, At safepoint: 29200 ns, Total: 545100 ns
[2020-06-08T02:18:07.238+0000][6][safepoint    ] Safepoint "Cleanup", Time since last: 1003271100 ns, Reaching safepoint: 1040700 ns, At safepoint: 59400 ns, Total: 1100100 ns
[2020-06-08T02:18:08.240+0000][6][safepoint    ] Safepoint "Cleanup", Time since last: 1002157000 ns, Reaching safepoint: 521800 ns, At safepoint: 27500 ns, Total: 549300 ns
[2020-06-08T02:18:09.244+0000][6][safepoint    ] Safepoint "Cleanup", Time since last: 1003129600 ns, Reaching safepoint: 818800 ns, At safepoint: 71200 ns, Total: 890000 ns
[2020-06-08T02:18:10.249+0000][6][safepoint    ] Safepoint "Cleanup", Time since last: 1003458500 ns, Reaching safepoint: 900800 ns, At safepoint: 45600 ns, Total: 946400 ns
[2020-06-08T02:18:11.254+0000][6][safepoint    ] Safepoint "Cleanup", Time since last: 1004518800 ns, Reaching safepoint: 1015800 ns, At safepoint: 44500 ns, Total: 1060300 ns
[2020-06-08T02:18:12.261+0000][6][safepoint    ] Safepoint "Cleanup", Time since last: 1005875200 ns, Reaching safepoint: 1195800 ns, At safepoint: 29400 ns, Total: 1225200 ns
[2020-06-08T02:18:13.266+0000][6][safepoint    ] Safepoint "Cleanup", Time since last: 1003672900 ns, Reaching safepoint: 1011800 ns, At safepoint: 33700 ns, Total: 1045500 ns
[2020-06-08T02:18:14.270+0000][6][safepoint    ] Safepoint "Cleanup", Time since last: 1001677200 ns, Reaching safepoint: 1784700 ns, At safepoint: 75000 ns, Total: 1859700 ns
[2020-06-08T02:18:15.274+0000][6][safepoint    ] Safepoint "Cleanup", Time since last: 1002624100 ns, Reaching safepoint: 1628700 ns, At safepoint: 33000 ns, Total: 1661700 ns
[2020-06-08T02:18:16.278+0000][6][safepoint    ] Safepoint "Cleanup", Time since last: 1002244200 ns, Reaching safepoint: 1290600 ns, At safepoint: 60900 ns, Total: 1351500 ns
[2020-06-08T02:18:17.248+0000][6][safepoint    ] Safepoint "Cleanup", Time since last: 1004274400 ns, Reaching safepoint: 595100 ns, At safepoint: 21200 ns, Total: 616300 ns
[2020-06-08T02:18:18.250+0000][6][safepoint    ] Safepoint "Cleanup", Time since last: 1002406600 ns, Reaching safepoint: 410000 ns, At safepoint: 34900 ns, Total: 444900 ns
[2020-06-08T02:18:19.255+0000][6][safepoint    ] Safepoint "Cleanup", Time since last: 1003789600 ns, Reaching safepoint: 265500 ns, At safepoint: 22300 ns, Total: 287800 ns
[2020-06-08T02:18:20.264+0000][6][safepoint    ] Safepoint "Cleanup", Time since last: 1008742100 ns, Reaching safepoint: 312300 ns, At safepoint: 30500 ns, Total: 342800 ns
[2020-06-08T02:18:21.267+0000][6][safepoint    ] Safepoint "Cleanup", Time since last: 1002698500 ns, Reaching safepoint: 310500 ns, At safepoint: 25600 ns, Total: 336100 ns
[2020-06-08T02:18:22.269+0000][6][safepoint    ] Safepoint "Cleanup", Time since last: 1002391700 ns, Reaching safepoint: 399400 ns, At safepoint: 36800 ns, Total: 436200 ns
[2020-06-08T02:18:23.272+0000][6][safepoint    ] Safepoint "Cleanup", Time since last: 1001891000 ns, Reaching safepoint: 192800 ns, At safepoint: 16800 ns, Total: 209600 ns
[2020-06-08T02:18:24.275+0000][6][safepoint    ] Safepoint "Cleanup", Time since last: 1001848700 ns, Reaching safepoint: 1045200 ns, At safepoint: 43600 ns, Total: 1088800 ns
[2020-06-08T02:18:25.279+0000][6][safepoint    ] Safepoint "Cleanup", Time since last: 1003671300 ns, Reaching safepoint: 1158600 ns, At safepoint: 42000 ns, Total: 1200600 ns
[2020-06-08T02:18:26.283+0000][6][safepoint    ] Safepoint "Cleanup", Time since last: 1003018300 ns, Reaching safepoint: 253400 ns, At safepoint: 19900 ns, Total: 273300 ns
[2020-06-08T02:18:27.285+0000][6][safepoint    ] Safepoint "Cleanup", Time since last: 1001918500 ns, Reaching safepoint: 571900 ns, At safepoint: 37100 ns, Total: 609000 ns
[2020-06-08T02:18:28.288+0000][6][safepoint    ] Safepoint "Cleanup", Time since last: 1002845500 ns, Reaching safepoint: 323000 ns, At safepoint: 22800 ns, Total: 345800 ns
[2020-06-08T02:18:29.290+0000][6][safepoint    ] Safepoint "Cleanup", Time since last: 1001416800 ns, Reaching safepoint: 435100 ns, At safepoint: 21800 ns, Total: 456900 ns
[2020-06-08T02:18:30.296+0000][6][safepoint    ] Safepoint "Cleanup", Time since last: 1004906000 ns, Reaching safepoint: 1040300 ns, At safepoint: 37900 ns, Total: 1078200 ns
[2020-06-08T02:18:31.299+0000][6][safepoint    ] Safepoint "Cleanup", Time since last: 1002026300 ns, Reaching safepoint: 666300 ns, At safepoint: 35300 ns, Total: 701600 ns
[2020-06-08T02:18:32.303+0000][6][safepoint    ] Safepoint "Cleanup", Time since last: 1003925900 ns, Reaching safepoint: 382400 ns, At safepoint: 33500 ns, Total: 415900 ns
[2020-06-08T02:18:33.307+0000][6][safepoint    ] Safepoint "Cleanup", Time since last: 1002960700 ns, Reaching safepoint: 277300 ns, At safepoint: 21400 ns, Total: 298700 ns
[2020-06-08T02:18:34.314+0000][6][safepoint    ] Safepoint "Cleanup", Time since last: 1006443300 ns, Reaching safepoint: 634500 ns, At safepoint: 36700 ns, Total: 671200 ns
[2020-06-08T02:18:35.321+0000][6][safepoint    ] Safepoint "Cleanup", Time since last: 1006784600 ns, Reaching safepoint: 872800 ns, At safepoint: 49400 ns, Total: 922200 ns
[2020-06-08T02:18:36.324+0000][6][safepoint    ] Safepoint "Cleanup", Time since last: 1002089300 ns, Reaching safepoint: 664000 ns, At safepoint: 30700 ns, Total: 694700 ns
[2020-06-08T02:18:37.329+0000][6][safepoint    ] Safepoint "Cleanup", Time since last: 1003677000 ns, Reaching safepoint: 1070500 ns, At safepoint: 28800 ns, Total: 1099300 ns
[2020-06-08T02:18:38.333+0000][6][safepoint    ] Safepoint "Cleanup", Time since last: 1003415200 ns, Reaching safepoint: 665700 ns, At safepoint: 30800 ns, Total: 696500 ns
[2020-06-08T02:18:39.339+0000][6][safepoint    ] Safepoint "Cleanup", Time since last: 1005295000 ns, Reaching safepoint: 963500 ns, At safepoint: 32000 ns, Total: 995500 ns
[2020-06-08T02:18:40.342+0000][6][safepoint    ] Safepoint "Cleanup", Time since last: 1002159600 ns, Reaching safepoint: 589800 ns, At safepoint: 29200 ns, Total: 619000 ns
[2020-06-08T02:18:41.347+0000][6][safepoint    ] Safepoint "Cleanup", Time since last: 1002762800 ns, Reaching safepoint: 1696200 ns, At safepoint: 29800 ns, Total: 1726000 ns
[2020-06-08T02:18:42.351+0000][6][safepoint    ] Safepoint "Cleanup", Time since last: 1004139000 ns, Reaching safepoint: 649500 ns, At safepoint: 26900 ns, Total: 676400 ns
[2020-06-08T02:18:43.355+0000][6][safepoint    ] Safepoint "Cleanup", Time since last: 1002825800 ns, Reaching safepoint: 424300 ns, At safepoint: 34900 ns, Total: 459200 ns
[2020-06-08T02:18:44.358+0000][6][safepoint    ] Safepoint "Cleanup", Time since last: 1002765900 ns, Reaching safepoint: 531700 ns, At safepoint: 28700 ns, Total: 560400 ns
[2020-06-08T02:18:45.367+0000][6][safepoint    ] Safepoint "Cleanup", Time since last: 1008908600 ns, Reaching safepoint: 295000 ns, At safepoint: 26200 ns, Total: 321200 ns
[2020-06-08T02:18:46.369+0000][6][safepoint    ] Safepoint "Cleanup", Time since last: 1001507500 ns, Reaching safepoint: 287500 ns, At safepoint: 19900 ns, Total: 307400 ns
[2020-06-08T02:18:47.347+0000][6][safepoint    ] Safepoint "Cleanup", Time since last: 1002102300 ns, Reaching safepoint: 597700 ns, At safepoint: 30900 ns, Total: 628600 ns
[2020-06-08T02:18:48.353+0000][6][safepoint    ] Safepoint "Cleanup", Time since last: 1006201000 ns, Reaching safepoint: 336900 ns, At safepoint: 21800 ns, Total: 358700 ns
[2020-06-08T02:18:50.180+0000][6][safepoint    ] Safepoint "Cleanup", Time since last: 1826043200 ns, Reaching safepoint: 597900 ns, At safepoint: 27800 ns, Total: 625700 ns
[2020-06-08T02:18:51.183+0000][6][safepoint    ] Safepoint "Cleanup", Time since last: 1002964200 ns, Reaching safepoint: 571500 ns, At safepoint: 33000 ns, Total: 604500 ns
[2020-06-08T02:18:52.204+0000][6][safepoint    ] Safepoint "Cleanup", Time since last: 1020331200 ns, Reaching safepoint: 959800 ns, At safepoint: 25100 ns, Total: 984900 ns
[2020-06-08T02:18:53.239+0000][6][safepoint    ] Safepoint "Cleanup", Time since last: 1033609100 ns, Reaching safepoint: 572500 ns, At safepoint: 24500 ns, Total: 597000 ns
[2020-06-08T02:18:54.242+0000][6][safepoint    ] Safepoint "Cleanup", Time since last: 1002276100 ns, Reaching safepoint: 285600 ns, At safepoint: 35200 ns, Total: 320800 ns
[2020-06-08T02:18:55.244+0000][6][safepoint    ] Safepoint "Cleanup", Time since last: 1002381700 ns, Reaching safepoint: 228100 ns, At safepoint: 19900 ns, Total: 248000 ns
[2020-06-08T02:18:56.246+0000][6][safepoint    ] Safepoint "Cleanup", Time since last: 1001491000 ns, Reaching safepoint: 734300 ns, At safepoint: 65100 ns, Total: 799400 ns
[2020-06-08T02:18:57.251+0000][6][safepoint    ] Safepoint "Cleanup", Time since last: 1004468100 ns, Reaching safepoint: 235800 ns, At safepoint: 17400 ns, Total: 253200 ns
[2020-06-08T02:18:58.254+0000][6][safepoint    ] Safepoint "Cleanup", Time since last: 1002161100 ns, Reaching safepoint: 436400 ns, At safepoint: 24800 ns, Total: 461200 ns
[2020-06-08T02:18:59.256+0000][6][safepoint    ] Safepoint "Cleanup", Time since last: 1001997800 ns, Reaching safepoint: 272700 ns, At safepoint: 21600 ns, Total: 294300 ns
[2020-06-08T02:19:00.259+0000][6][safepoint    ] Safepoint "Cleanup", Time since last: 1002801600 ns, Reaching safepoint: 699900 ns, At safepoint: 45600 ns, Total: 745500 ns
[2020-06-08T02:19:01.263+0000][6][safepoint    ] Safepoint "Cleanup", Time since last: 1003108700 ns, Reaching safepoint: 248200 ns, At safepoint: 22700 ns, Total: 270900 ns
[2020-06-08T02:19:02.783+0000][6][safepoint    ] Safepoint "Cleanup", Time since last: 1519245400 ns, Reaching safepoint: 699800 ns, At safepoint: 31100 ns, Total: 730900 ns
[2020-06-08T02:19:03.788+0000][6][safepoint    ] Safepoint "Cleanup", Time since last: 1004924700 ns, Reaching safepoint: 251600 ns, At safepoint: 21100 ns, Total: 272700 ns
[2020-06-08T02:19:05.494+0000][6][safepoint    ] Safepoint "Cleanup", Time since last: 1705478000 ns, Reaching safepoint: 448100 ns, At safepoint: 25000 ns, Total: 473100 ns
[2020-06-08T02:19:06.498+0000][6][safepoint    ] Safepoint "Cleanup", Time since last: 1003471400 ns, Reaching safepoint: 282800 ns, At safepoint: 19600 ns, Total: 302400 ns
[2020-06-08T02:19:07.503+0000][6][safepoint    ] Safepoint "Cleanup", Time since last: 1003474200 ns, Reaching safepoint: 1937100 ns, At safepoint: 49100 ns, Total: 1986200 ns
[2020-06-08T02:19:08.506+0000][6][safepoint    ] Safepoint "Cleanup", Time since last: 1002339200 ns, Reaching safepoint: 214100 ns, At safepoint: 16700 ns, Total: 230800 ns
[2020-06-08T02:19:09.511+0000][6][safepoint    ] Safepoint "Cleanup", Time since last: 1004576600 ns, Reaching safepoint: 421000 ns, At safepoint: 31200 ns, Total: 452200 ns
[2020-06-08T02:19:10.519+0000][6][safepoint    ] Safepoint "Cleanup", Time since last: 1007904800 ns, Reaching safepoint: 432900 ns, At safepoint: 32500 ns, Total: 465400 ns
[2020-06-08T02:19:11.525+0000][6][safepoint    ] Safepoint "Cleanup", Time since last: 1005646900 ns, Reaching safepoint: 312000 ns, At safepoint: 24400 ns, Total: 336400 ns
[2020-06-08T02:19:12.531+0000][6][safepoint    ] Safepoint "Cleanup", Time since last: 1005476000 ns, Reaching safepoint: 291100 ns, At safepoint: 28900 ns, Total: 320000 ns
[2020-06-08T02:19:13.535+0000][6][safepoint    ] Safepoint "Cleanup", Time since last: 1003680200 ns, Reaching safepoint: 595300 ns, At safepoint: 22000 ns, Total: 617300 ns
[2020-06-08T02:19:14.536+0000][6][safepoint    ] Safepoint "Cleanup", Time since last: 1000906900 ns, Reaching safepoint: 390700 ns, At safepoint: 15000 ns, Total: 405700 ns
[2020-06-08T02:19:15.538+0000][6][safepoint    ] Safepoint "Cleanup", Time since last: 1001552300 ns, Reaching safepoint: 271100 ns, At safepoint: 17900 ns, Total: 289000 ns
[2020-06-08T02:19:16.541+0000][6][safepoint    ] Safepoint "Cleanup", Time since last: 1001667600 ns, Reaching safepoint: 199800 ns, At safepoint: 18800 ns, Total: 218600 ns
[2020-06-08T02:19:17.501+0000][6][safepoint    ] Safepoint "Cleanup", Time since last: 1003053700 ns, Reaching safepoint: 183900 ns, At safepoint: 15200 ns, Total: 199100 ns
[2020-06-08T02:19:18.503+0000][6][safepoint    ] Safepoint "Cleanup", Time since last: 1001433700 ns, Reaching safepoint: 239300 ns, At safepoint: 19800 ns, Total: 259100 ns
[2020-06-08T02:19:19.506+0000][6][safepoint    ] Safepoint "Cleanup", Time since last: 1002648700 ns, Reaching safepoint: 315400 ns, At safepoint: 25000 ns, Total: 340400 ns
[2020-06-08T02:19:20.510+0000][6][safepoint    ] Safepoint "Cleanup", Time since last: 1003715900 ns, Reaching safepoint: 202200 ns, At safepoint: 17200 ns, Total: 219400 ns
[2020-06-08T02:19:21.515+0000][6][safepoint    ] Safepoint "Cleanup", Time since last: 1005306400 ns, Reaching safepoint: 231300 ns, At safepoint: 33400 ns, Total: 264700 ns
[2020-06-08T02:19:22.517+0000][6][safepoint    ] Safepoint "Cleanup", Time since last: 1001599400 ns, Reaching safepoint: 428200 ns, At safepoint: 66200 ns, Total: 494400 ns
[2020-06-08T02:19:23.522+0000][6][safepoint    ] Safepoint "Cleanup", Time since last: 1002577300 ns, Reaching safepoint: 2093000 ns, At safepoint: 34300 ns, Total: 2127300 ns
[2020-06-08T02:19:24.536+0000][6][safepoint    ] Safepoint "Cleanup", Time since last: 1012191900 ns, Reaching safepoint: 1305200 ns, At safepoint: 35000 ns, Total: 1340200 ns
[2020-06-08T02:19:25.549+0000][6][safepoint    ] Safepoint "Cleanup", Time since last: 1013020300 ns, Reaching safepoint: 552400 ns, At safepoint: 29900 ns, Total: 582300 ns
[2020-06-08T02:19:26.678+0000][6][safepoint    ] Safepoint "Cleanup", Time since last: 1126704900 ns, Reaching safepoint: 1748100 ns, At safepoint: 22000 ns, Total: 1770100 ns
[2020-06-08T02:19:27.788+0000][6][safepoint    ] Safepoint "Cleanup", Time since last: 1108921700 ns, Reaching safepoint: 962300 ns, At safepoint: 43100 ns, Total: 1005400 ns
[2020-06-08T02:19:28.795+0000][6][safepoint    ] Safepoint "Cleanup", Time since last: 1007315800 ns, Reaching safepoint: 470600 ns, At safepoint: 48200 ns, Total: 518800 ns
[2020-06-08T02:19:29.798+0000][6][safepoint    ] Safepoint "Cleanup", Time since last: 1001983700 ns, Reaching safepoint: 271700 ns, At safepoint: 24400 ns, Total: 296100 ns
[2020-06-08T02:19:30.801+0000][6][safepoint    ] Safepoint "Cleanup", Time since last: 1002375600 ns, Reaching safepoint: 296300 ns, At safepoint: 48000 ns, Total: 344300 ns
[2020-06-08T02:19:31.810+0000][6][safepoint    ] Safepoint "Cleanup", Time since last: 1003250800 ns, Reaching safepoint: 6590700 ns, At safepoint: 43300 ns, Total: 6634000 ns
[2020-06-08T02:19:32.813+0000][6][safepoint    ] Safepoint "Cleanup", Time since last: 1002607700 ns, Reaching safepoint: 233100 ns, At safepoint: 22200 ns, Total: 255300 ns
[2020-06-08T02:19:33.817+0000][6][safepoint    ] Safepoint "Cleanup", Time since last: 1003447000 ns, Reaching safepoint: 655300 ns, At safepoint: 25300 ns, Total: 680600 ns
[2020-06-08T02:19:34.823+0000][6][safepoint    ] Safepoint "Cleanup", Time since last: 1005675400 ns, Reaching safepoint: 240200 ns, At safepoint: 21800 ns, Total: 262000 ns
[2020-06-08T02:19:35.826+0000][6][safepoint    ] Safepoint "Cleanup", Time since last: 1002008100 ns, Reaching safepoint: 398400 ns, At safepoint: 30900 ns, Total: 429300 ns
[2020-06-08T02:19:36.828+0000][6][safepoint    ] Safepoint "Cleanup", Time since last: 1001942000 ns, Reaching safepoint: 537700 ns, At safepoint: 23900 ns, Total: 561600 ns
[2020-06-08T02:19:37.831+0000][6][safepoint    ] Safepoint "Cleanup", Time since last: 1002075800 ns, Reaching safepoint: 769500 ns, At safepoint: 39300 ns, Total: 808800 ns
[2020-06-08T02:19:38.835+0000][6][safepoint    ] Safepoint "Cleanup", Time since last: 1002524700 ns, Reaching safepoint: 812600 ns, At safepoint: 66700 ns, Total: 879300 ns
[2020-06-08T02:19:39.837+0000][6][safepoint    ] Safepoint "Cleanup", Time since last: 1002085000 ns, Reaching safepoint: 686500 ns, At safepoint: 36200 ns, Total: 722700 ns
[2020-06-08T02:19:40.843+0000][6][safepoint    ] Safepoint "Cleanup", Time since last: 1003397700 ns, Reaching safepoint: 2131200 ns, At safepoint: 75600 ns, Total: 2206800 ns
[2020-06-08T02:19:41.848+0000][6][safepoint    ] Safepoint "Cleanup", Time since last: 1003676600 ns, Reaching safepoint: 1482000 ns, At safepoint: 61900 ns, Total: 1543900 ns
[2020-06-08T02:19:42.851+0000][6][safepoint    ] Safepoint "Cleanup", Time since last: 1002349100 ns, Reaching safepoint: 292100 ns, At safepoint: 16600 ns, Total: 308700 ns
[2020-06-08T02:19:43.856+0000][6][safepoint    ] Safepoint "Cleanup", Time since last: 1005147800 ns, Reaching safepoint: 423900 ns, At safepoint: 30500 ns, Total: 454400 ns
[2020-06-08T02:19:44.859+0000][6][safepoint    ] Safepoint "Cleanup", Time since last: 1002409700 ns, Reaching safepoint: 361100 ns, At safepoint: 17600 ns, Total: 378700 ns
[2020-06-08T02:19:45.861+0000][6][safepoint    ] Safepoint "Cleanup", Time since last: 1001939900 ns, Reaching safepoint: 244900 ns, At safepoint: 20000 ns, Total: 264900 ns
[2020-06-08T02:19:46.833+0000][6][safepoint    ] Safepoint "Cleanup", Time since last: 1004683100 ns, Reaching safepoint: 212300 ns, At safepoint: 19000 ns, Total: 231300 ns
[2020-06-08T02:19:47.838+0000][6][safepoint    ] Safepoint "Cleanup", Time since last: 1004586000 ns, Reaching safepoint: 321500 ns, At safepoint: 35800 ns, Total: 357300 ns
[2020-06-08T02:19:48.843+0000][6][safepoint    ] Safepoint "Cleanup", Time since last: 1004060700 ns, Reaching safepoint: 840000 ns, At safepoint: 26900 ns, Total: 866900 ns
[2020-06-08T02:19:49.846+0000][6][safepoint    ] Safepoint "Cleanup", Time since last: 1002386200 ns, Reaching safepoint: 211300 ns, At safepoint: 20100 ns, Total: 231400 ns
[2020-06-08T02:19:50.852+0000][6][safepoint    ] Safepoint "Cleanup", Time since last: 1005678300 ns, Reaching safepoint: 286600 ns, At safepoint: 28500 ns, Total: 315100 ns
[2020-06-08T02:19:51.855+0000][6][safepoint    ] Safepoint "Cleanup", Time since last: 1003715900 ns, Reaching safepoint: 192800 ns, At safepoint: 18100 ns, Total: 210900 ns
[2020-06-08T02:19:52.857+0000][6][safepoint    ] Safepoint "Cleanup", Time since last: 1001093000 ns, Reaching safepoint: 328700 ns, At safepoint: 16600 ns, Total: 345300 ns
[2020-06-08T02:19:53.858+0000][6][safepoint    ] Safepoint "Cleanup", Time since last: 1000995500 ns, Reaching safepoint: 218900 ns, At safepoint: 18700 ns, Total: 237600 ns
[2020-06-08T02:19:54.861+0000][6][safepoint    ] Safepoint "Cleanup", Time since last: 1002686000 ns, Reaching safepoint: 216900 ns, At safepoint: 21500 ns, Total: 238400 ns
[2020-06-08T02:19:55.864+0000][6][safepoint    ] Safepoint "Cleanup", Time since last: 1002951800 ns, Reaching safepoint: 284300 ns, At safepoint: 32800 ns, Total: 317100 ns
[2020-06-08T02:19:56.868+0000][6][safepoint    ] Safepoint "Cleanup", Time since last: 1003162400 ns, Reaching safepoint: 308800 ns, At safepoint: 16800 ns, Total: 325600 ns
[2020-06-08T02:19:57.871+0000][6][safepoint    ] Safepoint "Cleanup", Time since last: 1002558600 ns, Reaching safepoint: 437700 ns, At safepoint: 20300 ns, Total: 458000 ns
[2020-06-08T02:19:58.876+0000][6][safepoint    ] Safepoint "Cleanup", Time since last: 1004338300 ns, Reaching safepoint: 490900 ns, At safepoint: 51300 ns, Total: 542200 ns
[2020-06-08T02:19:59.880+0000][6][safepoint    ] Safepoint "Cleanup", Time since last: 1003728700 ns, Reaching safepoint: 362200 ns, At safepoint: 19800 ns, Total: 382000 ns
[2020-06-08T02:20:00.881+0000][6][safepoint    ] Safepoint "Cleanup", Time since last: 1001065800 ns, Reaching safepoint: 375100 ns, At safepoint: 20900 ns, Total: 396000 ns
[2020-06-08T02:20:01.883+0000][6][safepoint    ] Safepoint "Cleanup", Time since last: 1001404900 ns, Reaching safepoint: 274500 ns, At safepoint: 22200 ns, Total: 296700 ns
[2020-06-08T02:20:02.885+0000][6][safepoint    ] Safepoint "Cleanup", Time since last: 1001792800 ns, Reaching safepoint: 144200 ns, At safepoint: 12400 ns, Total: 156600 ns
[2020-06-08T02:20:03.886+0000][6][safepoint    ] Safepoint "Cleanup", Time since last: 1001318000 ns, Reaching safepoint: 180800 ns, At safepoint: 16200 ns, Total: 197000 ns
[2020-06-08T02:20:04.889+0000][6][safepoint    ] Safepoint "Cleanup", Time since last: 1002393800 ns, Reaching safepoint: 254200 ns, At safepoint: 26400 ns, Total: 280600 ns
[2020-06-08T02:20:05.893+0000][6][safepoint    ] Safepoint "Cleanup", Time since last: 1003597100 ns, Reaching safepoint: 206800 ns, At safepoint: 19700 ns, Total: 226500 ns
[2020-06-08T02:20:06.895+0000][6][safepoint    ] Safepoint "Cleanup", Time since last: 1002108100 ns, Reaching safepoint: 356600 ns, At safepoint: 25000 ns, Total: 381600 ns
[2020-06-08T02:20:07.898+0000][6][safepoint    ] Safepoint "Cleanup", Time since last: 1002615300 ns, Reaching safepoint: 173800 ns, At safepoint: 16600 ns, Total: 190400 ns
[2020-06-08T02:20:08.900+0000][6][safepoint    ] Safepoint "Cleanup", Time since last: 1001547000 ns, Reaching safepoint: 464400 ns, At safepoint: 22900 ns, Total: 487300 ns
[2020-06-08T02:20:09.902+0000][6][safepoint    ] Safepoint "Cleanup", Time since last: 1001546400 ns, Reaching safepoint: 213800 ns, At safepoint: 16500 ns, Total: 230300 ns
[2020-06-08T02:20:10.904+0000][6][safepoint    ] Safepoint "Cleanup", Time since last: 1001140000 ns, Reaching safepoint: 389500 ns, At safepoint: 167100 ns, Total: 556600 ns
[2020-06-08T02:20:11.909+0000][6][safepoint    ] Safepoint "Cleanup", Time since last: 1005314200 ns, Reaching safepoint: 266400 ns, At safepoint: 21900 ns, Total: 288300 ns
[2020-06-08T02:20:12.915+0000][6][safepoint    ] Safepoint "Cleanup", Time since last: 1003110800 ns, Reaching safepoint: 2455300 ns, At safepoint: 40000 ns, Total: 2495300 ns
[2020-06-08T02:20:13.918+0000][6][safepoint    ] Safepoint "Cleanup", Time since last: 1002607100 ns, Reaching safepoint: 694100 ns, At safepoint: 39600 ns, Total: 733700 ns
[2020-06-08T02:20:14.926+0000][6][safepoint    ] Safepoint "Cleanup", Time since last: 1002611300 ns, Reaching safepoint: 4630200 ns, At safepoint: 191200 ns, Total: 4821400 ns
[2020-06-08T02:20:15.928+0000][6][safepoint    ] Safepoint "Cleanup", Time since last: 1001418400 ns, Reaching safepoint: 987800 ns, At safepoint: 31600 ns, Total: 1019400 ns
[2020-06-08T02:20:16.901+0000][6][safepoint    ] Safepoint "Cleanup", Time since last: 1005882800 ns, Reaching safepoint: 1474100 ns, At safepoint: 40000 ns, Total: 1514100 ns
[2020-06-08T02:20:17.903+0000][6][safepoint    ] Safepoint "Cleanup", Time since last: 1001484200 ns, Reaching safepoint: 320900 ns, At safepoint: 28400 ns, Total: 349300 ns
[2020-06-08T02:20:18.907+0000][6][safepoint    ] Safepoint "Cleanup", Time since last: 1002909600 ns, Reaching safepoint: 1018300 ns, At safepoint: 28900 ns, Total: 1047200 ns
[2020-06-08T02:20:19.910+0000][6][safepoint    ] Safepoint "Cleanup", Time since last: 1002613000 ns, Reaching safepoint: 474800 ns, At safepoint: 30700 ns, Total: 505500 ns
[2020-06-08T02:20:20.915+0000][6][safepoint    ] Safepoint "Cleanup", Time since last: 1004181900 ns, Reaching safepoint: 252400 ns, At safepoint: 24800 ns, Total: 277200 ns
[2020-06-08T02:20:21.916+0000][6][safepoint    ] Safepoint "Cleanup", Time since last: 1001173400 ns, Reaching safepoint: 307900 ns, At safepoint: 14100 ns, Total: 322000 ns
[2020-06-08T02:20:22.918+0000][6][safepoint    ] Safepoint "Cleanup", Time since last: 1001404100 ns, Reaching safepoint: 193600 ns, At safepoint: 16100 ns, Total: 209700 ns
[2020-06-08T02:20:24.086+0000][6][safepoint    ] Safepoint "Cleanup", Time since last: 1166984100 ns, Reaching safepoint: 643400 ns, At safepoint: 173900 ns, Total: 817300 ns
[2020-06-08T02:20:25.562+0000][6][safepoint    ] Safepoint "Cleanup", Time since last: 1475821900 ns, Reaching safepoint: 302900 ns, At safepoint: 14300 ns, Total: 317200 ns
[2020-06-08T02:20:27.405+0000][6][safepoint    ] Safepoint "Cleanup", Time since last: 1842661300 ns, Reaching safepoint: 184900 ns, At safepoint: 14600 ns, Total: 199500 ns
[2020-06-08T02:20:28.408+0000][6][safepoint    ] Safepoint "Cleanup", Time since last: 1002541700 ns, Reaching safepoint: 430500 ns, At safepoint: 18200 ns, Total: 448700 ns
[2020-06-08T02:20:29.409+0000][6][safepoint    ] Safepoint "Cleanup", Time since last: 1000926700 ns, Reaching safepoint: 242500 ns, At safepoint: 38100 ns, Total: 280600 ns
[2020-06-08T02:20:30.421+0000][6][safepoint    ] Safepoint "Cleanup", Time since last: 1006899800 ns, Reaching safepoint: 3948800 ns, At safepoint: 1322700 ns, Total: 5271500 ns
[2020-06-08T02:20:31.423+0000][6][safepoint    ] Safepoint "Cleanup", Time since last: 1001955000 ns, Reaching safepoint: 494900 ns, At safepoint: 24200 ns, Total: 519100 ns
[2020-06-08T02:20:32.425+0000][6][safepoint    ] Safepoint "Cleanup", Time since last: 1001497300 ns, Reaching safepoint: 302300 ns, At safepoint: 19600 ns, Total: 321900 ns
[2020-06-08T02:20:33.427+0000][6][safepoint    ] Safepoint "Cleanup", Time since last: 1001262700 ns, Reaching safepoint: 274200 ns, At safepoint: 13500 ns, Total: 287700 ns
[2020-06-08T02:20:34.445+0000][6][safepoint    ] Safepoint "Cleanup", Time since last: 1011497900 ns, Reaching safepoint: 6524300 ns, At safepoint: 49400 ns, Total: 6573700 ns
[2020-06-08T02:20:35.447+0000][6][safepoint    ] Safepoint "Cleanup", Time since last: 1002140300 ns, Reaching safepoint: 263700 ns, At safepoint: 18300 ns, Total: 282000 ns
[2020-06-08T02:20:36.451+0000][6][safepoint    ] Safepoint "Cleanup", Time since last: 1003247400 ns, Reaching safepoint: 303400 ns, At safepoint: 26600 ns, Total: 330000 ns
[2020-06-08T02:20:37.454+0000][6][safepoint    ] Safepoint "Cleanup", Time since last: 1003096500 ns, Reaching safepoint: 351800 ns, At safepoint: 30400 ns, Total: 382200 ns
[2020-06-08T02:20:38.457+0000][6][safepoint    ] Safepoint "Cleanup", Time since last: 1002133100 ns, Reaching safepoint: 189800 ns, At safepoint: 17300 ns, Total: 207100 ns
[2020-06-08T02:20:39.459+0000][6][safepoint    ] Safepoint "Cleanup", Time since last: 1001847600 ns, Reaching safepoint: 253900 ns, At safepoint: 21600 ns, Total: 275500 ns
[2020-06-08T02:20:40.464+0000][6][safepoint    ] Safepoint "Cleanup", Time since last: 1004885800 ns, Reaching safepoint: 420800 ns, At safepoint: 39500 ns, Total: 460300 ns
[2020-06-08T02:20:41.468+0000][6][safepoint    ] Safepoint "Cleanup", Time since last: 1003463100 ns, Reaching safepoint: 301700 ns, At safepoint: 30400 ns, Total: 332100 ns
[2020-06-08T02:20:42.470+0000][6][safepoint    ] Safepoint "Cleanup", Time since last: 1001765200 ns, Reaching safepoint: 218300 ns, At safepoint: 20700 ns, Total: 239000 ns
[2020-06-08T02:20:43.472+0000][6][safepoint    ] Safepoint "Cleanup", Time since last: 1001216700 ns, Reaching safepoint: 623300 ns, At safepoint: 29500 ns, Total: 652800 ns
[2020-06-08T02:20:44.475+0000][6][safepoint    ] Safepoint "Cleanup", Time since last: 1002271600 ns, Reaching safepoint: 754600 ns, At safepoint: 36600 ns, Total: 791200 ns
[2020-06-08T02:20:45.478+0000][6][safepoint    ] Safepoint "Cleanup", Time since last: 1001298500 ns, Reaching safepoint: 1447400 ns, At safepoint: 68200 ns, Total: 1515600 ns
[2020-06-08T02:20:46.482+0000][6][safepoint    ] Safepoint "Cleanup", Time since last: 1003724800 ns, Reaching safepoint: 190400 ns, At safepoint: 17200 ns, Total: 207600 ns
[2020-06-08T02:20:47.449+0000][6][safepoint    ] Safepoint "Cleanup", Time since last: 1002008400 ns, Reaching safepoint: 234400 ns, At safepoint: 21900 ns, Total: 256300 ns
[2020-06-08T02:20:48.454+0000][6][safepoint    ] Safepoint "Cleanup", Time since last: 1003740400 ns, Reaching safepoint: 485300 ns, At safepoint: 48700 ns, Total: 534000 ns
[2020-06-08T02:20:49.458+0000][6][safepoint    ] Safepoint "Cleanup", Time since last: 1003458700 ns, Reaching safepoint: 319600 ns, At safepoint: 24700 ns, Total: 344300 ns
[2020-06-08T02:20:50.461+0000][6][safepoint    ] Safepoint "Cleanup", Time since last: 1002744700 ns, Reaching safepoint: 401100 ns, At safepoint: 29300 ns, Total: 430400 ns
[2020-06-08T02:20:51.462+0000][6][safepoint    ] Safepoint "Cleanup", Time since last: 1001480600 ns, Reaching safepoint: 300400 ns, At safepoint: 21800 ns, Total: 322200 ns
[2020-06-08T02:20:52.465+0000][6][safepoint    ] Safepoint "Cleanup", Time since last: 1002013800 ns, Reaching safepoint: 729100 ns, At safepoint: 31900 ns, Total: 761000 ns
[2020-06-08T02:20:53.469+0000][6][safepoint    ] Safepoint "Cleanup", Time since last: 1003050200 ns, Reaching safepoint: 226400 ns, At safepoint: 17300 ns, Total: 243700 ns
[2020-06-08T02:20:54.471+0000][6][safepoint    ] Safepoint "Cleanup", Time since last: 1001914600 ns, Reaching safepoint: 859500 ns, At safepoint: 68800 ns, Total: 928300 ns
[2020-06-08T02:20:55.479+0000][6][safepoint    ] Safepoint "Cleanup", Time since last: 1006754000 ns, Reaching safepoint: 547400 ns, At safepoint: 26200 ns, Total: 573600 ns
[2020-06-08T02:20:56.483+0000][6][safepoint    ] Safepoint "Cleanup", Time since last: 1003315000 ns, Reaching safepoint: 559900 ns, At safepoint: 51700 ns, Total: 611600 ns
[2020-06-08T02:20:57.487+0000][6][safepoint    ] Safepoint "Cleanup", Time since last: 1003322700 ns, Reaching safepoint: 673900 ns, At safepoint: 30500 ns, Total: 704400 ns
[2020-06-08T02:20:58.490+0000][6][safepoint    ] Safepoint "Cleanup", Time since last: 1002954900 ns, Reaching safepoint: 545900 ns, At safepoint: 112600 ns, Total: 658500 ns
[2020-06-08T02:20:59.499+0000][6][safepoint    ] Safepoint "Cleanup", Time since last: 1008131400 ns, Reaching safepoint: 267200 ns, At safepoint: 20100 ns, Total: 287300 ns
[2020-06-08T02:21:00.502+0000][6][safepoint    ] Safepoint "Cleanup", Time since last: 1003206900 ns, Reaching safepoint: 278100 ns, At safepoint: 19700 ns, Total: 297800 ns
[2020-06-08T02:21:01.508+0000][6][safepoint    ] Safepoint "Cleanup", Time since last: 1002281400 ns, Reaching safepoint: 3118000 ns, At safepoint: 57500 ns, Total: 3175500 ns
[2020-06-08T02:21:02.511+0000][6][safepoint    ] Safepoint "Cleanup", Time since last: 1003514000 ns, Reaching safepoint: 219100 ns, At safepoint: 13700 ns, Total: 232800 ns
[2020-06-08T02:21:03.517+0000][6][safepoint    ] Safepoint "Cleanup", Time since last: 1005686700 ns, Reaching safepoint: 312800 ns, At safepoint: 22600 ns, Total: 335400 ns
[2020-06-08T02:21:04.530+0000][6][safepoint    ] Safepoint "Cleanup", Time since last: 1010071400 ns, Reaching safepoint: 2278800 ns, At safepoint: 45300 ns, Total: 2324100 ns
[2020-06-08T02:21:05.537+0000][6][safepoint    ] Safepoint "Cleanup", Time since last: 1006281000 ns, Reaching safepoint: 948800 ns, At safepoint: 29100 ns, Total: 977900 ns
[2020-06-08T02:21:06.540+0000][6][safepoint    ] Safepoint "Cleanup", Time since last: 1002173100 ns, Reaching safepoint: 244500 ns, At safepoint: 23300 ns, Total: 267800 ns
[2020-06-08T02:21:07.545+0000][6][safepoint    ] Safepoint "Cleanup", Time since last: 1004647500 ns, Reaching safepoint: 901600 ns, At safepoint: 34500 ns, Total: 936100 ns
[2020-06-08T02:21:08.550+0000][6][safepoint    ] Safepoint "Cleanup", Time since last: 1001711700 ns, Reaching safepoint: 2731500 ns, At safepoint: 35900 ns, Total: 2767400 ns
[2020-06-08T02:21:09.554+0000][6][safepoint    ] Safepoint "Cleanup", Time since last: 1003174000 ns, Reaching safepoint: 888100 ns, At safepoint: 25900 ns, Total: 914000 ns
[2020-06-08T02:21:10.559+0000][6][safepoint    ] Safepoint "Cleanup", Time since last: 1004596700 ns, Reaching safepoint: 523300 ns, At safepoint: 27800 ns, Total: 551100 ns
[2020-06-08T02:21:11.561+0000][6][safepoint    ] Safepoint "Cleanup", Time since last: 1001322900 ns, Reaching safepoint: 683700 ns, At safepoint: 144500 ns, Total: 828200 ns
[2020-06-08T02:21:12.563+0000][6][safepoint    ] Safepoint "Cleanup", Time since last: 1001692600 ns, Reaching safepoint: 268100 ns, At safepoint: 21800 ns, Total: 289900 ns
[2020-06-08T02:21:13.569+0000][6][safepoint    ] Safepoint "Cleanup", Time since last: 1002874000 ns, Reaching safepoint: 2645800 ns, At safepoint: 299700 ns, Total: 2945500 ns
[2020-06-08T02:21:14.577+0000][6][safepoint    ] Safepoint "Cleanup", Time since last: 1007197600 ns, Reaching safepoint: 707400 ns, At safepoint: 72500 ns, Total: 779900 ns
[2020-06-08T02:21:15.581+0000][6][safepoint    ] Safepoint "Cleanup", Time since last: 1003704400 ns, Reaching safepoint: 348300 ns, At safepoint: 20300 ns, Total: 368600 ns
[2020-06-08T02:21:16.584+0000][6][safepoint    ] Safepoint "Cleanup", Time since last: 1003314200 ns, Reaching safepoint: 214800 ns, At safepoint: 19200 ns, Total: 234000 ns
[2020-06-08T02:21:17.553+0000][6][safepoint    ] Safepoint "Cleanup", Time since last: 1001750000 ns, Reaching safepoint: 210500 ns, At safepoint: 18000 ns, Total: 228500 ns
[2020-06-08T02:21:18.559+0000][6][safepoint    ] Safepoint "Cleanup", Time since last: 1004761800 ns, Reaching safepoint: 690100 ns, At safepoint: 159200 ns, Total: 849300 ns
[2020-06-08T02:21:19.562+0000][6][safepoint    ] Safepoint "Cleanup", Time since last: 1002328600 ns, Reaching safepoint: 736700 ns, At safepoint: 41300 ns, Total: 778000 ns
[2020-06-08T02:21:20.565+0000][6][safepoint    ] Safepoint "Cleanup", Time since last: 1002456700 ns, Reaching safepoint: 852500 ns, At safepoint: 35000 ns, Total: 887500 ns
[2020-06-08T02:21:21.570+0000][6][safepoint    ] Safepoint "Cleanup", Time since last: 1003945900 ns, Reaching safepoint: 913300 ns, At safepoint: 25900 ns, Total: 939200 ns
[2020-06-08T02:21:22.574+0000][6][safepoint    ] Safepoint "Cleanup", Time since last: 1003641700 ns, Reaching safepoint: 402900 ns, At safepoint: 20100 ns, Total: 423000 ns
[2020-06-08T02:21:23.575+0000][6][safepoint    ] Safepoint "Cleanup", Time since last: 1001017700 ns, Reaching safepoint: 329700 ns, At safepoint: 17100 ns, Total: 346800 ns
[2020-06-08T02:21:24.578+0000][6][safepoint    ] Safepoint "Cleanup", Time since last: 1002467800 ns, Reaching safepoint: 192500 ns, At safepoint: 17300 ns, Total: 209800 ns
[2020-06-08T02:21:25.582+0000][6][safepoint    ] Safepoint "Cleanup", Time since last: 1002712700 ns, Reaching safepoint: 587600 ns, At safepoint: 41800 ns, Total: 629400 ns
[2020-06-08T02:21:26.613+0000][6][safepoint    ] Safepoint "Cleanup", Time since last: 1031136800 ns, Reaching safepoint: 505100 ns, At safepoint: 18000 ns, Total: 523100 ns
[2020-06-08T02:21:26.617+0000][6][safepoint    ] Safepoint "BulkRevokeBias", Time since last: 1537500 ns, Reaching safepoint: 1222400 ns, At safepoint: 663700 ns, Total: 1886100 ns
[2020-06-08T02:21:27.631+0000][6][safepoint    ] Safepoint "Cleanup", Time since last: 1014077800 ns, Reaching safepoint: 196600 ns, At safepoint: 17800 ns, Total: 214400 ns
[2020-06-08T02:21:28.638+0000][6][safepoint    ] Safepoint "Cleanup", Time since last: 1005609000 ns, Reaching safepoint: 992200 ns, At safepoint: 42600 ns, Total: 1034800 ns
[2020-06-08T02:21:29.645+0000][6][safepoint    ] Safepoint "Cleanup", Time since last: 1006855400 ns, Reaching safepoint: 187600 ns, At safepoint: 17300 ns, Total: 204900 ns
[2020-06-08T02:21:30.650+0000][6][safepoint    ] Safepoint "Cleanup", Time since last: 1004956800 ns, Reaching safepoint: 497600 ns, At safepoint: 51000 ns, Total: 548600 ns
[2020-06-08T02:21:31.654+0000][6][safepoint    ] Safepoint "Cleanup", Time since last: 1004012400 ns, Reaching safepoint: 337600 ns, At safepoint: 16600 ns, Total: 354200 ns
[2020-06-08T02:21:32.658+0000][6][safepoint    ] Safepoint "Cleanup", Time since last: 1003396200 ns, Reaching safepoint: 344800 ns, At safepoint: 27000 ns, Total: 371800 ns
[2020-06-08T02:21:33.662+0000][6][safepoint    ] Safepoint "Cleanup", Time since last: 1001208600 ns, Reaching safepoint: 2631400 ns, At safepoint: 18700 ns, Total: 2650100 ns
[2020-06-08T02:21:34.664+0000][6][safepoint    ] Safepoint "Cleanup", Time since last: 1001261100 ns, Reaching safepoint: 277400 ns, At safepoint: 175600 ns, Total: 453000 ns
[2020-06-08T02:21:35.666+0000][6][safepoint    ] Safepoint "Cleanup", Time since last: 1001609300 ns, Reaching safepoint: 244600 ns, At safepoint: 253100 ns, Total: 497700 ns
[2020-06-08T02:21:36.668+0000][6][safepoint    ] Safepoint "Cleanup", Time since last: 1001240300 ns, Reaching safepoint: 869300 ns, At safepoint: 26200 ns, Total: 895500 ns
[2020-06-08T02:21:37.673+0000][6][safepoint    ] Safepoint "Cleanup", Time since last: 1004809500 ns, Reaching safepoint: 309700 ns, At safepoint: 25800 ns, Total: 335500 ns
[2020-06-08T02:21:38.675+0000][6][safepoint    ] Safepoint "Cleanup", Time since last: 1001371000 ns, Reaching safepoint: 393000 ns, At safepoint: 13400 ns, Total: 406400 ns
[2020-06-08T02:21:39.677+0000][6][safepoint    ] Safepoint "Cleanup", Time since last: 1001321700 ns, Reaching safepoint: 220700 ns, At safepoint: 17200 ns, Total: 237900 ns
[2020-06-08T02:21:41.679+0000][6][safepoint    ] Safepoint "Cleanup", Time since last: 2002083100 ns, Reaching safepoint: 428300 ns, At safepoint: 15300 ns, Total: 443600 ns
[2020-06-08T02:21:44.684+0000][6][safepoint    ] Safepoint "Cleanup", Time since last: 3004316900 ns, Reaching safepoint: 843100 ns, At safepoint: 32800 ns, Total: 875900 ns
[2020-06-08T02:21:47.655+0000][6][safepoint    ] Safepoint "Cleanup", Time since last: 3003778700 ns, Reaching safepoint: 335000 ns, At safepoint: 37600 ns, Total: 372600 ns
[2020-06-08T02:21:50.672+0000][6][safepoint    ] Safepoint "Cleanup", Time since last: 3010056100 ns, Reaching safepoint: 4147400 ns, At safepoint: 2846100 ns, Total: 6993500 ns
[2020-06-08T02:21:51.677+0000][6][safepoint    ] Safepoint "Cleanup", Time since last: 1004546000 ns, Reaching safepoint: 566800 ns, At safepoint: 28900 ns, Total: 595700 ns
[2020-06-08T02:21:52.679+0000][6][safepoint    ] Safepoint "Cleanup", Time since last: 1001319800 ns, Reaching safepoint: 589000 ns, At safepoint: 32200 ns, Total: 621200 ns
[2020-06-08T02:21:55.693+0000][6][safepoint    ] Safepoint "Cleanup", Time since last: 3008742100 ns, Reaching safepoint: 5150900 ns, At safepoint: 35200 ns, Total: 5186100 ns
[2020-06-08T02:21:59.707+0000][6][safepoint    ] Safepoint "Cleanup", Time since last: 4013901300 ns, Reaching safepoint: 602000 ns, At safepoint: 35600 ns, Total: 637600 ns
[2020-06-08T02:22:00.711+0000][6][safepoint    ] Safepoint "Cleanup", Time since last: 1002259200 ns, Reaching safepoint: 699700 ns, At safepoint: 322100 ns, Total: 1021800 ns
[2020-06-08T02:22:01.716+0000][6][safepoint    ] Safepoint "Cleanup", Time since last: 1003168500 ns, Reaching safepoint: 2340400 ns, At safepoint: 74600 ns, Total: 2415000 ns
[2020-06-08T02:22:02.725+0000][6][safepoint    ] Safepoint "Cleanup", Time since last: 1007745000 ns, Reaching safepoint: 1239000 ns, At safepoint: 168800 ns, Total: 1407800 ns
[2020-06-08T02:22:08.732+0000][6][safepoint    ] Safepoint "Cleanup", Time since last: 6006552000 ns, Reaching safepoint: 586100 ns, At safepoint: 20700 ns, Total: 606800 ns
[2020-06-08T02:22:14.741+0000][6][safepoint    ] Safepoint "Cleanup", Time since last: 6004232600 ns, Reaching safepoint: 3532000 ns, At safepoint: 605200 ns, Total: 4137200 ns
[2020-06-08T02:22:15.744+0000][6][safepoint    ] Safepoint "Cleanup", Time since last: 1003019700 ns, Reaching safepoint: 432200 ns, At safepoint: 17600 ns, Total: 449800 ns
[2020-06-08T02:22:17.719+0000][6][safepoint    ] Safepoint "Cleanup", Time since last: 2004979000 ns, Reaching safepoint: 2081000 ns, At safepoint: 1213600 ns, Total: 3294600 ns
[2020-06-08T02:22:20.723+0000][6][safepoint    ] Safepoint "Cleanup", Time since last: 3004359800 ns, Reaching safepoint: 311200 ns, At safepoint: 20800 ns, Total: 332000 ns
[2020-06-08T02:22:23.278+0000][6][safepoint    ] Safepoint "Cleanup", Time since last: 2553732300 ns, Reaching safepoint: 496400 ns, At safepoint: 18600 ns, Total: 515000 ns
[2020-06-08T02:22:24.283+0000][6][safepoint    ] Safepoint "Cleanup", Time since last: 1004769200 ns, Reaching safepoint: 316200 ns, At safepoint: 17000 ns, Total: 333200 ns
[2020-06-08T02:22:33.293+0000][6][safepoint    ] Safepoint "Cleanup", Time since last: 9009530500 ns, Reaching safepoint: 382000 ns, At safepoint: 29700 ns, Total: 411700 ns
[2020-06-08T02:22:36.298+0000][6][safepoint    ] Safepoint "Cleanup", Time since last: 3005300800 ns, Reaching safepoint: 325800 ns, At safepoint: 19600 ns, Total: 345400 ns
[2020-06-08T02:22:38.302+0000][6][safepoint    ] Safepoint "Cleanup", Time since last: 2003091200 ns, Reaching safepoint: 312100 ns, At safepoint: 30700 ns, Total: 342800 ns
[2020-06-08T02:22:45.317+0000][6][safepoint    ] Safepoint "Cleanup", Time since last: 7014481300 ns, Reaching safepoint: 245800 ns, At safepoint: 79300 ns, Total: 325100 ns
[2020-06-08T02:22:46.319+0000][6][safepoint    ] Safepoint "Cleanup", Time since last: 1002127500 ns, Reaching safepoint: 687500 ns, At safepoint: 17700 ns, Total: 705200 ns
[2020-06-08T02:22:48.288+0000][6][safepoint    ] Safepoint "Cleanup", Time since last: 2002135200 ns, Reaching safepoint: 206400 ns, At safepoint: 14900 ns, Total: 221300 ns
[2020-06-08T02:22:50.289+0000][6][safepoint    ] Safepoint "Cleanup", Time since last: 2001039600 ns, Reaching safepoint: 225900 ns, At safepoint: 17400 ns, Total: 243300 ns
[2020-06-08T02:22:53.298+0000][6][safepoint    ] Safepoint "Cleanup", Time since last: 3008473900 ns, Reaching safepoint: 422000 ns, At safepoint: 26700 ns, Total: 448700 ns
[2020-06-08T02:22:57.305+0000][6][safepoint    ] Safepoint "Cleanup", Time since last: 4006922100 ns, Reaching safepoint: 171900 ns, At safepoint: 13700 ns, Total: 185600 ns
[2020-06-08T02:22:58.307+0000][6][safepoint    ] Safepoint "Cleanup", Time since last: 1001334700 ns, Reaching safepoint: 291200 ns, At safepoint: 124600 ns, Total: 415800 ns
[2020-06-08T02:23:05.330+0000][6][safepoint    ] Safepoint "Cleanup", Time since last: 7022116200 ns, Reaching safepoint: 600800 ns, At safepoint: 20500 ns, Total: 621300 ns
[2020-06-08T02:23:06.334+0000][6][safepoint    ] Safepoint "Cleanup", Time since last: 1003959000 ns, Reaching safepoint: 302500 ns, At safepoint: 23100 ns, Total: 325600 ns
[2020-06-08T02:23:09.338+0000][6][safepoint    ] Safepoint "Cleanup", Time since last: 3003489100 ns, Reaching safepoint: 233300 ns, At safepoint: 21600 ns, Total: 254900 ns
[2020-06-08T02:23:15.354+0000][6][safepoint    ] Safepoint "Cleanup", Time since last: 6015886300 ns, Reaching safepoint: 393000 ns, At safepoint: 20600 ns, Total: 413600 ns
[2020-06-08T02:23:18.327+0000][6][safepoint    ] Safepoint "Cleanup", Time since last: 3005534000 ns, Reaching safepoint: 811600 ns, At safepoint: 22600 ns, Total: 834200 ns
[2020-06-08T02:23:20.335+0000][6][safepoint    ] Safepoint "Cleanup", Time since last: 2008164700 ns, Reaching safepoint: 243200 ns, At safepoint: 17600 ns, Total: 260800 ns
[2020-06-08T02:23:21.339+0000][6][safepoint    ] Safepoint "Cleanup", Time since last: 1003568000 ns, Reaching safepoint: 311500 ns, At safepoint: 30200 ns, Total: 341700 ns
[2020-06-08T02:23:30.361+0000][6][safepoint    ] Safepoint "Cleanup", Time since last: 9020691500 ns, Reaching safepoint: 925800 ns, At safepoint: 47800 ns, Total: 973600 ns
[2020-06-08T02:23:33.366+0000][6][safepoint    ] Safepoint "Cleanup", Time since last: 3004896200 ns, Reaching safepoint: 751400 ns, At safepoint: 40800 ns, Total: 792200 ns
[2020-06-08T02:23:35.372+0000][6][safepoint    ] Safepoint "Cleanup", Time since last: 2004728200 ns, Reaching safepoint: 997400 ns, At safepoint: 45700 ns, Total: 1043100 ns
[2020-06-08T02:23:38.378+0000][6][safepoint    ] Safepoint "Cleanup", Time since last: 3005150900 ns, Reaching safepoint: 620600 ns, At safepoint: 22200 ns, Total: 642800 ns
[2020-06-08T02:23:40.382+0000][6][safepoint    ] Safepoint "Cleanup", Time since last: 2002757300 ns, Reaching safepoint: 970000 ns, At safepoint: 40100 ns, Total: 1010100 ns
[2020-06-08T02:23:42.387+0000][6][safepoint    ] Safepoint "Cleanup", Time since last: 2005131400 ns, Reaching safepoint: 325000 ns, At safepoint: 32100 ns, Total: 357100 ns
[2020-06-08T02:23:45.392+0000][6][safepoint    ] Safepoint "Cleanup", Time since last: 3004427600 ns, Reaching safepoint: 345100 ns, At safepoint: 28600 ns, Total: 373700 ns
[2020-06-08T02:23:48.366+0000][6][safepoint    ] Safepoint "Cleanup", Time since last: 3006672000 ns, Reaching safepoint: 489400 ns, At safepoint: 46900 ns, Total: 536300 ns
[2020-06-08T02:23:50.370+0000][6][safepoint    ] Safepoint "Cleanup", Time since last: 2003812300 ns, Reaching safepoint: 269600 ns, At safepoint: 20000 ns, Total: 289600 ns
[2020-06-08T02:23:52.730+0000][6][safepoint    ] Safepoint "Cleanup", Time since last: 2360061100 ns, Reaching safepoint: 301400 ns, At safepoint: 16800 ns, Total: 318200 ns
[2020-06-08T02:23:55.817+0000][6][safepoint    ] Safepoint "Cleanup", Time since last: 3086263200 ns, Reaching safepoint: 222800 ns, At safepoint: 19700 ns, Total: 242500 ns
[2020-06-08T02:23:56.821+0000][6][safepoint    ] Safepoint "Cleanup", Time since last: 1003092200 ns, Reaching safepoint: 812300 ns, At safepoint: 44300 ns, Total: 856600 ns
[2020-06-08T02:23:58.172+0000][6][safepoint    ] Safepoint "Cleanup", Time since last: 1350874500 ns, Reaching safepoint: 383100 ns, At safepoint: 36000 ns, Total: 419100 ns
[2020-06-08T02:24:01.105+0000][6][gc,start     ] GC(20) Pause Young (Normal) (G1 Evacuation Pause)
[2020-06-08T02:24:01.116+0000][6][gc,task      ] GC(20) Using 2 workers of 2 for evacuation
[2020-06-08T02:24:01.119+0000][6][gc,age       ] GC(20) Desired survivor size 33030144 bytes, new threshold 15 (max threshold 15)
[2020-06-08T02:24:01.333+0000][6][gc,age       ] GC(20) Age table with threshold 15 (max threshold 15)
[2020-06-08T02:24:01.334+0000][6][gc,age       ] GC(20) - age   1:     708928 bytes,     708928 total
[2020-06-08T02:24:01.335+0000][6][gc,age       ] GC(20) - age   2:    1035176 bytes,    1744104 total
[2020-06-08T02:24:01.335+0000][6][gc,age       ] GC(20) - age   3:     509424 bytes,    2253528 total
[2020-06-08T02:24:01.336+0000][6][gc,age       ] GC(20) - age   4:     364968 bytes,    2618496 total
[2020-06-08T02:24:01.336+0000][6][gc,age       ] GC(20) - age   5:    1794336 bytes,    4412832 total
[2020-06-08T02:24:01.338+0000][6][gc,mmu       ] GC(20) MMU target violated: 201.0ms (200.0ms/201.0ms)
[2020-06-08T02:24:01.340+0000][6][gc,phases    ] GC(20)   Pre Evacuate Collection Set: 5.3ms
[2020-06-08T02:24:01.341+0000][6][gc,phases    ] GC(20)   Merge Heap Roots: 6.7ms
[2020-06-08T02:24:01.342+0000][6][gc,phases    ] GC(20)   Evacuate Collection Set: 166.5ms
[2020-06-08T02:24:01.343+0000][6][gc,phases    ] GC(20)   Post Evacuate Collection Set: 33.6ms
[2020-06-08T02:24:01.344+0000][6][gc,phases    ] GC(20)   Other: 28.2ms
[2020-06-08T02:24:01.345+0000][6][gc,heap      ] GC(20) Eden regions: 492->0(419)
[2020-06-08T02:24:01.346+0000][6][gc,heap      ] GC(20) Survivor regions: 6->5(63)
[2020-06-08T02:24:01.346+0000][6][gc,heap      ] GC(20) Old regions: 66->66
[2020-06-08T02:24:01.347+0000][6][gc,heap      ] GC(20) Archive regions: 2->2
[2020-06-08T02:24:01.347+0000][6][gc,heap      ] GC(20) Humongous regions: 7->7
[2020-06-08T02:24:01.349+0000][6][gc,metaspace ] GC(20) Metaspace: 96314K(104012K)->96314K(104012K) NonClass: 83566K(88064K)->83566K(88064K) Class: 12748K(15948K)->12748K(15948K)
[2020-06-08T02:24:01.352+0000][6][gc           ] GC(20) Pause Young (Normal) (G1 Evacuation Pause) 571M->78M(1024M) 245.940ms
[2020-06-08T02:24:01.353+0000][6][gc,cpu       ] GC(20) User=0.12s Sys=0.09s Real=0.25s
[2020-06-08T02:24:01.354+0000][6][safepoint    ] Safepoint "G1CollectForAllocation", Time since last: 2912251200 ns, Reaching safepoint: 670900 ns, At safepoint: 268584100 ns, Total: 269255000 ns
[2020-06-08T02:24:02.356+0000][6][safepoint    ] Safepoint "Cleanup", Time since last: 1002224100 ns, Reaching safepoint: 288500 ns, At safepoint: 36200 ns, Total: 324700 ns
[2020-06-08T02:24:05.364+0000][6][safepoint    ] Safepoint "Cleanup", Time since last: 3005935800 ns, Reaching safepoint: 2217300 ns, At safepoint: 50700 ns, Total: 2268000 ns
[2020-06-08T02:24:06.369+0000][6][safepoint    ] Safepoint "Cleanup", Time since last: 1003825000 ns, Reaching safepoint: 323800 ns, At safepoint: 21100 ns, Total: 344900 ns
[2020-06-08T02:24:12.379+0000][6][safepoint    ] Safepoint "Cleanup", Time since last: 6009711000 ns, Reaching safepoint: 578300 ns, At safepoint: 48100 ns, Total: 626400 ns
[2020-06-08T02:24:13.381+0000][6][safepoint    ] Safepoint "Cleanup", Time since last: 1001676500 ns, Reaching safepoint: 457300 ns, At safepoint: 31300 ns, Total: 488600 ns
[2020-06-08T02:24:15.384+0000][6][safepoint    ] Safepoint "Cleanup", Time since last: 2003011600 ns, Reaching safepoint: 404500 ns, At safepoint: 16600 ns, Total: 421100 ns
[2020-06-08T02:24:18.353+0000][6][safepoint    ] Safepoint "Cleanup", Time since last: 3002513200 ns, Reaching safepoint: 491600 ns, At safepoint: 32900 ns, Total: 524500 ns
[2020-06-08T02:24:20.357+0000][6][safepoint    ] Safepoint "Cleanup", Time since last: 2003133100 ns, Reaching safepoint: 468400 ns, At safepoint: 292200 ns, Total: 760600 ns
[2020-06-08T02:24:23.363+0000][6][safepoint    ] Safepoint "Cleanup", Time since last: 3004194900 ns, Reaching safepoint: 1375300 ns, At safepoint: 50100 ns, Total: 1425400 ns
[2020-06-08T02:24:24.252+0000][6][safepoint    ] Safepoint "BulkRevokeBias", Time since last: 888033000 ns, Reaching safepoint: 423200 ns, At safepoint: 465200 ns, Total: 888400 ns
[2020-06-08T02:24:25.966+0000][6][safepoint    ] Safepoint "Cleanup", Time since last: 1713135600 ns, Reaching safepoint: 1323000 ns, At safepoint: 29200 ns, Total: 1352200 ns
[2020-06-08T02:24:27.774+0000][6][safepoint    ] Safepoint "Cleanup", Time since last: 1807448100 ns, Reaching safepoint: 584000 ns, At safepoint: 31300 ns, Total: 615300 ns
[2020-06-08T02:24:29.780+0000][6][safepoint    ] Safepoint "Cleanup", Time since last: 2005566400 ns, Reaching safepoint: 640600 ns, At safepoint: 27800 ns, Total: 668400 ns
[2020-06-08T02:24:31.784+0000][6][safepoint    ] Safepoint "Cleanup", Time since last: 2003531100 ns, Reaching safepoint: 376400 ns, At safepoint: 32000 ns, Total: 408400 ns
[2020-06-08T02:24:32.787+0000][6][safepoint    ] Safepoint "Cleanup", Time since last: 1002582800 ns, Reaching safepoint: 428600 ns, At safepoint: 33100 ns, Total: 461700 ns
[2020-06-08T02:24:35.796+0000][6][safepoint    ] Safepoint "Cleanup", Time since last: 3007535000 ns, Reaching safepoint: 603100 ns, At safepoint: 42000 ns, Total: 645100 ns
[2020-06-08T02:24:38.802+0000][6][safepoint    ] Safepoint "Cleanup", Time since last: 3005641400 ns, Reaching safepoint: 336000 ns, At safepoint: 29000 ns, Total: 365000 ns
[2020-06-08T02:24:44.821+0000][6][safepoint    ] Safepoint "Cleanup", Time since last: 6018632300 ns, Reaching safepoint: 378000 ns, At safepoint: 39400 ns, Total: 417400 ns
[2020-06-08T02:24:48.800+0000][6][safepoint    ] Safepoint "Cleanup", Time since last: 4011202200 ns, Reaching safepoint: 1250900 ns, At safepoint: 48400 ns, Total: 1299300 ns
[2020-06-08T02:24:53.810+0000][6][safepoint    ] Safepoint "Cleanup", Time since last: 5009897500 ns, Reaching safepoint: 821700 ns, At safepoint: 112200 ns, Total: 933900 ns
[2020-06-08T02:24:59.827+0000][6][safepoint    ] Safepoint "Cleanup", Time since last: 6016053000 ns, Reaching safepoint: 290900 ns, At safepoint: 29000 ns, Total: 319900 ns
[2020-06-08T02:25:02.840+0000][6][safepoint    ] Safepoint "Cleanup", Time since last: 3012626800 ns, Reaching safepoint: 364000 ns, At safepoint: 31600 ns, Total: 395600 ns
[2020-06-08T02:25:11.860+0000][6][safepoint    ] Safepoint "Cleanup", Time since last: 9019725500 ns, Reaching safepoint: 321100 ns, At safepoint: 30400 ns, Total: 351500 ns
[2020-06-08T02:25:17.841+0000][6][safepoint    ] Safepoint "Cleanup", Time since last: 6014724600 ns, Reaching safepoint: 372900 ns, At safepoint: 25100 ns, Total: 398000 ns
[2020-06-08T02:25:18.845+0000][6][safepoint    ] Safepoint "Cleanup", Time since last: 1003819700 ns, Reaching safepoint: 301600 ns, At safepoint: 30000 ns, Total: 331600 ns
[2020-06-08T02:25:20.849+0000][6][safepoint    ] Safepoint "Cleanup", Time since last: 2003348600 ns, Reaching safepoint: 285300 ns, At safepoint: 29000 ns, Total: 314300 ns
[2020-06-08T02:25:21.852+0000][6][safepoint    ] Safepoint "Cleanup", Time since last: 1002880000 ns, Reaching safepoint: 316800 ns, At safepoint: 21200 ns, Total: 338000 ns
[2020-06-08T02:25:26.857+0000][6][safepoint    ] Safepoint "Cleanup", Time since last: 5004473200 ns, Reaching safepoint: 594700 ns, At safepoint: 37200 ns, Total: 631900 ns
[2020-06-08T02:25:35.875+0000][6][safepoint    ] Safepoint "Cleanup", Time since last: 9016832600 ns, Reaching safepoint: 1030400 ns, At safepoint: 30200 ns, Total: 1060600 ns
[2020-06-08T02:25:41.881+0000][6][safepoint    ] Safepoint "Cleanup", Time since last: 6004988600 ns, Reaching safepoint: 825900 ns, At safepoint: 38600 ns, Total: 864500 ns
[2020-06-08T02:25:47.857+0000][6][safepoint    ] Safepoint "Cleanup", Time since last: 6009689100 ns, Reaching safepoint: 295800 ns, At safepoint: 12000 ns, Total: 307800 ns
[2020-06-08T02:25:49.860+0000][6][safepoint    ] Safepoint "Cleanup", Time since last: 2002203700 ns, Reaching safepoint: 573900 ns, At safepoint: 37700 ns, Total: 611600 ns
[2020-06-08T02:25:50.866+0000][6][safepoint    ] Safepoint "Cleanup", Time since last: 1005994700 ns, Reaching safepoint: 399200 ns, At safepoint: 27300 ns, Total: 426500 ns
[2020-06-08T02:25:51.869+0000][6][safepoint    ] Safepoint "Cleanup", Time since last: 1001497300 ns, Reaching safepoint: 1477500 ns, At safepoint: 29300 ns, Total: 1506800 ns
[2020-06-08T02:25:53.876+0000][6][safepoint    ] Safepoint "Cleanup", Time since last: 2006391900 ns, Reaching safepoint: 382100 ns, At safepoint: 32800 ns, Total: 414900 ns
[2020-06-08T02:25:59.894+0000][6][safepoint    ] Safepoint "Cleanup", Time since last: 6017707200 ns, Reaching safepoint: 374100 ns, At safepoint: 32200 ns, Total: 406300 ns
[2020-06-08T02:26:02.903+0000][6][safepoint    ] Safepoint "Cleanup", Time since last: 3008476500 ns, Reaching safepoint: 397700 ns, At safepoint: 32200 ns, Total: 429900 ns
[2020-06-08T02:26:05.914+0000][6][safepoint    ] Safepoint "Cleanup", Time since last: 3010059200 ns, Reaching safepoint: 876400 ns, At safepoint: 45000 ns, Total: 921400 ns
[2020-06-08T02:26:08.919+0000][6][safepoint    ] Safepoint "Cleanup", Time since last: 3004623300 ns, Reaching safepoint: 459000 ns, At safepoint: 40300 ns, Total: 499300 ns
[2020-06-08T02:26:11.926+0000][6][safepoint    ] Safepoint "Cleanup", Time since last: 3006426100 ns, Reaching safepoint: 292600 ns, At safepoint: 17800 ns, Total: 310400 ns
[2020-06-08T02:26:18.939+0000][6][safepoint    ] Safepoint "Cleanup", Time since last: 7046575800 ns, Reaching safepoint: 760700 ns, At safepoint: 23200 ns, Total: 783900 ns
[2020-06-08T02:26:21.946+0000][6][safepoint    ] Safepoint "Cleanup", Time since last: 3005834800 ns, Reaching safepoint: 440600 ns, At safepoint: 21400 ns, Total: 462000 ns
[2020-06-08T02:26:23.959+0000][6][safepoint    ] Safepoint "Cleanup", Time since last: 2012928000 ns, Reaching safepoint: 381700 ns, At safepoint: 24300 ns, Total: 406000 ns
[2020-06-08T02:26:26.979+0000][6][safepoint    ] Safepoint "Cleanup", Time since last: 3011771500 ns, Reaching safepoint: 8488800 ns, At safepoint: 30800 ns, Total: 8519600 ns
[2020-06-08T02:26:29.989+0000][6][safepoint    ] Safepoint "Cleanup", Time since last: 3009725200 ns, Reaching safepoint: 351400 ns, At safepoint: 21500 ns, Total: 372900 ns
[2020-06-08T02:26:36.001+0000][6][safepoint    ] Safepoint "Cleanup", Time since last: 6010838800 ns, Reaching safepoint: 762500 ns, At safepoint: 26700 ns, Total: 789200 ns
[2020-06-08T02:26:39.088+0000][6][safepoint    ] Safepoint "Cleanup", Time since last: 3085919600 ns, Reaching safepoint: 453200 ns, At safepoint: 29800 ns, Total: 483000 ns
[2020-06-08T02:26:41.092+0000][6][safepoint    ] Safepoint "Cleanup", Time since last: 2004028100 ns, Reaching safepoint: 337000 ns, At safepoint: 13500 ns, Total: 350500 ns
[2020-06-08T02:26:42.093+0000][6][safepoint    ] Safepoint "Cleanup", Time since last: 1001160600 ns, Reaching safepoint: 395400 ns, At safepoint: 28300 ns, Total: 423700 ns
[2020-06-08T02:26:53.080+0000][6][safepoint    ] Safepoint "Cleanup", Time since last: 11019232300 ns, Reaching safepoint: 782900 ns, At safepoint: 31300 ns, Total: 814200 ns
[2020-06-08T02:26:54.087+0000][6][safepoint    ] Safepoint "Cleanup", Time since last: 1006858200 ns, Reaching safepoint: 371900 ns, At safepoint: 18000 ns, Total: 389900 ns
[2020-06-08T02:27:05.105+0000][6][safepoint    ] Safepoint "Cleanup", Time since last: 11016583000 ns, Reaching safepoint: 1264700 ns, At safepoint: 286000 ns, Total: 1550700 ns
[2020-06-08T02:27:06.109+0000][6][safepoint    ] Safepoint "Cleanup", Time since last: 1002462100 ns, Reaching safepoint: 1373300 ns, At safepoint: 169000 ns, Total: 1542300 ns
[2020-06-08T02:27:18.093+0000][6][safepoint    ] Safepoint "Cleanup", Time since last: 12017511700 ns, Reaching safepoint: 509200 ns, At safepoint: 31700 ns, Total: 540900 ns
[2020-06-08T02:27:20.082+0000][6][safepoint    ] Safepoint "Cleanup", Time since last: 1988010900 ns, Reaching safepoint: 421200 ns, At safepoint: 27700 ns, Total: 448900 ns
[2020-06-08T02:27:21.088+0000][6][safepoint    ] Safepoint "Cleanup", Time since last: 1006383400 ns, Reaching safepoint: 250700 ns, At safepoint: 38700 ns, Total: 289400 ns
[2020-06-08T02:27:25.092+0000][6][safepoint    ] Safepoint "Cleanup", Time since last: 4003625500 ns, Reaching safepoint: 340900 ns, At safepoint: 29000 ns, Total: 369900 ns
[2020-06-08T02:27:26.096+0000][6][safepoint    ] Safepoint "Cleanup", Time since last: 1002762100 ns, Reaching safepoint: 389300 ns, At safepoint: 32600 ns, Total: 421900 ns
[2020-06-08T02:27:27.098+0000][6][safepoint    ] Safepoint "Cleanup", Time since last: 1001537000 ns, Reaching safepoint: 721400 ns, At safepoint: 205300 ns, Total: 926700 ns
[2020-06-08T02:27:35.109+0000][6][safepoint    ] Safepoint "Cleanup", Time since last: 8010767100 ns, Reaching safepoint: 641700 ns, At safepoint: 39500 ns, Total: 681200 ns
[2020-06-08T02:27:36.114+0000][6][safepoint    ] Safepoint "Cleanup", Time since last: 1003932500 ns, Reaching safepoint: 458400 ns, At safepoint: 37100 ns, Total: 495500 ns
[2020-06-08T02:27:38.122+0000][6][safepoint    ] Safepoint "Cleanup", Time since last: 2007288200 ns, Reaching safepoint: 885200 ns, At safepoint: 70700 ns, Total: 955900 ns
[2020-06-08T02:27:39.126+0000][6][safepoint    ] Safepoint "Cleanup", Time since last: 1002516900 ns, Reaching safepoint: 898800 ns, At safepoint: 51300 ns, Total: 950100 ns
[2020-06-08T02:27:42.134+0000][6][safepoint    ] Safepoint "Cleanup", Time since last: 3006143000 ns, Reaching safepoint: 1718400 ns, At safepoint: 84900 ns, Total: 1803300 ns
[2020-06-08T02:27:45.146+0000][6][safepoint    ] Safepoint "Cleanup", Time since last: 3011025400 ns, Reaching safepoint: 1139200 ns, At safepoint: 48200 ns, Total: 1187400 ns
[2020-06-08T02:27:50.125+0000][6][safepoint    ] Safepoint "Cleanup", Time since last: 5012437100 ns, Reaching safepoint: 612000 ns, At safepoint: 40800 ns, Total: 652800 ns
[2020-06-08T02:27:52.966+0000][6][safepoint    ] Safepoint "Cleanup", Time since last: 2840387800 ns, Reaching safepoint: 466700 ns, At safepoint: 32800 ns, Total: 499500 ns
[2020-06-08T02:27:54.074+0000][6][safepoint    ] Safepoint "Cleanup", Time since last: 1107375900 ns, Reaching safepoint: 354600 ns, At safepoint: 31400 ns, Total: 386000 ns
[2020-06-08T02:27:55.424+0000][6][safepoint    ] Safepoint "Cleanup", Time since last: 1349676500 ns, Reaching safepoint: 733700 ns, At safepoint: 72500 ns, Total: 806200 ns
[2020-06-08T02:27:56.427+0000][6][safepoint    ] Safepoint "Cleanup", Time since last: 1001546800 ns, Reaching safepoint: 1368000 ns, At safepoint: 39900 ns, Total: 1407900 ns
[2020-06-08T02:27:57.439+0000][6][safepoint    ] Safepoint "Cleanup", Time since last: 1011278700 ns, Reaching safepoint: 363100 ns, At safepoint: 32100 ns, Total: 395200 ns
[2020-06-08T02:27:58.689+0000][6][safepoint    ] Safepoint "Cleanup", Time since last: 1249114400 ns, Reaching safepoint: 660400 ns, At safepoint: 26500 ns, Total: 686900 ns
[2020-06-08T02:28:00.695+0000][6][safepoint    ] Safepoint "Cleanup", Time since last: 2005663600 ns, Reaching safepoint: 373300 ns, At safepoint: 19100 ns, Total: 392400 ns
[2020-06-08T02:28:01.696+0000][6][safepoint    ] Safepoint "Cleanup", Time since last: 1001305000 ns, Reaching safepoint: 266200 ns, At safepoint: 14500 ns, Total: 280700 ns
[2020-06-08T02:28:03.700+0000][6][safepoint    ] Safepoint "Cleanup", Time since last: 2003280500 ns, Reaching safepoint: 258200 ns, At safepoint: 17100 ns, Total: 275300 ns
[2020-06-08T02:28:04.701+0000][6][safepoint    ] Safepoint "Cleanup", Time since last: 1000855800 ns, Reaching safepoint: 274600 ns, At safepoint: 18500 ns, Total: 293100 ns
[2020-06-08T02:28:07.291+0000][6][safepoint    ] Safepoint "Cleanup", Time since last: 2588387400 ns, Reaching safepoint: 843000 ns, At safepoint: 155000 ns, Total: 998000 ns
[2020-06-08T02:28:08.629+0000][6][safepoint    ] Safepoint "BulkRevokeBias", Time since last: 1336736900 ns, Reaching safepoint: 520600 ns, At safepoint: 1445800 ns, Total: 1966400 ns
[2020-06-08T02:28:10.048+0000][6][safepoint    ] Safepoint "Cleanup", Time since last: 1416992700 ns, Reaching safepoint: 970400 ns, At safepoint: 319000 ns, Total: 1289400 ns
[2020-06-08T02:28:11.054+0000][6][safepoint    ] Safepoint "Cleanup", Time since last: 1005616500 ns, Reaching safepoint: 872300 ns, At safepoint: 36900 ns, Total: 909200 ns
[2020-06-08T02:28:12.058+0000][6][safepoint    ] Safepoint "Cleanup", Time since last: 1002612000 ns, Reaching safepoint: 1537300 ns, At safepoint: 251400 ns, Total: 1788700 ns
[2020-06-08T02:28:14.049+0000][6][safepoint    ] Safepoint "Cleanup", Time since last: 1989539200 ns, Reaching safepoint: 550400 ns, At safepoint: 48600 ns, Total: 599000 ns
[2020-06-08T02:28:15.051+0000][6][safepoint    ] Safepoint "Cleanup", Time since last: 1001379900 ns, Reaching safepoint: 252300 ns, At safepoint: 15000 ns, Total: 267300 ns
[2020-06-08T02:28:18.477+0000][6][safepoint    ] Safepoint "Cleanup", Time since last: 3459938200 ns, Reaching safepoint: 1040100 ns, At safepoint: 130000 ns, Total: 1170100 ns
[2020-06-08T02:28:19.877+0000][6][safepoint    ] Safepoint "Cleanup", Time since last: 1399568300 ns, Reaching safepoint: 634600 ns, At safepoint: 36000 ns, Total: 670600 ns
[2020-06-08T02:28:20.882+0000][6][safepoint    ] Safepoint "Cleanup", Time since last: 1003776600 ns, Reaching safepoint: 302800 ns, At safepoint: 30000 ns, Total: 332800 ns
[2020-06-08T02:28:21.897+0000][6][safepoint    ] Safepoint "Cleanup", Time since last: 1014442200 ns, Reaching safepoint: 841600 ns, At safepoint: 164900 ns, Total: 1006500 ns
[2020-06-08T02:28:22.901+0000][6][safepoint    ] Safepoint "Cleanup", Time since last: 1003650900 ns, Reaching safepoint: 301200 ns, At safepoint: 30200 ns, Total: 331400 ns
[2020-06-08T02:28:23.905+0000][6][safepoint    ] Safepoint "Cleanup", Time since last: 1003460800 ns, Reaching safepoint: 297800 ns, At safepoint: 29400 ns, Total: 327200 ns
[2020-06-08T02:28:26.916+0000][6][safepoint    ] Safepoint "Cleanup", Time since last: 3010183100 ns, Reaching safepoint: 690900 ns, At safepoint: 42900 ns, Total: 733800 ns
[2020-06-08T02:28:27.919+0000][6][safepoint    ] Safepoint "Cleanup", Time since last: 1002586900 ns, Reaching safepoint: 310800 ns, At safepoint: 22800 ns, Total: 333600 ns
[2020-06-08T02:28:32.926+0000][6][safepoint    ] Safepoint "Cleanup", Time since last: 5007650100 ns, Reaching safepoint: 236100 ns, At safepoint: 21000 ns, Total: 257100 ns
[2020-06-08T02:28:38.478+0000][6][safepoint    ] Safepoint "Cleanup", Time since last: 5548372900 ns, Reaching safepoint: 3407700 ns, At safepoint: 77900 ns, Total: 3485600 ns
[2020-06-08T02:28:44.491+0000][6][safepoint    ] Safepoint "Cleanup", Time since last: 6012313800 ns, Reaching safepoint: 201100 ns, At safepoint: 15500 ns, Total: 216600 ns
[2020-06-08T02:28:45.493+0000][6][safepoint    ] Safepoint "Cleanup", Time since last: 1001944800 ns, Reaching safepoint: 217700 ns, At safepoint: 15600 ns, Total: 233300 ns
[2020-06-08T02:28:46.463+0000][6][safepoint    ] Safepoint "Cleanup", Time since last: 1002774200 ns, Reaching safepoint: 573000 ns, At safepoint: 23300 ns, Total: 596300 ns
[2020-06-08T02:28:47.855+0000][6][safepoint    ] Safepoint "Cleanup", Time since last: 1391062400 ns, Reaching safepoint: 635200 ns, At safepoint: 40600 ns, Total: 675800 ns
[2020-06-08T02:28:49.861+0000][6][safepoint    ] Safepoint "Cleanup", Time since last: 2005221100 ns, Reaching safepoint: 1206300 ns, At safepoint: 195600 ns, Total: 1401900 ns
[2020-06-08T02:28:50.865+0000][6][safepoint    ] Safepoint "Cleanup", Time since last: 1003574800 ns, Reaching safepoint: 409300 ns, At safepoint: 34100 ns, Total: 443400 ns
[2020-06-08T02:28:53.871+0000][6][safepoint    ] Safepoint "Cleanup", Time since last: 3005764800 ns, Reaching safepoint: 323600 ns, At safepoint: 19400 ns, Total: 343000 ns
[2020-06-08T02:28:56.879+0000][6][safepoint    ] Safepoint "Cleanup", Time since last: 3007256500 ns, Reaching safepoint: 198500 ns, At safepoint: 16000 ns, Total: 214500 ns
[2020-06-08T02:28:59.883+0000][6][safepoint    ] Safepoint "Cleanup", Time since last: 3003993200 ns, Reaching safepoint: 310700 ns, At safepoint: 32300 ns, Total: 343000 ns
[2020-06-08T02:29:02.607+0000][6][safepoint    ] Safepoint "Cleanup", Time since last: 2722818400 ns, Reaching safepoint: 427100 ns, At safepoint: 214400 ns, Total: 641500 ns
[2020-06-08T02:29:03.737+0000][6][safepoint    ] Safepoint "Cleanup", Time since last: 1130167000 ns, Reaching safepoint: 261100 ns, At safepoint: 13100 ns, Total: 274200 ns
[2020-06-08T02:29:04.937+0000][6][safepoint    ] Safepoint "Cleanup", Time since last: 1198815200 ns, Reaching safepoint: 550200 ns, At safepoint: 62600 ns, Total: 612800 ns
[2020-06-08T02:29:07.950+0000][6][safepoint    ] Safepoint "Cleanup", Time since last: 3012452300 ns, Reaching safepoint: 506900 ns, At safepoint: 162900 ns, Total: 669800 ns
[2020-06-08T02:29:11.955+0000][6][safepoint    ] Safepoint "Cleanup", Time since last: 4005443600 ns, Reaching safepoint: 285200 ns, At safepoint: 20900 ns, Total: 306100 ns
[2020-06-08T02:29:12.105+0000][6][safepoint    ] Safepoint "BulkRevokeBias", Time since last: 147156000 ns, Reaching safepoint: 432500 ns, At safepoint: 1660700 ns, Total: 2093200 ns
[2020-06-08T02:29:13.107+0000][6][safepoint    ] Safepoint "Cleanup", Time since last: 1001821100 ns, Reaching safepoint: 410200 ns, At safepoint: 20000 ns, Total: 430200 ns
[2020-06-08T02:29:14.111+0000][6][safepoint    ] Safepoint "Cleanup", Time since last: 1003403600 ns, Reaching safepoint: 288500 ns, At safepoint: 280300 ns, Total: 568800 ns
[2020-06-08T02:29:15.113+0000][6][safepoint    ] Safepoint "Cleanup", Time since last: 1001893900 ns, Reaching safepoint: 390700 ns, At safepoint: 40400 ns, Total: 431100 ns
[2020-06-08T02:29:18.085+0000][6][safepoint    ] Safepoint "Cleanup", Time since last: 3005264300 ns, Reaching safepoint: 490400 ns, At safepoint: 25600 ns, Total: 516000 ns
[2020-06-08T02:29:21.095+0000][6][safepoint    ] Safepoint "Cleanup", Time since last: 3009735600 ns, Reaching safepoint: 313800 ns, At safepoint: 29100 ns, Total: 342900 ns
[2020-06-08T02:29:23.099+0000][6][safepoint    ] Safepoint "Cleanup", Time since last: 2003220200 ns, Reaching safepoint: 308200 ns, At safepoint: 245700 ns, Total: 553900 ns
[2020-06-08T02:29:24.101+0000][6][safepoint    ] Safepoint "Cleanup", Time since last: 1001542300 ns, Reaching safepoint: 639500 ns, At safepoint: 30000 ns, Total: 669500 ns
[2020-06-08T02:29:26.109+0000][6][safepoint    ] Safepoint "Cleanup", Time since last: 2007419900 ns, Reaching safepoint: 528600 ns, At safepoint: 31400 ns, Total: 560000 ns
[2020-06-08T02:29:27.741+0000][6][safepoint    ] Safepoint "Cleanup", Time since last: 1631546800 ns, Reaching safepoint: 487000 ns, At safepoint: 34000 ns, Total: 521000 ns
[2020-06-08T02:29:30.747+0000][6][safepoint    ] Safepoint "Cleanup", Time since last: 3005272700 ns, Reaching safepoint: 314800 ns, At safepoint: 13700 ns, Total: 328500 ns
